----------------------------------------------------------------------------------------------
Serial GC execution
[0.001s] [warning] [gc] -XX:+PrintGCDetails is deprecated. Will use -Xlog:gc* instead.
[0.023s] [info] [gc] Using Serial
[0.023s] [info] [gc,init] Version: 17-ea+15-1230 (release)
[0.023s] [info] [gc,init] CPUs: 4 total, 4 available
[0.023s] [info] [gc,init] Memory: 15885M
[0.023s] [info] [gc,init] Large Page Support: Disabled
[0.023s] [info] [gc,init] NUMA Support: Disabled
[0.023s] [info] [gc,init] Compressed Oops: Enabled (32-bit)
[0.023s] [info] [gc,init] Heap Min Capacity: 512M
[0.023s] [info] [gc,init] Heap Initial Capacity: 512M
[0.023s] [info] [gc,init] Heap Max Capacity: 2000M
[0.023s] [info] [gc,init] Pre-touch: Disabled
[0.024s] [info] [gc,metaspace] CDS archive(s) mapped at: [0x0000000800000000-0x0000000800bc9000-0x0000000800bc9000), size 12357632, SharedBaseAddress: 0x0000000800000000, ArchiveRelocationMode: 0.
[0.024s] [info] [gc,metaspace] Compressed class space mapped at: 0x0000000800c00000-0x0000000840c00000, reserved size: 1073741824
[0.024s] [info] [gc,metaspace] Narrow klass base: 0x0000000800000000, Narrow klass shift: 3, Narrow klass range: 0x100000000
[0.153s] [info] [gc,start    ] GC(0) Pause Young (Allocation Failure)
[0.218s] [info] [gc,heap     ] GC(0) DefNew: 139776K(157248K)->17471K(157248K) Eden: 139776K(139776K)->0K(139776K) From: 0K(17472K)->17471K(17472K)
[0.218s] [info] [gc,heap     ] GC(0) Tenured: 0K(349568K)->27353K(349568K)
[0.218s] [info] [gc,metaspace] GC(0) Metaspace: 176K(384K)->176K(384K) NonClass: 168K(256K)->168K(256K) Class: 7K(128K)->7K(128K)
[0.218s] [info] [gc          ] GC(0) Pause Young (Allocation Failure) 136M->43M(494M) 64.398ms
[0.218s] [info] [gc,cpu      ] GC(0) User=0.05s Sys=0.01s Real=0.06s
[0.251s] [info] [gc,start    ] GC(1) Pause Young (Allocation Failure)
[0.269s] [info] [gc,heap     ] GC(1) DefNew: 157247K(157248K)->8463K(157248K) Eden: 139776K(139776K)->0K(139776K) From: 17471K(17472K)->8463K(17472K)
[0.269s] [info] [gc,heap     ] GC(1) Tenured: 27353K(349568K)->32673K(349568K)
[0.269s] [info] [gc,metaspace] GC(1) Metaspace: 176K(384K)->176K(384K) NonClass: 169K(256K)->169K(256K) Class: 7K(128K)->7K(128K)
[0.269s] [info] [gc          ] GC(1) Pause Young (Allocation Failure) 180M->40M(494M) 17.660ms
[0.269s] [info] [gc,cpu      ] GC(1) User=0.01s Sys=0.00s Real=0.01s
[0.299s] [info] [gc,start    ] GC(2) Pause Young (Allocation Failure)
[0.300s] [info] [gc,heap     ] GC(2) DefNew: 148239K(157248K)->911K(157248K) Eden: 139776K(139776K)->0K(139776K) From: 8463K(17472K)->911K(17472K)
[0.300s] [info] [gc,heap     ] GC(2) Tenured: 32673K(349568K)->32673K(349568K)
[0.300s] [info] [gc,metaspace] GC(2) Metaspace: 176K(384K)->176K(384K) NonClass: 169K(256K)->169K(256K) Class: 7K(128K)->7K(128K)
[0.300s] [info] [gc          ] GC(2) Pause Young (Allocation Failure) 176M->32M(494M) 1.173ms
[0.300s] [info] [gc,cpu      ] GC(2) User=0.00s Sys=0.00s Real=0.00s
[0.330s] [info] [gc,start    ] GC(3) Pause Young (Allocation Failure)
[0.358s] [info] [gc,heap     ] GC(3) DefNew: 140687K(157248K)->17471K(157248K) Eden: 139776K(139776K)->0K(139776K) From: 911K(17472K)->17471K(17472K)
[0.358s] [info] [gc,heap     ] GC(3) Tenured: 32673K(349568K)->36889K(349568K)
[0.358s] [info] [gc,metaspace] GC(3) Metaspace: 176K(384K)->176K(384K) NonClass: 169K(256K)->169K(256K) Class: 7K(128K)->7K(128K)
[0.358s] [info] [gc          ] GC(3) Pause Young (Allocation Failure) 169M->53M(494M) 27.954ms
[0.358s] [info] [gc,cpu      ] GC(3) User=0.01s Sys=0.01s Real=0.03s
[0.386s] [info] [gc,start    ] GC(4) Pause Young (Allocation Failure)
[0.400s] [info] [gc,heap     ] GC(4) DefNew: 157247K(157248K)->14130K(157248K) Eden: 139776K(139776K)->0K(139776K) From: 17471K(17472K)->14130K(17472K)
[0.400s] [info] [gc,heap     ] GC(4) Tenured: 36889K(349568K)->36889K(349568K)
[0.400s] [info] [gc,metaspace] GC(4) Metaspace: 176K(384K)->176K(384K) NonClass: 169K(256K)->169K(256K) Class: 7K(128K)->7K(128K)
[0.400s] [info] [gc          ] GC(4) Pause Young (Allocation Failure) 189M->49M(494M) 14.451ms
[0.400s] [info] [gc,cpu      ] GC(4) User=0.02s Sys=0.00s Real=0.02s
[0.428s] [info] [gc,start    ] GC(5) Pause Young (Allocation Failure)
[0.434s] [info] [gc,heap     ] GC(5) DefNew: 153906K(157248K)->6575K(157248K) Eden: 139776K(139776K)->0K(139776K) From: 14130K(17472K)->6575K(17472K)
[0.435s] [info] [gc,heap     ] GC(5) Tenured: 36889K(349568K)->36889K(349568K)
[0.435s] [info] [gc,metaspace] GC(5) Metaspace: 176K(384K)->176K(384K) NonClass: 169K(256K)->169K(256K) Class: 7K(128K)->7K(128K)
[0.435s] [info] [gc          ] GC(5) Pause Young (Allocation Failure) 186M->42M(494M) 6.713ms
[0.435s] [info] [gc,cpu      ] GC(5) User=0.01s Sys=0.00s Real=0.01s
[0.462s] [info] [gc,start    ] GC(6) Pause Young (Allocation Failure)
[0.494s] [info] [gc,heap     ] GC(6) DefNew: 146351K(157248K)->17471K(157248K) Eden: 139776K(139776K)->0K(139776K) From: 6575K(17472K)->17471K(17472K)
[0.495s] [info] [gc,heap     ] GC(6) Tenured: 36889K(349568K)->46771K(349568K)
[0.495s] [info] [gc,metaspace] GC(6) Metaspace: 176K(384K)->176K(384K) NonClass: 169K(256K)->169K(256K) Class: 7K(128K)->7K(128K)
[0.495s] [info] [gc          ] GC(6) Pause Young (Allocation Failure) 178M->62M(494M) 32.971ms
[0.495s] [info] [gc,cpu      ] GC(6) User=0.03s Sys=0.00s Real=0.03s
[0.522s] [info] [gc,start    ] GC(7) Pause Young (Allocation Failure)
[0.543s] [info] [gc,heap     ] GC(7) DefNew: 157247K(157248K)->17471K(157248K) Eden: 139776K(139776K)->0K(139776K) From: 17471K(17472K)->17471K(17472K)
[0.543s] [info] [gc,heap     ] GC(7) Tenured: 46771K(349568K)->49103K(349568K)
[0.543s] [info] [gc,metaspace] GC(7) Metaspace: 176K(384K)->176K(384K) NonClass: 169K(256K)->169K(256K) Class: 7K(128K)->7K(128K)
[0.543s] [info] [gc          ] GC(7) Pause Young (Allocation Failure) 199M->65M(494M) 21.399ms
[0.543s] [info] [gc,cpu      ] GC(7) User=0.02s Sys=0.00s Real=0.02s
[0.571s] [info] [gc,start    ] GC(8) Pause Young (Allocation Failure)
[0.584s] [info] [gc,heap     ] GC(8) DefNew: 157247K(157248K)->12234K(157248K) Eden: 139776K(139776K)->0K(139776K) From: 17471K(17472K)->12234K(17472K)
[0.584s] [info] [gc,heap     ] GC(8) Tenured: 49103K(349568K)->49103K(349568K)
[0.584s] [info] [gc,metaspace] GC(8) Metaspace: 176K(384K)->176K(384K) NonClass: 169K(256K)->169K(256K) Class: 7K(128K)->7K(128K)
[0.584s] [info] [gc          ] GC(8) Pause Young (Allocation Failure) 201M->59M(494M) 12.783ms
[0.584s] [info] [gc,cpu      ] GC(8) User=0.01s Sys=0.00s Real=0.01s
[0.611s] [info] [gc,start    ] GC(9) Pause Young (Allocation Failure)
[0.616s] [info] [gc,heap     ] GC(9) DefNew: 152010K(157248K)->4683K(157248K) Eden: 139776K(139776K)->0K(139776K) From: 12234K(17472K)->4683K(17472K)
[0.616s] [info] [gc,heap     ] GC(9) Tenured: 49103K(349568K)->49103K(349568K)
[0.616s] [info] [gc,metaspace] GC(9) Metaspace: 176K(384K)->176K(384K) NonClass: 169K(256K)->169K(256K) Class: 7K(128K)->7K(128K)
[0.616s] [info] [gc          ] GC(9) Pause Young (Allocation Failure) 196M->52M(494M) 4.926ms
[0.616s] [info] [gc,cpu      ] GC(9) User=0.00s Sys=0.00s Real=0.00s
[0.643s] [info] [gc,start    ] GC(10) Pause Young (Allocation Failure)
[0.673s] [info] [gc,heap     ] GC(10) DefNew: 144459K(157248K)->17471K(157248K) Eden: 139776K(139776K)->0K(139776K) From: 4683K(17472K)->17471K(17472K)
[0.673s] [info] [gc,heap     ] GC(10) Tenured: 49103K(349568K)->57111K(349568K)
[0.673s] [info] [gc,metaspace] GC(10) Metaspace: 176K(384K)->176K(384K) NonClass: 169K(256K)->169K(256K) Class: 7K(128K)->7K(128K)
[0.673s] [info] [gc          ] GC(10) Pause Young (Allocation Failure) 189M->72M(494M) 29.662ms
[0.673s] [info] [gc,cpu      ] GC(10) User=0.03s Sys=0.00s Real=0.03s
[0.700s] [info] [gc,start    ] GC(11) Pause Young (Allocation Failure)
[0.719s] [info] [gc,heap     ] GC(11) DefNew: 157247K(157248K)->17472K(157248K) Eden: 139776K(139776K)->0K(139776K) From: 17471K(17472K)->17472K(17472K)
[0.719s] [info] [gc,heap     ] GC(11) Tenured: 57111K(349568K)->57546K(349568K)
[0.719s] [info] [gc,metaspace] GC(11) Metaspace: 176K(384K)->176K(384K) NonClass: 169K(256K)->169K(256K) Class: 7K(128K)->7K(128K)
[0.719s] [info] [gc          ] GC(11) Pause Young (Allocation Failure) 209M->73M(494M) 19.591ms
[0.719s] [info] [gc,cpu      ] GC(11) User=0.02s Sys=0.00s Real=0.02s
[0.746s] [info] [gc,start    ] GC(12) Pause Young (Allocation Failure)
[0.757s] [info] [gc,heap     ] GC(12) DefNew: 157248K(157248K)->10360K(157248K) Eden: 139776K(139776K)->0K(139776K) From: 17472K(17472K)->10360K(17472K)
[0.757s] [info] [gc,heap     ] GC(12) Tenured: 57546K(349568K)->57546K(349568K)
[0.757s] [info] [gc,metaspace] GC(12) Metaspace: 176K(384K)->176K(384K) NonClass: 169K(256K)->169K(256K) Class: 7K(128K)->7K(128K)
[0.757s] [info] [gc          ] GC(12) Pause Young (Allocation Failure) 209M->66M(494M) 10.802ms
[0.757s] [info] [gc,cpu      ] GC(12) User=0.01s Sys=0.00s Real=0.01s
[0.784s] [info] [gc,start    ] GC(13) Pause Young (Allocation Failure)
[0.823s] [info] [gc,heap     ] GC(13) DefNew: 150136K(157248K)->17471K(157248K) Eden: 139776K(139776K)->0K(139776K) From: 10360K(17472K)->17471K(17472K)
[0.823s] [info] [gc,heap     ] GC(13) Tenured: 57546K(349568K)->71146K(349568K)
[0.823s] [info] [gc,metaspace] GC(13) Metaspace: 176K(384K)->176K(384K) NonClass: 169K(256K)->169K(256K) Class: 7K(128K)->7K(128K)
[0.823s] [info] [gc          ] GC(13) Pause Young (Allocation Failure) 202M->86M(494M) 38.294ms
[0.823s] [info] [gc,cpu      ] GC(13) User=0.03s Sys=0.00s Real=0.04s
[0.850s] [info] [gc,start    ] GC(14) Pause Young (Allocation Failure)
[0.898s] [info] [gc,heap     ] GC(14) DefNew: 157247K(157248K)->17472K(157248K) Eden: 139776K(139776K)->0K(139776K) From: 17471K(17472K)->17472K(17472K)
[0.898s] [info] [gc,heap     ] GC(14) Tenured: 71146K(349568K)->94183K(349568K)
[0.898s] [info] [gc,metaspace] GC(14) Metaspace: 176K(384K)->176K(384K) NonClass: 169K(256K)->169K(256K) Class: 7K(128K)->7K(128K)
[0.898s] [info] [gc          ] GC(14) Pause Young (Allocation Failure) 223M->109M(494M) 48.416ms
[0.898s] [info] [gc,cpu      ] GC(14) User=0.05s Sys=0.01s Real=0.06s
[0.926s] [info] [gc,start    ] GC(15) Pause Young (Allocation Failure)
[0.942s] [info] [gc,heap     ] GC(15) DefNew: 157248K(157248K)->15950K(157248K) Eden: 139776K(139776K)->0K(139776K) From: 17472K(17472K)->15950K(17472K)
[0.942s] [info] [gc,heap     ] GC(15) Tenured: 94183K(349568K)->94183K(349568K)
[0.942s] [info] [gc,metaspace] GC(15) Metaspace: 176K(384K)->176K(384K) NonClass: 169K(256K)->169K(256K) Class: 7K(128K)->7K(128K)
[0.943s] [info] [gc          ] GC(15) Pause Young (Allocation Failure) 245M->107M(494M) 16.721ms
[0.943s] [info] [gc,cpu      ] GC(15) User=0.02s Sys=0.00s Real=0.02s
[0.970s] [info] [gc,start    ] GC(16) Pause Young (Allocation Failure)
[0.979s] [info] [gc,heap     ] GC(16) DefNew: 155726K(157248K)->8362K(157248K) Eden: 139776K(139776K)->0K(139776K) From: 15950K(17472K)->8362K(17472K)
[0.979s] [info] [gc,heap     ] GC(16) Tenured: 94183K(349568K)->94183K(349568K)
[0.979s] [info] [gc,metaspace] GC(16) Metaspace: 176K(384K)->176K(384K) NonClass: 169K(256K)->169K(256K) Class: 7K(128K)->7K(128K)
[0.979s] [info] [gc          ] GC(16) Pause Young (Allocation Failure) 244M->100M(494M) 8.548ms
[0.979s] [info] [gc,cpu      ] GC(16) User=0.01s Sys=0.00s Real=0.02s
[1.007s] [info] [gc,start    ] GC(17) Pause Young (Allocation Failure)
[1.007s] [info] [gc,heap     ] GC(17) DefNew: 148138K(157248K)->808K(157248K) Eden: 139776K(139776K)->0K(139776K) From: 8362K(17472K)->808K(17472K)
[1.007s] [info] [gc,heap     ] GC(17) Tenured: 94183K(349568K)->94183K(349568K)
[1.007s] [info] [gc,metaspace] GC(17) Metaspace: 176K(384K)->176K(384K) NonClass: 169K(256K)->169K(256K) Class: 7K(128K)->7K(128K)
[1.007s] [info] [gc          ] GC(17) Pause Young (Allocation Failure) 236M->92M(494M) 0.916ms
[1.007s] [info] [gc,cpu      ] GC(17) User=0.00s Sys=0.00s Real=0.00s
[1.035s] [info] [gc,start    ] GC(18) Pause Young (Allocation Failure)
[1.060s] [info] [gc,heap     ] GC(18) DefNew: 140584K(157248K)->17472K(157248K) Eden: 139776K(139776K)->0K(139776K) From: 808K(17472K)->17472K(17472K)
[1.060s] [info] [gc,heap     ] GC(18) Tenured: 94183K(349568K)->98308K(349568K)
[1.060s] [info] [gc,metaspace] GC(18) Metaspace: 176K(384K)->176K(384K) NonClass: 169K(256K)->169K(256K) Class: 7K(128K)->7K(128K)
[1.060s] [info] [gc          ] GC(18) Pause Young (Allocation Failure) 229M->113M(494M) 24.350ms
[1.060s] [info] [gc,cpu      ] GC(18) User=0.02s Sys=0.01s Real=0.03s
[1.088s] [info] [gc,start    ] GC(19) Pause Young (Allocation Failure)
[1.102s] [info] [gc,heap     ] GC(19) DefNew: 157248K(157248K)->14040K(157248K) Eden: 139776K(139776K)->0K(139776K) From: 17472K(17472K)->14040K(17472K)
[1.102s] [info] [gc,heap     ] GC(19) Tenured: 98308K(349568K)->98308K(349568K)
[1.102s] [info] [gc,metaspace] GC(19) Metaspace: 176K(384K)->176K(384K) NonClass: 169K(256K)->169K(256K) Class: 7K(128K)->7K(128K)
[1.102s] [info] [gc          ] GC(19) Pause Young (Allocation Failure) 249M->109M(494M) 14.503ms
[1.102s] [info] [gc,cpu      ] GC(19) User=0.02s Sys=0.00s Real=0.02s
[1.130s] [info] [gc,start    ] GC(20) Pause Young (Allocation Failure)
[1.137s] [info] [gc,heap     ] GC(20) DefNew: 153816K(157248K)->6484K(157248K) Eden: 139776K(139776K)->0K(139776K) From: 14040K(17472K)->6484K(17472K)
[1.137s] [info] [gc,heap     ] GC(20) Tenured: 98308K(349568K)->98308K(349568K)
[1.137s] [info] [gc,metaspace] GC(20) Metaspace: 176K(384K)->176K(384K) NonClass: 169K(256K)->169K(256K) Class: 7K(128K)->7K(128K)
[1.137s] [info] [gc          ] GC(20) Pause Young (Allocation Failure) 246M->102M(494M) 7.190ms
[1.137s] [info] [gc,cpu      ] GC(20) User=0.01s Sys=0.00s Real=0.01s
[1.164s] [info] [gc,start    ] GC(21) Pause Young (Allocation Failure)
[1.197s] [info] [gc,heap     ] GC(21) DefNew: 146260K(157248K)->17472K(157248K) Eden: 139776K(139776K)->0K(139776K) From: 6484K(17472K)->17472K(17472K)
[1.197s] [info] [gc,heap     ] GC(21) Tenured: 98308K(349568K)->108099K(349568K)
[1.197s] [info] [gc,metaspace] GC(21) Metaspace: 176K(384K)->176K(384K) NonClass: 169K(256K)->169K(256K) Class: 7K(128K)->7K(128K)
[1.197s] [info] [gc          ] GC(21) Pause Young (Allocation Failure) 238M->122M(494M) 32.875ms
[1.197s] [info] [gc,cpu      ] GC(21) User=0.03s Sys=0.00s Real=0.03s
[1.224s] [info] [gc,start    ] GC(22) Pause Young (Allocation Failure)
[1.245s] [info] [gc,heap     ] GC(22) DefNew: 157248K(157248K)->17472K(157248K) Eden: 139776K(139776K)->0K(139776K) From: 17472K(17472K)->17472K(17472K)
[1.245s] [info] [gc,heap     ] GC(22) Tenured: 108099K(349568K)->110342K(349568K)
[1.245s] [info] [gc,metaspace] GC(22) Metaspace: 176K(384K)->176K(384K) NonClass: 169K(256K)->169K(256K) Class: 7K(128K)->7K(128K)
[1.245s] [info] [gc          ] GC(22) Pause Young (Allocation Failure) 259M->124M(494M) 21.348ms
[1.245s] [info] [gc,cpu      ] GC(22) User=0.02s Sys=0.01s Real=0.02s
[1.273s] [info] [gc,start    ] GC(23) Pause Young (Allocation Failure)
[1.286s] [info] [gc,heap     ] GC(23) DefNew: 157248K(157248K)->12157K(157248K) Eden: 139776K(139776K)->0K(139776K) From: 17472K(17472K)->12157K(17472K)
[1.286s] [info] [gc,heap     ] GC(23) Tenured: 110342K(349568K)->110342K(349568K)
[1.286s] [info] [gc,metaspace] GC(23) Metaspace: 176K(384K)->176K(384K) NonClass: 169K(256K)->169K(256K) Class: 7K(128K)->7K(128K)
[1.286s] [info] [gc          ] GC(23) Pause Young (Allocation Failure) 261M->119M(494M) 13.200ms
[1.286s] [info] [gc,cpu      ] GC(23) User=0.01s Sys=0.00s Real=0.01s
[1.314s] [info] [gc,start    ] GC(24) Pause Young (Allocation Failure)
[1.318s] [info] [gc,heap     ] GC(24) DefNew: 151933K(157248K)->4607K(157248K) Eden: 139776K(139776K)->0K(139776K) From: 12157K(17472K)->4607K(17472K)
[1.318s] [info] [gc,heap     ] GC(24) Tenured: 110342K(349568K)->110342K(349568K)
[1.318s] [info] [gc,metaspace] GC(24) Metaspace: 176K(384K)->176K(384K) NonClass: 169K(256K)->169K(256K) Class: 7K(128K)->7K(128K)
[1.318s] [info] [gc          ] GC(24) Pause Young (Allocation Failure) 256M->112M(494M) 4.838ms
[1.318s] [info] [gc,cpu      ] GC(24) User=0.00s Sys=0.00s Real=0.00s
[1.346s] [info] [gc,start    ] GC(25) Pause Young (Allocation Failure)
[1.376s] [info] [gc,heap     ] GC(25) DefNew: 144383K(157248K)->17471K(157248K) Eden: 139776K(139776K)->0K(139776K) From: 4607K(17472K)->17471K(17472K)
[1.376s] [info] [gc,heap     ] GC(25) Tenured: 110342K(349568K)->118273K(349568K)
[1.376s] [info] [gc,metaspace] GC(25) Metaspace: 176K(384K)->176K(384K) NonClass: 169K(256K)->169K(256K) Class: 7K(128K)->7K(128K)
[1.376s] [info] [gc          ] GC(25) Pause Young (Allocation Failure) 248M->132M(494M) 29.905ms
[1.376s] [info] [gc,cpu      ] GC(25) User=0.03s Sys=0.00s Real=0.03s
[1.403s] [info] [gc,start    ] GC(26) Pause Young (Allocation Failure)
[1.422s] [info] [gc,heap     ] GC(26) DefNew: 157247K(157248K)->17472K(157248K) Eden: 139776K(139776K)->0K(139776K) From: 17471K(17472K)->17472K(17472K)
[1.422s] [info] [gc,heap     ] GC(26) Tenured: 118273K(349568K)->118633K(349568K)
[1.422s] [info] [gc,metaspace] GC(26) Metaspace: 176K(384K)->176K(384K) NonClass: 169K(256K)->169K(256K) Class: 7K(128K)->7K(128K)
[1.422s] [info] [gc          ] GC(26) Pause Young (Allocation Failure) 269M->132M(494M) 19.013ms
[1.422s] [info] [gc,cpu      ] GC(26) User=0.02s Sys=0.00s Real=0.02s
[1.451s] [info] [gc,start    ] GC(27) Pause Young (Allocation Failure)
[1.497s] [info] [gc,heap     ] GC(27) DefNew: 157248K(157248K)->17471K(157248K) Eden: 139776K(139776K)->0K(139776K) From: 17472K(17472K)->17471K(17472K)
[1.497s] [info] [gc,heap     ] GC(27) Tenured: 118633K(349568K)->139367K(349568K)
[1.497s] [info] [gc,metaspace] GC(27) Metaspace: 176K(384K)->176K(384K) NonClass: 169K(256K)->169K(256K) Class: 7K(128K)->7K(128K)
[1.497s] [info] [gc          ] GC(27) Pause Young (Allocation Failure) 269M->153M(494M) 45.879ms
[1.497s] [info] [gc,cpu      ] GC(27) User=0.02s Sys=0.01s Real=0.04s
[1.525s] [info] [gc,start    ] GC(28) Pause Young (Allocation Failure)
[1.541s] [info] [gc,heap     ] GC(28) DefNew: 157247K(157248K)->2608K(157248K) Eden: 139776K(139776K)->0K(139776K) From: 17471K(17472K)->2608K(17472K)
[1.541s] [info] [gc,heap     ] GC(28) Tenured: 139367K(349568K)->149968K(349568K)
[1.541s] [info] [gc,metaspace] GC(28) Metaspace: 176K(384K)->176K(384K) NonClass: 169K(256K)->169K(256K) Class: 7K(128K)->7K(128K)
[1.541s] [info] [gc          ] GC(28) Pause Young (Allocation Failure) 289M->149M(494M) 16.803ms
[1.541s] [info] [gc,cpu      ] GC(28) User=0.02s Sys=0.00s Real=0.02s
[1.570s] [info] [gc,start    ] GC(29) Pause Young (Allocation Failure)
[1.597s] [info] [gc,heap     ] GC(29) DefNew: 142384K(157248K)->17472K(157248K) Eden: 139776K(139776K)->0K(139776K) From: 2608K(17472K)->17472K(17472K)
[1.597s] [info] [gc,heap     ] GC(29) Tenured: 149968K(349568K)->155899K(349568K)
[1.597s] [info] [gc,metaspace] GC(29) Metaspace: 176K(384K)->176K(384K) NonClass: 169K(256K)->169K(256K) Class: 7K(128K)->7K(128K)
[1.597s] [info] [gc          ] GC(29) Pause Young (Allocation Failure) 285M->169M(494M) 26.713ms
[1.597s] [info] [gc,cpu      ] GC(29) User=0.02s Sys=0.01s Real=0.03s
[1.624s] [info] [gc,start    ] GC(30) Pause Young (Allocation Failure)
[1.640s] [info] [gc,heap     ] GC(30) DefNew: 157248K(157248K)->15845K(157248K) Eden: 139776K(139776K)->0K(139776K) From: 17472K(17472K)->15845K(17472K)
[1.641s] [info] [gc,heap     ] GC(30) Tenured: 155899K(349568K)->155899K(349568K)
[1.641s] [info] [gc,metaspace] GC(30) Metaspace: 176K(384K)->176K(384K) NonClass: 169K(256K)->169K(256K) Class: 7K(128K)->7K(128K)
[1.641s] [info] [gc          ] GC(30) Pause Young (Allocation Failure) 305M->167M(494M) 16.289ms
[1.641s] [info] [gc,cpu      ] GC(30) User=0.01s Sys=0.00s Real=0.02s
[1.668s] [info] [gc,start    ] GC(31) Pause Young (Allocation Failure)
[1.677s] [info] [gc,heap     ] GC(31) DefNew: 155621K(157248K)->8284K(157248K) Eden: 139776K(139776K)->0K(139776K) From: 15845K(17472K)->8284K(17472K)
[1.677s] [info] [gc,heap     ] GC(31) Tenured: 155899K(349568K)->155899K(349568K)
[1.677s] [info] [gc,metaspace] GC(31) Metaspace: 176K(384K)->176K(384K) NonClass: 169K(256K)->169K(256K) Class: 7K(128K)->7K(128K)
[1.677s] [info] [gc          ] GC(31) Pause Young (Allocation Failure) 304M->160M(494M) 8.554ms
[1.677s] [info] [gc,cpu      ] GC(31) User=0.01s Sys=0.00s Real=0.01s
[1.704s] [info] [gc,start    ] GC(32) Pause Young (Allocation Failure)
[1.705s] [info] [gc,heap     ] GC(32) DefNew: 148060K(157248K)->731K(157248K) Eden: 139776K(139776K)->0K(139776K) From: 8284K(17472K)->731K(17472K)
[1.705s] [info] [gc,heap     ] GC(32) Tenured: 155899K(349568K)->155899K(349568K)
[1.705s] [info] [gc,metaspace] GC(32) Metaspace: 176K(384K)->176K(384K) NonClass: 169K(256K)->169K(256K) Class: 7K(128K)->7K(128K)
[1.705s] [info] [gc          ] GC(32) Pause Young (Allocation Failure) 296M->152M(494M) 0.953ms
[1.705s] [info] [gc,cpu      ] GC(32) User=0.00s Sys=0.00s Real=0.00s
[1.732s] [info] [gc,start    ] GC(33) Pause Young (Allocation Failure)
[1.757s] [info] [gc,heap     ] GC(33) DefNew: 140507K(157248K)->17472K(157248K) Eden: 139776K(139776K)->0K(139776K) From: 731K(17472K)->17472K(17472K)
[1.757s] [info] [gc,heap     ] GC(33) Tenured: 155899K(349568K)->159948K(349568K)
[1.757s] [info] [gc,metaspace] GC(33) Metaspace: 176K(384K)->176K(384K) NonClass: 169K(256K)->169K(256K) Class: 7K(128K)->7K(128K)
[1.757s] [info] [gc          ] GC(33) Pause Young (Allocation Failure) 289M->173M(494M) 24.421ms
[1.757s] [info] [gc,cpu      ] GC(33) User=0.02s Sys=0.00s Real=0.02s
[1.785s] [info] [gc,start    ] GC(34) Pause Young (Allocation Failure)
[1.799s] [info] [gc,heap     ] GC(34) DefNew: 157248K(157248K)->13964K(157248K) Eden: 139776K(139776K)->0K(139776K) From: 17472K(17472K)->13964K(17472K)
[1.799s] [info] [gc,heap     ] GC(34) Tenured: 159948K(349568K)->159948K(349568K)
[1.799s] [info] [gc,metaspace] GC(34) Metaspace: 176K(384K)->176K(384K) NonClass: 169K(256K)->169K(256K) Class: 7K(128K)->7K(128K)
[1.799s] [info] [gc          ] GC(34) Pause Young (Allocation Failure) 309M->169M(494M) 14.182ms
[1.799s] [info] [gc,cpu      ] GC(34) User=0.01s Sys=0.00s Real=0.02s
[1.826s] [info] [gc,start    ] GC(35) Pause Young (Allocation Failure)
[1.833s] [info] [gc,heap     ] GC(35) DefNew: 153740K(157248K)->6409K(157248K) Eden: 139776K(139776K)->0K(139776K) From: 13964K(17472K)->6409K(17472K)
[1.833s] [info] [gc,heap     ] GC(35) Tenured: 159948K(349568K)->159948K(349568K)
[1.833s] [info] [gc,metaspace] GC(35) Metaspace: 176K(384K)->176K(384K) NonClass: 169K(256K)->169K(256K) Class: 7K(128K)->7K(128K)
[1.833s] [info] [gc          ] GC(35) Pause Young (Allocation Failure) 306M->162M(494M) 7.095ms
[1.833s] [info] [gc,cpu      ] GC(35) User=0.00s Sys=0.00s Real=0.01s
[1.860s] [info] [gc,start    ] GC(36) Pause Young (Allocation Failure)
[1.893s] [info] [gc,heap     ] GC(36) DefNew: 146185K(157248K)->17472K(157248K) Eden: 139776K(139776K)->0K(139776K) From: 6409K(17472K)->17472K(17472K)
[1.893s] [info] [gc,heap     ] GC(36) Tenured: 159948K(349568K)->169664K(349568K)
[1.893s] [info] [gc,metaspace] GC(36) Metaspace: 176K(384K)->176K(384K) NonClass: 169K(256K)->169K(256K) Class: 7K(128K)->7K(128K)
[1.893s] [info] [gc          ] GC(36) Pause Young (Allocation Failure) 298M->182M(494M) 33.004ms
[1.893s] [info] [gc,cpu      ] GC(36) User=0.04s Sys=0.00s Real=0.03s
[1.921s] [info] [gc,start    ] GC(37) Pause Young (Allocation Failure)
[1.942s] [info] [gc,heap     ] GC(37) DefNew: 157248K(157248K)->17472K(157248K) Eden: 139776K(139776K)->0K(139776K) From: 17472K(17472K)->17472K(17472K)
[1.942s] [info] [gc,heap     ] GC(37) Tenured: 169664K(349568K)->171831K(349568K)
[1.942s] [info] [gc,metaspace] GC(37) Metaspace: 176K(384K)->176K(384K) NonClass: 169K(256K)->169K(256K) Class: 7K(128K)->7K(128K)
[1.942s] [info] [gc          ] GC(37) Pause Young (Allocation Failure) 319M->184M(494M) 21.447ms
[1.942s] [info] [gc,cpu      ] GC(37) User=0.02s Sys=0.00s Real=0.02s
[1.971s] [info] [gc,start    ] GC(38) Pause Young (Allocation Failure)
[1.983s] [info] [gc,heap     ] GC(38) DefNew: 157248K(157248K)->12082K(157248K) Eden: 139776K(139776K)->0K(139776K) From: 17472K(17472K)->12082K(17472K)
[1.983s] [info] [gc,heap     ] GC(38) Tenured: 171831K(349568K)->171831K(349568K)
[1.983s] [info] [gc,metaspace] GC(38) Metaspace: 176K(384K)->176K(384K) NonClass: 169K(256K)->169K(256K) Class: 7K(128K)->7K(128K)
[1.983s] [info] [gc          ] GC(38) Pause Young (Allocation Failure) 321M->179M(494M) 12.362ms
[1.983s] [info] [gc,cpu      ] GC(38) User=0.01s Sys=0.00s Real=0.01s
[2.011s] [info] [gc,start    ] GC(39) Pause Young (Allocation Failure)
[2.015s] [info] [gc,heap     ] GC(39) DefNew: 151858K(157248K)->4533K(157248K) Eden: 139776K(139776K)->0K(139776K) From: 12082K(17472K)->4533K(17472K)
[2.015s] [info] [gc,heap     ] GC(39) Tenured: 171831K(349568K)->171831K(349568K)
[2.015s] [info] [gc,metaspace] GC(39) Metaspace: 176K(384K)->176K(384K) NonClass: 169K(256K)->169K(256K) Class: 7K(128K)->7K(128K)
[2.015s] [info] [gc          ] GC(39) Pause Young (Allocation Failure) 316M->172M(494M) 4.630ms
[2.015s] [info] [gc,cpu      ] GC(39) User=0.00s Sys=0.00s Real=0.00s
[2.043s] [info] [gc,start    ] GC(40) Pause Young (Allocation Failure)
[2.115s] [info] [gc,heap     ] GC(40) DefNew: 144309K(157248K)->17471K(157248K) Eden: 139776K(139776K)->0K(139776K) From: 4533K(17472K)->17471K(17472K)
[2.115s] [info] [gc,heap     ] GC(40) Tenured: 171831K(349568K)->207983K(349568K)
[2.115s] [info] [gc,metaspace] GC(40) Metaspace: 176K(384K)->176K(384K) NonClass: 169K(256K)->169K(256K) Class: 7K(128K)->7K(128K)
[2.115s] [info] [gc          ] GC(40) Pause Young (Allocation Failure) 308M->220M(494M) 72.114ms
[2.115s] [info] [gc,cpu      ] GC(40) User=0.04s Sys=0.03s Real=0.07s
[2.141s] [info] [gc,start    ] GC(41) Pause Young (Allocation Failure)
[2.176s] [info] [gc,heap     ] GC(41) DefNew: 157247K(157248K)->17472K(157248K) Eden: 139776K(139776K)->0K(139776K) From: 17471K(17472K)->17472K(17472K)
[2.176s] [info] [gc,heap     ] GC(41) Tenured: 207983K(349568K)->221251K(349568K)
[2.176s] [info] [gc,metaspace] GC(41) Metaspace: 176K(384K)->176K(384K) NonClass: 169K(256K)->169K(256K) Class: 7K(128K)->7K(128K)
[2.176s] [info] [gc          ] GC(41) Pause Young (Allocation Failure) 356M->233M(494M) 34.913ms
[2.176s] [info] [gc,cpu      ] GC(41) User=0.02s Sys=0.01s Real=0.03s
[2.204s] [info] [gc,start    ] GC(42) Pause Young (Allocation Failure)
[2.214s] [info] [gc,heap     ] GC(42) DefNew: 157248K(157248K)->10048K(157248K) Eden: 139776K(139776K)->0K(139776K) From: 17472K(17472K)->10048K(17472K)
[2.214s] [info] [gc,heap     ] GC(42) Tenured: 221251K(349568K)->221251K(349568K)
[2.214s] [info] [gc,metaspace] GC(42) Metaspace: 176K(384K)->176K(384K) NonClass: 169K(256K)->169K(256K) Class: 7K(128K)->7K(128K)
[2.214s] [info] [gc          ] GC(42) Pause Young (Allocation Failure) 369M->225M(494M) 10.615ms
[2.214s] [info] [gc,cpu      ] GC(42) User=0.01s Sys=0.00s Real=0.01s
[2.241s] [info] [gc,start    ] GC(43) Pause Young (Allocation Failure)
[2.244s] [info] [gc,heap     ] GC(43) DefNew: 149824K(157248K)->2490K(157248K) Eden: 139776K(139776K)->0K(139776K) From: 10048K(17472K)->2490K(17472K)
[2.244s] [info] [gc,heap     ] GC(43) Tenured: 221251K(349568K)->221251K(349568K)
[2.244s] [info] [gc,metaspace] GC(43) Metaspace: 176K(384K)->176K(384K) NonClass: 169K(256K)->169K(256K) Class: 7K(128K)->7K(128K)
[2.244s] [info] [gc          ] GC(43) Pause Young (Allocation Failure) 362M->218M(494M) 2.715ms
[2.244s] [info] [gc,cpu      ] GC(43) User=0.00s Sys=0.00s Real=0.00s
[2.272s] [info] [gc,start    ] GC(44) Pause Young (Allocation Failure)
[2.299s] [info] [gc,heap     ] GC(44) DefNew: 142266K(157248K)->17471K(157248K) Eden: 139776K(139776K)->0K(139776K) From: 2490K(17472K)->17471K(17472K)
[2.299s] [info] [gc,heap     ] GC(44) Tenured: 221251K(349568K)->227063K(349568K)
[2.299s] [info] [gc,metaspace] GC(44) Metaspace: 176K(384K)->176K(384K) NonClass: 169K(256K)->169K(256K) Class: 7K(128K)->7K(128K)
[2.299s] [info] [gc          ] GC(44) Pause Young (Allocation Failure) 354M->238M(494M) 26.673ms
[2.299s] [info] [gc,cpu      ] GC(44) User=0.02s Sys=0.00s Real=0.03s
[2.326s] [info] [gc,start    ] GC(45) Pause Young (Allocation Failure)
[2.342s] [info] [gc,heap     ] GC(45) DefNew: 157247K(157248K)->15728K(157248K) Eden: 139776K(139776K)->0K(139776K) From: 17471K(17472K)->15728K(17472K)
[2.342s] [info] [gc,heap     ] GC(45) Tenured: 227063K(349568K)->227063K(349568K)
[2.342s] [info] [gc,metaspace] GC(45) Metaspace: 176K(384K)->176K(384K) NonClass: 169K(256K)->169K(256K) Class: 7K(128K)->7K(128K)
[2.342s] [info] [gc          ] GC(45) Pause Young (Allocation Failure) 375M->237M(494M) 15.993ms
[2.342s] [info] [gc,cpu      ] GC(45) User=0.02s Sys=0.00s Real=0.02s
[2.370s] [info] [gc,start    ] GC(46) Pause Young (Allocation Failure)
[2.378s] [info] [gc,heap     ] GC(46) DefNew: 155504K(157248K)->8166K(157248K) Eden: 139776K(139776K)->0K(139776K) From: 15728K(17472K)->8166K(17472K)
[2.378s] [info] [gc,heap     ] GC(46) Tenured: 227063K(349568K)->227063K(349568K)
[2.378s] [info] [gc,metaspace] GC(46) Metaspace: 176K(384K)->176K(384K) NonClass: 169K(256K)->169K(256K) Class: 7K(128K)->7K(128K)
[2.378s] [info] [gc          ] GC(46) Pause Young (Allocation Failure) 373M->229M(494M) 8.478ms
[2.378s] [info] [gc,cpu      ] GC(46) User=0.00s Sys=0.00s Real=0.01s
[2.405s] [info] [gc,start    ] GC(47) Pause Young (Allocation Failure)
[2.406s] [info] [gc,heap     ] GC(47) DefNew: 147942K(157248K)->614K(157248K) Eden: 139776K(139776K)->0K(139776K) From: 8166K(17472K)->614K(17472K)
[2.406s] [info] [gc,heap     ] GC(47) Tenured: 227063K(349568K)->227063K(349568K)
[2.406s] [info] [gc,metaspace] GC(47) Metaspace: 176K(384K)->176K(384K) NonClass: 169K(256K)->169K(256K) Class: 7K(128K)->7K(128K)
[2.406s] [info] [gc          ] GC(47) Pause Young (Allocation Failure) 366M->222M(494M) 0.790ms
[2.406s] [info] [gc,cpu      ] GC(47) User=0.00s Sys=0.00s Real=0.00s
[2.433s] [info] [gc,start    ] GC(48) Pause Young (Allocation Failure)
[2.458s] [info] [gc,heap     ] GC(48) DefNew: 140390K(157248K)->17472K(157248K) Eden: 139776K(139776K)->0K(139776K) From: 614K(17472K)->17472K(17472K)
[2.458s] [info] [gc,heap     ] GC(48) Tenured: 227063K(349568K)->230994K(349568K)
[2.458s] [info] [gc,metaspace] GC(48) Metaspace: 176K(384K)->176K(384K) NonClass: 169K(256K)->169K(256K) Class: 7K(128K)->7K(128K)
[2.458s] [info] [gc          ] GC(48) Pause Young (Allocation Failure) 358M->242M(494M) 24.168ms
[2.458s] [info] [gc,cpu      ] GC(48) User=0.02s Sys=0.00s Real=0.02s
[2.486s] [info] [gc,start    ] GC(49) Pause Young (Allocation Failure)
[2.500s] [info] [gc,heap     ] GC(49) DefNew: 157248K(157248K)->13836K(157248K) Eden: 139776K(139776K)->0K(139776K) From: 17472K(17472K)->13836K(17472K)
[2.500s] [info] [gc,heap     ] GC(49) Tenured: 230994K(349568K)->230994K(349568K)
[2.500s] [info] [gc,metaspace] GC(49) Metaspace: 176K(384K)->176K(384K) NonClass: 169K(256K)->169K(256K) Class: 7K(128K)->7K(128K)
[2.500s] [info] [gc          ] GC(49) Pause Young (Allocation Failure) 379M->239M(494M) 14.593ms
[2.500s] [info] [gc,cpu      ] GC(49) User=0.02s Sys=0.00s Real=0.02s
[2.528s] [info] [gc,start    ] GC(50) Pause Young (Allocation Failure)
[2.534s] [info] [gc,heap     ] GC(50) DefNew: 153612K(157248K)->6248K(157248K) Eden: 139776K(139776K)->0K(139776K) From: 13836K(17472K)->6248K(17472K)
[2.534s] [info] [gc,heap     ] GC(50) Tenured: 230994K(349568K)->230994K(349568K)
[2.534s] [info] [gc,metaspace] GC(50) Metaspace: 176K(384K)->176K(384K) NonClass: 169K(256K)->169K(256K) Class: 7K(128K)->7K(128K)
[2.535s] [info] [gc          ] GC(50) Pause Young (Allocation Failure) 375M->231M(494M) 6.923ms
[2.535s] [info] [gc,cpu      ] GC(50) User=0.01s Sys=0.00s Real=0.01s
[2.562s] [info] [gc,start    ] GC(51) Pause Young (Allocation Failure)
[2.595s] [info] [gc,heap     ] GC(51) DefNew: 146024K(157248K)->17472K(157248K) Eden: 139776K(139776K)->0K(139776K) From: 6248K(17472K)->17472K(17472K)
[2.595s] [info] [gc,heap     ] GC(51) Tenured: 230994K(349568K)->240548K(349568K)
[2.595s] [info] [gc,metaspace] GC(51) Metaspace: 176K(384K)->176K(384K) NonClass: 169K(256K)->169K(256K) Class: 7K(128K)->7K(128K)
[2.595s] [info] [gc          ] GC(51) Pause Young (Allocation Failure) 368M->251M(494M) 32.515ms
[2.595s] [info] [gc,cpu      ] GC(51) User=0.02s Sys=0.01s Real=0.03s
[2.622s] [info] [gc,start    ] GC(52) Pause Young (Allocation Failure)
[2.643s] [info] [gc,heap     ] GC(52) DefNew: 157248K(157248K)->17472K(157248K) Eden: 139776K(139776K)->0K(139776K) From: 17472K(17472K)->17472K(17472K)
[2.644s] [info] [gc,heap     ] GC(52) Tenured: 240548K(349568K)->242553K(349568K)
[2.644s] [info] [gc,metaspace] GC(52) Metaspace: 176K(384K)->176K(384K) NonClass: 169K(256K)->169K(256K) Class: 7K(128K)->7K(128K)
[2.644s] [info] [gc          ] GC(52) Pause Young (Allocation Failure) 388M->253M(494M) 22.060ms
[2.644s] [info] [gc,cpu      ] GC(52) User=0.02s Sys=0.00s Real=0.02s
[2.671s] [info] [gc,start    ] GC(53) Pause Young (Allocation Failure)
[2.724s] [info] [gc,heap     ] GC(53) DefNew: 157248K(157248K)->17471K(157248K) Eden: 139776K(139776K)->0K(139776K) From: 17472K(17472K)->17471K(17472K)
[2.724s] [info] [gc,heap     ] GC(53) Tenured: 242553K(349568K)->265327K(349568K)
[2.724s] [info] [gc,metaspace] GC(53) Metaspace: 176K(384K)->176K(384K) NonClass: 169K(256K)->169K(256K) Class: 7K(128K)->7K(128K)
[2.724s] [info] [gc          ] GC(53) Pause Young (Allocation Failure) 390M->276M(494M) 52.635ms
[2.724s] [info] [gc,cpu      ] GC(53) User=0.04s Sys=0.01s Real=0.05s
[2.751s] [info] [gc,start    ] GC(54) Pause Young (Allocation Failure)
[2.775s] [info] [gc,heap     ] GC(54) DefNew: 157247K(157248K)->4137K(157248K) Eden: 139776K(139776K)->0K(139776K) From: 17471K(17472K)->4137K(17472K)
[2.775s] [info] [gc,heap     ] GC(54) Tenured: 265327K(349568K)->280780K(349568K)
[2.775s] [info] [gc,metaspace] GC(54) Metaspace: 176K(384K)->176K(384K) NonClass: 169K(256K)->169K(256K) Class: 7K(128K)->7K(128K)
[2.775s] [info] [gc          ] GC(54) Pause Young (Allocation Failure) 412M->278M(494M) 23.999ms
[2.775s] [info] [gc,cpu      ] GC(54) User=0.02s Sys=0.00s Real=0.02s
[2.802s] [info] [gc,start    ] GC(55) Pause Young (Allocation Failure)
[2.832s] [info] [gc,heap     ] GC(55) DefNew: 143913K(157248K)->17471K(157248K) Eden: 139776K(139776K)->0K(139776K) From: 4137K(17472K)->17471K(17472K)
[2.832s] [info] [gc,heap     ] GC(55) Tenured: 280780K(349568K)->288243K(349568K)
[2.832s] [info] [gc,metaspace] GC(55) Metaspace: 176K(384K)->176K(384K) NonClass: 169K(256K)->169K(256K) Class: 7K(128K)->7K(128K)
[2.832s] [info] [gc          ] GC(55) Pause Young (Allocation Failure) 414M->298M(494M) 29.941ms
[2.832s] [info] [gc,cpu      ] GC(55) User=0.03s Sys=0.00s Real=0.03s
[2.860s] [info] [gc,start    ] GC(56) Pause Young (Allocation Failure)
[2.878s] [info] [gc,heap     ] GC(56) DefNew: 157247K(157248K)->17377K(157248K) Eden: 139776K(139776K)->0K(139776K) From: 17471K(17472K)->17377K(17472K)
[2.878s] [info] [gc,heap     ] GC(56) Tenured: 288243K(349568K)->288243K(349568K)
[2.878s] [info] [gc,metaspace] GC(56) Metaspace: 176K(384K)->176K(384K) NonClass: 169K(256K)->169K(256K) Class: 7K(128K)->7K(128K)
[2.878s] [info] [gc          ] GC(56) Pause Young (Allocation Failure) 435M->298M(494M) 17.888ms
[2.878s] [info] [gc,cpu      ] GC(56) User=0.02s Sys=0.00s Real=0.01s
[2.905s] [info] [gc,start    ] GC(57) Pause Young (Allocation Failure)
[2.916s] [info] [gc,heap     ] GC(57) DefNew: 157153K(157248K)->9815K(157248K) Eden: 139776K(139776K)->0K(139776K) From: 17377K(17472K)->9815K(17472K)
[2.916s] [info] [gc,heap     ] GC(57) Tenured: 288243K(349568K)->288243K(349568K)
[2.916s] [info] [gc,metaspace] GC(57) Metaspace: 176K(384K)->176K(384K) NonClass: 169K(256K)->169K(256K) Class: 7K(128K)->7K(128K)
[2.916s] [info] [gc          ] GC(57) Pause Young (Allocation Failure) 434M->291M(494M) 10.386ms
[2.916s] [info] [gc,cpu      ] GC(57) User=0.01s Sys=0.00s Real=0.01s
[2.943s] [info] [gc,start    ] GC(58) Pause Young (Allocation Failure)
[2.945s] [info] [gc,heap     ] GC(58) DefNew: 149591K(157248K)->2260K(157248K) Eden: 139776K(139776K)->0K(139776K) From: 9815K(17472K)->2260K(17472K)
[2.946s] [info] [gc,heap     ] GC(58) Tenured: 288243K(349568K)->288243K(349568K)
[2.946s] [info] [gc,metaspace] GC(58) Metaspace: 176K(384K)->176K(384K) NonClass: 169K(256K)->169K(256K) Class: 7K(128K)->7K(128K)
[2.946s] [info] [gc          ] GC(58) Pause Young (Allocation Failure) 427M->283M(494M) 2.481ms
[2.946s] [info] [gc,cpu      ] GC(58) User=0.00s Sys=0.00s Real=0.00s
[2.973s] [info] [gc,start    ] GC(59) Pause Young (Allocation Failure)
[2.999s] [info] [gc,heap     ] GC(59) DefNew: 142036K(157248K)->17471K(157248K) Eden: 139776K(139776K)->0K(139776K) From: 2260K(17472K)->17471K(17472K)
[2.999s] [info] [gc,heap     ] GC(59) Tenured: 288243K(349568K)->293823K(349568K)
[2.999s] [info] [gc,metaspace] GC(59) Metaspace: 176K(384K)->176K(384K) NonClass: 169K(256K)->169K(256K) Class: 7K(128K)->7K(128K)
[2.999s] [info] [gc          ] GC(59) Pause Young (Allocation Failure) 420M->303M(494M) 26.594ms
[2.999s] [info] [gc,cpu      ] GC(59) User=0.02s Sys=0.00s Real=0.03s
[3.027s] [info] [gc,start    ] GC(60) Pause Young (Allocation Failure)
[3.043s] [info] [gc,heap     ] GC(60) DefNew: 157247K(157248K)->15495K(157248K) Eden: 139776K(139776K)->0K(139776K) From: 17471K(17472K)->15495K(17472K)
[3.043s] [info] [gc,heap     ] GC(60) Tenured: 293823K(349568K)->293823K(349568K)
[3.043s] [info] [gc,metaspace] GC(60) Metaspace: 176K(384K)->176K(384K) NonClass: 169K(256K)->169K(256K) Class: 7K(128K)->7K(128K)
[3.043s] [info] [gc          ] GC(60) Pause Young (Allocation Failure) 440M->302M(494M) 15.860ms
[3.043s] [info] [gc,cpu      ] GC(60) User=0.02s Sys=0.00s Real=0.02s
[3.070s] [info] [gc,start    ] GC(61) Pause Young (Allocation Failure)
[3.078s] [info] [gc,heap     ] GC(61) DefNew: 155271K(157248K)->7934K(157248K) Eden: 139776K(139776K)->0K(139776K) From: 15495K(17472K)->7934K(17472K)
[3.078s] [info] [gc,heap     ] GC(61) Tenured: 293823K(349568K)->293823K(349568K)
[3.078s] [info] [gc,metaspace] GC(61) Metaspace: 176K(384K)->176K(384K) NonClass: 169K(256K)->169K(256K) Class: 7K(128K)->7K(128K)
[3.078s] [info] [gc          ] GC(61) Pause Young (Allocation Failure) 438M->294M(494M) 8.316ms
[3.078s] [info] [gc,cpu      ] GC(61) User=0.01s Sys=0.00s Real=0.01s
[3.106s] [info] [gc,start    ] GC(62) Pause Young (Allocation Failure)
[3.106s] [info] [gc,heap     ] GC(62) DefNew: 147710K(157248K)->382K(157248K) Eden: 139776K(139776K)->0K(139776K) From: 7934K(17472K)->382K(17472K)
[3.106s] [info] [gc,heap     ] GC(62) Tenured: 293823K(349568K)->293823K(349568K)
[3.106s] [info] [gc,metaspace] GC(62) Metaspace: 176K(384K)->176K(384K) NonClass: 169K(256K)->169K(256K) Class: 7K(128K)->7K(128K)
[3.106s] [info] [gc          ] GC(62) Pause Young (Allocation Failure) 431M->287M(494M) 0.634ms
[3.106s] [info] [gc,cpu      ] GC(62) User=0.00s Sys=0.00s Real=0.00s
[3.134s] [info] [gc,start    ] GC(63) Pause Young (Allocation Failure)
[3.157s] [info] [gc,heap     ] GC(63) DefNew: 140158K(157248K)->17471K(157248K) Eden: 139776K(139776K)->0K(139776K) From: 382K(17472K)->17471K(17472K)
[3.157s] [info] [gc,heap     ] GC(63) Tenured: 293823K(349568K)->297522K(349568K)
[3.157s] [info] [gc,metaspace] GC(63) Metaspace: 176K(384K)->176K(384K) NonClass: 169K(256K)->169K(256K) Class: 7K(128K)->7K(128K)
[3.157s] [info] [gc          ] GC(63) Pause Young (Allocation Failure) 423M->307M(494M) 23.783ms
[3.157s] [info] [gc,cpu      ] GC(63) User=0.02s Sys=0.01s Real=0.02s
[3.185s] [info] [gc,start    ] GC(64) Pause Young (Allocation Failure)
[3.200s] [info] [gc,heap     ] GC(64) DefNew: 157247K(157248K)->13614K(157248K) Eden: 139776K(139776K)->0K(139776K) From: 17471K(17472K)->13614K(17472K)
[3.200s] [info] [gc,heap     ] GC(64) Tenured: 297522K(349568K)->297522K(349568K)
[3.200s] [info] [gc,metaspace] GC(64) Metaspace: 176K(384K)->176K(384K) NonClass: 169K(256K)->169K(256K) Class: 7K(128K)->7K(128K)
[3.200s] [info] [gc          ] GC(64) Pause Young (Allocation Failure) 444M->303M(494M) 14.806ms
[3.200s] [info] [gc,cpu      ] GC(64) User=0.02s Sys=0.00s Real=0.02s
[3.228s] [info] [gc,start    ] GC(65) Pause Young (Allocation Failure)
[3.234s] [info] [gc,heap     ] GC(65) DefNew: 153390K(157248K)->6059K(157248K) Eden: 139776K(139776K)->0K(139776K) From: 13614K(17472K)->6059K(17472K)
[3.234s] [info] [gc,heap     ] GC(65) Tenured: 297522K(349568K)->297522K(349568K)
[3.234s] [info] [gc,metaspace] GC(65) Metaspace: 176K(384K)->176K(384K) NonClass: 169K(256K)->169K(256K) Class: 7K(128K)->7K(128K)
[3.234s] [info] [gc          ] GC(65) Pause Young (Allocation Failure) 440M->296M(494M) 6.238ms
[3.234s] [info] [gc,cpu      ] GC(65) User=0.00s Sys=0.00s Real=0.01s
[3.262s] [info] [gc,start    ] GC(66) Pause Young (Allocation Failure)
[3.294s] [info] [gc,heap     ] GC(66) DefNew: 145835K(157248K)->17471K(157248K) Eden: 139776K(139776K)->0K(139776K) From: 6059K(17472K)->17471K(17472K)
[3.294s] [info] [gc,heap     ] GC(66) Tenured: 297522K(349568K)->306887K(349568K)
[3.294s] [info] [gc,metaspace] GC(66) Metaspace: 176K(384K)->176K(384K) NonClass: 169K(256K)->169K(256K) Class: 7K(128K)->7K(128K)
[3.294s] [info] [gc          ] GC(66) Pause Young (Allocation Failure) 432M->316M(494M) 32.094ms
[3.294s] [info] [gc,cpu      ] GC(66) User=0.03s Sys=0.00s Real=0.03s
[3.321s] [info] [gc,start    ] GC(67) Pause Young (Allocation Failure)
[3.383s] [info] [gc,heap     ] GC(67) DefNew: 157247K(157248K)->17471K(157248K) Eden: 139776K(139776K)->0K(139776K) From: 17471K(17472K)->17471K(17472K)
[3.383s] [info] [gc,heap     ] GC(67) Tenured: 306887K(349568K)->336955K(349568K)
[3.383s] [info] [gc,metaspace] GC(67) Metaspace: 176K(384K)->176K(384K) NonClass: 169K(256K)->169K(256K) Class: 7K(128K)->7K(128K)
[3.383s] [info] [gc          ] GC(67) Pause Young (Allocation Failure) 453M->346M(494M) 62.574ms
[3.383s] [info] [gc,cpu      ] GC(67) User=0.06s Sys=0.01s Real=0.06s
[3.410s] [info] [gc,start    ] GC(68) Pause Young (Allocation Failure)
[3.445s] [info] [gc          ] GC(68) Pause Young (Allocation Failure) 482M->357M(499M) 34.775ms
[3.445s] [info] [gc,cpu      ] GC(68) User=0.02s Sys=0.01s Real=0.04s
[3.445s] [info] [gc,start    ] GC(69) Pause Full (Allocation Failure)
[3.445s] [info] [gc,phases,start] GC(69) Phase 1: Mark live objects
[3.534s] [info] [gc,phases      ] GC(69) Phase 1: Mark live objects 89.533ms
[3.534s] [info] [gc,phases,start] GC(69) Phase 2: Compute new object addresses
[3.638s] [info] [gc,phases      ] GC(69) Phase 2: Compute new object addresses 103.234ms
[3.638s] [info] [gc,phases,start] GC(69) Phase 3: Adjust pointers
[3.705s] [info] [gc,phases      ] GC(69) Phase 3: Adjust pointers 67.091ms
[3.705s] [info] [gc,phases,start] GC(69) Phase 4: Move objects
[3.755s] [info] [gc,phases      ] GC(69) Phase 4: Move objects 50.173ms
[3.755s] [info] [gc,heap        ] GC(69) DefNew: 157247K(157248K)->0K(157376K) Eden: 139776K(139776K)->0K(139904K) From: 17471K(17472K)->0K(17472K)
[3.755s] [info] [gc,heap        ] GC(69) Tenured: 336955K(349568K)->190272K(349568K)
[3.755s] [info] [gc,metaspace   ] GC(69) Metaspace: 176K(384K)->176K(384K) NonClass: 169K(256K)->169K(256K) Class: 7K(128K)->7K(128K)
[3.755s] [info] [gc             ] GC(69) Pause Full (Allocation Failure) 357M->185M(495M) 310.729ms
[3.755s] [info] [gc,cpu         ] GC(69) User=0.31s Sys=0.00s Real=0.31s
[3.784s] [info] [gc,start       ] GC(70) Pause Young (Allocation Failure)
[3.806s] [info] [gc,heap        ] GC(70) DefNew: 139904K(157376K)->17471K(157376K) Eden: 139904K(139904K)->0K(139904K) From: 0K(17472K)->17471K(17472K)
[3.806s] [info] [gc,heap        ] GC(70) Tenured: 190272K(349568K)->193680K(349568K)
[3.806s] [info] [gc,metaspace   ] GC(70) Metaspace: 176K(384K)->176K(384K) NonClass: 169K(256K)->169K(256K) Class: 7K(128K)->7K(128K)
[3.806s] [info] [gc             ] GC(70) Pause Young (Allocation Failure) 322M->206M(495M) 22.046ms
[3.806s] [info] [gc,cpu         ] GC(70) User=0.02s Sys=0.00s Real=0.02s
[3.834s] [info] [gc,start       ] GC(71) Pause Young (Allocation Failure)
[3.876s] [info] [gc,heap        ] GC(71) DefNew: 157375K(157376K)->17471K(157376K) Eden: 139904K(139904K)->0K(139904K) From: 17471K(17472K)->17471K(17472K)
[3.876s] [info] [gc,heap        ] GC(71) Tenured: 193680K(349568K)->217982K(349568K)
[3.876s] [info] [gc,metaspace   ] GC(71) Metaspace: 176K(384K)->176K(384K) NonClass: 169K(256K)->169K(256K) Class: 7K(128K)->7K(128K)
[3.876s] [info] [gc             ] GC(71) Pause Young (Allocation Failure) 342M->229M(495M) 42.083ms
[3.876s] [info] [gc,cpu         ] GC(71) User=0.04s Sys=0.00s Real=0.04s
[3.903s] [info] [gc,start       ] GC(72) Pause Young (Allocation Failure)
[3.921s] [info] [gc,heap        ] GC(72) DefNew: 157375K(157376K)->17472K(157376K) Eden: 139904K(139904K)->0K(139904K) From: 17471K(17472K)->17472K(17472K)
[3.921s] [info] [gc,heap        ] GC(72) Tenured: 217982K(349568K)->218179K(349568K)
[3.921s] [info] [gc,metaspace   ] GC(72) Metaspace: 176K(384K)->176K(384K) NonClass: 169K(256K)->169K(256K) Class: 7K(128K)->7K(128K)
[3.921s] [info] [gc             ] GC(72) Pause Young (Allocation Failure) 366M->230M(495M) 17.977ms
[3.921s] [info] [gc,cpu         ] GC(72) User=0.01s Sys=0.00s Real=0.02s
[3.948s] [info] [gc,start       ] GC(73) Pause Young (Allocation Failure)
[3.959s] [info] [gc,heap        ] GC(73) DefNew: 157376K(157376K)->10191K(157376K) Eden: 139904K(139904K)->0K(139904K) From: 17472K(17472K)->10191K(17472K)
[3.959s] [info] [gc,heap        ] GC(73) Tenured: 218179K(349568K)->218179K(349568K)
[3.959s] [info] [gc,metaspace   ] GC(73) Metaspace: 176K(384K)->176K(384K) NonClass: 169K(256K)->169K(256K) Class: 7K(128K)->7K(128K)
[3.959s] [info] [gc             ] GC(73) Pause Young (Allocation Failure) 366M->223M(495M) 10.943ms
[3.959s] [info] [gc,cpu         ] GC(73) User=0.01s Sys=0.00s Real=0.02s
[3.986s] [info] [gc,start       ] GC(74) Pause Young (Allocation Failure)
[3.989s] [info] [gc,heap        ] GC(74) DefNew: 150095K(157376K)->2730K(157376K) Eden: 139904K(139904K)->0K(139904K) From: 10191K(17472K)->2730K(17472K)
[3.989s] [info] [gc,heap        ] GC(74) Tenured: 218179K(349568K)->218179K(349568K)
[3.989s] [info] [gc,metaspace   ] GC(74) Metaspace: 176K(384K)->176K(384K) NonClass: 169K(256K)->169K(256K) Class: 7K(128K)->7K(128K)
[3.989s] [info] [gc             ] GC(74) Pause Young (Allocation Failure) 359M->215M(495M) 2.853ms
[3.989s] [info] [gc,cpu         ] GC(74) User=0.00s Sys=0.00s Real=0.00s
[4.017s] [info] [gc,start       ] GC(75) Pause Young (Allocation Failure)
[4.042s] [info] [gc,heap        ] GC(75) DefNew: 142634K(157376K)->17471K(157376K) Eden: 139904K(139904K)->0K(139904K) From: 2730K(17472K)->17471K(17472K)
[4.042s] [info] [gc,heap        ] GC(75) Tenured: 218179K(349568K)->224327K(349568K)
[4.042s] [info] [gc,metaspace   ] GC(75) Metaspace: 176K(384K)->176K(384K) NonClass: 169K(256K)->169K(256K) Class: 7K(128K)->7K(128K)
[4.042s] [info] [gc             ] GC(75) Pause Young (Allocation Failure) 352M->236M(495M) 24.754ms
[4.042s] [info] [gc,cpu         ] GC(75) User=0.03s Sys=0.00s Real=0.03s
[4.069s] [info] [gc,start       ] GC(76) Pause Young (Allocation Failure)
[4.087s] [info] [gc,heap        ] GC(76) DefNew: 157375K(157376K)->16160K(157376K) Eden: 139904K(139904K)->0K(139904K) From: 17471K(17472K)->16160K(17472K)
[4.087s] [info] [gc,heap        ] GC(76) Tenured: 224327K(349568K)->224327K(349568K)
[4.087s] [info] [gc,metaspace   ] GC(76) Metaspace: 176K(384K)->176K(384K) NonClass: 169K(256K)->169K(256K) Class: 7K(128K)->7K(128K)
[4.087s] [info] [gc             ] GC(76) Pause Young (Allocation Failure) 372M->234M(495M) 17.437ms
[4.087s] [info] [gc,cpu         ] GC(76) User=0.02s Sys=0.00s Real=0.02s
[4.114s] [info] [gc,start       ] GC(77) Pause Young (Allocation Failure)
[4.123s] [info] [gc,heap        ] GC(77) DefNew: 156064K(157376K)->8695K(157376K) Eden: 139904K(139904K)->0K(139904K) From: 16160K(17472K)->8695K(17472K)
[4.123s] [info] [gc,heap        ] GC(77) Tenured: 224327K(349568K)->224327K(349568K)
[4.123s] [info] [gc,metaspace   ] GC(77) Metaspace: 176K(384K)->176K(384K) NonClass: 169K(256K)->169K(256K) Class: 7K(128K)->7K(128K)
[4.123s] [info] [gc             ] GC(77) Pause Young (Allocation Failure) 371M->227M(495M) 9.010ms
[4.123s] [info] [gc,cpu         ] GC(77) User=0.01s Sys=0.00s Real=0.01s
[4.151s] [info] [gc,start       ] GC(78) Pause Young (Allocation Failure)
[4.153s] [info] [gc,heap        ] GC(78) DefNew: 148599K(157376K)->1239K(157376K) Eden: 139904K(139904K)->0K(139904K) From: 8695K(17472K)->1239K(17472K)
[4.153s] [info] [gc,heap        ] GC(78) Tenured: 224327K(349568K)->224327K(349568K)
[4.153s] [info] [gc,metaspace   ] GC(78) Metaspace: 176K(384K)->176K(384K) NonClass: 169K(256K)->169K(256K) Class: 7K(128K)->7K(128K)
[4.153s] [info] [gc             ] GC(78) Pause Young (Allocation Failure) 364M->220M(495M) 1.383ms
[4.153s] [info] [gc,cpu         ] GC(78) User=0.00s Sys=0.00s Real=0.00s
[4.180s] [info] [gc,start       ] GC(79) Pause Young (Allocation Failure)
[4.203s] [info] [gc,heap        ] GC(79) DefNew: 141143K(157376K)->17471K(157376K) Eden: 139904K(139904K)->0K(139904K) From: 1239K(17472K)->17471K(17472K)
[4.203s] [info] [gc,heap        ] GC(79) Tenured: 224327K(349568K)->228982K(349568K)
[4.203s] [info] [gc,metaspace   ] GC(79) Metaspace: 176K(384K)->176K(384K) NonClass: 169K(256K)->169K(256K) Class: 7K(128K)->7K(128K)
[4.203s] [info] [gc             ] GC(79) Pause Young (Allocation Failure) 356M->240M(495M) 22.772ms
[4.203s] [info] [gc,cpu         ] GC(79) User=0.02s Sys=0.00s Real=0.02s
[4.230s] [info] [gc,start       ] GC(80) Pause Young (Allocation Failure)
[4.245s] [info] [gc,heap        ] GC(80) DefNew: 157375K(157376K)->14667K(157376K) Eden: 139904K(139904K)->0K(139904K) From: 17471K(17472K)->14667K(17472K)
[4.245s] [info] [gc,heap        ] GC(80) Tenured: 228982K(349568K)->228982K(349568K)
[4.245s] [info] [gc,metaspace   ] GC(80) Metaspace: 176K(384K)->176K(384K) NonClass: 169K(256K)->169K(256K) Class: 7K(128K)->7K(128K)
[4.245s] [info] [gc             ] GC(80) Pause Young (Allocation Failure) 377M->237M(495M) 14.997ms
[4.245s] [info] [gc,cpu         ] GC(80) User=0.01s Sys=0.01s Real=0.02s
[4.273s] [info] [gc,start       ] GC(81) Pause Young (Allocation Failure)
[4.310s] [info] [gc,heap        ] GC(81) DefNew: 154571K(157376K)->17472K(157376K) Eden: 139904K(139904K)->0K(139904K) From: 14667K(17472K)->17472K(17472K)
[4.310s] [info] [gc,heap        ] GC(81) Tenured: 228982K(349568K)->247067K(349568K)
[4.310s] [info] [gc,metaspace   ] GC(81) Metaspace: 176K(384K)->176K(384K) NonClass: 169K(256K)->169K(256K) Class: 7K(128K)->7K(128K)
[4.311s] [info] [gc             ] GC(81) Pause Young (Allocation Failure) 374M->258M(495M) 37.385ms
[4.311s] [info] [gc,cpu         ] GC(81) User=0.04s Sys=0.00s Real=0.04s
[4.339s] [info] [gc,start       ] GC(82) Pause Young (Allocation Failure)
[4.382s] [info] [gc,heap        ] GC(82) DefNew: 157376K(157376K)->17472K(157376K) Eden: 139904K(139904K)->0K(139904K) From: 17472K(17472K)->17472K(17472K)
[4.382s] [info] [gc,heap        ] GC(82) Tenured: 247067K(349568K)->273633K(349568K)
[4.382s] [info] [gc,metaspace   ] GC(82) Metaspace: 176K(384K)->176K(384K) NonClass: 169K(256K)->169K(256K) Class: 7K(128K)->7K(128K)
[4.382s] [info] [gc             ] GC(82) Pause Young (Allocation Failure) 394M->284M(495M) 43.674ms
[4.382s] [info] [gc,cpu         ] GC(82) User=0.05s Sys=0.00s Real=0.04s
[4.410s] [info] [gc,start       ] GC(83) Pause Young (Allocation Failure)
[4.431s] [info] [gc,heap        ] GC(83) DefNew: 157376K(157376K)->17471K(157376K) Eden: 139904K(139904K)->0K(139904K) From: 17472K(17472K)->17471K(17472K)
[4.431s] [info] [gc,heap        ] GC(83) Tenured: 273633K(349568K)->276464K(349568K)
[4.431s] [info] [gc,metaspace   ] GC(83) Metaspace: 176K(384K)->176K(384K) NonClass: 169K(256K)->169K(256K) Class: 7K(128K)->7K(128K)
[4.431s] [info] [gc             ] GC(83) Pause Young (Allocation Failure) 420M->287M(495M) 20.751ms
[4.431s] [info] [gc,cpu         ] GC(83) User=0.02s Sys=0.00s Real=0.03s
[4.458s] [info] [gc,start       ] GC(84) Pause Young (Allocation Failure)
[4.472s] [info] [gc,heap        ] GC(84) DefNew: 157375K(157376K)->12843K(157376K) Eden: 139904K(139904K)->0K(139904K) From: 17471K(17472K)->12843K(17472K)
[4.472s] [info] [gc,heap        ] GC(84) Tenured: 276464K(349568K)->276464K(349568K)
[4.472s] [info] [gc,metaspace   ] GC(84) Metaspace: 176K(384K)->176K(384K) NonClass: 169K(256K)->169K(256K) Class: 7K(128K)->7K(128K)
[4.472s] [info] [gc             ] GC(84) Pause Young (Allocation Failure) 423M->282M(495M) 13.413ms
[4.472s] [info] [gc,cpu         ] GC(84) User=0.02s Sys=0.00s Real=0.02s
[4.500s] [info] [gc,start       ] GC(85) Pause Young (Allocation Failure)
[4.505s] [info] [gc,heap        ] GC(85) DefNew: 152747K(157376K)->5386K(157376K) Eden: 139904K(139904K)->0K(139904K) From: 12843K(17472K)->5386K(17472K)
[4.505s] [info] [gc,heap        ] GC(85) Tenured: 276464K(349568K)->276464K(349568K)
[4.505s] [info] [gc,metaspace   ] GC(85) Metaspace: 176K(384K)->176K(384K) NonClass: 169K(256K)->169K(256K) Class: 7K(128K)->7K(128K)
[4.505s] [info] [gc             ] GC(85) Pause Young (Allocation Failure) 419M->275M(495M) 5.618ms
[4.505s] [info] [gc,cpu         ] GC(85) User=0.01s Sys=0.00s Real=0.00s
[4.533s] [info] [gc,start       ] GC(86) Pause Young (Allocation Failure)
[4.561s] [info] [gc,heap        ] GC(86) DefNew: 145290K(157376K)->17471K(157376K) Eden: 139904K(139904K)->0K(139904K) From: 5386K(17472K)->17471K(17472K)
[4.561s] [info] [gc,heap        ] GC(86) Tenured: 276464K(349568K)->285277K(349568K)
[4.561s] [info] [gc,metaspace   ] GC(86) Metaspace: 176K(384K)->176K(384K) NonClass: 169K(256K)->169K(256K) Class: 7K(128K)->7K(128K)
[4.561s] [info] [gc             ] GC(86) Pause Young (Allocation Failure) 411M->295M(495M) 27.896ms
[4.561s] [info] [gc,cpu         ] GC(86) User=0.02s Sys=0.00s Real=0.03s
[4.588s] [info] [gc,start       ] GC(87) Pause Young (Allocation Failure)
[4.608s] [info] [gc,heap        ] GC(87) DefNew: 157375K(157376K)->17471K(157376K) Eden: 139904K(139904K)->0K(139904K) From: 17471K(17472K)->17471K(17472K)
[4.608s] [info] [gc,heap        ] GC(87) Tenured: 285277K(349568K)->286614K(349568K)
[4.608s] [info] [gc,metaspace   ] GC(87) Metaspace: 176K(384K)->176K(384K) NonClass: 169K(256K)->169K(256K) Class: 7K(128K)->7K(128K)
[4.608s] [info] [gc             ] GC(87) Pause Young (Allocation Failure) 432M->296M(495M) 20.112ms
[4.608s] [info] [gc,cpu         ] GC(87) User=0.02s Sys=0.00s Real=0.02s
[4.636s] [info] [gc,start       ] GC(88) Pause Young (Allocation Failure)
[4.648s] [info] [gc,heap        ] GC(88) DefNew: 157375K(157376K)->11359K(157376K) Eden: 139904K(139904K)->0K(139904K) From: 17471K(17472K)->11359K(17472K)
[4.648s] [info] [gc,heap        ] GC(88) Tenured: 286614K(349568K)->286614K(349568K)
[4.648s] [info] [gc,metaspace   ] GC(88) Metaspace: 176K(384K)->176K(384K) NonClass: 169K(256K)->169K(256K) Class: 7K(128K)->7K(128K)
[4.648s] [info] [gc             ] GC(88) Pause Young (Allocation Failure) 433M->290M(495M) 11.885ms
[4.648s] [info] [gc,cpu         ] GC(88) User=0.01s Sys=0.00s Real=0.01s
[4.676s] [info] [gc,start       ] GC(89) Pause Young (Allocation Failure)
[4.681s] [info] [gc,heap        ] GC(89) DefNew: 151263K(157376K)->3870K(157376K) Eden: 139904K(139904K)->0K(139904K) From: 11359K(17472K)->3870K(17472K)
[4.682s] [info] [gc,heap        ] GC(89) Tenured: 286614K(349568K)->286614K(349568K)
[4.682s] [info] [gc,metaspace   ] GC(89) Metaspace: 176K(384K)->176K(384K) NonClass: 169K(256K)->169K(256K) Class: 7K(128K)->7K(128K)
[4.682s] [info] [gc             ] GC(89) Pause Young (Allocation Failure) 427M->283M(495M) 5.718ms
[4.682s] [info] [gc,cpu         ] GC(89) User=0.00s Sys=0.00s Real=0.01s
[4.709s] [info] [gc,start       ] GC(90) Pause Young (Allocation Failure)
[4.735s] [info] [gc,heap        ] GC(90) DefNew: 143774K(157376K)->17471K(157376K) Eden: 139904K(139904K)->0K(139904K) From: 3870K(17472K)->17471K(17472K)
[4.735s] [info] [gc,heap        ] GC(90) Tenured: 286614K(349568K)->293906K(349568K)
[4.735s] [info] [gc,metaspace   ] GC(90) Metaspace: 176K(384K)->176K(384K) NonClass: 169K(256K)->169K(256K) Class: 7K(128K)->7K(128K)
[4.735s] [info] [gc             ] GC(90) Pause Young (Allocation Failure) 420M->304M(495M) 26.059ms
[4.735s] [info] [gc,cpu         ] GC(90) User=0.03s Sys=0.00s Real=0.03s
[4.763s] [info] [gc,start       ] GC(91) Pause Young (Allocation Failure)
[4.781s] [info] [gc,heap        ] GC(91) DefNew: 157375K(157376K)->17272K(157376K) Eden: 139904K(139904K)->0K(139904K) From: 17471K(17472K)->17272K(17472K)
[4.781s] [info] [gc,heap        ] GC(91) Tenured: 293906K(349568K)->293906K(349568K)
[4.781s] [info] [gc,metaspace   ] GC(91) Metaspace: 176K(384K)->176K(384K) NonClass: 169K(256K)->169K(256K) Class: 7K(128K)->7K(128K)
[4.781s] [info] [gc             ] GC(91) Pause Young (Allocation Failure) 440M->303M(495M) 18.472ms
[4.781s] [info] [gc,cpu         ] GC(91) User=0.02s Sys=0.00s Real=0.02s
[4.810s] [info] [gc,start       ] GC(92) Pause Young (Allocation Failure)
[4.820s] [info] [gc,heap        ] GC(92) DefNew: 157176K(157376K)->9807K(157376K) Eden: 139904K(139904K)->0K(139904K) From: 17272K(17472K)->9807K(17472K)
[4.820s] [info] [gc,heap        ] GC(92) Tenured: 293906K(349568K)->293906K(349568K)
[4.820s] [info] [gc,metaspace   ] GC(92) Metaspace: 176K(384K)->176K(384K) NonClass: 169K(256K)->169K(256K) Class: 7K(128K)->7K(128K)
[4.820s] [info] [gc             ] GC(92) Pause Young (Allocation Failure) 440M->296M(495M) 10.156ms
[4.820s] [info] [gc,cpu         ] GC(92) User=0.01s Sys=0.00s Real=0.02s
[4.847s] [info] [gc,start       ] GC(93) Pause Young (Allocation Failure)
[4.850s] [info] [gc,heap        ] GC(93) DefNew: 149711K(157376K)->2339K(157376K) Eden: 139904K(139904K)->0K(139904K) From: 9807K(17472K)->2339K(17472K)
[4.850s] [info] [gc,heap        ] GC(93) Tenured: 293906K(349568K)->293906K(349568K)
[4.850s] [info] [gc,metaspace   ] GC(93) Metaspace: 176K(384K)->176K(384K) NonClass: 169K(256K)->169K(256K) Class: 7K(128K)->7K(128K)
[4.850s] [info] [gc             ] GC(93) Pause Young (Allocation Failure) 433M->289M(495M) 2.542ms
[4.850s] [info] [gc,cpu         ] GC(93) User=0.00s Sys=0.00s Real=0.00s
[4.877s] [info] [gc,start       ] GC(94) Pause Young (Allocation Failure)
[4.901s] [info] [gc,heap        ] GC(94) DefNew: 142243K(157376K)->17471K(157376K) Eden: 139904K(139904K)->0K(139904K) From: 2339K(17472K)->17471K(17472K)
[4.901s] [info] [gc,heap        ] GC(94) Tenured: 293906K(349568K)->299665K(349568K)
[4.901s] [info] [gc,metaspace   ] GC(94) Metaspace: 176K(384K)->176K(384K) NonClass: 169K(256K)->169K(256K) Class: 7K(128K)->7K(128K)
[4.901s] [info] [gc             ] GC(94) Pause Young (Allocation Failure) 425M->309M(495M) 24.214ms
[4.901s] [info] [gc,cpu         ] GC(94) User=0.02s Sys=0.00s Real=0.03s
[4.929s] [info] [gc,start       ] GC(95) Pause Young (Allocation Failure)
[4.967s] [info] [gc,heap        ] GC(95) DefNew: 157375K(157376K)->17471K(157376K) Eden: 139904K(139904K)->0K(139904K) From: 17471K(17472K)->17471K(17472K)
[4.967s] [info] [gc,heap        ] GC(95) Tenured: 299665K(349568K)->320451K(349568K)
[4.967s] [info] [gc,metaspace   ] GC(95) Metaspace: 176K(384K)->176K(384K) NonClass: 169K(256K)->169K(256K) Class: 7K(128K)->7K(128K)
[4.967s] [info] [gc             ] GC(95) Pause Young (Allocation Failure) 446M->330M(495M) 37.901ms
[4.967s] [info] [gc,cpu         ] GC(95) User=0.04s Sys=0.00s Real=0.04s
[4.995s] [info] [gc,start       ] GC(96) Pause Young (Allocation Failure)
[5.008s] [info] [gc,heap        ] GC(96) DefNew: 157375K(157376K)->8270K(157376K) Eden: 139904K(139904K)->0K(139904K) From: 17471K(17472K)->8270K(17472K)
[5.008s] [info] [gc,heap        ] GC(96) Tenured: 320451K(349568K)->325536K(349568K)
[5.008s] [info] [gc,metaspace   ] GC(96) Metaspace: 176K(384K)->176K(384K) NonClass: 169K(256K)->169K(256K) Class: 7K(128K)->7K(128K)
[5.008s] [info] [gc             ] GC(96) Pause Young (Allocation Failure) 466M->325M(495M) 13.382ms
[5.008s] [info] [gc,cpu         ] GC(96) User=0.01s Sys=0.00s Real=0.01s
[5.035s] [info] [gc,start       ] GC(97) Pause Young (Allocation Failure)
[5.036s] [info] [gc,heap        ] GC(97) DefNew: 148174K(157376K)->814K(157376K) Eden: 139904K(139904K)->0K(139904K) From: 8270K(17472K)->814K(17472K)
[5.037s] [info] [gc,heap        ] GC(97) Tenured: 325536K(349568K)->325536K(349568K)
[5.037s] [info] [gc,metaspace   ] GC(97) Metaspace: 176K(384K)->176K(384K) NonClass: 169K(256K)->169K(256K) Class: 7K(128K)->7K(128K)
[5.037s] [info] [gc             ] GC(97) Pause Young (Allocation Failure) 462M->318M(495M) 1.041ms
[5.037s] [info] [gc,cpu         ] GC(97) User=0.00s Sys=0.00s Real=0.00s
[5.064s] [info] [gc,start       ] GC(98) Pause Young (Allocation Failure)
[5.087s] [info] [gc,heap        ] GC(98) DefNew: 140718K(157376K)->17472K(157376K) Eden: 139904K(139904K)->0K(139904K) From: 814K(17472K)->17472K(17472K)
[5.087s] [info] [gc,heap        ] GC(98) Tenured: 325536K(349568K)->329765K(349568K)
[5.087s] [info] [gc,metaspace   ] GC(98) Metaspace: 176K(384K)->176K(384K) NonClass: 169K(256K)->169K(256K) Class: 7K(128K)->7K(128K)
[5.087s] [info] [gc             ] GC(98) Pause Young (Allocation Failure) 455M->339M(495M) 22.588ms
[5.087s] [info] [gc,cpu         ] GC(98) User=0.03s Sys=0.00s Real=0.02s
[5.115s] [info] [gc,start       ] GC(99) Pause Young (Allocation Failure)
[5.129s] [info] [gc,heap        ] GC(99) DefNew: 157376K(157376K)->14235K(157376K) Eden: 139904K(139904K)->0K(139904K) From: 17472K(17472K)->14235K(17472K)
[5.129s] [info] [gc,heap        ] GC(99) Tenured: 329765K(349568K)->329765K(349568K)
[5.129s] [info] [gc,metaspace   ] GC(99) Metaspace: 176K(384K)->176K(384K) NonClass: 169K(256K)->169K(256K) Class: 7K(128K)->7K(128K)
[5.129s] [info] [gc             ] GC(99) Pause Young (Allocation Failure) 475M->335M(495M) 14.473ms
[5.129s] [info] [gc,cpu         ] GC(99) User=0.02s Sys=0.00s Real=0.01s
[5.157s] [info] [gc,start       ] GC(100) Pause Young (Allocation Failure)
[5.164s] [info] [gc,heap        ] GC(100) DefNew: 154139K(157376K)->6766K(157376K) Eden: 139904K(139904K)->0K(139904K) From: 14235K(17472K)->6766K(17472K)
[5.164s] [info] [gc,heap        ] GC(100) Tenured: 329765K(349568K)->329765K(349568K)
[5.164s] [info] [gc,metaspace   ] GC(100) Metaspace: 176K(384K)->176K(384K) NonClass: 169K(256K)->169K(256K) Class: 7K(128K)->7K(128K)
[5.164s] [info] [gc             ] GC(100) Pause Young (Allocation Failure) 472M->328M(495M) 7.379ms
[5.164s] [info] [gc,cpu         ] GC(100) User=0.00s Sys=0.00s Real=0.01s
[5.192s] [info] [gc,start       ] GC(101) Pause Young (Allocation Failure)
[5.221s] [info] [gc,heap        ] GC(101) DefNew: 146670K(157376K)->17471K(157376K) Eden: 139904K(139904K)->0K(139904K) From: 6766K(17472K)->17471K(17472K)
[5.221s] [info] [gc,heap        ] GC(101) Tenured: 329765K(349568K)->339934K(349568K)
[5.221s] [info] [gc,metaspace   ] GC(101) Metaspace: 176K(384K)->176K(384K) NonClass: 169K(256K)->169K(256K) Class: 7K(128K)->7K(128K)
[5.221s] [info] [gc             ] GC(101) Pause Young (Allocation Failure) 465M->349M(495M) 28.831ms
[5.221s] [info] [gc,cpu         ] GC(101) User=0.03s Sys=0.00s Real=0.03s
[5.249s] [info] [gc,start       ] GC(102) Pause Young (Allocation Failure)
[5.269s] [info] [gc,heap        ] GC(102) DefNew: 157375K(157376K)->17472K(157376K) Eden: 139904K(139904K)->0K(139904K) From: 17471K(17472K)->17472K(17472K)
[5.270s] [info] [gc,heap        ] GC(102) Tenured: 339934K(349568K)->342651K(349568K)
[5.270s] [info] [gc,metaspace   ] GC(102) Metaspace: 176K(384K)->176K(384K) NonClass: 169K(256K)->169K(256K) Class: 7K(128K)->7K(128K)
[5.270s] [info] [gc             ] GC(102) Pause Young (Allocation Failure) 485M->351M(495M) 20.939ms
[5.270s] [info] [gc,cpu         ] GC(102) User=0.02s Sys=0.00s Real=0.02s
[5.297s] [info] [gc,start       ] GC(103) Pause Young (Allocation Failure)
[5.311s] [info] [gc,heap        ] GC(103) DefNew: 157376K(157376K)->12709K(157376K) Eden: 139904K(139904K)->0K(139904K) From: 17472K(17472K)->12709K(17472K)
[5.311s] [info] [gc,heap        ] GC(103) Tenured: 342651K(349568K)->342651K(349568K)
[5.311s] [info] [gc,metaspace   ] GC(103) Metaspace: 176K(384K)->176K(384K) NonClass: 169K(256K)->169K(256K) Class: 7K(128K)->7K(128K)
[5.311s] [info] [gc             ] GC(103) Pause Young (Allocation Failure) 488M->347M(495M) 13.084ms
[5.311s] [info] [gc,cpu         ] GC(103) User=0.01s Sys=0.00s Real=0.02s
[5.338s] [info] [gc,start       ] GC(104) Pause Young (Allocation Failure)
[5.344s] [info] [gc,heap        ] GC(104) DefNew: 152613K(157376K)->5251K(157376K) Eden: 139904K(139904K)->0K(139904K) From: 12709K(17472K)->5251K(17472K)
[5.344s] [info] [gc,heap        ] GC(104) Tenured: 342651K(349568K)->342651K(349568K)
[5.344s] [info] [gc,metaspace   ] GC(104) Metaspace: 176K(384K)->176K(384K) NonClass: 169K(256K)->169K(256K) Class: 7K(128K)->7K(128K)
[5.344s] [info] [gc             ] GC(104) Pause Young (Allocation Failure) 483M->339M(495M) 5.716ms
[5.344s] [info] [gc,cpu         ] GC(104) User=0.00s Sys=0.00s Real=0.01s
[5.372s] [info] [gc,start       ] GC(105) Pause Young (Allocation Failure)
[5.401s] [info] [gc             ] GC(105) Pause Young (Allocation Failure) 476M->360M(496M) 28.879ms
[5.401s] [info] [gc,cpu         ] GC(105) User=0.03s Sys=0.00s Real=0.03s
[5.401s] [info] [gc,start       ] GC(106) Pause Full (Allocation Failure)
[5.401s] [info] [gc,phases,start] GC(106) Phase 1: Mark live objects
[5.524s] [info] [gc,phases      ] GC(106) Phase 1: Mark live objects 123.404ms
[5.524s] [info] [gc,phases,start] GC(106) Phase 2: Compute new object addresses
[5.643s] [info] [gc,phases      ] GC(106) Phase 2: Compute new object addresses 118.862ms
[5.643s] [info] [gc,phases,start] GC(106) Phase 3: Adjust pointers
[5.733s] [info] [gc,phases      ] GC(106) Phase 3: Adjust pointers 89.746ms
[5.733s] [info] [gc,phases,start] GC(106) Phase 4: Move objects
[5.760s] [info] [gc,phases      ] GC(106) Phase 4: Move objects 26.978ms
[5.760s] [info] [gc,heap        ] GC(106) DefNew: 145155K(157376K)->0K(196352K) Eden: 139904K(139904K)->0K(174592K) From: 5251K(17472K)->0K(21760K)
[5.760s] [info] [gc,heap        ] GC(106) Tenured: 342651K(349568K)->261662K(436108K)
[5.760s] [info] [gc,metaspace   ] GC(106) Metaspace: 176K(384K)->176K(384K) NonClass: 169K(256K)->169K(256K) Class: 7K(128K)->7K(128K)
[5.760s] [info] [gc             ] GC(106) Pause Full (Allocation Failure) 360M->255M(617M) 359.439ms
[5.760s] [info] [gc,cpu         ] GC(106) User=0.36s Sys=0.00s Real=0.36s
[5.794s] [info] [gc,start       ] GC(107) Pause Young (Allocation Failure)
[5.822s] [info] [gc,heap        ] GC(107) DefNew: 174592K(196352K)->18831K(196352K) Eden: 174592K(174592K)->0K(174592K) From: 0K(21760K)->18831K(21760K)
[5.822s] [info] [gc,heap        ] GC(107) Tenured: 261662K(436108K)->261662K(436108K)
[5.822s] [info] [gc,metaspace   ] GC(107) Metaspace: 176K(384K)->176K(384K) NonClass: 169K(256K)->169K(256K) Class: 7K(128K)->7K(128K)
[5.822s] [info] [gc             ] GC(107) Pause Young (Allocation Failure) 426M->273M(617M) 27.555ms
[5.822s] [info] [gc,cpu         ] GC(107) User=0.02s Sys=0.01s Real=0.03s
[5.857s] [info] [gc,start       ] GC(108) Pause Young (Allocation Failure)
[5.906s] [info] [gc,heap        ] GC(108) DefNew: 193423K(196352K)->21759K(196352K) Eden: 174592K(174592K)->0K(174592K) From: 18831K(21760K)->21759K(21760K)
[5.907s] [info] [gc,heap        ] GC(108) Tenured: 261662K(436108K)->277446K(436108K)
[5.907s] [info] [gc,metaspace   ] GC(108) Metaspace: 176K(384K)->176K(384K) NonClass: 169K(256K)->169K(256K) Class: 7K(128K)->7K(128K)
[5.907s] [info] [gc             ] GC(108) Pause Young (Allocation Failure) 444M->292M(617M) 49.752ms
[5.907s] [info] [gc,cpu         ] GC(108) User=0.04s Sys=0.01s Real=0.05s
[5.943s] [info] [gc,start       ] GC(109) Pause Young (Allocation Failure)
[5.990s] [info] [gc,heap        ] GC(109) DefNew: 196351K(196352K)->21760K(196352K) Eden: 174592K(174592K)->0K(174592K) From: 21759K(21760K)->21760K(21760K)
[5.990s] [info] [gc,heap        ] GC(109) Tenured: 277446K(436108K)->303189K(436108K)
[5.990s] [info] [gc,metaspace   ] GC(109) Metaspace: 176K(384K)->176K(384K) NonClass: 169K(256K)->169K(256K) Class: 7K(128K)->7K(128K)
[5.990s] [info] [gc             ] GC(109) Pause Young (Allocation Failure) 462M->317M(617M) 47.697ms
[5.990s] [info] [gc,cpu         ] GC(109) User=0.04s Sys=0.01s Real=0.04s
[6.028s] [info] [gc,start       ] GC(110) Pause Young (Allocation Failure)
[6.044s] [info] [gc,heap        ] GC(110) DefNew: 196352K(196352K)->16307K(196352K) Eden: 174592K(174592K)->0K(174592K) From: 21760K(21760K)->16307K(21760K)
[6.044s] [info] [gc,heap        ] GC(110) Tenured: 303189K(436108K)->303189K(436108K)
[6.044s] [info] [gc,metaspace   ] GC(110) Metaspace: 176K(384K)->176K(384K) NonClass: 169K(256K)->169K(256K) Class: 7K(128K)->7K(128K)
[6.044s] [info] [gc             ] GC(110) Pause Young (Allocation Failure) 487M->312M(617M) 16.735ms
[6.044s] [info] [gc,cpu         ] GC(110) User=0.01s Sys=0.00s Real=0.02s
[6.079s] [info] [gc,start       ] GC(111) Pause Young (Allocation Failure)
[6.087s] [info] [gc,heap        ] GC(111) DefNew: 190899K(196352K)->6768K(196352K) Eden: 174592K(174592K)->0K(174592K) From: 16307K(21760K)->6768K(21760K)
[6.087s] [info] [gc,heap        ] GC(111) Tenured: 303189K(436108K)->303189K(436108K)
[6.087s] [info] [gc,metaspace   ] GC(111) Metaspace: 176K(384K)->176K(384K) NonClass: 169K(256K)->169K(256K) Class: 7K(128K)->7K(128K)
[6.087s] [info] [gc             ] GC(111) Pause Young (Allocation Failure) 482M->302M(617M) 7.148ms
[6.087s] [info] [gc,cpu         ] GC(111) User=0.01s Sys=0.00s Real=0.00s
[6.121s] [info] [gc,start       ] GC(112) Pause Young (Allocation Failure)
[6.148s] [info] [gc,heap        ] GC(112) DefNew: 181360K(196352K)->21759K(196352K) Eden: 174592K(174592K)->0K(174592K) From: 6768K(21760K)->21759K(21760K)
[6.148s] [info] [gc,heap        ] GC(112) Tenured: 303189K(436108K)->307014K(436108K)
[6.148s] [info] [gc,metaspace   ] GC(112) Metaspace: 176K(384K)->176K(384K) NonClass: 169K(256K)->169K(256K) Class: 7K(128K)->7K(128K)
[6.148s] [info] [gc             ] GC(112) Pause Young (Allocation Failure) 473M->321M(617M) 26.902ms
[6.148s] [info] [gc,cpu         ] GC(112) User=0.03s Sys=0.00s Real=0.02s
[6.183s] [info] [gc,start       ] GC(113) Pause Young (Allocation Failure)
[6.200s] [info] [gc,heap        ] GC(113) DefNew: 196351K(196352K)->16042K(196352K) Eden: 174592K(174592K)->0K(174592K) From: 21759K(21760K)->16042K(21760K)
[6.200s] [info] [gc,heap        ] GC(113) Tenured: 307014K(436108K)->307014K(436108K)
[6.200s] [info] [gc,metaspace   ] GC(113) Metaspace: 176K(384K)->176K(384K) NonClass: 169K(256K)->169K(256K) Class: 7K(128K)->7K(128K)
[6.200s] [info] [gc             ] GC(113) Pause Young (Allocation Failure) 491M->315M(617M) 17.300ms
[6.200s] [info] [gc,cpu         ] GC(113) User=0.02s Sys=0.00s Real=0.02s
[6.235s] [info] [gc,start       ] GC(114) Pause Young (Allocation Failure)
[6.242s] [info] [gc,heap        ] GC(114) DefNew: 190634K(196352K)->6503K(196352K) Eden: 174592K(174592K)->0K(174592K) From: 16042K(21760K)->6503K(21760K)
[6.242s] [info] [gc,heap        ] GC(114) Tenured: 307014K(436108K)->307014K(436108K)
[6.242s] [info] [gc,metaspace   ] GC(114) Metaspace: 176K(384K)->176K(384K) NonClass: 169K(256K)->169K(256K) Class: 7K(128K)->7K(128K)
[6.242s] [info] [gc             ] GC(114) Pause Young (Allocation Failure) 485M->306M(617M) 6.734ms
[6.242s] [info] [gc,cpu         ] GC(114) User=0.01s Sys=0.00s Real=0.01s
[6.276s] [info] [gc,start       ] GC(115) Pause Young (Allocation Failure)
[6.303s] [info] [gc,heap        ] GC(115) DefNew: 181095K(196352K)->21759K(196352K) Eden: 174592K(174592K)->0K(174592K) From: 6503K(21760K)->21759K(21760K)
[6.303s] [info] [gc,heap        ] GC(115) Tenured: 307014K(436108K)->310574K(436108K)
[6.303s] [info] [gc,metaspace   ] GC(115) Metaspace: 176K(384K)->176K(384K) NonClass: 169K(256K)->169K(256K) Class: 7K(128K)->7K(128K)
[6.303s] [info] [gc             ] GC(115) Pause Young (Allocation Failure) 476M->324M(617M) 26.870ms
[6.303s] [info] [gc,cpu         ] GC(115) User=0.02s Sys=0.00s Real=0.03s
[6.337s] [info] [gc,start       ] GC(116) Pause Young (Allocation Failure)
[6.354s] [info] [gc,heap        ] GC(116) DefNew: 196351K(196352K)->15778K(196352K) Eden: 174592K(174592K)->0K(174592K) From: 21759K(21760K)->15778K(21760K)
[6.354s] [info] [gc,heap        ] GC(116) Tenured: 310574K(436108K)->310574K(436108K)
[6.354s] [info] [gc,metaspace   ] GC(116) Metaspace: 176K(384K)->176K(384K) NonClass: 169K(256K)->169K(256K) Class: 7K(128K)->7K(128K)
[6.354s] [info] [gc             ] GC(116) Pause Young (Allocation Failure) 495M->318M(617M) 16.336ms
[6.354s] [info] [gc,cpu         ] GC(116) User=0.01s Sys=0.00s Real=0.02s
[6.388s] [info] [gc,start       ] GC(117) Pause Young (Allocation Failure)
[6.395s] [info] [gc,heap        ] GC(117) DefNew: 190370K(196352K)->6238K(196352K) Eden: 174592K(174592K)->0K(174592K) From: 15778K(21760K)->6238K(21760K)
[6.395s] [info] [gc,heap        ] GC(117) Tenured: 310574K(436108K)->310574K(436108K)
[6.395s] [info] [gc,metaspace   ] GC(117) Metaspace: 176K(384K)->176K(384K) NonClass: 169K(256K)->169K(256K) Class: 7K(128K)->7K(128K)
[6.395s] [info] [gc             ] GC(117) Pause Young (Allocation Failure) 489M->309M(617M) 6.507ms
[6.395s] [info] [gc,cpu         ] GC(117) User=0.00s Sys=0.00s Real=0.01s
[6.429s] [info] [gc,start       ] GC(118) Pause Young (Allocation Failure)
[6.455s] [info] [gc,heap        ] GC(118) DefNew: 180830K(196352K)->21760K(196352K) Eden: 174592K(174592K)->0K(174592K) From: 6238K(21760K)->21760K(21760K)
[6.455s] [info] [gc,heap        ] GC(118) Tenured: 310574K(436108K)->313869K(436108K)
[6.455s] [info] [gc,metaspace   ] GC(118) Metaspace: 176K(384K)->176K(384K) NonClass: 169K(256K)->169K(256K) Class: 7K(128K)->7K(128K)
[6.455s] [info] [gc             ] GC(118) Pause Young (Allocation Failure) 479M->327M(617M) 26.046ms
[6.455s] [info] [gc,cpu         ] GC(118) User=0.02s Sys=0.00s Real=0.03s
[6.489s] [info] [gc,start       ] GC(119) Pause Young (Allocation Failure)
[6.537s] [info] [gc,heap        ] GC(119) DefNew: 196352K(196352K)->21759K(196352K) Eden: 174592K(174592K)->0K(174592K) From: 21760K(21760K)->21759K(21760K)
[6.537s] [info] [gc,heap        ] GC(119) Tenured: 313869K(436108K)->335875K(436108K)
[6.537s] [info] [gc,metaspace   ] GC(119) Metaspace: 176K(384K)->176K(384K) NonClass: 169K(256K)->169K(256K) Class: 7K(128K)->7K(128K)
[6.537s] [info] [gc             ] GC(119) Pause Young (Allocation Failure) 498M->349M(617M) 47.579ms
[6.537s] [info] [gc,cpu         ] GC(119) User=0.05s Sys=0.00s Real=0.05s
[6.572s] [info] [gc,start       ] GC(120) Pause Young (Allocation Failure)
[6.600s] [info] [gc,heap        ] GC(120) DefNew: 196351K(196352K)->5945K(196352K) Eden: 174592K(174592K)->0K(174592K) From: 21759K(21760K)->5945K(21760K)
[6.600s] [info] [gc,heap        ] GC(120) Tenured: 335875K(436108K)->357395K(436108K)
[6.600s] [info] [gc,metaspace   ] GC(120) Metaspace: 176K(384K)->176K(384K) NonClass: 169K(256K)->169K(256K) Class: 7K(128K)->7K(128K)
[6.600s] [info] [gc             ] GC(120) Pause Young (Allocation Failure) 519M->354M(617M) 28.691ms
[6.600s] [info] [gc,cpu         ] GC(120) User=0.02s Sys=0.00s Real=0.03s
[6.634s] [info] [gc,start       ] GC(121) Pause Young (Allocation Failure)
[6.661s] [info] [gc,heap        ] GC(121) DefNew: 180537K(196352K)->21759K(196352K) Eden: 174592K(174592K)->0K(174592K) From: 5945K(21760K)->21759K(21760K)
[6.661s] [info] [gc,heap        ] GC(121) Tenured: 357395K(436108K)->360397K(436108K)
[6.661s] [info] [gc,metaspace   ] GC(121) Metaspace: 176K(384K)->176K(384K) NonClass: 169K(256K)->169K(256K) Class: 7K(128K)->7K(128K)
[6.661s] [info] [gc             ] GC(121) Pause Young (Allocation Failure) 525M->373M(617M) 27.373ms
[6.662s] [info] [gc,cpu         ] GC(121) User=0.03s Sys=0.00s Real=0.03s
[6.696s] [info] [gc,start       ] GC(122) Pause Young (Allocation Failure)
[6.711s] [info] [gc,heap        ] GC(122) DefNew: 196351K(196352K)->15220K(196352K) Eden: 174592K(174592K)->0K(174592K) From: 21759K(21760K)->15220K(21760K)
[6.711s] [info] [gc,heap        ] GC(122) Tenured: 360397K(436108K)->360397K(436108K)
[6.711s] [info] [gc,metaspace   ] GC(122) Metaspace: 176K(384K)->176K(384K) NonClass: 169K(256K)->169K(256K) Class: 7K(128K)->7K(128K)
[6.711s] [info] [gc             ] GC(122) Pause Young (Allocation Failure) 543M->366M(617M) 15.643ms
[6.711s] [info] [gc,cpu         ] GC(122) User=0.02s Sys=0.00s Real=0.02s
[6.746s] [info] [gc,start       ] GC(123) Pause Young (Allocation Failure)
[6.752s] [info] [gc,heap        ] GC(123) DefNew: 189812K(196352K)->5680K(196352K) Eden: 174592K(174592K)->0K(174592K) From: 15220K(21760K)->5680K(21760K)
[6.752s] [info] [gc,heap        ] GC(123) Tenured: 360397K(436108K)->360397K(436108K)
[6.752s] [info] [gc,metaspace   ] GC(123) Metaspace: 176K(384K)->176K(384K) NonClass: 169K(256K)->169K(256K) Class: 7K(128K)->7K(128K)
[6.752s] [info] [gc             ] GC(123) Pause Young (Allocation Failure) 537M->357M(617M) 5.975ms
[6.752s] [info] [gc,cpu         ] GC(123) User=0.01s Sys=0.00s Real=0.01s
[6.787s] [info] [gc,start       ] GC(124) Pause Young (Allocation Failure)
[6.813s] [info] [gc,heap        ] GC(124) DefNew: 180272K(196352K)->21759K(196352K) Eden: 174592K(174592K)->0K(174592K) From: 5680K(21760K)->21759K(21760K)
[6.813s] [info] [gc,heap        ] GC(124) Tenured: 360397K(436108K)->363134K(436108K)
[6.813s] [info] [gc,metaspace   ] GC(124) Metaspace: 176K(384K)->176K(384K) NonClass: 169K(256K)->169K(256K) Class: 7K(128K)->7K(128K)
[6.813s] [info] [gc             ] GC(124) Pause Young (Allocation Failure) 527M->375M(617M) 26.665ms
[6.813s] [info] [gc,cpu         ] GC(124) User=0.03s Sys=0.00s Real=0.03s
[6.848s] [info] [gc,start       ] GC(125) Pause Young (Allocation Failure)
[6.864s] [info] [gc,heap        ] GC(125) DefNew: 196351K(196352K)->14955K(196352K) Eden: 174592K(174592K)->0K(174592K) From: 21759K(21760K)->14955K(21760K)
[6.864s] [info] [gc,heap        ] GC(125) Tenured: 363134K(436108K)->363134K(436108K)
[6.864s] [info] [gc,metaspace   ] GC(125) Metaspace: 176K(384K)->176K(384K) NonClass: 169K(256K)->169K(256K) Class: 7K(128K)->7K(128K)
[6.864s] [info] [gc             ] GC(125) Pause Young (Allocation Failure) 546M->369M(617M) 15.641ms
[6.864s] [info] [gc,cpu         ] GC(125) User=0.02s Sys=0.00s Real=0.02s
[6.908s] [info] [gc,start       ] GC(126) Pause Young (Allocation Failure)
[6.914s] [info] [gc,heap        ] GC(126) DefNew: 189547K(196352K)->5415K(196352K) Eden: 174592K(174592K)->0K(174592K) From: 14955K(21760K)->5415K(21760K)
[6.914s] [info] [gc,heap        ] GC(126) Tenured: 363134K(436108K)->363134K(436108K)
[6.914s] [info] [gc,metaspace   ] GC(126) Metaspace: 176K(384K)->176K(384K) NonClass: 169K(256K)->169K(256K) Class: 7K(128K)->7K(128K)
[6.914s] [info] [gc             ] GC(126) Pause Young (Allocation Failure) 539M->359M(617M) 6.204ms
[6.914s] [info] [gc,cpu         ] GC(126) User=0.01s Sys=0.00s Real=0.01s
[6.949s] [info] [gc,start       ] GC(127) Pause Young (Allocation Failure)
[6.975s] [info] [gc,heap        ] GC(127) DefNew: 180007K(196352K)->21759K(196352K) Eden: 174592K(174592K)->0K(174592K) From: 5415K(21760K)->21759K(21760K)
[6.975s] [info] [gc,heap        ] GC(127) Tenured: 363134K(436108K)->365567K(436108K)
[6.975s] [info] [gc,metaspace   ] GC(127) Metaspace: 176K(384K)->176K(384K) NonClass: 169K(256K)->169K(256K) Class: 7K(128K)->7K(128K)
[6.975s] [info] [gc             ] GC(127) Pause Young (Allocation Failure) 530M->378M(617M) 25.921ms
[6.975s] [info] [gc,cpu         ] GC(127) User=0.03s Sys=0.00s Real=0.03s
[7.009s] [info] [gc,start       ] GC(128) Pause Young (Allocation Failure)
[7.025s] [info] [gc,heap        ] GC(128) DefNew: 196351K(196352K)->14640K(196352K) Eden: 174592K(174592K)->0K(174592K) From: 21759K(21760K)->14640K(21760K)
[7.025s] [info] [gc,heap        ] GC(128) Tenured: 365567K(436108K)->365567K(436108K)
[7.025s] [info] [gc,metaspace   ] GC(128) Metaspace: 176K(384K)->176K(384K) NonClass: 169K(256K)->169K(256K) Class: 7K(128K)->7K(128K)
[7.025s] [info] [gc             ] GC(128) Pause Young (Allocation Failure) 548M->371M(617M) 15.393ms
[7.025s] [info] [gc,cpu         ] GC(128) User=0.02s Sys=0.00s Real=0.02s
[7.059s] [info] [gc,start       ] GC(129) Pause Young (Allocation Failure)
[7.065s] [info] [gc,heap        ] GC(129) DefNew: 189232K(196352K)->5104K(196352K) Eden: 174592K(174592K)->0K(174592K) From: 14640K(21760K)->5104K(21760K)
[7.065s] [info] [gc,heap        ] GC(129) Tenured: 365567K(436108K)->365567K(436108K)
[7.065s] [info] [gc,metaspace   ] GC(129) Metaspace: 176K(384K)->176K(384K) NonClass: 169K(256K)->169K(256K) Class: 7K(128K)->7K(128K)
[7.065s] [info] [gc             ] GC(129) Pause Young (Allocation Failure) 541M->361M(617M) 5.670ms
[7.065s] [info] [gc,cpu         ] GC(129) User=0.01s Sys=0.00s Real=0.00s
[7.100s] [info] [gc,start       ] GC(130) Pause Young (Allocation Failure)
[7.168s] [info] [gc,heap        ] GC(130) DefNew: 179696K(196352K)->21759K(196352K) Eden: 174592K(174592K)->0K(174592K) From: 5104K(21760K)->21759K(21760K)
[7.168s] [info] [gc,heap        ] GC(130) Tenured: 365567K(436108K)->396118K(436108K)
[7.168s] [info] [gc,metaspace   ] GC(130) Metaspace: 176K(384K)->176K(384K) NonClass: 169K(256K)->169K(256K) Class: 7K(128K)->7K(128K)
[7.168s] [info] [gc             ] GC(130) Pause Young (Allocation Failure) 532M->408M(617M) 68.341ms
[7.168s] [info] [gc,cpu         ] GC(130) User=0.06s Sys=0.01s Real=0.06s
[7.205s] [info] [gc,start       ] GC(131) Pause Young (Allocation Failure)
[7.243s] [info] [gc,heap        ] GC(131) DefNew: 196351K(196352K)->13877K(196352K) Eden: 174592K(174592K)->0K(174592K) From: 21759K(21760K)->13877K(21760K)
[7.243s] [info] [gc,heap        ] GC(131) Tenured: 396118K(436108K)->413834K(436108K)
[7.243s] [info] [gc,metaspace   ] GC(131) Metaspace: 176K(384K)->176K(384K) NonClass: 169K(256K)->169K(256K) Class: 7K(128K)->7K(128K)
[7.243s] [info] [gc             ] GC(131) Pause Young (Allocation Failure) 578M->417M(617M) 37.303ms
[7.243s] [info] [gc,cpu         ] GC(131) User=0.04s Sys=0.01s Real=0.04s
[7.276s] [info] [gc,start       ] GC(132) Pause Young (Allocation Failure)
[7.281s] [info] [gc,heap        ] GC(132) DefNew: 188469K(196352K)->4342K(196352K) Eden: 174592K(174592K)->0K(174592K) From: 13877K(21760K)->4342K(21760K)
[7.281s] [info] [gc,heap        ] GC(132) Tenured: 413834K(436108K)->413834K(436108K)
[7.281s] [info] [gc,metaspace   ] GC(132) Metaspace: 176K(384K)->176K(384K) NonClass: 169K(256K)->169K(256K) Class: 7K(128K)->7K(128K)
[7.281s] [info] [gc             ] GC(132) Pause Young (Allocation Failure) 588M->408M(617M) 4.613ms
[7.281s] [info] [gc,cpu         ] GC(132) User=0.01s Sys=0.00s Real=0.01s
[7.316s] [info] [gc,start       ] GC(133) Pause Young (Allocation Failure)
[7.340s] [info] [gc,heap        ] GC(133) DefNew: 178934K(196352K)->21759K(196352K) Eden: 174592K(174592K)->0K(174592K) From: 4342K(21760K)->21759K(21760K)
[7.340s] [info] [gc,heap        ] GC(133) Tenured: 413834K(436108K)->415229K(436108K)
[7.340s] [info] [gc,metaspace   ] GC(133) Metaspace: 176K(384K)->176K(384K) NonClass: 169K(256K)->169K(256K) Class: 7K(128K)->7K(128K)
[7.340s] [info] [gc             ] GC(133) Pause Young (Allocation Failure) 578M->426M(617M) 24.290ms
[7.340s] [info] [gc,cpu         ] GC(133) User=0.02s Sys=0.00s Real=0.03s
[7.388s] [info] [gc,start       ] GC(134) Pause Young (Allocation Failure)
[7.402s] [info] [gc,heap        ] GC(134) DefNew: 196351K(196352K)->13612K(196352K) Eden: 174592K(174592K)->0K(174592K) From: 21759K(21760K)->13612K(21760K)
[7.402s] [info] [gc,heap        ] GC(134) Tenured: 415229K(436108K)->415229K(436108K)
[7.402s] [info] [gc,metaspace   ] GC(134) Metaspace: 176K(384K)->176K(384K) NonClass: 169K(256K)->169K(256K) Class: 7K(128K)->7K(128K)
[7.402s] [info] [gc             ] GC(134) Pause Young (Allocation Failure) 597M->418M(617M) 14.918ms
[7.402s] [info] [gc,cpu         ] GC(134) User=0.02s Sys=0.00s Real=0.02s
[7.437s] [info] [gc,start       ] GC(135) Pause Young (Allocation Failure)
[7.441s] [info] [gc,heap        ] GC(135) DefNew: 188204K(196352K)->4078K(196352K) Eden: 174592K(174592K)->0K(174592K) From: 13612K(21760K)->4078K(21760K)
[7.441s] [info] [gc,heap        ] GC(135) Tenured: 415229K(436108K)->415229K(436108K)
[7.441s] [info] [gc,metaspace   ] GC(135) Metaspace: 176K(384K)->176K(384K) NonClass: 169K(256K)->169K(256K) Class: 7K(128K)->7K(128K)
[7.441s] [info] [gc             ] GC(135) Pause Young (Allocation Failure) 589M->409M(617M) 4.408ms
[7.441s] [info] [gc,cpu         ] GC(135) User=0.00s Sys=0.00s Real=0.01s
[7.477s] [info] [gc,start       ] GC(136) Pause Young (Allocation Failure)
[7.500s] [info] [gc,heap        ] GC(136) DefNew: 178670K(196352K)->21760K(196352K) Eden: 174592K(174592K)->0K(174592K) From: 4078K(21760K)->21760K(21760K)
[7.500s] [info] [gc,heap        ] GC(136) Tenured: 415229K(436108K)->416360K(436108K)
[7.500s] [info] [gc,metaspace   ] GC(136) Metaspace: 176K(384K)->176K(384K) NonClass: 169K(256K)->169K(256K) Class: 7K(128K)->7K(128K)
[7.500s] [info] [gc             ] GC(136) Pause Young (Allocation Failure) 579M->427M(617M) 23.759ms
[7.500s] [info] [gc,cpu         ] GC(136) User=0.02s Sys=0.00s Real=0.03s
[7.535s] [info] [gc,start       ] GC(137) Pause Young (Allocation Failure)
[7.549s] [info] [gc,heap        ] GC(137) DefNew: 196352K(196352K)->13349K(196352K) Eden: 174592K(174592K)->0K(174592K) From: 21760K(21760K)->13349K(21760K)
[7.549s] [info] [gc,heap        ] GC(137) Tenured: 416360K(436108K)->416360K(436108K)
[7.549s] [info] [gc,metaspace   ] GC(137) Metaspace: 176K(384K)->176K(384K) NonClass: 169K(256K)->169K(256K) Class: 7K(128K)->7K(128K)
[7.549s] [info] [gc             ] GC(137) Pause Young (Allocation Failure) 598M->419M(617M) 13.852ms
[7.549s] [info] [gc,cpu         ] GC(137) User=0.02s Sys=0.00s Real=0.01s
[7.584s] [info] [gc,start       ] GC(138) Pause Young (Allocation Failure)
[7.588s] [info] [gc,heap        ] GC(138) DefNew: 187941K(196352K)->3814K(196352K) Eden: 174592K(174592K)->0K(174592K) From: 13349K(21760K)->3814K(21760K)
[7.588s] [info] [gc,heap        ] GC(138) Tenured: 416360K(436108K)->416360K(436108K)
[7.588s] [info] [gc,metaspace   ] GC(138) Metaspace: 176K(384K)->176K(384K) NonClass: 169K(256K)->169K(256K) Class: 7K(128K)->7K(128K)
[7.588s] [info] [gc             ] GC(138) Pause Young (Allocation Failure) 590M->410M(617M) 4.423ms
[7.588s] [info] [gc,cpu         ] GC(138) User=0.01s Sys=0.00s Real=0.00s
[7.623s] [info] [gc,start       ] GC(139) Pause Young (Allocation Failure)
[7.647s] [info] [gc,heap        ] GC(139) DefNew: 178406K(196352K)->21760K(196352K) Eden: 174592K(174592K)->0K(174592K) From: 3814K(21760K)->21760K(21760K)
[7.647s] [info] [gc,heap        ] GC(139) Tenured: 416360K(436108K)->417226K(436108K)
[7.647s] [info] [gc,metaspace   ] GC(139) Metaspace: 176K(384K)->176K(384K) NonClass: 169K(256K)->169K(256K) Class: 7K(128K)->7K(128K)
[7.647s] [info] [gc             ] GC(139) Pause Young (Allocation Failure) 580M->428M(617M) 24.073ms
[7.647s] [info] [gc,cpu         ] GC(139) User=0.02s Sys=0.00s Real=0.02s
[7.681s] [info] [gc,start       ] GC(140) Pause Young (Allocation Failure)
[7.695s] [info] [gc,heap        ] GC(140) DefNew: 196352K(196352K)->13085K(196352K) Eden: 174592K(174592K)->0K(174592K) From: 21760K(21760K)->13085K(21760K)
[7.695s] [info] [gc,heap        ] GC(140) Tenured: 417226K(436108K)->417226K(436108K)
[7.695s] [info] [gc,metaspace   ] GC(140) Metaspace: 176K(384K)->176K(384K) NonClass: 169K(256K)->169K(256K) Class: 7K(128K)->7K(128K)
[7.695s] [info] [gc             ] GC(140) Pause Young (Allocation Failure) 599M->420M(617M) 13.702ms
[7.695s] [info] [gc,cpu         ] GC(140) User=0.01s Sys=0.00s Real=0.01s
[7.730s] [info] [gc,start       ] GC(141) Pause Young (Allocation Failure)
[7.767s] [info] [gc,heap        ] GC(141) DefNew: 187677K(196352K)->18708K(196352K) Eden: 174592K(174592K)->0K(174592K) From: 13085K(21760K)->18708K(21760K)
[7.767s] [info] [gc,heap        ] GC(141) Tenured: 417226K(436108K)->430287K(436108K)
[7.767s] [info] [gc,metaspace   ] GC(141) Metaspace: 176K(384K)->176K(384K) NonClass: 169K(256K)->169K(256K) Class: 7K(128K)->7K(128K)
[7.767s] [info] [gc             ] GC(141) Pause Young (Allocation Failure) 590M->438M(617M) 36.965ms
[7.767s] [info] [gc,cpu         ] GC(141) User=0.03s Sys=0.01s Real=0.04s
[7.802s] [info] [gc,start       ] GC(142) Pause Young (Allocation Failure)
[7.846s] [info] [gc             ] GC(142) Pause Young (Allocation Failure) 608M->456M(627M) 43.893ms
[7.846s] [info] [gc,cpu         ] GC(142) User=0.04s Sys=0.00s Real=0.04s
[7.846s] [info] [gc,start       ] GC(143) Pause Full (Allocation Failure)
[7.846s] [info] [gc,phases,start] GC(143) Phase 1: Mark live objects
[8.020s] [info] [gc,phases      ] GC(143) Phase 1: Mark live objects 173.933ms
[8.020s] [info] [gc,phases,start] GC(143) Phase 2: Compute new object addresses
[8.174s] [info] [gc,phases      ] GC(143) Phase 2: Compute new object addresses 153.593ms
[8.174s] [info] [gc,phases,start] GC(143) Phase 3: Adjust pointers
[8.303s] [info] [gc,phases      ] GC(143) Phase 3: Adjust pointers 129.381ms
[8.303s] [info] [gc,phases,start] GC(143) Phase 4: Move objects
[8.347s] [info] [gc,phases      ] GC(143) Phase 4: Move objects 44.167ms
[8.348s] [info] [gc,heap        ] GC(143) DefNew: 193300K(196352K)->0K(278720K) Eden: 174592K(174592K)->0K(247808K) From: 18708K(21760K)->0K(30912K)
[8.348s] [info] [gc,heap        ] GC(143) Tenured: 430287K(436108K)->371533K(619224K)
[8.348s] [info] [gc,metaspace   ] GC(143) Metaspace: 176K(384K)->176K(384K) NonClass: 169K(256K)->169K(256K) Class: 7K(128K)->7K(128K)
[8.348s] [info] [gc             ] GC(143) Pause Full (Allocation Failure) 456M->362M(876M) 501.645ms
[8.348s] [info] [gc,cpu         ] GC(143) User=0.50s Sys=0.00s Real=0.50s
[8.407s] [info] [gc,start       ] GC(144) Pause Young (Allocation Failure)
[8.434s] [info] [gc,heap        ] GC(144) DefNew: 247808K(278720K)->17593K(278720K) Eden: 247808K(247808K)->0K(247808K) From: 0K(30912K)->17593K(30912K)
[8.434s] [info] [gc,heap        ] GC(144) Tenured: 371533K(619224K)->371533K(619224K)
[8.434s] [info] [gc,metaspace   ] GC(144) Metaspace: 176K(384K)->176K(384K) NonClass: 169K(256K)->169K(256K) Class: 7K(128K)->7K(128K)
[8.434s] [info] [gc             ] GC(144) Pause Young (Allocation Failure) 604M->380M(876M) 26.913ms
[8.434s] [info] [gc,cpu         ] GC(144) User=0.03s Sys=0.01s Real=0.03s
[8.482s] [info] [gc,start       ] GC(145) Pause Young (Allocation Failure)
[8.489s] [info] [gc,heap        ] GC(145) DefNew: 265401K(278720K)->730K(278720K) Eden: 247808K(247808K)->0K(247808K) From: 17593K(30912K)->730K(30912K)
[8.489s] [info] [gc,heap        ] GC(145) Tenured: 371533K(619224K)->377609K(619224K)
[8.489s] [info] [gc,metaspace   ] GC(145) Metaspace: 176K(384K)->176K(384K) NonClass: 169K(256K)->169K(256K) Class: 7K(128K)->7K(128K)
[8.489s] [info] [gc             ] GC(145) Pause Young (Allocation Failure) 622M->369M(876M) 7.052ms
[8.489s] [info] [gc,cpu         ] GC(145) User=0.00s Sys=0.00s Real=0.00s
[8.539s] [info] [gc,start       ] GC(146) Pause Young (Allocation Failure)
[8.558s] [info] [gc,heap        ] GC(146) DefNew: 248538K(278720K)->18286K(278720K) Eden: 247808K(247808K)->0K(247808K) From: 730K(30912K)->18286K(30912K)
[8.558s] [info] [gc,heap        ] GC(146) Tenured: 377609K(619224K)->377609K(619224K)
[8.558s] [info] [gc,metaspace   ] GC(146) Metaspace: 176K(384K)->176K(384K) NonClass: 169K(256K)->169K(256K) Class: 7K(128K)->7K(128K)
[8.558s] [info] [gc             ] GC(146) Pause Young (Allocation Failure) 611M->386M(876M) 19.625ms
[8.558s] [info] [gc,cpu         ] GC(146) User=0.02s Sys=0.00s Real=0.01s
[8.607s] [info] [gc,start       ] GC(147) Pause Young (Allocation Failure)
[8.619s] [info] [gc,heap        ] GC(147) DefNew: 266094K(278720K)->7514K(278720K) Eden: 247808K(247808K)->0K(247808K) From: 18286K(30912K)->7514K(30912K)
[8.619s] [info] [gc,heap        ] GC(147) Tenured: 377609K(619224K)->377609K(619224K)
[8.619s] [info] [gc,metaspace   ] GC(147) Metaspace: 176K(384K)->176K(384K) NonClass: 169K(256K)->169K(256K) Class: 7K(128K)->7K(128K)
[8.619s] [info] [gc             ] GC(147) Pause Young (Allocation Failure) 628M->376M(876M) 11.410ms
[8.619s] [info] [gc,cpu         ] GC(147) User=0.01s Sys=0.00s Real=0.02s
[8.668s] [info] [gc,start       ] GC(148) Pause Young (Allocation Failure)
[8.697s] [info] [gc,heap        ] GC(148) DefNew: 255322K(278720K)->25081K(278720K) Eden: 247808K(247808K)->0K(247808K) From: 7514K(30912K)->25081K(30912K)
[8.697s] [info] [gc,heap        ] GC(148) Tenured: 377609K(619224K)->377609K(619224K)
[8.697s] [info] [gc,metaspace   ] GC(148) Metaspace: 176K(384K)->176K(384K) NonClass: 169K(256K)->169K(256K) Class: 7K(128K)->7K(128K)
[8.697s] [info] [gc             ] GC(148) Pause Young (Allocation Failure) 618M->393M(876M) 29.133ms
[8.697s] [info] [gc,cpu         ] GC(148) User=0.03s Sys=0.00s Real=0.03s
[8.745s] [info] [gc,start       ] GC(149) Pause Young (Allocation Failure)
[8.764s] [info] [gc,heap        ] GC(149) DefNew: 272889K(278720K)->14292K(278720K) Eden: 247808K(247808K)->0K(247808K) From: 25081K(30912K)->14292K(30912K)
[8.764s] [info] [gc,heap        ] GC(149) Tenured: 377609K(619224K)->377609K(619224K)
[8.764s] [info] [gc,metaspace   ] GC(149) Metaspace: 176K(384K)->176K(384K) NonClass: 169K(256K)->169K(256K) Class: 7K(128K)->7K(128K)
[8.764s] [info] [gc             ] GC(149) Pause Young (Allocation Failure) 635M->382M(876M) 18.830ms
[8.764s] [info] [gc,cpu         ] GC(149) User=0.02s Sys=0.00s Real=0.02s
[8.812s] [info] [gc,start       ] GC(150) Pause Young (Allocation Failure)
[8.849s] [info] [gc,heap        ] GC(150) DefNew: 262100K(278720K)->30912K(278720K) Eden: 247808K(247808K)->0K(247808K) From: 14292K(30912K)->30912K(30912K)
[8.849s] [info] [gc,heap        ] GC(150) Tenured: 377609K(619224K)->378460K(619224K)
[8.849s] [info] [gc,metaspace   ] GC(150) Metaspace: 176K(384K)->176K(384K) NonClass: 169K(256K)->169K(256K) Class: 7K(128K)->7K(128K)
[8.849s] [info] [gc             ] GC(150) Pause Young (Allocation Failure) 624M->399M(876M) 36.922ms
[8.849s] [info] [gc,cpu         ] GC(150) User=0.03s Sys=0.00s Real=0.03s
[8.897s] [info] [gc,start       ] GC(151) Pause Young (Allocation Failure)
[8.949s] [info] [gc,heap        ] GC(151) DefNew: 278720K(278720K)->21042K(278720K) Eden: 247808K(247808K)->0K(247808K) From: 30912K(30912K)->21042K(30912K)
[8.949s] [info] [gc,heap        ] GC(151) Tenured: 378460K(619224K)->406741K(619224K)
[8.949s] [info] [gc,metaspace   ] GC(151) Metaspace: 176K(384K)->176K(384K) NonClass: 169K(256K)->169K(256K) Class: 7K(128K)->7K(128K)
[8.949s] [info] [gc             ] GC(151) Pause Young (Allocation Failure) 641M->417M(876M) 51.543ms
[8.949s] [info] [gc,cpu         ] GC(151) User=0.05s Sys=0.01s Real=0.05s
[8.999s] [info] [gc,start       ] GC(152) Pause Young (Allocation Failure)
[9.010s] [info] [gc,heap        ] GC(152) DefNew: 268850K(278720K)->10264K(278720K) Eden: 247808K(247808K)->0K(247808K) From: 21042K(30912K)->10264K(30912K)
[9.011s] [info] [gc,heap        ] GC(152) Tenured: 406741K(619224K)->406741K(619224K)
[9.011s] [info] [gc,metaspace   ] GC(152) Metaspace: 176K(384K)->176K(384K) NonClass: 169K(256K)->169K(256K) Class: 7K(128K)->7K(128K)
[9.011s] [info] [gc             ] GC(152) Pause Young (Allocation Failure) 659M->407M(876M) 11.615ms
[9.011s] [info] [gc,cpu         ] GC(152) User=0.01s Sys=0.00s Real=0.01s
[9.059s] [info] [gc,start       ] GC(153) Pause Young (Allocation Failure)
[9.091s] [info] [gc,heap        ] GC(153) DefNew: 258072K(278720K)->27803K(278720K) Eden: 247808K(247808K)->0K(247808K) From: 10264K(30912K)->27803K(30912K)
[9.091s] [info] [gc,heap        ] GC(153) Tenured: 406741K(619224K)->406741K(619224K)
[9.091s] [info] [gc,metaspace   ] GC(153) Metaspace: 176K(384K)->176K(384K) NonClass: 169K(256K)->169K(256K) Class: 7K(128K)->7K(128K)
[9.091s] [info] [gc             ] GC(153) Pause Young (Allocation Failure) 649M->424M(876M) 32.548ms
[9.091s] [info] [gc,cpu         ] GC(153) User=0.03s Sys=0.00s Real=0.03s
[9.138s] [info] [gc,start       ] GC(154) Pause Young (Allocation Failure)
[9.157s] [info] [gc,heap        ] GC(154) DefNew: 275611K(278720K)->17037K(278720K) Eden: 247808K(247808K)->0K(247808K) From: 27803K(30912K)->17037K(30912K)
[9.157s] [info] [gc,heap        ] GC(154) Tenured: 406741K(619224K)->406741K(619224K)
[9.157s] [info] [gc,metaspace   ] GC(154) Metaspace: 176K(384K)->176K(384K) NonClass: 169K(256K)->169K(256K) Class: 7K(128K)->7K(128K)
[9.157s] [info] [gc             ] GC(154) Pause Young (Allocation Failure) 666M->413M(876M) 18.431ms
[9.157s] [info] [gc,cpu         ] GC(154) User=0.02s Sys=0.00s Real=0.02s
[9.207s] [info] [gc,start       ] GC(155) Pause Young (Allocation Failure)
[9.214s] [info] [gc,heap        ] GC(155) DefNew: 264845K(278720K)->6250K(278720K) Eden: 247808K(247808K)->0K(247808K) From: 17037K(30912K)->6250K(30912K)
[9.214s] [info] [gc,heap        ] GC(155) Tenured: 406741K(619224K)->406741K(619224K)
[9.214s] [info] [gc,metaspace   ] GC(155) Metaspace: 176K(384K)->176K(384K) NonClass: 169K(256K)->169K(256K) Class: 7K(128K)->7K(128K)
[9.214s] [info] [gc             ] GC(155) Pause Young (Allocation Failure) 655M->403M(876M) 6.834ms
[9.214s] [info] [gc,cpu         ] GC(155) User=0.00s Sys=0.00s Real=0.01s
[9.266s] [info] [gc,start       ] GC(156) Pause Young (Allocation Failure)
[9.291s] [info] [gc,heap        ] GC(156) DefNew: 254058K(278720K)->23818K(278720K) Eden: 247808K(247808K)->0K(247808K) From: 6250K(30912K)->23818K(30912K)
[9.291s] [info] [gc,heap        ] GC(156) Tenured: 406741K(619224K)->406741K(619224K)
[9.291s] [info] [gc,metaspace   ] GC(156) Metaspace: 176K(384K)->176K(384K) NonClass: 169K(256K)->169K(256K) Class: 7K(128K)->7K(128K)
[9.291s] [info] [gc             ] GC(156) Pause Young (Allocation Failure) 645M->420M(876M) 25.801ms
[9.291s] [info] [gc,cpu         ] GC(156) User=0.03s Sys=0.00s Real=0.03s
[9.344s] [info] [gc,start       ] GC(157) Pause Young (Allocation Failure)
[9.389s] [info] [gc,heap        ] GC(157) DefNew: 271626K(278720K)->30912K(278720K) Eden: 247808K(247808K)->0K(247808K) From: 23818K(30912K)->30912K(30912K)
[9.389s] [info] [gc,heap        ] GC(157) Tenured: 406741K(619224K)->417110K(619224K)
[9.389s] [info] [gc,metaspace   ] GC(157) Metaspace: 176K(384K)->176K(384K) NonClass: 169K(256K)->169K(256K) Class: 7K(128K)->7K(128K)
[9.389s] [info] [gc             ] GC(157) Pause Young (Allocation Failure) 662M->437M(876M) 45.515ms
[9.389s] [info] [gc,cpu         ] GC(157) User=0.04s Sys=0.00s Real=0.04s
[9.439s] [info] [gc,start       ] GC(158) Pause Young (Allocation Failure)
[9.468s] [info] [gc,heap        ] GC(158) DefNew: 278720K(278720K)->2221K(278720K) Eden: 247808K(247808K)->0K(247808K) From: 30912K(30912K)->2221K(30912K)
[9.468s] [info] [gc,heap        ] GC(158) Tenured: 417110K(619224K)->445391K(619224K)
[9.468s] [info] [gc,metaspace   ] GC(158) Metaspace: 176K(384K)->176K(384K) NonClass: 169K(256K)->169K(256K) Class: 7K(128K)->7K(128K)
[9.468s] [info] [gc             ] GC(158) Pause Young (Allocation Failure) 679M->437M(876M) 28.722ms
[9.468s] [info] [gc,cpu         ] GC(158) User=0.03s Sys=0.00s Real=0.02s
[9.515s] [info] [gc,start       ] GC(159) Pause Young (Allocation Failure)
[9.536s] [info] [gc,heap        ] GC(159) DefNew: 250029K(278720K)->19780K(278720K) Eden: 247808K(247808K)->0K(247808K) From: 2221K(30912K)->19780K(30912K)
[9.536s] [info] [gc,heap        ] GC(159) Tenured: 445391K(619224K)->445391K(619224K)
[9.536s] [info] [gc,metaspace   ] GC(159) Metaspace: 176K(384K)->176K(384K) NonClass: 169K(256K)->169K(256K) Class: 7K(128K)->7K(128K)
[9.536s] [info] [gc             ] GC(159) Pause Young (Allocation Failure) 679M->454M(876M) 20.795ms
[9.536s] [info] [gc,cpu         ] GC(159) User=0.02s Sys=0.00s Real=0.02s
[9.585s] [info] [gc,start       ] GC(160) Pause Young (Allocation Failure)
[9.595s] [info] [gc,heap        ] GC(160) DefNew: 267588K(278720K)->8981K(278720K) Eden: 247808K(247808K)->0K(247808K) From: 19780K(30912K)->8981K(30912K)
[9.595s] [info] [gc,heap        ] GC(160) Tenured: 445391K(619224K)->445391K(619224K)
[9.595s] [info] [gc,metaspace   ] GC(160) Metaspace: 176K(384K)->176K(384K) NonClass: 169K(256K)->169K(256K) Class: 7K(128K)->7K(128K)
[9.595s] [info] [gc             ] GC(160) Pause Young (Allocation Failure) 696M->443M(876M) 10.102ms
[9.595s] [info] [gc,cpu         ] GC(160) User=0.01s Sys=0.00s Real=0.01s
[9.644s] [info] [gc,start       ] GC(161) Pause Young (Allocation Failure)
[9.672s] [info] [gc,heap        ] GC(161) DefNew: 256789K(278720K)->26536K(278720K) Eden: 247808K(247808K)->0K(247808K) From: 8981K(30912K)->26536K(30912K)
[9.672s] [info] [gc,heap        ] GC(161) Tenured: 445391K(619224K)->445391K(619224K)
[9.672s] [info] [gc,metaspace   ] GC(161) Metaspace: 176K(384K)->176K(384K) NonClass: 169K(256K)->169K(256K) Class: 7K(128K)->7K(128K)
[9.672s] [info] [gc             ] GC(161) Pause Young (Allocation Failure) 685M->460M(876M) 27.678ms
[9.672s] [info] [gc,cpu         ] GC(161) User=0.02s Sys=0.00s Real=0.03s
[9.721s] [info] [gc,start       ] GC(162) Pause Young (Allocation Failure)
[9.738s] [info] [gc,heap        ] GC(162) DefNew: 274344K(278720K)->15747K(278720K) Eden: 247808K(247808K)->0K(247808K) From: 26536K(30912K)->15747K(30912K)
[9.738s] [info] [gc,heap        ] GC(162) Tenured: 445391K(619224K)->445391K(619224K)
[9.738s] [info] [gc,metaspace   ] GC(162) Metaspace: 176K(384K)->176K(384K) NonClass: 169K(256K)->169K(256K) Class: 7K(128K)->7K(128K)
[9.738s] [info] [gc             ] GC(162) Pause Young (Allocation Failure) 702M->450M(876M) 17.139ms
[9.738s] [info] [gc,cpu         ] GC(162) User=0.02s Sys=0.00s Real=0.01s
[9.787s] [info] [gc,start       ] GC(163) Pause Young (Allocation Failure)
[9.793s] [info] [gc,heap        ] GC(163) DefNew: 263555K(278720K)->4964K(278720K) Eden: 247808K(247808K)->0K(247808K) From: 15747K(30912K)->4964K(30912K)
[9.793s] [info] [gc,heap        ] GC(163) Tenured: 445391K(619224K)->445391K(619224K)
[9.793s] [info] [gc,metaspace   ] GC(163) Metaspace: 176K(384K)->176K(384K) NonClass: 169K(256K)->169K(256K) Class: 7K(128K)->7K(128K)
[9.793s] [info] [gc             ] GC(163) Pause Young (Allocation Failure) 692M->439M(876M) 5.426ms
[9.793s] [info] [gc,cpu         ] GC(163) User=0.00s Sys=0.00s Real=0.01s
[9.841s] [info] [gc,start       ] GC(164) Pause Young (Allocation Failure)
[9.864s] [info] [gc,heap        ] GC(164) DefNew: 252772K(278720K)->22527K(278720K) Eden: 247808K(247808K)->0K(247808K) From: 4964K(30912K)->22527K(30912K)
[9.864s] [info] [gc,heap        ] GC(164) Tenured: 445391K(619224K)->445391K(619224K)
[9.864s] [info] [gc,metaspace   ] GC(164) Metaspace: 176K(384K)->176K(384K) NonClass: 169K(256K)->169K(256K) Class: 7K(128K)->7K(128K)
[9.864s] [info] [gc             ] GC(164) Pause Young (Allocation Failure) 681M->456M(876M) 23.839ms
[9.864s] [info] [gc,cpu         ] GC(164) User=0.03s Sys=0.00s Real=0.02s
[9.913s] [info] [gc,start       ] GC(165) Pause Young (Allocation Failure)
[9.958s] [info] [gc,heap        ] GC(165) DefNew: 270335K(278720K)->30912K(278720K) Eden: 247808K(247808K)->0K(247808K) From: 22527K(30912K)->30912K(30912K)
[9.958s] [info] [gc,heap        ] GC(165) Tenured: 445391K(619224K)->454479K(619224K)
[9.958s] [info] [gc,metaspace   ] GC(165) Metaspace: 176K(384K)->176K(384K) NonClass: 169K(256K)->169K(256K) Class: 7K(128K)->7K(128K)
[9.958s] [info] [gc             ] GC(165) Pause Young (Allocation Failure) 698M->474M(876M) 45.133ms
[9.958s] [info] [gc,cpu         ] GC(165) User=0.05s Sys=0.00s Real=0.04s
[10.007s] [info] [gc,start       ] GC(166) Pause Young (Allocation Failure)
[10.046s] [info] [gc,heap        ] GC(166) DefNew: 278720K(278720K)->932K(278720K) Eden: 247808K(247808K)->0K(247808K) From: 30912K(30912K)->932K(30912K)
[10.046s] [info] [gc,heap        ] GC(166) Tenured: 454479K(619224K)->482760K(619224K)
[10.046s] [info] [gc,metaspace   ] GC(166) Metaspace: 176K(384K)->176K(384K) NonClass: 169K(256K)->169K(256K) Class: 7K(128K)->7K(128K)
[10.046s] [info] [gc             ] GC(166) Pause Young (Allocation Failure) 716M->472M(876M) 39.056ms
[10.046s] [info] [gc,cpu         ] GC(166) User=0.03s Sys=0.01s Real=0.04s
[10.093s] [info] [gc,start       ] GC(167) Pause Young (Allocation Failure)
[10.113s] [info] [gc,heap        ] GC(167) DefNew: 248740K(278720K)->18488K(278720K) Eden: 247808K(247808K)->0K(247808K) From: 932K(30912K)->18488K(30912K)
[10.113s] [info] [gc,heap        ] GC(167) Tenured: 482760K(619224K)->482760K(619224K)
[10.113s] [info] [gc,metaspace   ] GC(167) Metaspace: 176K(384K)->176K(384K) NonClass: 169K(256K)->169K(256K) Class: 7K(128K)->7K(128K)
[10.113s] [info] [gc             ] GC(167) Pause Young (Allocation Failure) 714M->489M(876M) 20.287ms
[10.113s] [info] [gc,cpu         ] GC(167) User=0.02s Sys=0.00s Real=0.02s
[10.161s] [info] [gc,start       ] GC(168) Pause Young (Allocation Failure)
[10.170s] [info] [gc,heap        ] GC(168) DefNew: 266296K(278720K)->7716K(278720K) Eden: 247808K(247808K)->0K(247808K) From: 18488K(30912K)->7716K(30912K)
[10.170s] [info] [gc,heap        ] GC(168) Tenured: 482760K(619224K)->482760K(619224K)
[10.170s] [info] [gc,metaspace   ] GC(168) Metaspace: 176K(384K)->176K(384K) NonClass: 169K(256K)->169K(256K) Class: 7K(128K)->7K(128K)
[10.170s] [info] [gc             ] GC(168) Pause Young (Allocation Failure) 731M->478M(876M) 8.591ms
[10.170s] [info] [gc,cpu         ] GC(168) User=0.01s Sys=0.00s Real=0.00s
[10.218s] [info] [gc,start       ] GC(169) Pause Young (Allocation Failure)
[10.245s] [info] [gc,heap        ] GC(169) DefNew: 255524K(278720K)->25284K(278720K) Eden: 247808K(247808K)->0K(247808K) From: 7716K(30912K)->25284K(30912K)
[10.245s] [info] [gc,heap        ] GC(169) Tenured: 482760K(619224K)->482760K(619224K)
[10.245s] [info] [gc,metaspace   ] GC(169) Metaspace: 176K(384K)->176K(384K) NonClass: 169K(256K)->169K(256K) Class: 7K(128K)->7K(128K)
[10.245s] [info] [gc             ] GC(169) Pause Young (Allocation Failure) 720M->496M(876M) 26.685ms
[10.245s] [info] [gc,cpu         ] GC(169) User=0.02s Sys=0.00s Real=0.03s
[10.293s] [info] [gc,start       ] GC(170) Pause Young (Allocation Failure)
[10.308s] [info] [gc,heap        ] GC(170) DefNew: 273092K(278720K)->14476K(278720K) Eden: 247808K(247808K)->0K(247808K) From: 25284K(30912K)->14476K(30912K)
[10.308s] [info] [gc,heap        ] GC(170) Tenured: 482760K(619224K)->482760K(619224K)
[10.308s] [info] [gc,metaspace   ] GC(170) Metaspace: 176K(384K)->176K(384K) NonClass: 169K(256K)->169K(256K) Class: 7K(128K)->7K(128K)
[10.308s] [info] [gc             ] GC(170) Pause Young (Allocation Failure) 738M->485M(876M) 15.519ms
[10.308s] [info] [gc,cpu         ] GC(170) User=0.02s Sys=0.00s Real=0.01s
[10.356s] [info] [gc,start       ] GC(171) Pause Young (Allocation Failure)
[10.360s] [info] [gc,heap        ] GC(171) DefNew: 262284K(278720K)->3693K(278720K) Eden: 247808K(247808K)->0K(247808K) From: 14476K(30912K)->3693K(30912K)
[10.360s] [info] [gc,heap        ] GC(171) Tenured: 482760K(619224K)->482760K(619224K)
[10.360s] [info] [gc,metaspace   ] GC(171) Metaspace: 176K(384K)->176K(384K) NonClass: 169K(256K)->169K(256K) Class: 7K(128K)->7K(128K)
[10.360s] [info] [gc             ] GC(171) Pause Young (Allocation Failure) 727M->475M(876M) 4.145ms
[10.360s] [info] [gc,cpu         ] GC(171) User=0.00s Sys=0.00s Real=0.01s
[10.410s] [info] [gc,start       ] GC(172) Pause Young (Allocation Failure)
[10.469s] [info] [gc,heap        ] GC(172) DefNew: 251501K(278720K)->30911K(278720K) Eden: 247808K(247808K)->0K(247808K) From: 3693K(30912K)->30911K(30912K)
[10.469s] [info] [gc,heap        ] GC(172) Tenured: 482760K(619224K)->501572K(619224K)
[10.469s] [info] [gc,metaspace   ] GC(172) Metaspace: 176K(384K)->176K(384K) NonClass: 169K(256K)->169K(256K) Class: 7K(128K)->7K(128K)
[10.469s] [info] [gc             ] GC(172) Pause Young (Allocation Failure) 717M->520M(876M) 59.129ms
[10.469s] [info] [gc,cpu         ] GC(172) User=0.06s Sys=0.00s Real=0.06s
[10.517s] [info] [gc,start       ] GC(173) Pause Young (Allocation Failure)
[10.562s] [info] [gc,heap        ] GC(173) DefNew: 278719K(278720K)->9773K(278720K) Eden: 247808K(247808K)->0K(247808K) From: 30911K(30912K)->9773K(30912K)
[10.562s] [info] [gc,heap        ] GC(173) Tenured: 501572K(619224K)->528933K(619224K)
[10.562s] [info] [gc,metaspace   ] GC(173) Metaspace: 176K(384K)->176K(384K) NonClass: 169K(256K)->169K(256K) Class: 7K(128K)->7K(128K)
[10.562s] [info] [gc             ] GC(173) Pause Young (Allocation Failure) 762M->526M(876M) 45.302ms
[10.562s] [info] [gc,cpu         ] GC(173) User=0.04s Sys=0.01s Real=0.05s
[10.612s] [info] [gc,start       ] GC(174) Pause Young (Allocation Failure)
[10.640s] [info] [gc,heap        ] GC(174) DefNew: 257581K(278720K)->27325K(278720K) Eden: 247808K(247808K)->0K(247808K) From: 9773K(30912K)->27325K(30912K)
[10.640s] [info] [gc,heap        ] GC(174) Tenured: 528933K(619224K)->528933K(619224K)
[10.640s] [info] [gc,metaspace   ] GC(174) Metaspace: 176K(384K)->176K(384K) NonClass: 169K(256K)->169K(256K) Class: 7K(128K)->7K(128K)
[10.640s] [info] [gc             ] GC(174) Pause Young (Allocation Failure) 768M->543M(876M) 28.673ms
[10.640s] [info] [gc,cpu         ] GC(174) User=0.03s Sys=0.00s Real=0.03s
[10.688s] [info] [gc,start       ] GC(175) Pause Young (Allocation Failure)
[10.705s] [info] [gc,heap        ] GC(175) DefNew: 275133K(278720K)->16559K(278720K) Eden: 247808K(247808K)->0K(247808K) From: 27325K(30912K)->16559K(30912K)
[10.705s] [info] [gc,heap        ] GC(175) Tenured: 528933K(619224K)->528933K(619224K)
[10.705s] [info] [gc,metaspace   ] GC(175) Metaspace: 176K(384K)->176K(384K) NonClass: 169K(256K)->169K(256K) Class: 7K(128K)->7K(128K)
[10.705s] [info] [gc             ] GC(175) Pause Young (Allocation Failure) 785M->532M(876M) 17.251ms
[10.705s] [info] [gc,cpu         ] GC(175) User=0.02s Sys=0.00s Real=0.02s
[10.754s] [info] [gc,start       ] GC(176) Pause Young (Allocation Failure)
[10.760s] [info] [gc,heap        ] GC(176) DefNew: 264367K(278720K)->5771K(278720K) Eden: 247808K(247808K)->0K(247808K) From: 16559K(30912K)->5771K(30912K)
[10.760s] [info] [gc,heap        ] GC(176) Tenured: 528933K(619224K)->528933K(619224K)
[10.760s] [info] [gc,metaspace   ] GC(176) Metaspace: 176K(384K)->176K(384K) NonClass: 169K(256K)->169K(256K) Class: 7K(128K)->7K(128K)
[10.760s] [info] [gc             ] GC(176) Pause Young (Allocation Failure) 774M->522M(876M) 6.426ms
[10.760s] [info] [gc,cpu         ] GC(176) User=0.01s Sys=0.00s Real=0.01s
[10.809s] [info] [gc,start       ] GC(177) Pause Young (Allocation Failure)
[10.833s] [info] [gc,heap        ] GC(177) DefNew: 253579K(278720K)->23339K(278720K) Eden: 247808K(247808K)->0K(247808K) From: 5771K(30912K)->23339K(30912K)
[10.833s] [info] [gc,heap        ] GC(177) Tenured: 528933K(619224K)->528933K(619224K)
[10.833s] [info] [gc,metaspace   ] GC(177) Metaspace: 176K(384K)->176K(384K) NonClass: 169K(256K)->169K(256K) Class: 7K(128K)->7K(128K)
[10.833s] [info] [gc             ] GC(177) Pause Young (Allocation Failure) 764M->539M(876M) 24.625ms
[10.833s] [info] [gc,cpu         ] GC(177) User=0.03s Sys=0.00s Real=0.03s
[10.881s] [info] [gc,start       ] GC(178) Pause Young (Allocation Failure)
[10.895s] [info] [gc,heap        ] GC(178) DefNew: 271147K(278720K)->12550K(278720K) Eden: 247808K(247808K)->0K(247808K) From: 23339K(30912K)->12550K(30912K)
[10.895s] [info] [gc,heap        ] GC(178) Tenured: 528933K(619224K)->528933K(619224K)
[10.895s] [info] [gc,metaspace   ] GC(178) Metaspace: 176K(384K)->176K(384K) NonClass: 169K(256K)->169K(256K) Class: 7K(128K)->7K(128K)
[10.895s] [info] [gc             ] GC(178) Pause Young (Allocation Failure) 781M->528M(876M) 13.644ms
[10.895s] [info] [gc,cpu         ] GC(178) User=0.01s Sys=0.00s Real=0.01s
[10.943s] [info] [gc,start       ] GC(179) Pause Young (Allocation Failure)
[10.945s] [info] [gc,heap        ] GC(179) DefNew: 260358K(278720K)->1772K(278720K) Eden: 247808K(247808K)->0K(247808K) From: 12550K(30912K)->1772K(30912K)
[10.945s] [info] [gc,heap        ] GC(179) Tenured: 528933K(619224K)->528933K(619224K)
[10.945s] [info] [gc,metaspace   ] GC(179) Metaspace: 176K(384K)->176K(384K) NonClass: 169K(256K)->169K(256K) Class: 7K(128K)->7K(128K)
[10.945s] [info] [gc             ] GC(179) Pause Young (Allocation Failure) 770M->518M(876M) 2.067ms
[10.945s] [info] [gc,cpu         ] GC(179) User=0.00s Sys=0.00s Real=0.00s
[10.993s] [info] [gc,start       ] GC(180) Pause Young (Allocation Failure)
[11.049s] [info] [gc,heap        ] GC(180) DefNew: 249580K(278720K)->30911K(278720K) Eden: 247808K(247808K)->0K(247808K) From: 1772K(30912K)->30911K(30912K)
[11.049s] [info] [gc,heap        ] GC(180) Tenured: 528933K(619224K)->545605K(619224K)
[11.049s] [info] [gc,metaspace   ] GC(180) Metaspace: 176K(384K)->176K(384K) NonClass: 169K(256K)->169K(256K) Class: 7K(128K)->7K(128K)
[11.049s] [info] [gc             ] GC(180) Pause Young (Allocation Failure) 760M->563M(876M) 56.644ms
[11.049s] [info] [gc,cpu         ] GC(180) User=0.05s Sys=0.00s Real=0.05s
[11.097s] [info] [gc,start       ] GC(181) Pause Young (Allocation Failure)
[11.143s] [info] [gc,heap        ] GC(181) DefNew: 278719K(278720K)->8522K(278720K) Eden: 247808K(247808K)->0K(247808K) From: 30911K(30912K)->8522K(30912K)
[11.143s] [info] [gc,heap        ] GC(181) Tenured: 545605K(619224K)->573886K(619224K)
[11.143s] [info] [gc,metaspace   ] GC(181) Metaspace: 176K(384K)->176K(384K) NonClass: 169K(256K)->169K(256K) Class: 7K(128K)->7K(128K)
[11.143s] [info] [gc             ] GC(181) Pause Young (Allocation Failure) 805M->568M(876M) 45.745ms
[11.143s] [info] [gc,cpu         ] GC(181) User=0.03s Sys=0.01s Real=0.05s
[11.193s] [info] [gc,start       ] GC(182) Pause Young (Allocation Failure)
[11.220s] [info] [gc,heap        ] GC(182) DefNew: 256330K(278720K)->26079K(278720K) Eden: 247808K(247808K)->0K(247808K) From: 8522K(30912K)->26079K(30912K)
[11.220s] [info] [gc,heap        ] GC(182) Tenured: 573886K(619224K)->573886K(619224K)
[11.220s] [info] [gc,metaspace   ] GC(182) Metaspace: 176K(384K)->176K(384K) NonClass: 169K(256K)->169K(256K) Class: 7K(128K)->7K(128K)
[11.220s] [info] [gc             ] GC(182) Pause Young (Allocation Failure) 810M->585M(876M) 27.613ms
[11.220s] [info] [gc,cpu         ] GC(182) User=0.03s Sys=0.00s Real=0.03s
[11.268s] [info] [gc,start       ] GC(183) Pause Young (Allocation Failure)
[11.285s] [info] [gc,heap        ] GC(183) DefNew: 273887K(278720K)->15289K(278720K) Eden: 247808K(247808K)->0K(247808K) From: 26079K(30912K)->15289K(30912K)
[11.285s] [info] [gc,heap        ] GC(183) Tenured: 573886K(619224K)->573886K(619224K)
[11.285s] [info] [gc,metaspace   ] GC(183) Metaspace: 176K(384K)->176K(384K) NonClass: 169K(256K)->169K(256K) Class: 7K(128K)->7K(128K)
[11.285s] [info] [gc             ] GC(183) Pause Young (Allocation Failure) 827M->575M(876M) 16.575ms
[11.285s] [info] [gc,cpu         ] GC(183) User=0.01s Sys=0.00s Real=0.02s
[11.334s] [info] [gc,start       ] GC(184) Pause Young (Allocation Failure)
[11.339s] [info] [gc,heap        ] GC(184) DefNew: 263097K(278720K)->4488K(278720K) Eden: 247808K(247808K)->0K(247808K) From: 15289K(30912K)->4488K(30912K)
[11.339s] [info] [gc,heap        ] GC(184) Tenured: 573886K(619224K)->573886K(619224K)
[11.339s] [info] [gc,metaspace   ] GC(184) Metaspace: 176K(384K)->176K(384K) NonClass: 169K(256K)->169K(256K) Class: 7K(128K)->7K(128K)
[11.339s] [info] [gc             ] GC(184) Pause Young (Allocation Failure) 817M->564M(876M) 5.142ms
[11.339s] [info] [gc,cpu         ] GC(184) User=0.01s Sys=0.00s Real=0.01s
[11.388s] [info] [gc,start       ] GC(185) Pause Young (Allocation Failure)
[11.410s] [info] [gc,heap        ] GC(185) DefNew: 252296K(278720K)->22052K(278720K) Eden: 247808K(247808K)->0K(247808K) From: 4488K(30912K)->22052K(30912K)
[11.410s] [info] [gc,heap        ] GC(185) Tenured: 573886K(619224K)->573886K(619224K)
[11.410s] [info] [gc,metaspace   ] GC(185) Metaspace: 176K(384K)->176K(384K) NonClass: 169K(256K)->169K(256K) Class: 7K(128K)->7K(128K)
[11.410s] [info] [gc             ] GC(185) Pause Young (Allocation Failure) 806M->581M(876M) 22.579ms
[11.410s] [info] [gc,cpu         ] GC(185) User=0.03s Sys=0.00s Real=0.02s
[11.459s] [info] [gc,start       ] GC(186) Pause Young (Allocation Failure)
[11.471s] [info] [gc,heap        ] GC(186) DefNew: 269860K(278720K)->11272K(278720K) Eden: 247808K(247808K)->0K(247808K) From: 22052K(30912K)->11272K(30912K)
[11.471s] [info] [gc,heap        ] GC(186) Tenured: 573886K(619224K)->573886K(619224K)
[11.471s] [info] [gc,metaspace   ] GC(186) Metaspace: 176K(384K)->176K(384K) NonClass: 169K(256K)->169K(256K) Class: 7K(128K)->7K(128K)
[11.471s] [info] [gc             ] GC(186) Pause Young (Allocation Failure) 823M->571M(876M) 11.874ms
[11.471s] [info] [gc,cpu         ] GC(186) User=0.01s Sys=0.00s Real=0.01s
[11.521s] [info] [gc,start       ] GC(187) Pause Young (Allocation Failure)
[11.552s] [info] [gc,heap        ] GC(187) DefNew: 259080K(278720K)->28738K(278720K) Eden: 247808K(247808K)->0K(247808K) From: 11272K(30912K)->28738K(30912K)
[11.552s] [info] [gc,heap        ] GC(187) Tenured: 573886K(619224K)->573886K(619224K)
[11.552s] [info] [gc,metaspace   ] GC(187) Metaspace: 176K(384K)->176K(384K) NonClass: 169K(256K)->169K(256K) Class: 7K(128K)->7K(128K)
[11.552s] [info] [gc             ] GC(187) Pause Young (Allocation Failure) 813M->588M(876M) 30.608ms
[11.552s] [info] [gc,cpu         ] GC(187) User=0.03s Sys=0.00s Real=0.03s
[11.601s] [info] [gc,start       ] GC(188) Pause Young (Allocation Failure)
[11.657s] [info] [gc,heap        ] GC(188) DefNew: 276546K(278720K)->18013K(278720K) Eden: 247808K(247808K)->0K(247808K) From: 28738K(30912K)->18013K(30912K)
[11.657s] [info] [gc,heap        ] GC(188) Tenured: 573886K(619224K)->602167K(619224K)
[11.657s] [info] [gc,metaspace   ] GC(188) Metaspace: 176K(384K)->176K(384K) NonClass: 169K(256K)->169K(256K) Class: 7K(128K)->7K(128K)
[11.657s] [info] [gc             ] GC(188) Pause Young (Allocation Failure) 830M->605M(876M) 56.340ms
[11.657s] [info] [gc,cpu         ] GC(188) User=0.05s Sys=0.01s Real=0.05s
[11.705s] [info] [gc,start       ] GC(189) Pause Young (Allocation Failure)
[11.714s] [info] [gc,heap        ] GC(189) DefNew: 265821K(278720K)->7240K(278720K) Eden: 247808K(247808K)->0K(247808K) From: 18013K(30912K)->7240K(30912K)
[11.714s] [info] [gc,heap        ] GC(189) Tenured: 602167K(619224K)->602167K(619224K)
[11.714s] [info] [gc,metaspace   ] GC(189) Metaspace: 176K(384K)->176K(384K) NonClass: 169K(256K)->169K(256K) Class: 7K(128K)->7K(128K)
[11.714s] [info] [gc             ] GC(189) Pause Young (Allocation Failure) 847M->595M(876M) 8.263ms
[11.714s] [info] [gc,cpu         ] GC(189) User=0.01s Sys=0.00s Real=0.01s
[11.762s] [info] [gc,start       ] GC(190) Pause Young (Allocation Failure)
[11.789s] [info] [gc,heap        ] GC(190) DefNew: 255048K(278720K)->24808K(278720K) Eden: 247808K(247808K)->0K(247808K) From: 7240K(30912K)->24808K(30912K)
[11.789s] [info] [gc,heap        ] GC(190) Tenured: 602167K(619224K)->602167K(619224K)
[11.789s] [info] [gc,metaspace   ] GC(190) Metaspace: 176K(384K)->176K(384K) NonClass: 169K(256K)->169K(256K) Class: 7K(128K)->7K(128K)
[11.789s] [info] [gc             ] GC(190) Pause Young (Allocation Failure) 837M->612M(876M) 26.265ms
[11.789s] [info] [gc,cpu         ] GC(190) User=0.03s Sys=0.00s Real=0.02s
[11.838s] [info] [gc,start       ] GC(191) Pause Young (Allocation Failure)
[11.857s] [info] [gc,heap        ] GC(191) DefNew: 272616K(278720K)->14018K(278720K) Eden: 247808K(247808K)->0K(247808K) From: 24808K(30912K)->14018K(30912K)
[11.857s] [info] [gc,heap        ] GC(191) Tenured: 602167K(619224K)->602167K(619224K)
[11.857s] [info] [gc,metaspace   ] GC(191) Metaspace: 176K(384K)->176K(384K) NonClass: 169K(256K)->169K(256K) Class: 7K(128K)->7K(128K)
[11.857s] [info] [gc             ] GC(191) Pause Young (Allocation Failure) 854M->601M(876M) 18.788ms
[11.857s] [info] [gc,cpu         ] GC(191) User=0.01s Sys=0.00s Real=0.02s
[11.907s] [info] [gc,start       ] GC(192) Pause Young (Allocation Failure)
[11.910s] [info] [gc,heap        ] GC(192) DefNew: 261826K(278720K)->3221K(278720K) Eden: 247808K(247808K)->0K(247808K) From: 14018K(30912K)->3221K(30912K)
[11.910s] [info] [gc,heap        ] GC(192) Tenured: 602167K(619224K)->602167K(619224K)
[11.910s] [info] [gc,metaspace   ] GC(192) Metaspace: 176K(384K)->176K(384K) NonClass: 169K(256K)->169K(256K) Class: 7K(128K)->7K(128K)
[11.911s] [info] [gc             ] GC(192) Pause Young (Allocation Failure) 843M->591M(876M) 3.692ms
[11.911s] [info] [gc,cpu         ] GC(192) User=0.00s Sys=0.00s Real=0.01s
[11.959s] [info] [gc,start       ] GC(193) Pause Young (Allocation Failure)
[11.981s] [info] [gc,heap        ] GC(193) DefNew: 251029K(278720K)->20782K(278720K) Eden: 247808K(247808K)->0K(247808K) From: 3221K(30912K)->20782K(30912K)
[11.981s] [info] [gc,heap        ] GC(193) Tenured: 602167K(619224K)->602167K(619224K)
[11.981s] [info] [gc,metaspace   ] GC(193) Metaspace: 176K(384K)->176K(384K) NonClass: 169K(256K)->169K(256K) Class: 7K(128K)->7K(128K)
[11.981s] [info] [gc             ] GC(193) Pause Young (Allocation Failure) 833M->608M(876M) 22.302ms
[11.981s] [info] [gc,cpu         ] GC(193) User=0.02s Sys=0.00s Real=0.02s
[12.030s] [info] [gc,start       ] GC(194) Pause Young (Allocation Failure)
[12.041s] [info] [gc,heap        ] GC(194) DefNew: 268590K(278720K)->10002K(278720K) Eden: 247808K(247808K)->0K(247808K) From: 20782K(30912K)->10002K(30912K)
[12.042s] [info] [gc,heap        ] GC(194) Tenured: 602167K(619224K)->602167K(619224K)
[12.042s] [info] [gc,metaspace   ] GC(194) Metaspace: 176K(384K)->176K(384K) NonClass: 169K(256K)->169K(256K) Class: 7K(128K)->7K(128K)
[12.042s] [info] [gc             ] GC(194) Pause Young (Allocation Failure) 850M->597M(876M) 11.210ms
[12.042s] [info] [gc,cpu         ] GC(194) User=0.01s Sys=0.00s Real=0.02s
[12.090s] [info] [gc,start       ] GC(195) Pause Young (Allocation Failure)
[12.159s] [info] [gc             ] GC(195) Pause Young (Allocation Failure) 839M->642M(884M) 68.912ms
[12.159s] [info] [gc,cpu         ] GC(195) User=0.06s Sys=0.02s Real=0.08s
[12.159s] [info] [gc,start       ] GC(196) Pause Full (Allocation Failure)
[12.159s] [info] [gc,phases,start] GC(196) Phase 1: Mark live objects
[12.426s] [info] [gc,phases      ] GC(196) Phase 1: Mark live objects 267.096ms
[12.426s] [info] [gc,phases,start] GC(196) Phase 2: Compute new object addresses
[12.630s] [info] [gc,phases      ] GC(196) Phase 2: Compute new object addresses 203.695ms
[12.630s] [info] [gc,phases,start] GC(196) Phase 3: Adjust pointers
[12.837s] [info] [gc,phases      ] GC(196) Phase 3: Adjust pointers 207.262ms
[12.837s] [info] [gc,phases,start] GC(196) Phase 4: Move objects
[13.021s] [info] [gc,phases      ] GC(196) Phase 4: Move objects 184.278ms
[13.022s] [info] [gc,heap        ] GC(196) DefNew: 257810K(278720K)->0K(424704K) Eden: 247808K(247808K)->0K(377536K) From: 10002K(30912K)->0K(47168K)
[13.022s] [info] [gc,heap        ] GC(196) Tenured: 602167K(619224K)->566237K(943732K)
[13.022s] [info] [gc,metaspace   ] GC(196) Metaspace: 176K(384K)->176K(384K) NonClass: 169K(256K)->169K(256K) Class: 7K(128K)->7K(128K)
[13.022s] [info] [gc             ] GC(196) Pause Full (Allocation Failure) 642M->552M(1336M) 863.165ms
[13.022s] [info] [gc,cpu         ] GC(196) User=0.86s Sys=0.00s Real=0.86s
[13.119s] [info] [gc,start       ] GC(197) Pause Young (Allocation Failure)
[13.123s] [info] [gc,heap        ] GC(197) DefNew: 377536K(424704K)->2422K(424704K) Eden: 377536K(377536K)->0K(377536K) From: 0K(47168K)->2422K(47168K)
[13.123s] [info] [gc,heap        ] GC(197) Tenured: 566237K(943732K)->566237K(943732K)
[13.123s] [info] [gc,metaspace   ] GC(197) Metaspace: 176K(384K)->176K(384K) NonClass: 169K(256K)->169K(256K) Class: 7K(128K)->7K(128K)
[13.123s] [info] [gc             ] GC(197) Pause Young (Allocation Failure) 921M->555M(1336M) 3.854ms
[13.123s] [info] [gc,cpu         ] GC(197) User=0.01s Sys=0.00s Real=0.00s
[13.195s] [info] [gc,start       ] GC(198) Pause Young (Allocation Failure)
[13.202s] [info] [gc,heap        ] GC(198) DefNew: 379958K(424704K)->4844K(424704K) Eden: 377536K(377536K)->0K(377536K) From: 2422K(47168K)->4844K(47168K)
[13.202s] [info] [gc,heap        ] GC(198) Tenured: 566237K(943732K)->566237K(943732K)
[13.202s] [info] [gc,metaspace   ] GC(198) Metaspace: 176K(384K)->176K(384K) NonClass: 169K(256K)->169K(256K) Class: 7K(128K)->7K(128K)
[13.202s] [info] [gc             ] GC(198) Pause Young (Allocation Failure) 924M->557M(1336M) 7.357ms
[13.202s] [info] [gc,cpu         ] GC(198) User=0.00s Sys=0.00s Real=0.01s
[13.273s] [info] [gc,start       ] GC(199) Pause Young (Allocation Failure)
[13.283s] [info] [gc,heap        ] GC(199) DefNew: 382380K(424704K)->7267K(424704K) Eden: 377536K(377536K)->0K(377536K) From: 4844K(47168K)->7267K(47168K)
[13.284s] [info] [gc,heap        ] GC(199) Tenured: 566237K(943732K)->566237K(943732K)
[13.284s] [info] [gc,metaspace   ] GC(199) Metaspace: 176K(384K)->176K(384K) NonClass: 169K(256K)->169K(256K) Class: 7K(128K)->7K(128K)
[13.284s] [info] [gc             ] GC(199) Pause Young (Allocation Failure) 926M->560M(1336M) 10.090ms
[13.284s] [info] [gc,cpu         ] GC(199) User=0.01s Sys=0.00s Real=0.01s
[13.355s] [info] [gc,start       ] GC(200) Pause Young (Allocation Failure)
[13.370s] [info] [gc,heap        ] GC(200) DefNew: 384803K(424704K)->9687K(424704K) Eden: 377536K(377536K)->0K(377536K) From: 7267K(47168K)->9687K(47168K)
[13.370s] [info] [gc,heap        ] GC(200) Tenured: 566237K(943732K)->566237K(943732K)
[13.370s] [info] [gc,metaspace   ] GC(200) Metaspace: 176K(384K)->176K(384K) NonClass: 169K(256K)->169K(256K) Class: 7K(128K)->7K(128K)
[13.370s] [info] [gc             ] GC(200) Pause Young (Allocation Failure) 928M->562M(1336M) 15.657ms
[13.370s] [info] [gc,cpu         ] GC(200) User=0.01s Sys=0.01s Real=0.01s
[13.443s] [info] [gc,start       ] GC(201) Pause Young (Allocation Failure)
[13.497s] [info] [gc,heap        ] GC(201) DefNew: 387223K(424704K)->40367K(424704K) Eden: 377536K(377536K)->0K(377536K) From: 9687K(47168K)->40367K(47168K)
[13.497s] [info] [gc,heap        ] GC(201) Tenured: 566237K(943732K)->566237K(943732K)
[13.497s] [info] [gc,metaspace   ] GC(201) Metaspace: 176K(384K)->176K(384K) NonClass: 169K(256K)->169K(256K) Class: 7K(128K)->7K(128K)
[13.497s] [info] [gc             ] GC(201) Pause Young (Allocation Failure) 931M->592M(1336M) 54.355ms
[13.497s] [info] [gc,cpu         ] GC(201) User=0.05s Sys=0.00s Real=0.05s
[13.570s] [info] [gc,start       ] GC(202) Pause Young (Allocation Failure)
[13.615s] [info] [gc,heap        ] GC(202) DefNew: 417903K(424704K)->13668K(424704K) Eden: 377536K(377536K)->0K(377536K) From: 40367K(47168K)->13668K(47168K)
[13.615s] [info] [gc,heap        ] GC(202) Tenured: 566237K(943732K)->595330K(943732K)
[13.615s] [info] [gc,metaspace   ] GC(202) Metaspace: 176K(384K)->176K(384K) NonClass: 169K(256K)->169K(256K) Class: 7K(128K)->7K(128K)
[13.615s] [info] [gc             ] GC(202) Pause Young (Allocation Failure) 961M->594M(1336M) 44.990ms
[13.615s] [info] [gc,cpu         ] GC(202) User=0.05s Sys=0.00s Real=0.05s
[13.687s] [info] [gc,start       ] GC(203) Pause Young (Allocation Failure)
[13.705s] [info] [gc,heap        ] GC(203) DefNew: 391204K(424704K)->16081K(424704K) Eden: 377536K(377536K)->0K(377536K) From: 13668K(47168K)->16081K(47168K)
[13.705s] [info] [gc,heap        ] GC(203) Tenured: 595330K(943732K)->595330K(943732K)
[13.705s] [info] [gc,metaspace   ] GC(203) Metaspace: 176K(384K)->176K(384K) NonClass: 169K(256K)->169K(256K) Class: 7K(128K)->7K(128K)
[13.705s] [info] [gc             ] GC(203) Pause Young (Allocation Failure) 963M->597M(1336M) 17.622ms
[13.705s] [info] [gc,cpu         ] GC(203) User=0.02s Sys=0.00s Real=0.02s
[13.777s] [info] [gc,start       ] GC(204) Pause Young (Allocation Failure)
[13.799s] [info] [gc,heap        ] GC(204) DefNew: 393617K(424704K)->18486K(424704K) Eden: 377536K(377536K)->0K(377536K) From: 16081K(47168K)->18486K(47168K)
[13.799s] [info] [gc,heap        ] GC(204) Tenured: 595330K(943732K)->595330K(943732K)
[13.799s] [info] [gc,metaspace   ] GC(204) Metaspace: 176K(384K)->176K(384K) NonClass: 169K(256K)->169K(256K) Class: 7K(128K)->7K(128K)
[13.799s] [info] [gc             ] GC(204) Pause Young (Allocation Failure) 965M->599M(1336M) 21.673ms
[13.799s] [info] [gc,cpu         ] GC(204) User=0.02s Sys=0.00s Real=0.03s
[13.871s] [info] [gc,start       ] GC(205) Pause Young (Allocation Failure)
[13.895s] [info] [gc,heap        ] GC(205) DefNew: 396022K(424704K)->20913K(424704K) Eden: 377536K(377536K)->0K(377536K) From: 18486K(47168K)->20913K(47168K)
[13.895s] [info] [gc,heap        ] GC(205) Tenured: 595330K(943732K)->595330K(943732K)
[13.895s] [info] [gc,metaspace   ] GC(205) Metaspace: 176K(384K)->176K(384K) NonClass: 169K(256K)->169K(256K) Class: 7K(128K)->7K(128K)
[13.895s] [info] [gc             ] GC(205) Pause Young (Allocation Failure) 968M->601M(1336M) 23.271ms
[13.895s] [info] [gc,cpu         ] GC(205) User=0.03s Sys=0.00s Real=0.02s
-------------------------------------------------------------------------
Total execution time: 13869 milliseconds
GC execution time: 6342 milliseconds
GC iterations: 206
Throughput: 54 %
-------------------------------------------------------------------------
Memory allocation statistic
init = 2555904(2496K) used = 1116160(1090K) committed = 2555904(2496K) max = 5836800(5700K)
init = 0(0K) used = 814648(795K) committed = 983040(960K) max = -1(-1K)
init = 357957632(349568K) used = 609618072(595330K) committed = 966381568(943732K) max = 1398145024(1365376K)
init = 2555904(2496K) used = 338560(330K) committed = 2555904(2496K) max = 122908672(120028K)
init = 143130624(139776K) used = 212611984(207628K) committed = 386596864(377536K) max = 559284224(546176K)
init = 17891328(17472K) used = 21415024(20913K) committed = 48300032(47168K) max = 69861376(68224K)
init = 0(0K) used = 76280(74K) committed = 131072(128K) max = 1073741824(1048576K)
init = 2555904(2496K) used = 112384(109K) committed = 2555904(2496K) max = 122912768(120032K)
[13.987s] [info] [gc,heap,exit] Heap
[13.987s] [info] [gc,heap,exit]  def new generation   total 424704K, used 236093K [0x0000000083000000, 0x000000009fcd0000, 0x00000000acaa0000)
[13.987s] [info] [gc,heap,exit]   eden space 377536K,  56% used [0x0000000083000000, 0x0000000090222fe0, 0x000000009a0b0000)
[13.987s] [info] [gc,heap,exit]   from space 47168K,  44% used [0x000000009cec0000, 0x000000009e32c470, 0x000000009fcd0000)
[13.987s] [info] [gc,heap,exit]   to   space 47168K,   0% used [0x000000009a0b0000, 0x000000009a0b0000, 0x000000009cec0000)
[13.987s] [info] [gc,heap,exit]  tenured generation   total 943732K, used 595330K [0x00000000acaa0000, 0x00000000e643d000, 0x0000000100000000)
[13.987s] [info] [gc,heap,exit]    the space 943732K,  63% used [0x00000000acaa0000, 0x00000000d1000898, 0x00000000d1000a00, 0x00000000e643d000)
[13.987s] [info] [gc,heap,exit]  Metaspace       used 801K, committed 960K, reserved 1056768K
[13.987s] [info] [gc,heap,exit]   class space    used 74K, committed 128K, reserved 1048576K
