----------------------------------------------------------------------------------------------
Serial GC execution
[0.022s][info][gc] Using Serial
[0.184s][info][gc] GC(0) Pause Young (Allocation Failure) 26M->19M(96M) 42.031ms
[0.240s][info][gc] GC(1) Pause Young (Allocation Failure) 46M->39M(96M) 46.947ms
[0.253s][info][gc] GC(2) Pause Young (Allocation Failure) 66M->39M(96M) 5.908ms
[0.306s][info][gc] GC(3) Pause Young (Allocation Failure) 66M->60M(96M) 46.232ms
[0.453s][info][gc] GC(5) Pause Full (Allocation Failure) 80M->44M(107M) 94.707ms
[0.453s][info][gc] GC(4) Pause Young (Allocation Failure) 86M->44M(108M) 140.815ms
[0.501s][info][gc] GC(6) Pause Young (Allocation Failure) 74M->67M(108M) 38.980ms
[0.523s][info][gc] GC(7) Pause Young (Allocation Failure) 97M->72M(108M) 15.061ms
[0.533s][info][gc] GC(8) Pause Young (Allocation Failure) 102M->70M(108M) 1.825ms
[0.699s][info][gc] GC(10) Pause Full (Allocation Failure) 93M->52M(123M) 110.902ms
[0.699s][info][gc] GC(9) Pause Young (Allocation Failure) 100M->52M(126M) 157.408ms
[0.753s][info][gc] GC(11) Pause Young (Allocation Failure) 87M->78M(126M) 44.978ms
[0.910s][info][gc] GC(13) Pause Full (Allocation Failure) 98M->49M(133M) 105.511ms
[0.910s][info][gc] GC(12) Pause Young (Allocation Failure) 113M->49M(126M) 148.016ms
[0.963s][info][gc] GC(14) Pause Young (Allocation Failure) 84M->76M(126M) 43.419ms
[1.120s][info][gc] GC(16) Pause Full (Allocation Failure) 94M->47M(129M) 109.822ms
[1.120s][info][gc] GC(15) Pause Young (Allocation Failure) 111M->47M(126M) 148.382ms
[1.172s][info][gc] GC(17) Pause Young (Allocation Failure) 82M->73M(126M) 43.843ms
[1.219s][info][gc] GC(18) Pause Young (Allocation Failure) 108M->89M(126M) 32.774ms
[1.360s][info][gc] GC(20) Pause Full (Allocation Failure) 100M->43M(136M) 96.394ms
[1.361s][info][gc] GC(19) Pause Young (Allocation Failure) 124M->43M(126M) 128.052ms
[1.417s][info][gc] GC(21) Pause Young (Allocation Failure) 78M->69M(126M) 43.696ms
[1.455s][info][gc] GC(22) Pause Young (Allocation Failure) 104M->82M(126M) 25.413ms
[1.488s][info][gc] GC(23) Pause Young (Allocation Failure) 117M->89M(126M) 19.387ms
[1.602s][info][gc] GC(25) Pause Full (Allocation Failure) 95M->38M(130M) 83.099ms
[1.602s][info][gc] GC(24) Pause Young (Allocation Failure) 124M->38M(126M) 102.012ms
[1.658s][info][gc] GC(26) Pause Young (Allocation Failure) 73M->64M(126M) 43.208ms
[1.690s][info][gc] GC(27) Pause Young (Allocation Failure) 99M->72M(126M) 18.287ms
[1.713s][info][gc] GC(28) Pause Young (Allocation Failure) 107M->74M(126M) 10.326ms
[1.734s][info][gc] GC(29) Pause Young (Allocation Failure) 109M->75M(126M) 8.213ms
[1.753s][info][gc] GC(30) Pause Young (Allocation Failure) 110M->75M(126M) 6.057ms
[1.770s][info][gc] GC(31) Pause Young (Allocation Failure) 110M->74M(126M) 4.036ms
[1.786s][info][gc] GC(32) Pause Young (Allocation Failure) 109M->73M(126M) 2.237ms
[1.800s][info][gc] GC(33) Pause Young (Allocation Failure) 107M->71M(126M) 0.568ms
[1.977s][info][gc] GC(35) Pause Full (Allocation Failure) 98M->54M(133M) 115.482ms
[1.977s][info][gc] GC(34) Pause Young (Allocation Failure) 106M->54M(132M) 164.497ms
[2.040s][info][gc] GC(36) Pause Young (Allocation Failure) 91M->82M(132M) 46.973ms
[2.220s][info][gc] GC(38) Pause Full (Allocation Failure) 106M->55M(143M) 115.669ms
[2.221s][info][gc] GC(37) Pause Young (Allocation Failure) 119M->55M(133M) 166.862ms
[2.282s][info][gc] GC(39) Pause Young (Allocation Failure) 92M->83M(133M) 46.280ms
[2.468s][info][gc] GC(41) Pause Full (Allocation Failure) 106M->55M(143M) 118.702ms
[2.469s][info][gc] GC(40) Pause Young (Allocation Failure) 120M->55M(134M) 171.102ms
[2.484s][info][gc] GC(42) Pause Young (Allocation Failure) 93M->56M(134M) 0.807ms
[2.499s][info][gc] GC(43) Pause Young (Allocation Failure) 93M->56M(134M) 1.426ms
[2.514s][info][gc] GC(44) Pause Young (Allocation Failure) 94M->57M(134M) 1.991ms
[2.531s][info][gc] GC(45) Pause Young (Allocation Failure) 94M->57M(134M) 2.988ms
[2.548s][info][gc] GC(46) Pause Young (Allocation Failure) 95M->58M(134M) 3.382ms
[2.566s][info][gc] GC(47) Pause Young (Allocation Failure) 95M->58M(134M) 4.026ms
[2.584s][info][gc] GC(48) Pause Young (Allocation Failure) 96M->59M(134M) 4.637ms
[2.604s][info][gc] GC(49) Pause Young (Allocation Failure) 96M->59M(134M) 5.639ms
[2.623s][info][gc] GC(50) Pause Young (Allocation Failure) 97M->60M(134M) 5.766ms
[2.655s][info][gc] GC(51) Pause Young (Allocation Failure) 97M->60M(134M) 10.108ms
[2.680s][info][gc] GC(52) Pause Young (Allocation Failure) 98M->61M(134M) 7.790ms
[2.702s][info][gc] GC(53) Pause Young (Allocation Failure) 98M->62M(134M) 8.560ms
[2.726s][info][gc] GC(54) Pause Young (Allocation Failure) 100M->64M(134M) 9.966ms
[2.750s][info][gc] GC(55) Pause Young (Allocation Failure) 101M->67M(134M) 9.939ms
[2.775s][info][gc] GC(56) Pause Young (Allocation Failure) 104M->69M(134M) 10.966ms
[2.801s][info][gc] GC(57) Pause Young (Allocation Failure) 107M->73M(134M) 12.126ms
[2.827s][info][gc] GC(58) Pause Young (Allocation Failure) 110M->76M(134M) 13.049ms
[2.856s][info][gc] GC(59) Pause Young (Allocation Failure) 114M->81M(134M) 14.005ms
[2.886s][info][gc] GC(60) Pause Young (Allocation Failure) 118M->86M(134M) 15.600ms
[2.914s][info][gc] GC(61) Pause Young (Allocation Failure) 123M->91M(134M) 15.104ms
[3.136s][info][gc] GC(63) Pause Full (Allocation Failure) 119M->66M(156M) 141.876ms
[3.137s][info][gc] GC(62) Pause Young (Allocation Failure) 128M->66M(160M) 205.401ms
[3.212s][info][gc] GC(64) Pause Young (Allocation Failure) 110M->99M(160M) 57.414ms
[3.424s][info][gc] GC(66) Pause Full (Allocation Failure) 120M->78M(164M) 151.743ms
[3.424s][info][gc] GC(65) Pause Young (Allocation Failure) 144M->78M(188M) 196.294ms
[3.465s][info][gc] GC(67) Pause Young (Allocation Failure) 130M->89M(188M) 21.430ms
[3.523s][info][gc] GC(68) Pause Young (Allocation Failure) 142M->106M(188M) 38.146ms
[3.545s][info][gc] GC(69) Pause Young (Allocation Failure) 159M->102M(188M) 2.900ms
[3.585s][info][gc] GC(70) Pause Young (Allocation Failure) 154M->114M(188M) 21.361ms
[3.649s][info][gc] GC(71) Pause Young (Allocation Failure) 166M->133M(188M) 45.559ms
[3.684s][info][gc] GC(72) Pause Young (Allocation Failure) 185M->136M(188M) 15.943ms
[3.915s][info][gc] GC(74) Pause Full (Allocation Failure) 151M->77M(204M) 172.004ms
[3.917s][info][gc] GC(73) Pause Young (Allocation Failure) 188M->77M(188M) 213.839ms
[3.955s][info][gc] GC(75) Pause Young (Allocation Failure) 129M->89M(188M) 18.987ms
[4.009s][info][gc] GC(76) Pause Young (Allocation Failure) 141M->105M(188M) 35.286ms
[4.030s][info][gc] GC(77) Pause Young (Allocation Failure) 158M->101M(188M) 2.154ms
[4.070s][info][gc] GC(78) Pause Young (Allocation Failure) 153M->112M(188M) 21.004ms
[4.130s][info][gc] GC(79) Pause Young (Allocation Failure) 165M->131M(188M) 40.118ms
[4.166s][info][gc] GC(80) Pause Young (Allocation Failure) 183M->134M(188M) 14.751ms
[4.384s][info][gc] GC(82) Pause Full (Allocation Failure) 149M->77M(201M) 157.911ms
[4.385s][info][gc] GC(81) Pause Young (Allocation Failure) 186M->77M(188M) 199.499ms
[4.423s][info][gc] GC(83) Pause Young (Allocation Failure) 129M->88M(188M) 18.723ms
[4.477s][info][gc] GC(84) Pause Young (Allocation Failure) 141M->105M(188M) 35.427ms
[4.497s][info][gc] GC(85) Pause Young (Allocation Failure) 157M->100M(188M) 2.030ms
[4.537s][info][gc] GC(86) Pause Young (Allocation Failure) 152M->111M(188M) 21.255ms
[4.600s][info][gc] GC(87) Pause Young (Allocation Failure) 164M->130M(188M) 42.826ms
[4.634s][info][gc] GC(88) Pause Young (Allocation Failure) 182M->133M(188M) 14.763ms
[4.846s][info][gc] GC(90) Pause Full (Allocation Failure) 147M->76M(199M) 153.511ms
[4.847s][info][gc] GC(89) Pause Young (Allocation Failure) 185M->76M(188M) 192.822ms
[4.886s][info][gc] GC(91) Pause Young (Allocation Failure) 128M->88M(188M) 19.111ms
[4.940s][info][gc] GC(92) Pause Young (Allocation Failure) 140M->104M(188M) 34.383ms
[4.961s][info][gc] GC(93) Pause Young (Allocation Failure) 156M->99M(188M) 2.194ms
[4.998s][info][gc] GC(94) Pause Young (Allocation Failure) 151M->110M(188M) 19.366ms
[5.059s][info][gc] GC(95) Pause Young (Allocation Failure) 163M->129M(188M) 40.790ms
[5.090s][info][gc] GC(96) Pause Young (Allocation Failure) 181M->131M(188M) 12.767ms
[5.299s][info][gc] GC(98) Pause Full (Allocation Failure) 145M->76M(197M) 152.667ms
[5.299s][info][gc] GC(97) Pause Young (Allocation Failure) 183M->76M(188M) 190.759ms
[5.338s][info][gc] GC(99) Pause Young (Allocation Failure) 128M->88M(188M) 18.266ms
[5.392s][info][gc] GC(100) Pause Young (Allocation Failure) 140M->104M(188M) 34.814ms
[5.412s][info][gc] GC(101) Pause Young (Allocation Failure) 156M->98M(188M) 0.979ms
[5.450s][info][gc] GC(102) Pause Young (Allocation Failure) 150M->110M(188M) 18.862ms
[5.509s][info][gc] GC(103) Pause Young (Allocation Failure) 162M->127M(188M) 40.296ms
[5.739s][info][gc] GC(105) Pause Full (Allocation Failure) 139M->91M(191M) 181.227ms
[5.739s][info][gc] GC(104) Pause Young (Allocation Failure) 180M->91M(222M) 209.941ms
[5.841s][info][gc] GC(106) Pause Young (Allocation Failure) 153M->138M(222M) 79.596ms
[5.911s][info][gc] GC(107) Pause Young (Allocation Failure) 199M->154M(222M) 45.577ms
[5.947s][info][gc] GC(108) Pause Young (Allocation Failure) 216M->156M(222M) 13.773ms
[5.970s][info][gc] GC(109) Pause Young (Allocation Failure) 217M->148M(222M) 0.701ms
[6.221s][info][gc] GC(111) Pause Full (Allocation Failure) 167M->109M(228M) 194.125ms
[6.221s][info][gc] GC(110) Pause Young (Allocation Failure) 210M->109M(263M) 229.613ms
[6.294s][info][gc] GC(112) Pause Young (Allocation Failure) 182M->136M(263M) 46.501ms
[6.360s][info][gc] GC(113) Pause Young (Allocation Failure) 209M->153M(263M) 39.836ms
[6.415s][info][gc] GC(114) Pause Young (Allocation Failure) 226M->162M(263M) 28.165ms
[6.470s][info][gc] GC(115) Pause Young (Allocation Failure) 235M->171M(263M) 29.411ms
[6.529s][info][gc] GC(116) Pause Young (Allocation Failure) 244M->180M(263M) 32.310ms
[6.586s][info][gc] GC(117) Pause Young (Allocation Failure) 253M->189M(263M) 30.144ms
[6.845s][info][gc] GC(119) Pause Full (Allocation Failure) 197M->107M(270M) 198.777ms
[6.845s][info][gc] GC(118) Pause Young (Allocation Failure) 262M->107M(263M) 230.258ms
[6.915s][info][gc] GC(120) Pause Young (Allocation Failure) 180M->135M(263M) 43.333ms
[6.977s][info][gc] GC(121) Pause Young (Allocation Failure) 208M->149M(263M) 35.490ms
[7.029s][info][gc] GC(122) Pause Young (Allocation Failure) 222M->157M(263M) 25.513ms
[7.084s][info][gc] GC(123) Pause Young (Allocation Failure) 229M->164M(263M) 26.689ms
[7.135s][info][gc] GC(124) Pause Young (Allocation Failure) 237M->172M(263M) 24.084ms
[7.186s][info][gc] GC(125) Pause Young (Allocation Failure) 245M->179M(263M) 26.384ms
[7.239s][info][gc] GC(126) Pause Young (Allocation Failure) 252M->186M(263M) 25.993ms
[7.489s][info][gc] GC(128) Pause Full (Allocation Failure) 193M->106M(266M) 196.063ms
[7.489s][info][gc] GC(127) Pause Young (Allocation Failure) 259M->106M(263M) 221.837ms
[7.560s][info][gc] GC(129) Pause Young (Allocation Failure) 178M->133M(263M) 43.339ms
[7.618s][info][gc] GC(130) Pause Young (Allocation Failure) 206M->146M(263M) 32.019ms
[7.669s][info][gc] GC(131) Pause Young (Allocation Failure) 219M->152M(263M) 24.019ms
[7.720s][info][gc] GC(132) Pause Young (Allocation Failure) 225M->158M(263M) 23.849ms
[7.769s][info][gc] GC(133) Pause Young (Allocation Failure) 231M->164M(263M) 22.646ms
[8.098s][info][gc] GC(135) Pause Full (Allocation Failure) 191M->125M(264M) 244.849ms
[8.098s][info][gc] GC(134) Pause Young (Allocation Failure) 237M->125M(303M) 303.068ms
[8.190s][info][gc] GC(136) Pause Young (Allocation Failure) 209M->161M(303M) 61.167ms
[8.234s][info][gc] GC(137) Pause Young (Allocation Failure) 245M->160M(303M) 14.161ms
[8.281s][info][gc] GC(138) Pause Young (Allocation Failure) 244M->169M(303M) 15.888ms
[8.345s][info][gc] GC(139) Pause Young (Allocation Failure) 252M->178M(303M) 31.456ms
[8.375s][info][gc] GC(140) Pause Young (Allocation Failure) 262M->167M(303M) 0.204ms
[8.416s][info][gc] GC(141) Pause Young (Allocation Failure) 251M->175M(303M) 10.912ms
[8.472s][info][gc] GC(142) Pause Young (Allocation Failure) 259M->184M(303M) 25.461ms
[8.544s][info][gc] GC(143) Pause Young (Allocation Failure) 268M->198M(303M) 40.749ms
[8.581s][info][gc] GC(144) Pause Young (Allocation Failure) 282M->192M(303M) 6.890ms
[8.632s][info][gc] GC(145) Pause Young (Allocation Failure) 276M->201M(303M) 21.124ms
[8.701s][info][gc] GC(146) Pause Young (Allocation Failure) 284M->211M(303M) 37.199ms
[8.735s][info][gc] GC(147) Pause Young (Allocation Failure) 295M->203M(303M) 2.728ms
[8.780s][info][gc] GC(148) Pause Young (Allocation Failure) 287M->211M(303M) 13.949ms
[8.841s][info][gc] GC(149) Pause Young (Allocation Failure) 295M->219M(303M) 31.449ms
[9.192s][info][gc] GC(151) Pause Full (Allocation Failure) 235M->137M(319M) 269.155ms
[9.192s][info][gc] GC(150) Pause Young (Allocation Failure) 303M->137M(332M) 319.399ms
[9.250s][info][gc] GC(152) Pause Young (Allocation Failure) 229M->151M(332M) 25.489ms
[9.329s][info][gc] GC(153) Pause Young (Allocation Failure) 243M->168M(332M) 44.555ms
[9.385s][info][gc] GC(154) Pause Young (Allocation Failure) 260M->170M(332M) 19.767ms
[9.419s][info][gc] GC(155) Pause Young (Allocation Failure) 262M->159M(332M) 0.363ms
[9.473s][info][gc] GC(156) Pause Young (Allocation Failure) 251M->173M(332M) 21.180ms
[9.551s][info][gc] GC(157) Pause Young (Allocation Failure) 265M->190M(332M) 45.162ms
[9.624s][info][gc] GC(158) Pause Young (Allocation Failure) 282M->205M(332M) 37.464ms
[9.661s][info][gc] GC(159) Pause Young (Allocation Failure) 297M->195M(332M) 2.099ms
[9.718s][info][gc] GC(160) Pause Young (Allocation Failure) 287M->209M(332M) 23.414ms
[9.754s][info][gc] GC(161) Pause Young (Allocation Failure) 301M->200M(332M) 2.597ms
[9.811s][info][gc] GC(162) Pause Young (Allocation Failure) 292M->214M(332M) 24.271ms
[9.849s][info][gc] GC(163) Pause Young (Allocation Failure) 306M->205M(332M) 3.859ms
[9.907s][info][gc] GC(164) Pause Young (Allocation Failure) 297M->220M(332M) 25.878ms
[9.946s][info][gc] GC(165) Pause Young (Allocation Failure) 311M->211M(332M) 5.040ms
[10.006s][info][gc] GC(166) Pause Young (Allocation Failure) 303M->226M(332M) 26.519ms
[10.048s][info][gc] GC(167) Pause Young (Allocation Failure) 318M->218M(332M) 6.190ms
[10.109s][info][gc] GC(168) Pause Young (Allocation Failure) 310M->233M(332M) 28.097ms
[10.149s][info][gc] GC(169) Pause Young (Allocation Failure) 324M->226M(332M) 6.626ms
[10.212s][info][gc] GC(170) Pause Young (Allocation Failure) 318M->240M(332M) 30.611ms
[10.255s][info][gc] GC(171) Pause Young (Allocation Failure) 332M->234M(332M) 7.698ms
[10.626s][info][gc] GC(173) Pause Full (Allocation Failure) 248M->158M(340M) 303.639ms
[10.626s][info][gc] GC(172) Pause Young (Allocation Failure) 326M->158M(383M) 337.699ms
[10.708s][info][gc] GC(174) Pause Young (Allocation Failure) 264M->183M(383M) 43.596ms
[10.779s][info][gc] GC(175) Pause Young (Allocation Failure) 289M->192M(383M) 33.221ms
[10.833s][info][gc] GC(176) Pause Young (Allocation Failure) 298M->190M(383M) 15.047ms
[10.927s][info][gc] GC(177) Pause Young (Allocation Failure) 296M->215M(383M) 56.004ms
[10.993s][info][gc] GC(178) Pause Young (Allocation Failure) 321M->221M(383M) 27.863ms
[11.035s][info][gc] GC(179) Pause Young (Allocation Failure) 327M->218M(383M) 4.143ms
[11.072s][info][gc] GC(180) Pause Young (Allocation Failure) 324M->215M(383M) 0.300ms
[11.148s][info][gc] GC(181) Pause Young (Allocation Failure) 321M->240M(383M) 38.434ms
[11.217s][info][gc] GC(182) Pause Young (Allocation Failure) 346M->249M(383M) 33.009ms
[11.288s][info][gc] GC(183) Pause Young (Allocation Failure) 355M->255M(383M) 32.266ms
[11.352s][info][gc] GC(184) Pause Young (Allocation Failure) 361M->259M(383M) 26.324ms
[11.411s][info][gc] GC(185) Pause Young (Allocation Failure) 365M->259M(383M) 20.032ms
[11.463s][info][gc] GC(186) Pause Young (Allocation Failure) 365M->257M(383M) 15.412ms
[11.513s][info][gc] GC(187) Pause Young (Allocation Failure) 363M->254M(383M) 12.490ms
[11.560s][info][gc] GC(188) Pause Young (Allocation Failure) 360M->251M(383M) 8.812ms
[11.602s][info][gc] GC(189) Pause Young (Allocation Failure) 357M->249M(383M) 3.977ms
[11.688s][info][gc] GC(190) Pause Young (Allocation Failure) 355M->274M(383M) 48.726ms
[12.129s][info][gc] GC(192) Pause Full (Allocation Failure) 285M->191M(391M) 360.537ms
[12.129s][info][gc] GC(191) Pause Young (Allocation Failure) 380M->191M(462M) 403.141ms
[12.201s][info][gc] GC(193) Pause Young (Allocation Failure) 319M->205M(462M) 25.613ms
[12.295s][info][gc] GC(194) Pause Young (Allocation Failure) 332M->218M(462M) 46.590ms
[12.403s][info][gc] GC(195) Pause Young (Allocation Failure) 346M->240M(462M) 61.340ms
[12.504s][info][gc] GC(196) Pause Young (Allocation Failure) 368M->262M(462M) 55.608ms
[12.563s][info][gc] GC(197) Pause Young (Allocation Failure) 390M->256M(462M) 13.424ms
[12.646s][info][gc] GC(198) Pause Young (Allocation Failure) 383M->269M(462M) 34.493ms
[12.705s][info][gc] GC(199) Pause Young (Allocation Failure) 397M->262M(462M) 13.470ms
[12.784s][info][gc] GC(200) Pause Young (Allocation Failure) 390M->276M(462M) 32.921ms
[12.842s][info][gc] GC(201) Pause Young (Allocation Failure) 404M->269M(462M) 12.497ms
[12.920s][info][gc] GC(202) Pause Young (Allocation Failure) 396M->282M(462M) 32.667ms
[12.978s][info][gc] GC(203) Pause Young (Allocation Failure) 410M->275M(462M) 11.554ms
[13.057s][info][gc] GC(204) Pause Young (Allocation Failure) 402M->288M(462M) 32.306ms
[13.115s][info][gc] GC(205) Pause Young (Allocation Failure) 416M->280M(462M) 10.710ms
[13.195s][info][gc] GC(206) Pause Young (Allocation Failure) 408M->294M(462M) 33.576ms
[13.250s][info][gc] GC(207) Pause Young (Allocation Failure) 421M->285M(462M) 9.780ms
[13.328s][info][gc] GC(208) Pause Young (Allocation Failure) 413M->299M(462M) 32.937ms
[13.434s][info][gc] GC(209) Pause Young (Allocation Failure) 427M->317M(462M) 61.002ms
[14.021s][info][gc] GC(211) Pause Full (Allocation Failure) 338M->242M(466M) 481.950ms
[14.021s][info][gc] GC(210) Pause Young (Allocation Failure) 445M->242M(585M) 542.296ms
[14.103s][info][gc] GC(212) Pause Young (Allocation Failure) 404M->254M(585M) 22.345ms
[14.201s][info][gc] GC(213) Pause Young (Allocation Failure) 415M->265M(585M) 39.425ms
[14.260s][info][gc] GC(214) Pause Young (Allocation Failure) 427M->249M(585M) 0.501ms
[14.336s][info][gc] GC(215) Pause Young (Allocation Failure) 411M->261M(585M) 18.825ms
[14.432s][info][gc] GC(216) Pause Young (Allocation Failure) 423M->273M(585M) 37.132ms
[14.501s][info][gc] GC(217) Pause Young (Allocation Failure) 434M->260M(585M) 11.604ms
[14.586s][info][gc] GC(218) Pause Young (Allocation Failure) 422M->272M(585M) 27.165ms
[14.650s][info][gc] GC(219) Pause Young (Allocation Failure) 434M->256M(585M) 5.051ms
[14.729s][info][gc] GC(220) Pause Young (Allocation Failure) 418M->268M(585M) 20.869ms
[14.828s][info][gc] GC(221) Pause Young (Allocation Failure) 429M->279M(585M) 41.089ms
[14.944s][info][gc] GC(222) Pause Young (Allocation Failure) 441M->297M(585M) 58.608ms
[15.060s][info][gc] GC(223) Pause Young (Allocation Failure) 459M->320M(585M) 59.198ms
[15.128s][info][gc] GC(224) Pause Young (Allocation Failure) 481M->306M(585M) 9.139ms
[15.211s][info][gc] GC(225) Pause Young (Allocation Failure) 468M->318M(585M) 25.145ms
[15.273s][info][gc] GC(226) Pause Young (Allocation Failure) 479M->302M(585M) 3.174ms
[15.351s][info][gc] GC(227) Pause Young (Allocation Failure) 463M->313M(585M) 19.677ms
[15.448s][info][gc] GC(228) Pause Young (Allocation Failure) 475M->325M(585M) 37.662ms
[15.523s][info][gc] GC(229) Pause Young (Allocation Failure) 487M->314M(585M) 14.831ms
[15.619s][info][gc] GC(230) Pause Young (Allocation Failure) 476M->326M(585M) 32.251ms
[15.687s][info][gc] GC(231) Pause Young (Allocation Failure) 488M->311M(585M) 7.975ms
[15.770s][info][gc] GC(232) Pause Young (Allocation Failure) 473M->323M(585M) 23.907ms
[15.871s][info][gc] GC(233) Pause Young (Allocation Failure) 485M->334M(585M) 42.796ms
[15.981s][info][gc] GC(234) Pause Young (Allocation Failure) 496M->347M(585M) 51.430ms
[16.077s][info][gc] GC(235) Pause Young (Allocation Failure) 509M->359M(585M) 38.198ms
[16.147s][info][gc] GC(236) Pause Young (Allocation Failure) 520M->347M(585M) 12.548ms
[16.233s][info][gc] GC(237) Pause Young (Allocation Failure) 508M->358M(585M) 27.757ms
[16.297s][info][gc] GC(238) Pause Young (Allocation Failure) 520M->343M(585M) 5.719ms
[16.376s][info][gc] GC(239) Pause Young (Allocation Failure) 504M->354M(585M) 21.388ms
[16.477s][info][gc] GC(240) Pause Young (Allocation Failure) 516M->366M(585M) 43.269ms
[16.552s][info][gc] GC(241) Pause Young (Allocation Failure) 528M->357M(585M) 15.901ms
[16.646s][info][gc] GC(242) Pause Young (Allocation Failure) 519M->369M(585M) 34.144ms
[16.715s][info][gc] GC(243) Pause Young (Allocation Failure) 530M->356M(585M) 10.074ms
[16.799s][info][gc] GC(244) Pause Young (Allocation Failure) 517M->367M(585M) 25.517ms
[16.910s][info][gc] GC(245) Pause Young (Allocation Failure) 529M->379M(585M) 51.526ms
[17.004s][info][gc] GC(246) Pause Young (Allocation Failure) 541M->391M(585M) 37.264ms
[17.105s][info][gc] GC(247) Pause Young (Allocation Failure) 552M->402M(585M) 42.643ms
[17.177s][info][gc] GC(248) Pause Young (Allocation Failure) 564M->392M(585M) 13.539ms
[17.265s][info][gc] GC(249) Pause Young (Allocation Failure) 554M->404M(585M) 30.627ms
[17.329s][info][gc] GC(250) Pause Young (Allocation Failure) 565M->389M(585M) 7.795ms
[17.410s][info][gc] GC(251) Pause Young (Allocation Failure) 551M->401M(585M) 23.136ms
[17.468s][info][gc] GC(252) Pause Young (Allocation Failure) 562M->385M(585M) 1.821ms
[17.545s][info][gc] GC(253) Pause Young (Allocation Failure) 546M->396M(585M) 19.252ms
[17.639s][info][gc] GC(254) Pause Young (Allocation Failure) 558M->408M(585M) 37.495ms
[17.710s][info][gc] GC(255) Pause Young (Allocation Failure) 570M->396M(585M) 12.099ms
[18.512s][info][gc] GC(257) Pause Full (Allocation Failure) 436M->357M(597M) 657.861ms
[18.512s][info][gc] GC(256) Pause Young (Allocation Failure) 558M->357M(864M) 742.638ms
[18.637s][info][gc] GC(258) Pause Young (Allocation Failure) 596M->372M(864M) 26.191ms
[18.774s][info][gc] GC(259) Pause Young (Allocation Failure) 610M->386M(864M) 49.657ms
[18.881s][info][gc] GC(260) Pause Young (Allocation Failure) 625M->373M(864M) 22.618ms
[19.000s][info][gc] GC(261) Pause Young (Allocation Failure) 612M->388M(864M) 32.573ms
[19.097s][info][gc] GC(262) Pause Young (Allocation Failure) 626M->374M(864M) 13.790ms
[19.214s][info][gc] GC(263) Pause Young (Allocation Failure) 613M->389M(864M) 32.657ms
[19.315s][info][gc] GC(264) Pause Young (Allocation Failure) 627M->376M(864M) 16.059ms
[19.477s][info][gc] GC(265) Pause Young (Allocation Failure) 614M->418M(864M) 79.049ms
[19.617s][info][gc] GC(266) Pause Young (Allocation Failure) 656M->428M(864M) 56.050ms
[19.737s][info][gc] GC(267) Pause Young (Allocation Failure) 666M->442M(864M) 35.990ms
[19.839s][info][gc] GC(268) Pause Young (Allocation Failure) 681M->429M(864M) 19.201ms
[19.923s][info][gc] GC(269) Pause Young (Allocation Failure) 668M->416M(864M) 0.781ms
[20.026s][info][gc] GC(270) Pause Young (Allocation Failure) 655M->431M(864M) 20.976ms
[20.113s][info][gc] GC(271) Pause Young (Allocation Failure) 669M->417M(864M) 2.364ms
[20.271s][info][gc] GC(272) Pause Young (Allocation Failure) 656M->459M(864M) 75.685ms
[20.410s][info][gc] GC(273) Pause Young (Allocation Failure) 698M->460M(864M) 55.890ms
[20.517s][info][gc] GC(274) Pause Young (Allocation Failure) 699M->475M(864M) 24.659ms
[20.608s][info][gc] GC(275) Pause Young (Allocation Failure) 713M->462M(864M) 6.601ms
[20.718s][info][gc] GC(276) Pause Young (Allocation Failure) 700M->476M(864M) 26.439ms
[20.811s][info][gc] GC(277) Pause Young (Allocation Failure) 714M->463M(864M) 8.240ms
[20.922s][info][gc] GC(278) Pause Young (Allocation Failure) 701M->477M(864M) 27.663ms
[21.016s][info][gc] GC(279) Pause Young (Allocation Failure) 716M->464M(864M) 10.030ms
[21.181s][info][gc] GC(280) Pause Young (Allocation Failure) 703M->506M(864M) 80.480ms
[21.326s][info][gc] GC(281) Pause Young (Allocation Failure) 745M->512M(864M) 61.211ms
[21.444s][info][gc] GC(282) Pause Young (Allocation Failure) 751M->527M(864M) 31.465ms
[21.544s][info][gc] GC(283) Pause Young (Allocation Failure) 765M->514M(864M) 13.425ms
[21.659s][info][gc] GC(284) Pause Young (Allocation Failure) 752M->528M(864M) 32.516ms
[21.758s][info][gc] GC(285) Pause Young (Allocation Failure) 767M->515M(864M) 15.507ms
[21.879s][info][gc] GC(286) Pause Young (Allocation Failure) 753M->529M(864M) 36.628ms
[21.981s][info][gc] GC(287) Pause Young (Allocation Failure) 768M->516M(864M) 16.875ms
[22.156s][info][gc] GC(288) Pause Young (Allocation Failure) 755M->558M(864M) 90.921ms
[22.304s][info][gc] GC(289) Pause Young (Allocation Failure) 797M->567M(864M) 62.172ms
[22.425s][info][gc] GC(290) Pause Young (Allocation Failure) 805M->581M(864M) 38.077ms
[22.529s][info][gc] GC(291) Pause Young (Allocation Failure) 820M->568M(864M) 20.364ms
[22.615s][info][gc] GC(292) Pause Young (Allocation Failure) 807M->555M(864M) 1.633ms
[22.719s][info][gc] GC(293) Pause Young (Allocation Failure) 793M->569M(864M) 20.946ms
[22.807s][info][gc] GC(294) Pause Young (Allocation Failure) 808M->556M(864M) 3.581ms
[22.960s][info][gc] GC(295) Pause Young (Allocation Failure) 795M->598M(864M) 69.987ms
[23.970s][info][gc] GC(297) Pause Full (Allocation Failure) 600M->500M(865M) 867.842ms
[23.970s][info][gc] GC(296) Pause Young (Allocation Failure) 837M->500M(1208M) 924.788ms
[24.155s][info][gc] GC(298) Pause Young (Allocation Failure) 833M->531M(1208M) 54.792ms
[24.323s][info][gc] GC(299) Pause Young (Allocation Failure) 864M->534M(1208M) 52.534ms
[24.460s][info][gc] GC(300) Pause Young (Allocation Failure) 868M->538M(1208M) 18.984ms
[24.606s][info][gc] GC(301) Pause Young (Allocation Failure) 871M->541M(1208M) 26.202ms
[24.799s][info][gc] GC(302) Pause Young (Allocation Failure) 875M->572M(1208M) 71.382ms
[24.990s][info][gc] GC(303) Pause Young (Allocation Failure) 906M->582M(1208M) 73.303ms
[25.147s][info][gc] GC(304) Pause Young (Allocation Failure) 915M->585M(1208M) 38.373ms
[25.271s][info][gc] GC(305) Pause Young (Allocation Failure) 919M->561M(1208M) 4.186ms
[25.399s][info][gc] GC(306) Pause Young (Allocation Failure) 894M->564M(1208M) 10.469ms
[25.532s][info][gc] GC(307) Pause Young (Allocation Failure) 898M->568M(1208M) 15.382ms
[25.706s][info][gc] GC(308) Pause Young (Allocation Failure) 901M->599M(1208M) 55.882ms
[25.884s][info][gc] GC(309) Pause Young (Allocation Failure) 932M->602M(1208M) 61.257ms
[26.029s][info][gc] GC(310) Pause Young (Allocation Failure) 936M->606M(1208M) 28.473ms
[26.178s][info][gc] GC(311) Pause Young (Allocation Failure) 939M->609M(1208M) 32.664ms
[26.336s][info][gc] GC(312) Pause Young (Allocation Failure) 942M->612M(1208M) 37.506ms
[26.497s][info][gc] GC(313) Pause Young (Allocation Failure) 946M->616M(1208M) 42.936ms
[26.667s][info][gc] GC(314) Pause Young (Allocation Failure) 949M->619M(1208M) 52.321ms
[26.795s][info][gc] GC(315) Pause Young (Allocation Failure) 953M->622M(1208M) 13.230ms
[26.928s][info][gc] GC(316) Pause Young (Allocation Failure) 956M->626M(1208M) 17.409ms
[27.079s][info][gc] GC(317) Pause Young (Allocation Failure) 959M->629M(1208M) 27.728ms
[27.223s][info][gc] GC(318) Pause Young (Allocation Failure) 963M->633M(1208M) 27.440ms
-------------------------------------------------------------------------
Total execution time: 27111 milliseconds
GC execution time: 13940 milliseconds
GC iterations: 319
Payload percentage: 48 %
-------------------------------------------------------------------------
Memory allocation statistic
init = 2555904(2496K) used = 1068800(1043K) committed = 2555904(2496K) max = 5832704(5696K)
init = 0(0K) used = 7154640(6986K) committed = 7602176(7424K) max = -1(-1K)
init = 69926912(68288K) used = 643478664(628397K) committed = 874221568(853732K) max = 1398145024(1365376K)
init = 2555904(2496K) used = 627584(612K) committed = 2555904(2496K) max = 122912768(120032K)
init = 27983872(27328K) used = 17483760(17073K) committed = 349700096(341504K) max = 559284224(546176K)
init = 3473408(3392K) used = 20412696(19934K) committed = 43712512(42688K) max = 69861376(68224K)
init = 0(0K) used = 675504(659K) committed = 786432(768K) max = 1073741824(1048576K)
init = 2555904(2496K) used = 116608(113K) committed = 2555904(2496K) max = 122912768(120032K)
----------------------------------------------------------------------------------------------

Paralel GC execution
[0.022s][info][gc] Using Parallel
[0.212s][info][gc] GC(0) Pause Young (Allocation Failure) 75M->54M(287M) 44.750ms
[0.263s][info][gc] GC(1) Pause Young (Allocation Failure) 129M->76M(362M) 32.663ms
[0.329s][info][gc] GC(2) Pause Young (Allocation Failure) 226M->72M(362M) 5.215ms
[0.372s][info][gc] GC(3) Pause Young (Allocation Failure) 222M->75M(512M) 6.913ms
[0.532s][info][gc] GC(4) Pause Young (Allocation Failure) 375M->80M(512M) 14.746ms
[0.652s][info][gc] GC(5) Pause Young (Allocation Failure) 380M->91M(811M) 18.136ms
[0.971s][info][gc] GC(6) Pause Young (Allocation Failure) 641M->92M(769M) 41.007ms
[1.217s][info][gc] GC(7) Pause Young (Allocation Failure) 643M->122M(796M) 32.195ms
[1.444s][info][gc] GC(8) Pause Young (Allocation Failure) 665M->118M(803M) 39.255ms
[1.688s][info][gc] GC(9) Pause Young (Allocation Failure) 662M->115M(804M) 54.786ms
[1.901s][info][gc] GC(10) Pause Young (Allocation Failure) 656M->137M(776M) 26.350ms
[2.190s][info][gc] GC(11) Pause Young (Allocation Failure) 678M->131M(802M) 48.895ms
[2.401s][info][gc] GC(12) Pause Young (Allocation Failure) 671M->153M(763M) 15.836ms
[2.609s][info][gc] GC(13) Pause Young (Allocation Failure) 693M->147M(803M) 19.620ms
[2.823s][info][gc] GC(14) Pause Young (Allocation Failure) 690M->171M(801M) 21.718ms
[3.063s][info][gc] GC(15) Pause Young (Allocation Failure) 714M->167M(806M) 44.157ms
[3.243s][info][gc] GC(16) Pause Full (Ergonomics) 167M->120M(870M) 179.654ms
[3.454s][info][gc] GC(17) Pause Young (Allocation Failure) 666M->146M(865M) 19.099ms
[3.684s][info][gc] GC(18) Pause Young (Allocation Failure) 692M->172M(867M) 41.462ms
[3.898s][info][gc] GC(19) Pause Young (Allocation Failure) 719M->171M(872M) 25.588ms
[4.095s][info][gc] GC(20) Pause Young (Allocation Failure) 723M->174M(873M) 3.589ms
[4.303s][info][gc] GC(21) Pause Young (Allocation Failure) 725M->204M(869M) 19.117ms
[4.522s][info][gc] GC(22) Pause Young (Allocation Failure) 752M->204M(871M) 30.341ms
[4.725s][info][gc] GC(23) Pause Young (Allocation Failure) 753M->204M(867M) 5.987ms
[4.925s][info][gc] GC(24) Pause Young (Allocation Failure) 754M->205M(870M) 6.721ms
[5.134s][info][gc] GC(25) Pause Young (Allocation Failure) 755M->234M(868M) 18.874ms
[5.361s][info][gc] GC(26) Pause Young (Allocation Failure) 783M->235M(872M) 37.376ms
[5.595s][info][gc] GC(27) Pause Full (Ergonomics) 235M->206M(1001M) 234.447ms
[5.799s][info][gc] GC(28) Pause Young (Allocation Failure) 757M->236M(1003M) 14.621ms
[6.023s][info][gc] GC(29) Pause Young (Allocation Failure) 788M->266M(995M) 35.107ms
[6.239s][info][gc] GC(30) Pause Young (Allocation Failure) 810M->263M(1000M) 30.918ms
[6.433s][info][gc] GC(31) Pause Young (Allocation Failure) 806M->259M(995M) 7.062ms
[6.653s][info][gc] GC(32) Pause Young (Allocation Failure) 805M->285M(999M) 29.023ms
[6.877s][info][gc] GC(33) Pause Young (Allocation Failure) 830M->283M(1003M) 30.626ms
[7.073s][info][gc] GC(34) Pause Young (Allocation Failure) 831M->282M(948M) 3.103ms
[7.263s][info][gc] GC(35) Pause Young (Allocation Failure) 830M->282M(1003M) 2.649ms
[7.479s][info][gc] GC(36) Pause Young (Allocation Failure) 832M->311M(1001M) 24.735ms
[7.692s][info][gc] GC(37) Pause Young (Allocation Failure) 860M->312M(1000M) 21.160ms
[7.909s][info][gc] GC(38) Pause Young (Allocation Failure) 858M->310M(1002M) 29.197ms
[8.113s][info][gc] GC(39) Pause Young (Allocation Failure) 857M->337M(1001M) 15.885ms
[8.327s][info][gc] GC(40) Pause Young (Allocation Failure) 884M->336M(1002M) 26.202ms
[8.522s][info][gc] GC(41) Pause Young (Allocation Failure) 884M->336M(1001M) 4.152ms
[8.734s][info][gc] GC(42) Pause Young (Allocation Failure) 885M->364M(1002M) 20.651ms
[8.959s][info][gc] GC(43) Pause Young (Allocation Failure) 913M->365M(1003M) 32.985ms
[9.427s][info][gc] GC(44) Pause Full (Ergonomics) 365M->335M(1177M) 468.523ms
[9.639s][info][gc] GC(45) Pause Young (Allocation Failure) 886M->365M(1177M) 16.346ms
[9.847s][info][gc] GC(46) Pause Young (Allocation Failure) 916M->367M(1153M) 18.194ms
[10.081s][info][gc] GC(47) Pause Young (Allocation Failure) 918M->397M(1152M) 38.000ms
[10.303s][info][gc] GC(48) Pause Young (Allocation Failure) 921M->407M(1137M) 42.607ms
[10.506s][info][gc] GC(49) Pause Young (Allocation Failure) 931M->389M(1162M) 24.333ms
[10.706s][info][gc] GC(50) Pause Young (Allocation Failure) 909M->423M(1124M) 21.407ms
[10.918s][info][gc] GC(51) Pause Young (Allocation Failure) 943M->429M(1164M) 32.908ms
[11.110s][info][gc] GC(52) Pause Young (Allocation Failure) 952M->438M(1114M) 13.261ms
[11.295s][info][gc] GC(53) Pause Young (Allocation Failure) 961M->419M(1159M) 4.377ms
[11.499s][info][gc] GC(54) Pause Young (Allocation Failure) 944M->456M(1158M) 23.823ms
[11.714s][info][gc] GC(55) Pause Young (Allocation Failure) 981M->466M(1165M) 35.222ms
[11.903s][info][gc] GC(56) Pause Young (Allocation Failure) 1001M->456M(1166M) 6.419ms
[12.101s][info][gc] GC(57) Pause Young (Allocation Failure) 991M->473M(1171M) 15.378ms
[12.323s][info][gc] GC(58) Pause Young (Allocation Failure) 1016M->497M(1171M) 36.596ms
[12.519s][info][gc] GC(59) Pause Young (Allocation Failure) 1039M->492M(1173M) 10.667ms
[12.718s][info][gc] GC(60) Pause Young (Allocation Failure) 1042M->493M(1172M) 11.734ms
[12.944s][info][gc] GC(61) Pause Young (Allocation Failure) 1043M->522M(1178M) 33.165ms
[13.142s][info][gc] GC(62) Pause Young (Allocation Failure) 1081M->502M(1178M) 7.857ms
[13.339s][info][gc] GC(63) Pause Young (Allocation Failure) 1061M->510M(1184M) 5.289ms
[13.567s][info][gc] GC(64) Pause Young (Allocation Failure) 1074M->550M(1183M) 34.792ms
[13.779s][info][gc] GC(65) Pause Young (Allocation Failure) 1114M->534M(1170M) 18.149ms
[13.996s][info][gc] GC(66) Pause Young (Allocation Failure) 1083M->535M(1176M) 29.050ms
[14.526s][info][gc] GC(67) Pause Full (Ergonomics) 535M->505M(1395M) 530.348ms
[14.743s][info][gc] GC(68) Pause Young (Allocation Failure) 1054M->561M(1393M) 28.438ms
[14.964s][info][gc] GC(69) Pause Young (Allocation Failure) 1110M->561M(1367M) 31.598ms
[15.173s][info][gc] GC(70) Pause Young (Allocation Failure) 1079M->566M(1367M) 32.807ms
[15.400s][info][gc] GC(71) Pause Young (Allocation Failure) 1083M->570M(1375M) 51.286ms
[15.601s][info][gc] GC(72) Pause Young (Allocation Failure) 1075M->593M(1316M) 28.299ms
[15.789s][info][gc] GC(73) Pause Young (Allocation Failure) 1098M->588M(1370M) 14.465ms
[15.964s][info][gc] GC(74) Pause Young (Allocation Failure) 1093M->583M(1369M) 1.578ms
-------------------------------------------------------------------------
Total execution time: 15953 milliseconds
GC execution time: 3082 milliseconds
GC iterations: 75
Payload percentage: 80 %
-------------------------------------------------------------------------
Memory allocation statistic
init = 2555904(2496K) used = 1068928(1043K) committed = 2555904(2496K) max = 5832704(5696K)
init = 0(0K) used = 7153680(6986K) committed = 7602176(7424K) max = -1(-1K)
init = 2555904(2496K) used = 587008(573K) committed = 2555904(2496K) max = 122912768(120032K)
init = 209715200(204800K) used = 611135808(596812K) committed = 826802176(807424K) max = 1398276096(1365504K)
init = 0(0K) used = 675504(659K) committed = 786432(768K) max = 1073741824(1048576K)
init = 13107200(12800K) used = 917504(896K) committed = 79167488(77312K) max = 79167488(77312K)
init = 78643200(76800K) used = 323354752(315776K) committed = 530055168(517632K) max = 541065216(528384K)
init = 2555904(2496K) used = 127744(124K) committed = 2555904(2496K) max = 122912768(120032K)
----------------------------------------------------------------------------------------------
CMS GC execution
OpenJDK 64-Bit Server VM warning: Option UseConcMarkSweepGC was deprecated in version 9.0 and will likely be removed in a future release.
[0.025s][info][gc] Using Concurrent Mark Sweep
[0.344s][info][gc] GC(0) Pause Young (Allocation Failure) 80M->36M(290M) 169.110ms
[0.396s][info][gc] GC(1) Pause Young (Allocation Failure) 116M->44M(290M) 31.017ms
[0.429s][info][gc] GC(2) Pause Young (Allocation Failure) 124M->46M(290M) 12.199ms
[0.473s][info][gc] GC(3) Pause Young (Allocation Failure) 126M->54M(290M) 27.073ms
[0.526s][info][gc] GC(4) Pause Young (Allocation Failure) 134M->67M(290M) 33.752ms
[0.549s][info][gc] GC(5) Pause Young (Allocation Failure) 147M->65M(290M) 1.043ms
[0.582s][info][gc] GC(6) Pause Young (Allocation Failure) 145M->64M(290M) 4.632ms
[0.620s][info][gc] GC(7) Pause Young (Allocation Failure) 144M->68M(290M) 10.240ms
[0.668s][info][gc] GC(8) Pause Young (Allocation Failure) 148M->74M(290M) 19.405ms
[0.721s][info][gc] GC(9) Pause Young (Allocation Failure) 154M->86M(290M) 24.684ms
[0.783s][info][gc] GC(10) Pause Young (Allocation Failure) 166M->102M(290M) 32.856ms
[0.818s][info][gc] GC(11) Pause Young (Allocation Failure) 182M->102M(290M) 4.982ms
[0.854s][info][gc] GC(12) Pause Young (Allocation Failure) 182M->102M(290M) 8.886ms
[0.895s][info][gc] GC(13) Pause Young (Allocation Failure) 182M->106M(290M) 12.014ms
[0.947s][info][gc] GC(14) Pause Young (Allocation Failure) 186M->116M(290M) 24.211ms
[0.952s][info][gc] GC(15) Pause Initial Mark 119M->119M(290M) 4.399ms
[0.952s][info][gc] GC(15) Concurrent Mark
[1.014s][info][gc] GC(16) Pause Young (Allocation Failure) 196M->131M(290M) 32.202ms
[1.045s][info][gc] GC(17) Pause Young (Allocation Failure) 211M->131M(290M) 1.723ms
[1.078s][info][gc] GC(15) Concurrent Mark 125.518ms
[1.084s][info][gc] GC(18) Pause Young (Allocation Failure) 211M->129M(290M) 6.052ms
[1.084s][info][gc] GC(15) Concurrent Preclean
[1.085s][info][gc] GC(15) Concurrent Preclean 0.548ms
[1.090s][info][gc] GC(15) Pause Remark 132M->132M(290M) 5.019ms
[1.090s][info][gc] GC(15) Concurrent Sweep
[1.129s][info][gc] GC(19) Pause Young (Allocation Failure) 199M->123M(290M) 10.102ms
[1.178s][info][gc] GC(20) Pause Young (Allocation Failure) 179M->107M(290M) 19.582ms
[1.234s][info][gc] GC(21) Pause Young (Allocation Failure) 164M->97M(290M) 27.768ms
[1.260s][info][gc] GC(15) Concurrent Sweep 170.209ms
[1.260s][info][gc] GC(15) Concurrent Reset
[1.266s][info][gc] GC(22) Pause Young (Allocation Failure) 172M->92M(290M) 0.871ms
[1.281s][info][gc] GC(15) Concurrent Reset 20.734ms
[1.307s][info][gc] GC(23) Pause Young (Allocation Failure) 172M->89M(290M) 6.204ms
[1.391s][info][gc] GC(24) Pause Young (Allocation Failure) 169M->123M(290M) 55.551ms
[1.395s][info][gc] GC(25) Pause Initial Mark 126M->126M(290M) 3.810ms
[1.395s][info][gc] GC(25) Concurrent Mark
[1.439s][info][gc] GC(26) Pause Young (Allocation Failure) 203M->129M(290M) 15.793ms
[1.492s][info][gc] GC(27) Pause Young (Allocation Failure) 209M->140M(290M) 23.950ms
[1.557s][info][gc] GC(28) Pause Young (Allocation Failure) 220M->157M(290M) 35.425ms
[1.591s][info][gc] GC(29) Pause Young (Allocation Failure) 237M->154M(290M) 3.635ms
[1.627s][info][gc] GC(30) Pause Young (Allocation Failure) 234M->157M(290M) 8.199ms
[1.639s][info][gc] GC(25) Concurrent Mark 243.961ms
[1.640s][info][gc] GC(25) Concurrent Preclean
[1.640s][info][gc] GC(25) Concurrent Preclean 0.639ms
[1.640s][info][gc] GC(25) Concurrent Abortable Preclean
[1.673s][info][gc] GC(31) Pause Young (Allocation Failure) 237M->161M(290M) 16.696ms
[1.724s][info][gc] GC(32) Pause Young (Allocation Failure) 241M->171M(290M) 22.857ms
[1.737s][info][gc] GC(25) Concurrent Abortable Preclean 96.465ms
[1.759s][info][gc] GC(25) Pause Remark 211M->211M(290M) 21.031ms
[1.759s][info][gc] GC(25) Concurrent Sweep
[1.807s][info][gc] GC(33) Pause Young (Allocation Failure) 251M->186M(290M) 33.769ms
[1.842s][info][gc] GC(34) Pause Young (Allocation Failure) 247M->164M(290M) 2.544ms
[1.883s][info][gc] GC(35) Pause Young (Allocation Failure) 236M->157M(290M) 8.470ms
[1.921s][info][gc] GC(36) Pause Young (Allocation Failure) 216M->140M(290M) 9.093ms
[1.948s][info][gc] GC(25) Concurrent Sweep 188.868ms
[1.948s][info][gc] GC(25) Concurrent Reset
[1.971s][info][gc] GC(37) Pause Young (Allocation Failure) 220M->148M(307M) 21.537ms
[1.976s][info][gc] GC(25) Concurrent Reset 28.000ms
[2.029s][info][gc] GC(38) Pause Young (Allocation Failure) 228M->161M(307M) 27.040ms
[2.034s][info][gc] GC(39) Pause Initial Mark 164M->164M(307M) 4.382ms
[2.034s][info][gc] GC(39) Concurrent Mark
[2.069s][info][gc] GC(40) Pause Young (Allocation Failure) 241M->159M(307M) 6.236ms
[2.102s][info][gc] GC(41) Pause Young (Allocation Failure) 239M->158M(307M) 3.380ms
[2.136s][info][gc] GC(39) Concurrent Mark 101.834ms
[2.136s][info][gc] GC(39) Concurrent Preclean
[2.136s][info][gc] GC(39) Concurrent Preclean 0.644ms
[2.136s][info][gc] GC(39) Concurrent Abortable Preclean
[2.147s][info][gc] GC(42) Pause Young (Allocation Failure) 238M->162M(307M) 7.533ms
[2.195s][info][gc] GC(43) Pause Young (Allocation Failure) 242M->168M(307M) 16.317ms
[2.204s][info][gc] GC(39) Concurrent Abortable Preclean 67.838ms
[2.221s][info][gc] GC(39) Pause Remark 195M->195M(307M) 15.975ms
[2.221s][info][gc] GC(39) Concurrent Sweep
[2.267s][info][gc] GC(44) Pause Young (Allocation Failure) 244M->175M(307M) 24.078ms
[2.327s][info][gc] GC(45) Pause Young (Allocation Failure) 248M->185M(307M) 28.745ms
[2.363s][info][gc] GC(46) Pause Young (Allocation Failure) 253M->171M(307M) 6.479ms
[2.402s][info][gc] GC(47) Pause Young (Allocation Failure) 224M->146M(307M) 6.538ms
[2.444s][info][gc] GC(48) Pause Young (Allocation Failure) 202M->127M(307M) 12.807ms
[2.445s][info][gc] GC(39) Concurrent Sweep 224.061ms
[2.445s][info][gc] GC(39) Concurrent Reset
[2.450s][info][gc] GC(39) Concurrent Reset 5.178ms
[2.523s][info][gc] GC(49) Pause Young (Allocation Failure) 206M->161M(307M) 47.968ms
[2.527s][info][gc] GC(50) Pause Initial Mark 164M->164M(307M) 3.796ms
[2.527s][info][gc] GC(50) Concurrent Mark
[2.588s][info][gc] GC(51) Pause Young (Allocation Failure) 241M->175M(307M) 31.526ms
[2.619s][info][gc] GC(52) Pause Young (Allocation Failure) 255M->175M(307M) 2.107ms
[2.654s][info][gc] GC(53) Pause Young (Allocation Failure) 255M->175M(307M) 7.025ms
[2.693s][info][gc] GC(54) Pause Young (Allocation Failure) 255M->178M(307M) 10.269ms
[2.743s][info][gc] GC(55) Pause Young (Allocation Failure) 258M->186M(307M) 21.571ms
[2.803s][info][gc] GC(56) Pause Young (Allocation Failure) 266M->199M(307M) 31.776ms
[2.837s][info][gc] GC(57) Pause Young (Allocation Failure) 279M->199M(307M) 0.834ms
[2.851s][info][gc] GC(50) Concurrent Mark 324.061ms
[2.852s][info][gc] GC(50) Concurrent Preclean
[2.852s][info][gc] GC(50) Concurrent Preclean 0.580ms
[2.852s][info][gc] GC(50) Concurrent Abortable Preclean
[2.869s][info][gc] GC(58) Pause Young (Allocation Failure) 279M->196M(307M) 3.775ms
[2.906s][info][gc] GC(59) Pause Young (Allocation Failure) 276M->200M(307M) 7.692ms
[2.908s][info][gc] GC(50) Concurrent Abortable Preclean 55.928ms
[2.913s][info][gc] GC(50) Pause Remark 206M->206M(307M) 4.741ms
[2.913s][info][gc] GC(50) Concurrent Sweep
[2.963s][info][gc] GC(60) Pause Young (Allocation Failure) 265M->191M(307M) 15.397ms
[3.019s][info][gc] GC(61) Pause Young (Allocation Failure) 262M->194M(307M) 26.660ms
[3.081s][info][gc] GC(62) Pause Young (Allocation Failure) 253M->190M(307M) 32.086ms
[3.115s][info][gc] GC(63) Pause Young (Allocation Failure) 265M->180M(307M) 5.080ms
[3.139s][info][gc] GC(50) Concurrent Sweep 225.596ms
[3.139s][info][gc] GC(50) Concurrent Reset
[3.147s][info][gc] GC(50) Concurrent Reset 7.559ms
[3.162s][info][gc] GC(64) Pause Young (Allocation Failure) 260M->186M(383M) 5.383ms
[3.205s][info][gc] GC(65) Pause Young (Allocation Failure) 266M->190M(383M) 13.055ms
[3.254s][info][gc] GC(66) Pause Young (Allocation Failure) 270M->200M(383M) 20.514ms
[3.259s][info][gc] GC(67) Pause Initial Mark 203M->203M(383M) 4.135ms
[3.259s][info][gc] GC(67) Concurrent Mark
[3.322s][info][gc] GC(68) Pause Young (Allocation Failure) 280M->214M(383M) 34.516ms
[3.357s][info][gc] GC(69) Pause Young (Allocation Failure) 294M->212M(383M) 6.210ms
[3.401s][info][gc] GC(70) Pause Young (Allocation Failure) 292M->214M(383M) 6.273ms
[3.445s][info][gc] GC(71) Pause Young (Allocation Failure) 294M->217M(383M) 13.431ms
[3.460s][info][gc] GC(67) Concurrent Mark 201.205ms
[3.460s][info][gc] GC(67) Concurrent Preclean
[3.461s][info][gc] GC(67) Concurrent Preclean 1.221ms
[3.462s][info][gc] GC(67) Concurrent Abortable Preclean
[3.500s][info][gc] GC(72) Pause Young (Allocation Failure) 297M->225M(383M) 27.220ms
[3.564s][info][gc] GC(73) Pause Young (Allocation Failure) 305M->238M(383M) 33.987ms
[3.581s][info][gc] GC(67) Concurrent Abortable Preclean 119.969ms
[3.613s][info][gc] GC(67) Pause Remark 296M->296M(383M) 29.119ms
[3.613s][info][gc] GC(67) Concurrent Sweep
[3.649s][info][gc] GC(74) Pause Young (Allocation Failure) 318M->248M(383M) 26.630ms
[3.689s][info][gc] GC(75) Pause Young (Allocation Failure) 312M->233M(383M) 11.070ms
[3.725s][info][gc] GC(76) Pause Young (Allocation Failure) 306M->230M(383M) 7.001ms
[3.772s][info][gc] GC(77) Pause Young (Allocation Failure) 294M->220M(383M) 18.060ms
[3.833s][info][gc] GC(78) Pause Young (Allocation Failure) 282M->214M(383M) 31.246ms
[3.898s][info][gc] GC(79) Pause Young (Allocation Failure) 269M->205M(383M) 34.666ms
[3.931s][info][gc] GC(80) Pause Young (Allocation Failure) 280M->200M(383M) 3.325ms
[3.938s][info][gc] GC(67) Concurrent Sweep 324.512ms
[3.938s][info][gc] GC(67) Concurrent Reset
[3.944s][info][gc] GC(67) Concurrent Reset 6.444ms
[3.967s][info][gc] GC(81) Pause Young (Allocation Failure) 280M->200M(407M) 5.416ms
[4.011s][info][gc] GC(82) Pause Young (Allocation Failure) 280M->204M(407M) 15.482ms
[4.062s][info][gc] GC(83) Pause Young (Allocation Failure) 284M->214M(407M) 22.006ms
[4.066s][info][gc] GC(84) Pause Initial Mark 217M->217M(407M) 3.610ms
[4.066s][info][gc] GC(84) Concurrent Mark
[4.121s][info][gc] GC(85) Pause Young (Allocation Failure) 294M->229M(407M) 26.477ms
[4.152s][info][gc] GC(86) Pause Young (Allocation Failure) 309M->229M(407M) 1.793ms
[4.189s][info][gc] GC(87) Pause Young (Allocation Failure) 309M->227M(407M) 7.468ms
[4.234s][info][gc] GC(88) Pause Young (Allocation Failure) 307M->231M(407M) 15.988ms
[4.266s][info][gc] GC(84) Concurrent Mark 199.886ms
[4.290s][info][gc] GC(89) Pause Young (Allocation Failure) 311M->239M(407M) 23.767ms
[4.290s][info][gc] GC(84) Concurrent Preclean
[4.352s][info][gc] GC(90) Pause Young (Allocation Failure) 319M->252M(407M) 32.200ms
[4.372s][info][gc] GC(84) Concurrent Preclean 81.591ms
[4.372s][info][gc] GC(84) Concurrent Abortable Preclean
[4.384s][info][gc] GC(91) Pause Young (Allocation Failure) 332M->247M(407M) 3.476ms
[4.419s][info][gc] GC(92) Pause Young (Allocation Failure) 327M->248M(407M) 5.436ms
[4.419s][info][gc] GC(84) Concurrent Abortable Preclean 46.999ms
[4.424s][info][gc] GC(84) Pause Remark 252M->252M(407M) 4.728ms
[4.424s][info][gc] GC(84) Concurrent Sweep
[4.459s][info][gc] GC(93) Pause Young (Allocation Failure) 322M->246M(407M) 7.232ms
[4.506s][info][gc] GC(94) Pause Young (Allocation Failure) 314M->240M(407M) 15.943ms
[4.559s][info][gc] GC(95) Pause Young (Allocation Failure) 305M->236M(407M) 23.395ms
[4.622s][info][gc] GC(96) Pause Young (Allocation Failure) 302M->238M(407M) 32.544ms
[4.689s][info][gc] GC(97) Pause Young (Allocation Failure) 315M->256M(407M) 38.196ms
[4.732s][info][gc] GC(98) Pause Young (Allocation Failure) 316M->243M(407M) 13.617ms
[4.752s][info][gc] GC(84) Concurrent Sweep 328.118ms
[4.753s][info][gc] GC(84) Concurrent Reset
[4.761s][info][gc] GC(84) Concurrent Reset 8.071ms
[4.783s][info][gc] GC(99) Pause Young (Allocation Failure) 321M->245M(476M) 15.307ms
[4.834s][info][gc] GC(100) Pause Young (Allocation Failure) 325M->255M(476M) 21.509ms
[4.841s][info][gc] GC(101) Pause Initial Mark 258M->258M(476M) 6.411ms
[4.841s][info][gc] GC(101) Concurrent Mark
[4.904s][info][gc] GC(102) Pause Young (Allocation Failure) 335M->269M(476M) 36.010ms
[4.936s][info][gc] GC(103) Pause Young (Allocation Failure) 349M->267M(476M) 2.557ms
[4.972s][info][gc] GC(104) Pause Young (Allocation Failure) 347M->268M(476M) 6.787ms
[5.014s][info][gc] GC(105) Pause Young (Allocation Failure) 348M->272M(476M) 12.956ms
[5.068s][info][gc] GC(106) Pause Young (Allocation Failure) 352M->279M(476M) 25.605ms
[5.127s][info][gc] GC(107) Pause Young (Allocation Failure) 359M->292M(476M) 29.436ms
[5.157s][info][gc] GC(108) Pause Young (Allocation Failure) 372M->290M(476M) 1.101ms
[5.197s][info][gc] GC(101) Concurrent Mark 356.241ms
[5.201s][info][gc] GC(109) Pause Young (Allocation Failure) 370M->289M(476M) 3.377ms
[5.201s][info][gc] GC(101) Concurrent Preclean
[5.204s][info][gc] GC(101) Concurrent Preclean 3.631ms
[5.205s][info][gc] GC(101) Concurrent Abortable Preclean
[5.237s][info][gc] GC(110) Pause Young (Allocation Failure) 369M->293M(476M) 7.065ms
[5.239s][info][gc] GC(101) Concurrent Abortable Preclean 34.866ms
[5.247s][info][gc] GC(101) Pause Remark 301M->301M(476M) 6.689ms
[5.247s][info][gc] GC(101) Concurrent Sweep
[5.295s][info][gc] GC(111) Pause Young (Allocation Failure) 366M->292M(476M) 19.662ms
[5.353s][info][gc] GC(112) Pause Young (Allocation Failure) 360M->291M(476M) 27.375ms
[5.417s][info][gc] GC(113) Pause Young (Allocation Failure) 356M->292M(476M) 35.038ms
[5.449s][info][gc] GC(114) Pause Young (Allocation Failure) 364M->284M(476M) 3.762ms
[5.485s][info][gc] GC(115) Pause Young (Allocation Failure) 341M->261M(476M) 7.449ms
[5.528s][info][gc] GC(116) Pause Young (Allocation Failure) 323M->248M(476M) 14.347ms
[5.581s][info][gc] GC(117) Pause Young (Allocation Failure) 324M->253M(476M) 24.214ms
[5.598s][info][gc] GC(101) Concurrent Sweep 351.073ms
[5.599s][info][gc] GC(101) Concurrent Reset
[5.604s][info][gc] GC(101) Concurrent Reset 5.614ms
[5.647s][info][gc] GC(118) Pause Young (Allocation Failure) 333M->268M(495M) 36.491ms
[5.652s][info][gc] GC(119) Pause Initial Mark 269M->269M(495M) 4.006ms
[5.652s][info][gc] GC(119) Concurrent Mark
[5.682s][info][gc] GC(120) Pause Young (Allocation Failure) 348M->268M(495M) 1.910ms
[5.715s][info][gc] GC(121) Pause Young (Allocation Failure) 348M->267M(495M) 4.362ms
[5.820s][info][gc] GC(122) Pause Young (Allocation Failure) 347M->298M(495M) 76.856ms
[5.878s][info][gc] GC(123) Pause Young (Allocation Failure) 378M->310M(495M) 29.332ms
[5.951s][info][gc] GC(124) Pause Young (Allocation Failure) 390M->323M(495M) 29.736ms
[5.986s][info][gc] GC(125) Pause Young (Allocation Failure) 403M->320M(495M) 1.262ms
[6.019s][info][gc] GC(126) Pause Young (Allocation Failure) 400M->320M(495M) 3.410ms
[6.032s][info][gc] GC(119) Concurrent Mark 379.625ms
[6.032s][info][gc] GC(119) Concurrent Preclean
[6.059s][info][gc] GC(127) Pause Young (Allocation Failure) 400M->324M(495M) 10.582ms
[6.085s][info][gc] GC(119) Concurrent Preclean 53.277ms
[6.085s][info][gc] GC(119) Concurrent Abortable Preclean
[6.116s][info][gc] GC(128) Pause Young (Allocation Failure) 404M->330M(495M) 19.708ms
[6.125s][info][gc] GC(119) Concurrent Abortable Preclean 40.045ms
[6.142s][info][gc] GC(119) Pause Remark 357M->357M(495M) 15.993ms
[6.142s][info][gc] GC(119) Concurrent Sweep
[6.191s][info][gc] GC(129) Pause Young (Allocation Failure) 409M->340M(495M) 29.331ms
[6.253s][info][gc] GC(130) Pause Young (Allocation Failure) 402M->338M(495M) 32.324ms
[6.284s][info][gc] GC(131) Pause Young (Allocation Failure) 410M->330M(495M) 2.980ms
[6.320s][info][gc] GC(132) Pause Young (Allocation Failure) 398M->318M(495M) 6.807ms
[6.363s][info][gc] GC(133) Pause Young (Allocation Failure) 390M->315M(495M) 13.782ms
[6.428s][info][gc] GC(134) Pause Young (Allocation Failure) 383M->313M(495M) 19.886ms
[6.485s][info][gc] GC(135) Pause Young (Allocation Failure) 385M->320M(495M) 27.605ms
[6.522s][info][gc] GC(136) Pause Young (Allocation Failure) 376M->294M(495M) 5.837ms
[6.560s][info][gc] GC(137) Pause Young (Allocation Failure) 368M->291M(495M) 8.638ms
[6.565s][info][gc] GC(119) Concurrent Sweep 422.901ms
[6.565s][info][gc] GC(119) Concurrent Reset
[6.571s][info][gc] GC(119) Concurrent Reset 6.318ms
[6.605s][info][gc] GC(138) Pause Young (Allocation Failure) 371M->294M(559M) 14.934ms
[6.653s][info][gc] GC(139) Pause Young (Allocation Failure) 374M->302M(559M) 19.352ms
[6.705s][info][gc] GC(140) Pause Young (Allocation Failure) 382M->315M(559M) 23.369ms
[6.709s][info][gc] GC(141) Pause Initial Mark 316M->316M(559M) 4.187ms
[6.709s][info][gc] GC(141) Concurrent Mark
[6.741s][info][gc] GC(142) Pause Young (Allocation Failure) 395M->312M(559M) 2.749ms
[6.777s][info][gc] GC(143) Pause Young (Allocation Failure) 392M->312M(559M) 5.058ms
[6.814s][info][gc] GC(144) Pause Young (Allocation Failure) 392M->315M(559M) 7.929ms
[6.858s][info][gc] GC(145) Pause Young (Allocation Failure) 395M->322M(559M) 16.095ms
[6.955s][info][gc] GC(146) Pause Young (Allocation Failure) 402M->362M(559M) 68.490ms
[7.031s][info][gc] GC(147) Pause Young (Allocation Failure) 442M->383M(559M) 44.491ms
[7.065s][info][gc] GC(148) Pause Young (Allocation Failure) 463M->383M(559M) 3.384ms
[7.100s][info][gc] GC(149) Pause Young (Allocation Failure) 463M->383M(559M) 7.461ms
[7.148s][info][gc] GC(150) Pause Young (Allocation Failure) 463M->389M(559M) 20.416ms
[7.201s][info][gc] GC(151) Pause Young (Allocation Failure) 469M->398M(559M) 23.897ms
[7.238s][info][gc] GC(141) Concurrent Mark 528.321ms
[7.271s][info][gc] GC(152) Pause Young (Allocation Failure) 478M->412M(559M) 33.474ms
[7.272s][info][gc] GC(141) Concurrent Preclean
[7.291s][info][gc] GC(141) Concurrent Preclean 19.507ms
[7.291s][info][gc] GC(141) Concurrent Abortable Preclean
[7.304s][info][gc] GC(153) Pause Young (Allocation Failure) 492M->410M(559M) 2.627ms
[7.338s][info][gc] GC(154) Pause Young (Allocation Failure) 490M->411M(559M) 6.175ms
[7.338s][info][gc] GC(141) Concurrent Abortable Preclean 46.853ms
[7.343s][info][gc] GC(141) Pause Remark 414M->414M(559M) 3.853ms
[7.343s][info][gc] GC(141) Concurrent Sweep
[7.387s][info][gc] GC(155) Pause Young (Allocation Failure) 482M->405M(559M) 13.181ms
[7.433s][info][gc] GC(156) Pause Young (Allocation Failure) 476M->403M(559M) 17.964ms
[7.488s][info][gc] GC(157) Pause Young (Allocation Failure) 468M->401M(559M) 26.046ms
[7.518s][info][gc] GC(158) Pause Young (Allocation Failure) 469M->387M(559M) 1.382ms
[7.551s][info][gc] GC(159) Pause Young (Allocation Failure) 444M->364M(559M) 4.034ms
[7.586s][info][gc] GC(160) Pause Young (Allocation Failure) 435M->358M(559M) 6.980ms
[7.633s][info][gc] GC(161) Pause Young (Allocation Failure) 438M->364M(559M) 17.315ms
[7.685s][info][gc] GC(162) Pause Young (Allocation Failure) 433M->364M(559M) 23.384ms
[7.753s][info][gc] GC(163) Pause Young (Allocation Failure) 418M->354M(559M) 29.875ms
[7.786s][info][gc] GC(164) Pause Young (Allocation Failure) 434M->354M(559M) 3.486ms
[7.792s][info][gc] GC(141) Concurrent Sweep 448.416ms
[7.792s][info][gc] GC(141) Concurrent Reset
[7.798s][info][gc] GC(141) Concurrent Reset 5.231ms
[7.823s][info][gc] GC(165) Pause Young (Allocation Failure) 434M->354M(663M) 7.402ms
[7.868s][info][gc] GC(166) Pause Young (Allocation Failure) 434M->358M(663M) 16.650ms
[7.918s][info][gc] GC(167) Pause Young (Allocation Failure) 438M->367M(663M) 20.654ms
[7.975s][info][gc] GC(168) Pause Young (Allocation Failure) 447M->382M(663M) 28.227ms
[7.979s][info][gc] GC(169) Pause Initial Mark 385M->385M(663M) 3.659ms
[7.980s][info][gc] GC(169) Concurrent Mark
[8.047s][info][gc] GC(170) Pause Young (Allocation Failure) 462M->401M(663M) 37.566ms
[8.098s][info][gc] GC(171) Pause Young (Allocation Failure) 481M->410M(663M) 14.788ms
[8.138s][info][gc] GC(172) Pause Young (Allocation Failure) 490M->412M(663M) 10.955ms
[8.191s][info][gc] GC(173) Pause Young (Allocation Failure) 492M->419M(663M) 24.132ms
[8.249s][info][gc] GC(174) Pause Young (Allocation Failure) 499M->432M(663M) 28.745ms
[8.284s][info][gc] GC(175) Pause Young (Allocation Failure) 512M->427M(663M) 7.204ms
[8.319s][info][gc] GC(176) Pause Young (Allocation Failure) 507M->429M(663M) 5.752ms
[8.355s][info][gc] GC(177) Pause Young (Allocation Failure) 509M->433M(663M) 6.840ms
[8.402s][info][gc] GC(178) Pause Young (Allocation Failure) 513M->439M(663M) 18.716ms
[8.420s][info][gc] GC(169) Concurrent Mark 440.352ms
[8.420s][info][gc] GC(169) Concurrent Preclean
[8.461s][info][gc] GC(179) Pause Young (Allocation Failure) 519M->450M(663M) 30.110ms
[8.525s][info][gc] GC(180) Pause Young (Allocation Failure) 530M->466M(663M) 34.122ms
[8.558s][info][gc] GC(181) Pause Young (Allocation Failure) 546M->466M(663M) 3.243ms
[8.565s][info][gc] GC(169) Concurrent Preclean 144.159ms
[8.565s][info][gc] GC(169) Concurrent Abortable Preclean
[8.594s][info][gc] GC(182) Pause Young (Allocation Failure) 546M->466M(663M) 7.118ms
[8.639s][info][gc] GC(183) Pause Young (Allocation Failure) 546M->471M(663M) 15.046ms
[8.639s][info][gc] GC(169) Concurrent Abortable Preclean 74.178ms
[8.645s][info][gc] GC(169) Pause Remark 474M->474M(663M) 5.866ms
[8.645s][info][gc] GC(169) Concurrent Sweep
[8.694s][info][gc] GC(184) Pause Young (Allocation Failure) 543M->472M(663M) 20.285ms
[8.751s][info][gc] GC(185) Pause Young (Allocation Failure) 541M->475M(663M) 28.490ms
[8.784s][info][gc] GC(186) Pause Young (Allocation Failure) 540M->457M(663M) 3.760ms
[8.823s][info][gc] GC(187) Pause Young (Allocation Failure) 527M->449M(663M) 4.466ms
[8.863s][info][gc] GC(188) Pause Young (Allocation Failure) 506M->429M(663M) 9.995ms
[8.910s][info][gc] GC(189) Pause Young (Allocation Failure) 505M->433M(663M) 18.114ms
[8.969s][info][gc] GC(190) Pause Young (Allocation Failure) 497M->430M(663M) 30.065ms
[9.005s][info][gc] GC(191) Pause Young (Allocation Failure) 498M->413M(663M) 7.340ms
[9.041s][info][gc] GC(192) Pause Young (Allocation Failure) 486M->408M(663M) 4.293ms
[9.125s][info][gc] GC(193) Pause Young (Allocation Failure) 468M->419M(663M) 55.026ms
[9.170s][info][gc] GC(194) Pause Young (Allocation Failure) 476M->402M(663M) 15.219ms
[9.224s][info][gc] GC(195) Pause Young (Allocation Failure) 480M->411M(663M) 23.457ms
[9.232s][info][gc] GC(169) Concurrent Sweep 586.905ms
[9.233s][info][gc] GC(169) Concurrent Reset
[9.241s][info][gc] GC(169) Concurrent Reset 8.667ms
[9.288s][info][gc] GC(196) Pause Young (Allocation Failure) 491M->428M(759M) 33.456ms
[9.293s][info][gc] GC(197) Pause Initial Mark 431M->431M(759M) 4.068ms
[9.293s][info][gc] GC(197) Concurrent Mark
[9.332s][info][gc] GC(198) Pause Young (Allocation Failure) 508M->428M(759M) 3.156ms
[9.367s][info][gc] GC(199) Pause Young (Allocation Failure) 508M->428M(759M) 5.391ms
[9.412s][info][gc] GC(200) Pause Young (Allocation Failure) 508M->432M(759M) 15.535ms
[9.462s][info][gc] GC(201) Pause Young (Allocation Failure) 512M->441M(759M) 19.097ms
[9.523s][info][gc] GC(202) Pause Young (Allocation Failure) 521M->456M(759M) 31.507ms
[9.557s][info][gc] GC(203) Pause Young (Allocation Failure) 536M->453M(759M) 3.633ms
[9.591s][info][gc] GC(204) Pause Young (Allocation Failure) 533M->455M(759M) 6.102ms
[9.633s][info][gc] GC(205) Pause Young (Allocation Failure) 535M->458M(759M) 12.487ms
[9.682s][info][gc] GC(206) Pause Young (Allocation Failure) 538M->466M(759M) 21.164ms
[9.743s][info][gc] GC(207) Pause Young (Allocation Failure) 546M->479M(759M) 31.809ms
[9.777s][info][gc] GC(208) Pause Young (Allocation Failure) 559M->479M(759M) 1.435ms
[9.810s][info][gc] GC(209) Pause Young (Allocation Failure) 559M->475M(759M) 4.602ms
[9.822s][info][gc] GC(197) Concurrent Mark 529.493ms
[9.823s][info][gc] GC(197) Concurrent Preclean
[9.828s][info][gc] GC(197) Concurrent Preclean 5.255ms
[9.828s][info][gc] GC(197) Concurrent Abortable Preclean
[9.852s][info][gc] GC(210) Pause Young (Allocation Failure) 555M->481M(759M) 13.247ms
[9.900s][info][gc] GC(211) Pause Young (Allocation Failure) 561M->487M(759M) 16.992ms
[9.910s][info][gc] GC(197) Concurrent Abortable Preclean 81.945ms
[9.930s][info][gc] GC(197) Pause Remark 515M->515M(759M) 17.671ms
[9.930s][info][gc] GC(197) Concurrent Sweep
[9.982s][info][gc] GC(212) Pause Young (Allocation Failure) 566M->497M(759M) 31.785ms
[10.049s][info][gc] GC(213) Pause Young (Allocation Failure) 559M->495M(759M) 29.387ms
[10.083s][info][gc] GC(214) Pause Young (Allocation Failure) 560M->477M(759M) 4.249ms
[10.121s][info][gc] GC(215) Pause Young (Allocation Failure) 549M->472M(759M) 8.788ms
[10.164s][info][gc] GC(216) Pause Young (Allocation Failure) 550M->475M(759M) 13.353ms
[10.249s][info][gc] GC(217) Pause Young (Allocation Failure) 547M->500M(759M) 56.172ms
[10.310s][info][gc] GC(218) Pause Young (Allocation Failure) 565M->499M(759M) 32.103ms
[10.344s][info][gc] GC(219) Pause Young (Allocation Failure) 572M->492M(759M) 4.635ms
[10.381s][info][gc] GC(220) Pause Young (Allocation Failure) 569M->488M(759M) 7.364ms
[10.422s][info][gc] GC(221) Pause Young (Allocation Failure) 560M->484M(759M) 11.630ms
[10.471s][info][gc] GC(222) Pause Young (Allocation Failure) 541M->469M(759M) 19.017ms
[10.526s][info][gc] GC(223) Pause Young (Allocation Failure) 525M->458M(759M) 26.244ms
[10.551s][info][gc] GC(197) Concurrent Sweep 620.655ms
[10.552s][info][gc] GC(197) Concurrent Reset
[10.557s][info][gc] GC(224) Pause Young (Allocation Failure) 530M->450M(823M) 1.416ms
[10.558s][info][gc] GC(197) Concurrent Reset 6.624ms
[10.590s][info][gc] GC(225) Pause Young (Allocation Failure) 530M->447M(823M) 3.907ms
[10.625s][info][gc] GC(226) Pause Young (Allocation Failure) 527M->451M(823M) 6.855ms
[10.670s][info][gc] GC(227) Pause Young (Allocation Failure) 531M->457M(823M) 16.274ms
[10.720s][info][gc] GC(228) Pause Young (Allocation Failure) 537M->468M(823M) 21.527ms
[10.779s][info][gc] GC(229) Pause Young (Allocation Failure) 548M->484M(823M) 30.905ms
[10.783s][info][gc] GC(230) Pause Initial Mark 486M->486M(823M) 3.710ms
[10.784s][info][gc] GC(230) Concurrent Mark
[10.819s][info][gc] GC(231) Pause Young (Allocation Failure) 564M->482M(823M) 7.083ms
[10.858s][info][gc] GC(232) Pause Young (Allocation Failure) 562M->485M(823M) 8.092ms
[10.903s][info][gc] GC(233) Pause Young (Allocation Failure) 565M->489M(823M) 15.516ms
[10.954s][info][gc] GC(234) Pause Young (Allocation Failure) 569M->499M(823M) 22.603ms
[11.018s][info][gc] GC(235) Pause Young (Allocation Failure) 579M->513M(823M) 35.310ms
[11.053s][info][gc] GC(236) Pause Young (Allocation Failure) 593M->508M(823M) 6.236ms
[11.087s][info][gc] GC(237) Pause Young (Allocation Failure) 588M->513M(823M) 5.541ms
[11.126s][info][gc] GC(238) Pause Young (Allocation Failure) 593M->516M(823M) 11.399ms
[11.182s][info][gc] GC(239) Pause Young (Allocation Failure) 596M->524M(823M) 20.137ms
[11.244s][info][gc] GC(240) Pause Young (Allocation Failure) 604M->537M(823M) 32.689ms
[11.296s][info][gc] GC(241) Pause Young (Allocation Failure) 617M->547M(823M) 20.908ms
[11.336s][info][gc] GC(242) Pause Young (Allocation Failure) 627M->549M(823M) 10.067ms
[11.377s][info][gc] GC(243) Pause Young (Allocation Failure) 629M->553M(823M) 9.846ms
[11.429s][info][gc] GC(244) Pause Young (Allocation Failure) 633M->558M(823M) 21.516ms
[11.452s][info][gc] GC(230) Concurrent Mark 668.670ms
[11.452s][info][gc] GC(230) Concurrent Preclean
[11.454s][info][gc] GC(230) Concurrent Preclean 1.837ms
[11.454s][info][gc] GC(230) Concurrent Abortable Preclean
[11.490s][info][gc] GC(245) Pause Young (Allocation Failure) 638M->569M(823M) 34.029ms
[11.506s][info][gc] GC(230) Concurrent Abortable Preclean 51.959ms
[11.531s][info][gc] GC(230) Pause Remark 616M->616M(823M) 24.577ms
[11.531s][info][gc] GC(230) Concurrent Sweep
[11.584s][info][gc] GC(246) Pause Young (Allocation Failure) 649M->585M(823M) 34.984ms
[11.617s][info][gc] GC(247) Pause Young (Allocation Failure) 649M->569M(823M) 3.693ms
[11.654s][info][gc] GC(248) Pause Young (Allocation Failure) 644M->564M(823M) 6.247ms
[11.695s][info][gc] GC(249) Pause Young (Allocation Failure) 639M->563M(823M) 12.363ms
[11.744s][info][gc] GC(250) Pause Young (Allocation Failure) 643M->572M(823M) 20.849ms
[11.806s][info][gc] GC(251) Pause Young (Allocation Failure) 649M->583M(823M) 33.357ms
[11.840s][info][gc] GC(252) Pause Young (Allocation Failure) 642M->559M(823M) 3.145ms
[11.875s][info][gc] GC(253) Pause Young (Allocation Failure) 630M->551M(823M) 6.598ms
[11.915s][info][gc] GC(254) Pause Young (Allocation Failure) 620M->544M(823M) 9.647ms
[11.964s][info][gc] GC(255) Pause Young (Allocation Failure) 600M->528M(823M) 19.322ms
[12.019s][info][gc] GC(256) Pause Young (Allocation Failure) 586M->519M(823M) 25.074ms
[12.048s][info][gc] GC(257) Pause Young (Allocation Failure) 576M->496M(823M) 1.269ms
[12.081s][info][gc] GC(258) Pause Young (Allocation Failure) 567M->484M(823M) 3.786ms
[12.118s][info][gc] GC(259) Pause Young (Allocation Failure) 543M->467M(823M) 8.038ms
[12.163s][info][gc] GC(260) Pause Young (Allocation Failure) 547M->473M(823M) 15.670ms
[12.183s][info][gc] GC(230) Concurrent Sweep 652.112ms
[12.183s][info][gc] GC(230) Concurrent Reset
[12.189s][info][gc] GC(230) Concurrent Reset 5.563ms
[12.221s][info][gc] GC(261) Pause Young (Allocation Failure) 553M->484M(862M) 27.379ms
[12.285s][info][gc] GC(262) Pause Young (Allocation Failure) 564M->500M(862M) 35.507ms
[12.290s][info][gc] GC(263) Pause Initial Mark 503M->503M(862M) 4.268ms
[12.290s][info][gc] GC(263) Concurrent Mark
[12.367s][info][gc] GC(264) Pause Young (Allocation Failure) 580M->521M(862M) 47.537ms
[12.413s][info][gc] GC(265) Pause Young (Allocation Failure) 601M->529M(862M) 15.792ms
[12.459s][info][gc] GC(266) Pause Young (Allocation Failure) 609M->533M(862M) 15.222ms
[12.510s][info][gc] GC(267) Pause Young (Allocation Failure) 613M->542M(862M) 19.581ms
[12.569s][info][gc] GC(268) Pause Young (Allocation Failure) 622M->556M(862M) 30.225ms
[12.601s][info][gc] GC(269) Pause Young (Allocation Failure) 636M->556M(862M) 2.245ms
[12.637s][info][gc] GC(270) Pause Young (Allocation Failure) 636M->556M(862M) 6.347ms
[12.678s][info][gc] GC(271) Pause Young (Allocation Failure) 636M->559M(862M) 12.474ms
[12.726s][info][gc] GC(272) Pause Young (Allocation Failure) 639M->566M(862M) 19.486ms
[12.785s][info][gc] GC(273) Pause Young (Allocation Failure) 646M->579M(862M) 29.804ms
[12.815s][info][gc] GC(274) Pause Young (Allocation Failure) 659M->576M(862M) 1.813ms
[12.853s][info][gc] GC(275) Pause Young (Allocation Failure) 656M->576M(862M) 5.354ms
[12.891s][info][gc] GC(276) Pause Young (Allocation Failure) 656M->580M(862M) 8.301ms
[12.901s][info][gc] GC(263) Concurrent Mark 610.377ms
[12.901s][info][gc] GC(263) Concurrent Preclean
[12.941s][info][gc] GC(277) Pause Young (Allocation Failure) 660M->586M(862M) 20.646ms
[12.998s][info][gc] GC(278) Pause Young (Allocation Failure) 666M->597M(862M) 29.619ms
[13.064s][info][gc] GC(279) Pause Young (Allocation Failure) 677M->613M(862M) 37.100ms
[13.098s][info][gc] GC(280) Pause Young (Allocation Failure) 693M->613M(862M) 5.120ms
[13.112s][info][gc] GC(263) Concurrent Preclean 211.779ms
[13.112s][info][gc] GC(263) Concurrent Abortable Preclean
[13.133s][info][gc] GC(281) Pause Young (Allocation Failure) 693M->613M(862M) 5.617ms
[13.176s][info][gc] GC(282) Pause Young (Allocation Failure) 693M->617M(862M) 13.554ms
[13.176s][info][gc] GC(263) Concurrent Abortable Preclean 63.778ms
[13.185s][info][gc] GC(263) Pause Remark 620M->620M(862M) 8.185ms
[13.185s][info][gc] GC(263) Concurrent Sweep
[13.237s][info][gc] GC(283) Pause Young (Allocation Failure) 690M->619M(862M) 23.685ms
[13.298s][info][gc] GC(284) Pause Young (Allocation Failure) 690M->624M(862M) 31.594ms
[13.333s][info][gc] GC(285) Pause Young (Allocation Failure) 697M->617M(862M) 2.948ms
[13.367s][info][gc] GC(286) Pause Young (Allocation Failure) 695M->614M(862M) 5.179ms
[13.457s][info][gc] GC(287) Pause Young (Allocation Failure) 694M->645M(862M) 62.304ms
[13.513s][info][gc] GC(288) Pause Young (Allocation Failure) 709M->639M(862M) 26.814ms
[13.569s][info][gc] GC(289) Pause Young (Allocation Failure) 703M->636M(862M) 26.759ms
[13.600s][info][gc] GC(290) Pause Young (Allocation Failure) 709M->626M(862M) 1.776ms
[13.639s][info][gc] GC(291) Pause Young (Allocation Failure) 705M->623M(862M) 9.782ms
[13.678s][info][gc] GC(292) Pause Young (Allocation Failure) 700M->625M(862M) 9.546ms
[13.722s][info][gc] GC(293) Pause Young (Allocation Failure) 682M->608M(862M) 14.970ms
[13.780s][info][gc] GC(294) Pause Young (Allocation Failure) 677M->608M(862M) 29.806ms
[13.841s][info][gc] GC(295) Pause Young (Allocation Failure) 669M->605M(862M) 31.986ms
[13.874s][info][gc] GC(296) Pause Young (Allocation Failure) 671M->591M(862M) 3.339ms
[13.908s][info][gc] GC(297) Pause Young (Allocation Failure) 652M->572M(862M) 5.945ms
[13.948s][info][gc] GC(298) Pause Young (Allocation Failure) 652M->576M(862M) 11.590ms
[13.955s][info][gc] GC(263) Concurrent Sweep 769.718ms
[13.955s][info][gc] GC(263) Concurrent Reset
[13.964s][info][gc] GC(263) Concurrent Reset 8.471ms
[14.007s][info][gc] GC(299) Pause Young (Allocation Failure) 656M->585M(1033M) 27.297ms
[14.063s][info][gc] GC(300) Pause Young (Allocation Failure) 665M->600M(1033M) 28.199ms
[14.070s][info][gc] GC(301) Pause Initial Mark 603M->603M(1033M) 6.068ms
[14.070s][info][gc] GC(301) Concurrent Mark
[14.103s][info][gc] GC(302) Pause Young (Allocation Failure) 680M->600M(1033M) 4.103ms
[14.137s][info][gc] GC(303) Pause Young (Allocation Failure) 680M->599M(1033M) 4.924ms
[14.178s][info][gc] GC(304) Pause Young (Allocation Failure) 679M->602M(1033M) 12.717ms
[14.229s][info][gc] GC(305) Pause Young (Allocation Failure) 682M->610M(1033M) 20.921ms
[14.287s][info][gc] GC(306) Pause Young (Allocation Failure) 690M->623M(1033M) 29.608ms
[14.320s][info][gc] GC(307) Pause Young (Allocation Failure) 703M->620M(1033M) 3.492ms
[14.356s][info][gc] GC(308) Pause Young (Allocation Failure) 700M->619M(1033M) 6.743ms
[14.394s][info][gc] GC(309) Pause Young (Allocation Failure) 699M->624M(1033M) 8.913ms
[14.441s][info][gc] GC(310) Pause Young (Allocation Failure) 704M->630M(1033M) 17.526ms
[14.543s][info][gc] GC(311) Pause Young (Allocation Failure) 710M->669M(1033M) 73.760ms
[14.616s][info][gc] GC(312) Pause Young (Allocation Failure) 749M->691M(1033M) 44.161ms
[14.652s][info][gc] GC(313) Pause Young (Allocation Failure) 771M->688M(1033M) 7.136ms
[14.691s][info][gc] GC(314) Pause Young (Allocation Failure) 768M->690M(1033M) 9.727ms
[14.737s][info][gc] GC(315) Pause Young (Allocation Failure) 770M->695M(1033M) 17.792ms
[14.793s][info][gc] GC(316) Pause Young (Allocation Failure) 775M->704M(1033M) 28.251ms
[14.861s][info][gc] GC(317) Pause Young (Allocation Failure) 784M->719M(1033M) 37.322ms
[14.904s][info][gc] GC(318) Pause Young (Allocation Failure) 799M->719M(1033M) 2.514ms
[14.940s][info][gc] GC(319) Pause Young (Allocation Failure) 799M->718M(1033M) 5.722ms
[14.983s][info][gc] GC(320) Pause Young (Allocation Failure) 798M->721M(1033M) 14.322ms
[15.012s][info][gc] GC(301) Concurrent Mark 941.932ms
[15.035s][info][gc] GC(321) Pause Young (Allocation Failure) 801M->729M(1033M) 22.758ms
[15.035s][info][gc] GC(301) Concurrent Preclean
[15.063s][info][gc] GC(301) Concurrent Preclean 28.008ms
[15.063s][info][gc] GC(301) Concurrent Abortable Preclean
[15.099s][info][gc] GC(322) Pause Young (Allocation Failure) 809M->742M(1033M) 35.759ms
[15.118s][info][gc] GC(301) Concurrent Abortable Preclean 55.169ms
[15.146s][info][gc] GC(301) Pause Remark 798M->798M(1033M) 26.980ms
[15.146s][info][gc] GC(301) Concurrent Sweep
[15.168s][info][gc] GC(323) Pause Young (Allocation Failure) 822M->737M(1033M) 2.169ms
[15.203s][info][gc] GC(324) Pause Young (Allocation Failure) 800M->722M(1033M) 5.544ms
[15.244s][info][gc] GC(325) Pause Young (Allocation Failure) 799M->724M(1033M) 10.733ms
[15.290s][info][gc] GC(326) Pause Young (Allocation Failure) 801M->727M(1033M) 16.872ms
[15.343s][info][gc] GC(327) Pause Young (Allocation Failure) 807M->738M(1033M) 25.205ms
[15.410s][info][gc] GC(328) Pause Young (Allocation Failure) 818M->754M(1033M) 38.830ms
[15.446s][info][gc] GC(329) Pause Young (Allocation Failure) 817M->735M(1033M) 7.343ms
[15.482s][info][gc] GC(330) Pause Young (Allocation Failure) 806M->729M(1033M) 8.445ms
[15.527s][info][gc] GC(331) Pause Young (Allocation Failure) 799M->723M(1033M) 11.627ms
[15.579s][info][gc] GC(332) Pause Young (Allocation Failure) 789M->718M(1033M) 22.655ms
[15.637s][info][gc] GC(333) Pause Young (Allocation Failure) 780M->714M(1033M) 28.232ms
[15.708s][info][gc] GC(334) Pause Young (Allocation Failure) 770M->710M(1033M) 41.608ms
[15.758s][info][gc] GC(335) Pause Young (Allocation Failure) 768M->696M(1033M) 20.462ms
[15.797s][info][gc] GC(336) Pause Young (Allocation Failure) 754M->677M(1033M) 10.840ms
[15.850s][info][gc] GC(337) Pause Young (Allocation Failure) 752M->680M(1033M) 19.151ms
[15.908s][info][gc] GC(338) Pause Young (Allocation Failure) 755M->688M(1033M) 28.262ms
[15.938s][info][gc] GC(339) Pause Young (Allocation Failure) 744M->664M(1033M) 1.554ms
[15.975s][info][gc] GC(340) Pause Young (Allocation Failure) 734M->651M(1033M) 7.917ms
[16.014s][info][gc] GC(341) Pause Young (Allocation Failure) 731M->655M(1033M) 7.760ms
[16.041s][info][gc] GC(301) Concurrent Sweep 895.253ms
[16.041s][info][gc] GC(301) Concurrent Reset
[16.064s][info][gc] GC(342) Pause Young (Allocation Failure) 735M->661M(1165M) 17.949ms
[16.065s][info][gc] GC(301) Concurrent Reset 23.755ms
[16.118s][info][gc] GC(343) Pause Young (Allocation Failure) 741M->672M(1165M) 24.694ms
[16.177s][info][gc] GC(344) Pause Young (Allocation Failure) 752M->688M(1165M) 30.166ms
[16.182s][info][gc] GC(345) Pause Initial Mark 691M->691M(1165M) 4.154ms
[16.182s][info][gc] GC(345) Concurrent Mark
[16.218s][info][gc] GC(346) Pause Young (Allocation Failure) 768M->688M(1165M) 4.575ms
[16.254s][info][gc] GC(347) Pause Young (Allocation Failure) 768M->688M(1165M) 6.572ms
[16.296s][info][gc] GC(348) Pause Young (Allocation Failure) 768M->693M(1165M) 13.233ms
[16.349s][info][gc] GC(349) Pause Young (Allocation Failure) 773M->702M(1165M) 23.597ms
[16.410s][info][gc] GC(350) Pause Young (Allocation Failure) 782M->717M(1165M) 30.964ms
[16.443s][info][gc] GC(351) Pause Young (Allocation Failure) 797M->717M(1165M) 4.244ms
[16.480s][info][gc] GC(352) Pause Young (Allocation Failure) 797M->715M(1165M) 7.800ms
[16.528s][info][gc] GC(353) Pause Young (Allocation Failure) 795M->720M(1165M) 11.340ms
[16.577s][info][gc] GC(354) Pause Young (Allocation Failure) 800M->727M(1165M) 20.572ms
[16.632s][info][gc] GC(355) Pause Young (Allocation Failure) 807M->740M(1165M) 26.888ms
[16.663s][info][gc] GC(356) Pause Young (Allocation Failure) 820M->738M(1165M) 2.447ms
[16.698s][info][gc] GC(357) Pause Young (Allocation Failure) 818M->738M(1165M) 6.724ms
[16.782s][info][gc] GC(358) Pause Young (Allocation Failure) 818M->769M(1165M) 52.482ms
[16.838s][info][gc] GC(359) Pause Young (Allocation Failure) 849M->776M(1165M) 25.441ms
[16.905s][info][gc] GC(360) Pause Young (Allocation Failure) 856M->786M(1165M) 31.561ms
[16.982s][info][gc] GC(361) Pause Young (Allocation Failure) 866M->802M(1165M) 37.929ms
[17.014s][info][gc] GC(362) Pause Young (Allocation Failure) 882M->802M(1165M) 3.404ms
[17.049s][info][gc] GC(363) Pause Young (Allocation Failure) 882M->802M(1165M) 6.443ms
[17.092s][info][gc] GC(364) Pause Young (Allocation Failure) 882M->806M(1165M) 14.009ms
[17.145s][info][gc] GC(365) Pause Young (Allocation Failure) 886M->815M(1165M) 23.777ms
[17.207s][info][gc] GC(366) Pause Young (Allocation Failure) 895M->829M(1165M) 33.640ms
[17.243s][info][gc] GC(367) Pause Young (Allocation Failure) 909M->826M(1165M) 3.921ms
[17.254s][info][gc] GC(345) Concurrent Mark 1071.819ms
[17.254s][info][gc] GC(345) Concurrent Preclean
[17.280s][info][gc] GC(368) Pause Young (Allocation Failure) 906M->827M(1165M) 8.851ms
[17.300s][info][gc] GC(345) Concurrent Preclean 46.518ms
[17.300s][info][gc] GC(345) Concurrent Abortable Preclean
[17.322s][info][gc] GC(369) Pause Young (Allocation Failure) 907M->831M(1165M) 9.800ms
[17.327s][info][gc] GC(345) Concurrent Abortable Preclean 26.758ms
[17.340s][info][gc] GC(345) Pause Remark 847M->847M(1165M) 13.037ms
[17.340s][info][gc] GC(345) Concurrent Sweep
[17.385s][info][gc] GC(370) Pause Young (Allocation Failure) 908M->835M(1165M) 19.756ms
[17.444s][info][gc] GC(371) Pause Young (Allocation Failure) 901M->833M(1165M) 30.486ms
[17.509s][info][gc] GC(372) Pause Young (Allocation Failure) 911M->849M(1165M) 36.639ms
[17.544s][info][gc] GC(373) Pause Young (Allocation Failure) 925M->846M(1165M) 5.497ms
[17.584s][info][gc] GC(374) Pause Young (Allocation Failure) 926M->846M(1165M) 7.823ms
[17.629s][info][gc] GC(375) Pause Young (Allocation Failure) 925M->850M(1165M) 15.589ms
[17.682s][info][gc] GC(376) Pause Young (Allocation Failure) 911M->842M(1165M) 22.454ms
[17.745s][info][gc] GC(377) Pause Young (Allocation Failure) 913M->849M(1165M) 29.283ms
[17.778s][info][gc] GC(378) Pause Young (Allocation Failure) 926M->846M(1165M) 5.252ms
[17.817s][info][gc] GC(379) Pause Young (Allocation Failure) 917M->837M(1165M) 10.478ms
[17.862s][info][gc] GC(380) Pause Young (Allocation Failure) 893M->816M(1165M) 14.775ms
[17.945s][info][gc] GC(381) Pause Young (Allocation Failure) 889M->842M(1165M) 52.794ms
[18.009s][info][gc] GC(382) Pause Young (Allocation Failure) 903M->837M(1165M) 34.606ms
[18.044s][info][gc] GC(383) Pause Young (Allocation Failure) 906M->823M(1165M) 3.597ms
[18.081s][info][gc] GC(384) Pause Young (Allocation Failure) 884M->805M(1165M) 7.608ms
[18.123s][info][gc] GC(385) Pause Young (Allocation Failure) 885M->809M(1165M) 13.516ms
[18.171s][info][gc] GC(386) Pause Young (Allocation Failure) 876M->803M(1165M) 18.019ms
[18.226s][info][gc] GC(387) Pause Young (Allocation Failure) 861M->793M(1165M) 26.354ms
[18.288s][info][gc] GC(388) Pause Young (Allocation Failure) 850M->788M(1165M) 33.198ms
[18.324s][info][gc] GC(389) Pause Young (Allocation Failure) 843M->760M(1165M) 5.690ms
[18.361s][info][gc] GC(390) Pause Young (Allocation Failure) 835M->759M(1165M) 8.199ms
[18.410s][info][gc] GC(391) Pause Young (Allocation Failure) 839M->764M(1165M) 17.746ms
[18.419s][info][gc] GC(345) Concurrent Sweep 1078.608ms
[18.419s][info][gc] GC(345) Concurrent Reset
[18.428s][info][gc] GC(345) Concurrent Reset 8.309ms
[18.469s][info][gc] GC(392) Pause Young (Allocation Failure) 844M->775M(1347M) 27.088ms
[18.527s][info][gc] GC(393) Pause Young (Allocation Failure) 855M->791M(1347M) 29.474ms
[18.532s][info][gc] GC(394) Pause Initial Mark 794M->794M(1347M) 4.180ms
[18.533s][info][gc] GC(394) Concurrent Mark
[18.565s][info][gc] GC(395) Pause Young (Allocation Failure) 871M->791M(1347M) 4.349ms
[18.605s][info][gc] GC(396) Pause Young (Allocation Failure) 871M->791M(1347M) 10.638ms
[18.649s][info][gc] GC(397) Pause Young (Allocation Failure) 871M->795M(1347M) 15.548ms
[18.702s][info][gc] GC(398) Pause Young (Allocation Failure) 875M->804M(1347M) 23.454ms
[18.762s][info][gc] GC(399) Pause Young (Allocation Failure) 884M->818M(1347M) 31.205ms
[18.797s][info][gc] GC(400) Pause Young (Allocation Failure) 898M->818M(1347M) 4.065ms
[18.836s][info][gc] GC(401) Pause Young (Allocation Failure) 898M->817M(1347M) 7.371ms
[18.877s][info][gc] GC(402) Pause Young (Allocation Failure) 897M->820M(1347M) 12.378ms
[18.930s][info][gc] GC(403) Pause Young (Allocation Failure) 900M->827M(1347M) 21.180ms
[18.990s][info][gc] GC(404) Pause Young (Allocation Failure) 907M->840M(1347M) 31.133ms
[19.081s][info][gc] GC(405) Pause Young (Allocation Failure) 920M->873M(1347M) 62.093ms
[19.116s][info][gc] GC(406) Pause Young (Allocation Failure) 953M->873M(1347M) 5.931ms
[19.151s][info][gc] GC(407) Pause Young (Allocation Failure) 953M->874M(1347M) 7.532ms
[19.200s][info][gc] GC(408) Pause Young (Allocation Failure) 954M->879M(1347M) 20.656ms
[19.258s][info][gc] GC(409) Pause Young (Allocation Failure) 959M->890M(1347M) 26.826ms
[19.322s][info][gc] GC(410) Pause Young (Allocation Failure) 970M->906M(1347M) 35.338ms
[19.355s][info][gc] GC(411) Pause Young (Allocation Failure) 986M->906M(1347M) 4.072ms
[19.392s][info][gc] GC(412) Pause Young (Allocation Failure) 986M->906M(1347M) 8.346ms
[19.439s][info][gc] GC(413) Pause Young (Allocation Failure) 986M->910M(1347M) 18.014ms
[19.494s][info][gc] GC(414) Pause Young (Allocation Failure) 990M->919M(1347M) 26.714ms
[19.554s][info][gc] GC(415) Pause Young (Allocation Failure) 999M->933M(1347M) 30.965ms
[19.586s][info][gc] GC(416) Pause Young (Allocation Failure) 1013M->933M(1347M) 2.668ms
[19.602s][info][gc] GC(394) Concurrent Mark 1069.557ms
[19.602s][info][gc] GC(394) Concurrent Preclean
[19.622s][info][gc] GC(417) Pause Young (Allocation Failure) 1013M->931M(1347M) 6.039ms
[19.667s][info][gc] GC(418) Pause Young (Allocation Failure) 1011M->935M(1347M) 14.716ms
[19.719s][info][gc] GC(419) Pause Young (Allocation Failure) 1015M->942M(1347M) 22.572ms
[19.739s][info][gc] GC(394) Concurrent Preclean 136.531ms
[19.739s][info][gc] GC(394) Concurrent Abortable Preclean
[19.787s][info][gc] GC(420) Pause Young (Allocation Failure) 1022M->955M(1347M) 28.398ms
[19.807s][info][gc] GC(394) Concurrent Abortable Preclean 68.119ms
[19.833s][info][gc] GC(394) Pause Remark 1011M->1011M(1347M) 23.545ms
[19.833s][info][gc] GC(394) Concurrent Sweep
[19.885s][info][gc] GC(421) Pause Young (Allocation Failure) 1035M->972M(1347M) 42.275ms
[19.925s][info][gc] GC(422) Pause Young (Allocation Failure) 1036M->953M(1347M) 7.126ms
[19.963s][info][gc] GC(423) Pause Young (Allocation Failure) 1030M->953M(1347M) 8.108ms
[20.012s][info][gc] GC(424) Pause Young (Allocation Failure) 1031M->957M(1347M) 19.621ms
[20.066s][info][gc] GC(425) Pause Young (Allocation Failure) 1037M->967M(1347M) 23.876ms
[20.133s][info][gc] GC(426) Pause Young (Allocation Failure) 1045M->981M(1347M) 38.433ms
[20.206s][info][gc] GC(427) Pause Young (Allocation Failure) 1045M->986M(1347M) 44.993ms
[20.268s][info][gc] GC(428) Pause Young (Allocation Failure) 1057M->983M(1347M) 31.873ms
[20.313s][info][gc] GC(429) Pause Young (Allocation Failure) 1063M->987M(1347M) 16.052ms
[20.366s][info][gc] GC(430) Pause Young (Allocation Failure) 1065M->994M(1347M) 24.430ms
[20.430s][info][gc] GC(431) Pause Young (Allocation Failure) 1060M->995M(1347M) 34.559ms
[20.465s][info][gc] GC(432) Pause Young (Allocation Failure) 1052M->970M(1347M) 6.243ms
[20.500s][info][gc] GC(433) Pause Young (Allocation Failure) 1029M->950M(1347M) 6.071ms
[20.541s][info][gc] GC(434) Pause Young (Allocation Failure) 1007M->931M(1347M) 10.893ms
[20.590s][info][gc] GC(435) Pause Young (Allocation Failure) 1001M->928M(1347M) 19.771ms
[20.647s][info][gc] GC(436) Pause Young (Allocation Failure) 987M->920M(1347M) 28.334ms
[20.710s][info][gc] GC(437) Pause Young (Allocation Failure) 977M->915M(1347M) 34.713ms
[20.753s][info][gc] GC(438) Pause Young (Allocation Failure) 989M->906M(1347M) 6.009ms
[20.793s][info][gc] GC(439) Pause Young (Allocation Failure) 977M->901M(1347M) 10.891ms
[20.839s][info][gc] GC(440) Pause Young (Allocation Failure) 981M->906M(1347M) 16.533ms
[20.895s][info][gc] GC(441) Pause Young (Allocation Failure) 977M->907M(1347M) 26.840ms
[20.960s][info][gc] GC(442) Pause Young (Allocation Failure) 964M->900M(1347M) 36.047ms
[20.994s][info][gc] GC(443) Pause Young (Allocation Failure) 967M->885M(1347M) 4.964ms
[21.037s][info][gc] GC(444) Pause Young (Allocation Failure) 941M->863M(1347M) 13.306ms
[21.083s][info][gc] GC(445) Pause Young (Allocation Failure) 933M->857M(1347M) 14.892ms
[21.133s][info][gc] GC(446) Pause Young (Allocation Failure) 937M->866M(1347M) 21.026ms
[21.191s][info][gc] GC(447) Pause Young (Allocation Failure) 946M->880M(1347M) 29.722ms
[21.199s][info][gc] GC(394) Concurrent Sweep 1366.276ms
[21.200s][info][gc] GC(394) Concurrent Reset
[21.207s][info][gc] GC(394) Concurrent Reset 6.349ms
[21.229s][info][gc] GC(448) Pause Young (Allocation Failure) 960M->878M(1541M) 7.511ms
[21.267s][info][gc] GC(449) Pause Young (Allocation Failure) 958M->878M(1541M) 8.192ms
[21.350s][info][gc] GC(450) Pause Young (Allocation Failure) 958M->910M(1541M) 55.349ms
[21.354s][info][gc] GC(451) Pause Initial Mark 913M->913M(1541M) 3.392ms
[21.354s][info][gc] GC(451) Concurrent Mark
[21.443s][info][gc] GC(452) Pause Young (Allocation Failure) 990M->943M(1541M) 61.009ms
[21.509s][info][gc] GC(453) Pause Young (Allocation Failure) 1023M->962M(1541M) 36.348ms
[21.578s][info][gc] GC(454) Pause Young (Allocation Failure) 1042M->980M(1541M) 34.222ms
[21.611s][info][gc] GC(455) Pause Young (Allocation Failure) 1060M->980M(1541M) 4.632ms
[21.652s][info][gc] GC(456) Pause Young (Allocation Failure) 1060M->980M(1541M) 12.130ms
[21.698s][info][gc] GC(457) Pause Young (Allocation Failure) 1060M->986M(1541M) 16.895ms
[21.753s][info][gc] GC(458) Pause Young (Allocation Failure) 1066M->997M(1541M) 25.800ms
[21.820s][info][gc] GC(459) Pause Young (Allocation Failure) 1077M->1013M(1541M) 37.604ms
[21.857s][info][gc] GC(460) Pause Young (Allocation Failure) 1093M->1010M(1541M) 6.839ms
[21.895s][info][gc] GC(461) Pause Young (Allocation Failure) 1090M->1013M(1541M) 9.575ms
[21.941s][info][gc] GC(462) Pause Young (Allocation Failure) 1093M->1016M(1541M) 14.865ms
[21.995s][info][gc] GC(463) Pause Young (Allocation Failure) 1096M->1026M(1541M) 24.702ms
[22.058s][info][gc] GC(464) Pause Young (Allocation Failure) 1106M->1040M(1541M) 33.638ms
[22.091s][info][gc] GC(465) Pause Young (Allocation Failure) 1120M->1040M(1541M) 3.414ms
[22.128s][info][gc] GC(466) Pause Young (Allocation Failure) 1120M->1038M(1541M) 7.969ms
[22.172s][info][gc] GC(467) Pause Young (Allocation Failure) 1118M->1042M(1541M) 14.610ms
[22.223s][info][gc] GC(468) Pause Young (Allocation Failure) 1122M->1049M(1541M) 22.598ms
[22.281s][info][gc] GC(469) Pause Young (Allocation Failure) 1129M->1062M(1541M) 28.347ms
[22.347s][info][gc] GC(470) Pause Young (Allocation Failure) 1142M->1079M(1541M) 36.949ms
[22.380s][info][gc] GC(471) Pause Young (Allocation Failure) 1159M->1079M(1541M) 4.961ms
[22.417s][info][gc] GC(472) Pause Young (Allocation Failure) 1159M->1080M(1541M) 8.746ms
[22.467s][info][gc] GC(473) Pause Young (Allocation Failure) 1160M->1086M(1541M) 19.380ms
-------------------------------------------------------------------------
Total execution time: 22357 milliseconds
GC execution time: 8696 milliseconds
GC iterations: 473
Payload percentage: 61 %
-------------------------------------------------------------------------
Memory allocation statistic
init = 2555904(2496K) used = 1068928(1043K) committed = 2555904(2496K) max = 5832704(5696K)
init = 0(0K) used = 7167200(6999K) committed = 7602176(7424K) max = -1(-1K)
init = 2555904(2496K) used = 651264(636K) committed = 2555904(2496K) max = 122912768(120032K)
init = 0(0K) used = 675504(659K) committed = 786432(768K) max = 1073741824(1048576K)
init = 83886080(81920K) used = 20964960(20473K) committed = 83886080(81920K) max = 279183360(272640K)
init = 10485760(10240K) used = 10485760(10240K) committed = 10485760(10240K) max = 34865152(34048K)
init = 2555904(2496K) used = 121472(118K) committed = 2555904(2496K) max = 122912768(120032K)
init = 209715200(204800K) used = 1128383152(1101936K) committed = 1521930240(1486260K) max = 1748238336(1707264K)
[22.667s][info][gc] GC(451) Concurrent Mark 1312.241ms
[22.667s][info][gc] GC(451) Concurrent Preclean
[22.688s][info][gc] GC(451) Concurrent Preclean 20.916ms
[22.688s][info][gc] GC(451) Concurrent Abortable Preclean
[22.688s][info][gc] GC(451) Concurrent Abortable Preclean 0.030ms
[22.698s][info][gc] GC(451) Pause Remark 1107M->1107M(1541M) 10.301ms
[22.698s][info][gc] GC(451) Concurrent Sweep
[23.487s][info][gc] GC(451) Concurrent Sweep 788.489ms
[23.487s][info][gc] GC(451) Concurrent Reset
[23.490s][info][gc] GC(451) Concurrent Reset 3.293ms
----------------------------------------------------------------------------------------------
G1 GC execution
[0.029s][info][gc] Using G1
[0.149s][info][gc] GC(0) Pause Young (Normal) (G1 Evacuation Pause) 15M->11M(300M) 12.300ms
[0.167s][info][gc] GC(1) Pause Young (Normal) (G1 Evacuation Pause) 24M->21M(300M) 14.015ms
[0.189s][info][gc] GC(2) Pause Young (Normal) (G1 Evacuation Pause) 37M->34M(300M) 16.850ms
[0.214s][info][gc] GC(3) Pause Young (Normal) (G1 Evacuation Pause) 55M->52M(300M) 18.382ms
[0.252s][info][gc] GC(4) Pause Young (Normal) (G1 Evacuation Pause) 79M->73M(900M) 29.875ms
[0.297s][info][gc] GC(5) Pause Young (Normal) (G1 Evacuation Pause) 114M->86M(900M) 16.307ms
[0.644s][info][gc] GC(6) Pause Young (Normal) (G1 Evacuation Pause) 620M->86M(900M) 4.540ms
[0.848s][info][gc] GC(7) Pause Young (Normal) (G1 Evacuation Pause) 620M->102M(900M) 14.882ms
[1.051s][info][gc] GC(8) Pause Young (Normal) (G1 Evacuation Pause) 620M->106M(900M) 18.453ms
[1.279s][info][gc] GC(9) Pause Young (Normal) (G1 Evacuation Pause) 620M->135M(1340M) 44.504ms
[1.748s][info][gc] GC(10) Pause Young (Normal) (G1 Evacuation Pause) 884M->120M(1340M) 34.663ms
[2.052s][info][gc] GC(11) Pause Young (Normal) (G1 Evacuation Pause) 912M->138M(1340M) 23.321ms
[2.349s][info][gc] GC(12) Pause Young (Normal) (G1 Evacuation Pause) 912M->140M(1340M) 25.071ms
[2.649s][info][gc] GC(13) Pause Young (Normal) (G1 Evacuation Pause) 911M->142M(1481M) 23.151ms
[3.054s][info][gc] GC(14) Pause Young (Normal) (G1 Evacuation Pause) 996M->179M(1481M) 50.178ms
[3.400s][info][gc] GC(15) Pause Young (Normal) (G1 Evacuation Pause) 995M->186M(1481M) 58.294ms
[3.738s][info][gc] GC(16) Pause Young (Normal) (G1 Evacuation Pause) 1023M->211M(1481M) 43.808ms
[4.076s][info][gc] GC(17) Pause Young (Normal) (G1 Evacuation Pause) 1024M->216M(1581M) 51.738ms
[4.470s][info][gc] GC(18) Pause Young (Normal) (G1 Evacuation Pause) 1111M->228M(1581M) 40.842ms
[4.824s][info][gc] GC(19) Pause Young (Normal) (G1 Evacuation Pause) 1111M->233M(1581M) 43.650ms
[5.181s][info][gc] GC(20) Pause Young (Normal) (G1 Evacuation Pause) 1141M->255M(1581M) 36.367ms
[5.538s][info][gc] GC(21) Pause Young (Normal) (G1 Evacuation Pause) 1141M->261M(1636M) 44.194ms
[5.929s][info][gc] GC(22) Pause Young (Normal) (G1 Evacuation Pause) 1202M->280M(1636M) 36.121ms
[6.300s][info][gc] GC(23) Pause Young (Normal) (G1 Evacuation Pause) 1202M->284M(1636M) 46.829ms
[6.684s][info][gc] GC(24) Pause Young (Normal) (G1 Evacuation Pause) 1201M->313M(1636M) 59.763ms
[7.048s][info][gc] GC(25) Pause Young (Normal) (G1 Evacuation Pause) 1229M->315M(1687M) 39.123ms
[7.463s][info][gc] GC(26) Pause Young (Normal) (G1 Evacuation Pause) 1289M->359M(1687M) 49.984ms
[7.829s][info][gc] GC(27) Pause Young (Normal) (G1 Evacuation Pause) 1289M->343M(1687M) 39.034ms
[8.229s][info][gc] GC(28) Pause Young (Normal) (G1 Evacuation Pause) 1319M->389M(1687M) 55.880ms
[8.599s][info][gc] GC(29) Pause Young (Normal) (G1 Evacuation Pause) 1318M->372M(1725M) 42.473ms
[9.011s][info][gc] GC(30) Pause Young (Normal) (G1 Evacuation Pause) 1370M->406M(1725M) 44.385ms
[9.399s][info][gc] GC(31) Pause Young (Normal) (G1 Evacuation Pause) 1370M->416M(1725M) 47.865ms
[9.792s][info][gc] GC(32) Pause Young (Normal) (G1 Evacuation Pause) 1398M->438M(1725M) 47.116ms
[10.180s][info][gc] GC(33) Pause Young (Normal) (G1 Evacuation Pause) 1398M->445M(1755M) 47.893ms
[10.587s][info][gc] GC(34) Pause Young (Normal) (G1 Evacuation Pause) 1443M->452M(1755M) 44.097ms
[10.979s][info][gc] GC(35) Pause Young (Normal) (G1 Evacuation Pause) 1443M->453M(1755M) 40.434ms
[11.383s][info][gc] GC(36) Pause Young (Normal) (G1 Evacuation Pause) 1444M->483M(1755M) 53.732ms
[11.795s][info][gc] GC(37) Pause Young (Normal) (G1 Evacuation Pause) 1445M->518M(1782M) 72.424ms
[12.207s][info][gc] GC(38) Pause Young (Normal) (G1 Evacuation Pause) 1479M->526M(1782M) 60.457ms
[12.590s][info][gc] GC(39) Pause Young (Normal) (G1 Evacuation Pause) 1491M->536M(1782M) 38.857ms
[12.966s][info][gc] GC(40) Pause Young (Normal) (G1 Evacuation Pause) 1488M->535M(1782M) 36.733ms
[13.369s][info][gc] GC(41) Pause Young (Normal) (G1 Evacuation Pause) 1506M->577M(1813M) 57.483ms
[13.770s][info][gc] GC(42) Pause Young (Normal) (G1 Evacuation Pause) 1519M->570M(1813M) 55.782ms
[14.152s][info][gc] GC(43) Pause Young (Normal) (G1 Evacuation Pause) 1530M->603M(1813M) 43.578ms
[14.522s][info][gc] GC(44) Pause Young (Normal) (G1 Evacuation Pause) 1522M->607M(1813M) 46.522ms
[14.900s][info][gc] GC(45) Pause Young (Normal) (G1 Evacuation Pause) 1534M->643M(1838M) 51.756ms
[15.264s][info][gc] GC(46) Pause Young (Normal) (G1 Evacuation Pause) 1534M->625M(1838M) 39.209ms
-------------------------------------------------------------------------
Total execution time: 15350 milliseconds
GC execution time: 1862 milliseconds
GC iterations: 47
Payload percentage: 87 %
-------------------------------------------------------------------------
Memory allocation statistic
init = 2555904(2496K) used = 1076864(1051K) committed = 2555904(2496K) max = 5832704(5696K)
init = 0(0K) used = 7167888(6999K) committed = 7602176(7424K) max = -1(-1K)
init = 2555904(2496K) used = 642176(627K) committed = 2555904(2496K) max = 122912768(120032K)
init = 0(0K) used = 675504(659K) committed = 786432(768K) max = 1073741824(1048576K)
init = 16777216(16384K) used = 605028352(590848K) committed = 1020264448(996352K) max = -1(-1K)
init = 297795584(290816K) used = 616649728(602197K) committed = 868220928(847872K) max = 2097152000(2048000K)
init = 0(0K) used = 38797312(37888K) committed = 38797312(37888K) max = -1(-1K)
init = 2555904(2496K) used = 126592(123K) committed = 2555904(2496K) max = 122912768(120032K)
----------------------------------------------------------------------------------------------
Z GC execution
[0.127s][info][gc] Using The Z Garbage Collector
[0.476s][info][gc] GC(0) Garbage Collection (Warmup) 210M(10%)->310M(16%)
[0.673s][info][gc] GC(1) Garbage Collection (Warmup) 412M(21%)->200M(10%)
[1.071s][info][gc] GC(2) Garbage Collection (Warmup) 666M(33%)->208M(10%)
[2.055s][info][gc] GC(3) Garbage Collection (Allocation Rate) 1268M(63%)->682M(34%)
[2.428s][info][gc] GC(4) Garbage Collection (Allocation Rate) 690M(34%)->842M(42%)
[2.707s][info][gc] GC(5) Garbage Collection (Allocation Rate) 932M(47%)->536M(27%)
[2.963s][info][gc] GC(6) Garbage Collection (Allocation Rate) 690M(34%)->508M(25%)
[3.336s][info][gc] GC(7) Garbage Collection (Allocation Rate) 788M(39%)->790M(40%)
[3.583s][info][gc] GC(8) Garbage Collection (Allocation Rate) 858M(43%)->632M(32%)
[4.037s][info][gc] GC(9) Garbage Collection (Allocation Rate) 846M(42%)->1140M(57%)
[4.434s][info][gc] GC(10) Garbage Collection (Allocation Rate) 1206M(60%)->848M(42%)
[4.816s][info][gc] GC(11) Garbage Collection (Allocation Rate) 920M(46%)->1064M(53%)
[5.138s][info][gc] GC(12) Garbage Collection (Allocation Rate) 1132M(57%)->840M(42%)
[5.555s][info][gc] GC(13) Garbage Collection (Allocation Rate) 898M(45%)->1212M(61%)
[6.161s][info][gc] GC(14) Garbage Collection (Allocation Rate) 1222M(61%)->1568M(78%)
[6.686s][info][gc] Allocation Stall (main) 365.117ms
[6.722s][info][gc] GC(15) Garbage Collection (Allocation Rate) 1854M(93%)->456M(23%)
[7.187s][info][gc] GC(16) Garbage Collection (Allocation Rate) 514M(26%)->1404M(70%)
[7.643s][info][gc] Allocation Stall (main) 245.448ms
[7.657s][info][gc] GC(17) Garbage Collection (Allocation Rate) 1614M(81%)->660M(33%)
[8.060s][info][gc] GC(18) Garbage Collection (Allocation Rate) 666M(33%)->1408M(70%)
[8.590s][info][gc] Allocation Stall (main) 337.666ms
[8.658s][info][gc] GC(19) Garbage Collection (Allocation Rate) 1694M(85%)->772M(39%)
[9.138s][info][gc] Allocation Stall (main) 51.529ms
[9.301s][info][gc] Allocation Stall (main) 2.954ms
[9.313s][info][gc] Allocation Stall (main) 11.390ms
[9.324s][info][gc] Allocation Stall (main) 10.804ms
[9.336s][info][gc] Allocation Stall (main) 11.035ms
[9.349s][info][gc] Allocation Stall (main) 12.636ms
[9.362s][info][gc] Allocation Stall (main) 11.995ms
[9.374s][info][gc] Allocation Stall (main) 10.931ms
[9.387s][info][gc] Allocation Stall (main) 12.350ms
[9.391s][info][gc] GC(20) Garbage Collection (Allocation Rate) 774M(39%)->1962M(98%)
[9.589s][info][gc] Allocation Stall (main) 201.118ms
[9.669s][info][gc] GC(21) Garbage Collection (Allocation Stall) 1962M(98%)->528M(26%)
[10.337s][info][gc] Allocation Stall (main) 155.752ms
[10.467s][info][gc] GC(22) Garbage Collection (Allocation Rate) 750M(38%)->1918M(96%)
[10.705s][info][gc] Allocation Stall (main) 221.987ms
[10.751s][info][gc] GC(23) Garbage Collection (Allocation Stall) 1962M(98%)->468M(23%)
[11.341s][info][gc] Allocation Stall (main) 72.566ms
[11.382s][info][gc] Allocation Stall (main) 2.113ms
[11.391s][info][gc] Allocation Stall (main) 8.702ms
[11.404s][info][gc] Allocation Stall (main) 11.964ms
[11.415s][info][gc] Allocation Stall (main) 10.400ms
[11.429s][info][gc] Allocation Stall (main) 12.934ms
[11.437s][info][gc] Allocation Stall (main) 7.463ms
[11.449s][info][gc] Allocation Stall (main) 11.042ms
[11.461s][info][gc] Allocation Stall (main) 11.985ms
[11.474s][info][gc] Allocation Stall (main) 11.987ms
[11.487s][info][gc] Allocation Stall (main) 11.925ms
[11.495s][info][gc] GC(24) Garbage Collection (Allocation Rate) 484M(24%)->1962M(98%)
[11.723s][info][gc] Allocation Stall (main) 235.509ms
[11.771s][info][gc] GC(25) Garbage Collection (Allocation Stall) 1962M(98%)->526M(26%)
[12.435s][info][gc] Allocation Stall (main) 179.140ms
[12.555s][info][gc] GC(26) Garbage Collection (Allocation Rate) 788M(39%)->1880M(94%)
[13.143s][info][gc] Allocation Stall (main) 536.101ms
[13.335s][info][gc] GC(27) Garbage Collection (Allocation Rate) 1890M(94%)->988M(49%)
[14.015s][info][gc] Allocation Stall (main) 344.620ms
[14.050s][info][gc] GC(28) Garbage Collection (Allocation Rate) 1058M(53%)->1424M(71%)
[14.687s][info][gc] Allocation Stall (main) 422.958ms
[14.722s][info][gc] GC(29) Garbage Collection (Allocation Rate) 1450M(72%)->1038M(52%)
[15.429s][info][gc] Allocation Stall (main) 382.467ms
[15.444s][info][gc] GC(30) Garbage Collection (Allocation Rate) 1144M(57%)->1314M(66%)
[16.117s][info][gc] Allocation Stall (main) 444.005ms
[16.429s][info][gc] GC(31) Garbage Collection (Allocation Rate) 1354M(68%)->1854M(93%)
[17.210s][info][gc] Allocation Stall (main) 732.425ms
[17.253s][info][gc] GC(32) Garbage Collection (Allocation Rate) 1938M(97%)->612M(31%)
[17.991s][info][gc] Allocation Stall (main) 245.384ms
[18.042s][info][gc] GC(33) Garbage Collection (Allocation Rate) 630M(32%)->1928M(96%)
[18.806s][info][gc] Allocation Stall (main) 741.481ms
[19.109s][info][gc] GC(34) Garbage Collection (Allocation Rate) 1958M(98%)->1348M(67%)
[20.019s][info][gc] Allocation Stall (main) 694.785ms
[20.070s][info][gc] GC(35) Garbage Collection (Allocation Rate) 1490M(74%)->1108M(55%)
[20.914s][info][gc] Allocation Stall (main) 542.245ms
[20.933s][info][gc] GC(36) Garbage Collection (Allocation Rate) 1362M(68%)->1130M(56%)
[21.804s][info][gc] Allocation Stall (main) 582.316ms
[21.853s][info][gc] GC(37) Garbage Collection (Allocation Rate) 1204M(60%)->1440M(72%)
[22.715s][info][gc] Allocation Stall (main) 671.512ms
[22.764s][info][gc] GC(38) Garbage Collection (Allocation Rate) 1454M(73%)->1202M(60%)
[23.696s][info][gc] Allocation Stall (main) 666.122ms
[23.904s][info][gc] GC(39) Garbage Collection (Allocation Rate) 1478M(74%)->1562M(78%)
[24.878s][info][gc] Allocation Stall (main) 820.369ms
[24.994s][info][gc] GC(40) Garbage Collection (Allocation Rate) 1712M(86%)->1132M(57%)
[25.967s][info][gc] Allocation Stall (main) 674.910ms
[26.000s][info][gc] GC(41) Garbage Collection (Allocation Rate) 1320M(66%)->1334M(67%)
[26.995s][info][gc] Allocation Stall (main) 759.557ms
[27.317s][info][gc] GC(42) Garbage Collection (Allocation Rate) 1506M(75%)->1900M(95%)
[27.744s][info][gc] Allocation Stall (main) 395.668ms
[27.764s][info][gc] GC(43) Garbage Collection (Allocation Stall) 1962M(98%)->634M(32%)
[28.797s][info][gc] Allocation Stall (main) 565.586ms
[28.833s][info][gc] GC(44) Garbage Collection (Allocation Rate) 904M(45%)->1750M(88%)
[29.830s][info][gc] Allocation Stall (main) 919.637ms
[29.877s][info][gc] GC(45) Garbage Collection (Allocation Rate) 1822M(91%)->890M(44%)
[30.945s][info][gc] Allocation Stall (main) 690.237ms
[31.010s][info][gc] GC(46) Garbage Collection (Allocation Rate) 1122M(56%)->1640M(82%)
[32.032s][info][gc] Allocation Stall (main) 910.337ms
[32.053s][info][gc] GC(47) Garbage Collection (Allocation Rate) 1780M(89%)->886M(44%)
[33.188s][info][gc] Allocation Stall (main) 759.243ms
[33.253s][info][gc] GC(48) Garbage Collection (Allocation Rate) 1194M(60%)->1640M(82%)
[34.288s][info][gc] Allocation Stall (main) 922.963ms
[34.479s][info][gc] GC(49) Garbage Collection (Allocation Rate) 1658M(83%)->1468M(73%)
[35.613s][info][gc] Allocation Stall (main) 954.255ms
[35.640s][info][gc] GC(50) Garbage Collection (Allocation Rate) 1698M(85%)->1002M(50%)
[36.756s][info][gc] Allocation Stall (main) 777.200ms
[36.801s][info][gc] GC(51) Garbage Collection (Allocation Rate) 1056M(53%)->1738M(87%)
[37.936s][info][gc] Allocation Stall (main) 1057.260ms
[38.128s][info][gc] GC(52) Garbage Collection (Allocation Rate) 1906M(95%)->1290M(64%)
[39.266s][info][gc] Allocation Stall (main) 890.210ms
[39.297s][info][gc] GC(53) Garbage Collection (Allocation Rate) 1378M(69%)->1360M(68%)
[40.495s][info][gc] Allocation Stall (main) 985.839ms
[40.601s][info][gc] GC(54) Garbage Collection (Allocation Rate) 1538M(77%)->1452M(73%)
[41.783s][info][gc] Allocation Stall (main) 1000.633ms
[42.004s][info][gc] GC(55) Garbage Collection (Allocation Rate) 1614M(81%)->1664M(83%)
-------------------------------------------------------------------------
Total execution time: 41810 milliseconds
GC execution time: 16 milliseconds
GC iterations: 56
Payload percentage: 99 %
-------------------------------------------------------------------------
Memory allocation statistic
init = 2555904(2496K) used = 1077504(1052K) committed = 2555904(2496K) max = 5832704(5696K)
init = 0(0K) used = 7190288(7021K) committed = 7340032(7168K) max = -1(-1K)
init = 314572800(307200K) used = 1832910848(1789952K) committed = 2097152000(2048000K) max = 2097152000(2048000K)
init = 2555904(2496K) used = 679936(664K) committed = 2555904(2496K) max = 122912768(120032K)
init = 2555904(2496K) used = 152192(148K) committed = 2555904(2496K) max = 122912768(120032K)
[43.256s][info][gc] GC(56) Garbage Collection (Allocation Rate) 1740M(87%)->714M(36%)
