----------------------------------------------------------------------------------------------
Z GC execution
[0.023s][info][gc,init] Initializing The Z Garbage Collector
[0.023s][info][gc,init] Version: 11.0.10+9 (release)
[0.023s][info][gc,init] NUMA Support: Disabled
[0.023s][info][gc,init] CPUs: 4 total, 4 available
[0.023s][info][gc,init] Memory: 15885M
[0.023s][info][gc,init] Large Page Support: Disabled
[0.023s][info][gc,init] Workers: 3 parallel, 1 concurrent
[0.023s][info][gc,init] Heap backed by file: /memfd:java_heap
[0.023s][info][gc,init] Available space on backing filesystem: N/A
[0.154s][info][gc,init] Pre-touching: Disabled
[0.154s][info][gc,init] Pre-mapping: 512M
[0.166s][info][gc,init] Runtime Workers: 3 parallel
[0.166s][info][gc     ] Using The Z Garbage Collector
[0.396s][info][gc,start] GC(0) Garbage Collection (Warmup)
[0.396s][info][gc,phases] GC(0) Pause Mark Start 0.153ms
[0.495s][info][gc,phases] GC(0) Concurrent Mark 98.178ms
[0.495s][info][gc,phases] GC(0) Pause Mark End 0.115ms
[0.495s][info][gc,phases] GC(0) Concurrent Process Non-Strong References 0.108ms
[0.495s][info][gc,phases] GC(0) Concurrent Reset Relocation Set 0.000ms
[0.495s][info][gc,phases] GC(0) Concurrent Destroy Detached Pages 0.000ms
[0.500s][info][gc,phases] GC(0) Concurrent Select Relocation Set 4.744ms
[0.504s][info][gc,phases] GC(0) Concurrent Prepare Relocation Set 4.403ms
[0.505s][info][gc,phases] GC(0) Pause Relocate Start 0.062ms
[0.557s][info][gc,phases] GC(0) Concurrent Relocate 51.843ms
[0.557s][info][gc,load  ] GC(0) Load: 1.51/1.13/0.80
[0.557s][info][gc,mmu   ] GC(0) MMU: 2ms/92.3%, 5ms/96.9%, 10ms/98.2%, 20ms/99.1%, 50ms/99.6%, 100ms/99.7%
[0.557s][info][gc,marking] GC(0) Mark: 1 stripe(s), 2 proactive flush(es), 1 terminate flush(es), 0 completion(s), 0 continuation(s)
[0.557s][info][gc,reloc  ] GC(0) Relocation: Successful, 51M relocated
[0.557s][info][gc,nmethod] GC(0) NMethods: 20 registered, 0 unregistered
[0.557s][info][gc,metaspace] GC(0) Metaspace: 4M used, 4M capacity, 4M committed, 8M reserved
[0.557s][info][gc,ref      ] GC(0) Soft: 46 encountered, 0 discovered, 0 enqueued
[0.557s][info][gc,ref      ] GC(0) Weak: 27 encountered, 18 discovered, 4 enqueued
[0.557s][info][gc,ref      ] GC(0) Final: 0 encountered, 0 discovered, 0 enqueued
[0.557s][info][gc,ref      ] GC(0) Phantom: 7 encountered, 5 discovered, 1 enqueued
[0.557s][info][gc,heap     ] GC(0)                Mark Start          Mark End        Relocate Start      Relocate End           High               Low
[0.557s][info][gc,heap     ] GC(0)  Capacity:      550M (28%)         550M (28%)         550M (28%)         550M (28%)         550M (28%)         550M (28%)
[0.557s][info][gc,heap     ] GC(0)   Reserve:       38M (2%)           38M (2%)           38M (2%)           38M (2%)           38M (2%)           38M (2%)
[0.557s][info][gc,heap     ] GC(0)      Free:     1732M (87%)        1574M (79%)        1704M (85%)        1544M (77%)        1732M (87%)        1542M (77%)
[0.557s][info][gc,heap     ] GC(0)      Used:      230M (12%)         388M (19%)         258M (13%)         418M (21%)         420M (21%)         230M (12%)
[0.557s][info][gc,heap     ] GC(0)      Live:         -                51M (3%)           51M (3%)           51M (3%)             -                  -
[0.557s][info][gc,heap     ] GC(0) Allocated:         -               158M (8%)          174M (9%)          360M (18%)            -                  -
[0.557s][info][gc,heap     ] GC(0)   Garbage:         -               178M (9%)           32M (2%)           24M (1%)             -                  -
[0.557s][info][gc,heap     ] GC(0) Reclaimed:         -                  -               146M (7%)          154M (8%)             -                  -
[0.557s][info][gc          ] GC(0) Garbage Collection (Warmup) 230M(12%)->418M(21%)
[0.595s][info][gc,start    ] GC(1) Garbage Collection (Warmup)
[0.595s][info][gc,phases   ] GC(1) Pause Mark Start 0.074ms
[0.723s][info][gc,phases   ] GC(1) Concurrent Mark 127.950ms
[0.724s][info][gc,phases   ] GC(1) Pause Mark End 0.075ms
[0.724s][info][gc,phases   ] GC(1) Concurrent Process Non-Strong References 0.125ms
[0.725s][info][gc,phases   ] GC(1) Concurrent Reset Relocation Set 0.712ms
[0.725s][info][gc,phases   ] GC(1) Concurrent Destroy Detached Pages 0.001ms
[0.726s][info][gc,phases   ] GC(1) Concurrent Select Relocation Set 1.410ms
[0.728s][info][gc,phases   ] GC(1) Concurrent Prepare Relocation Set 1.545ms
[0.728s][info][gc,phases   ] GC(1) Pause Relocate Start 0.080ms
[0.745s][info][gc,phases   ] GC(1) Concurrent Relocate 17.278ms
[0.745s][info][gc,load     ] GC(1) Load: 1.51/1.13/0.80
[0.745s][info][gc,mmu      ] GC(1) MMU: 2ms/92.3%, 5ms/96.9%, 10ms/98.2%, 20ms/99.1%, 50ms/99.6%, 100ms/99.7%
[0.745s][info][gc,marking  ] GC(1) Mark: 1 stripe(s), 2 proactive flush(es), 1 terminate flush(es), 0 completion(s), 0 continuation(s)
[0.745s][info][gc,reloc    ] GC(1) Relocation: Successful, 53M relocated
[0.745s][info][gc,nmethod  ] GC(1) NMethods: 21 registered, 0 unregistered
[0.745s][info][gc,metaspace] GC(1) Metaspace: 4M used, 4M capacity, 4M committed, 8M reserved
[0.745s][info][gc,ref      ] GC(1) Soft: 46 encountered, 0 discovered, 0 enqueued
[0.745s][info][gc,ref      ] GC(1) Weak: 23 encountered, 14 discovered, 0 enqueued
[0.745s][info][gc,ref      ] GC(1) Final: 0 encountered, 0 discovered, 0 enqueued
[0.745s][info][gc,ref      ] GC(1) Phantom: 6 encountered, 4 discovered, 0 enqueued
[0.745s][info][gc,heap     ] GC(1)                Mark Start          Mark End        Relocate Start      Relocate End           High               Low
[0.745s][info][gc,heap     ] GC(1)  Capacity:      550M (28%)         664M (33%)         664M (33%)         664M (33%)         664M (33%)         550M (28%)
[0.745s][info][gc,heap     ] GC(1)   Reserve:       38M (2%)           38M (2%)           38M (2%)           38M (2%)           38M (2%)           38M (2%)
[0.745s][info][gc,heap     ] GC(1)      Free:     1480M (74%)        1336M (67%)        1714M (86%)        1676M (84%)        1720M (86%)        1336M (67%)
[0.745s][info][gc,heap     ] GC(1)      Used:      482M (24%)         626M (31%)         248M (12%)         286M (14%)         626M (31%)         242M (12%)
[0.745s][info][gc,heap     ] GC(1)      Live:         -                59M (3%)           59M (3%)           59M (3%)             -                  -
[0.745s][info][gc,heap     ] GC(1) Allocated:         -               144M (7%)          150M (8%)          206M (10%)            -                  -
[0.745s][info][gc,heap     ] GC(1)   Garbage:         -               422M (21%)          38M (2%)           26M (1%)             -                  -
[0.745s][info][gc,heap     ] GC(1) Reclaimed:         -                  -               384M (19%)         396M (20%)            -                  -
[0.745s][info][gc          ] GC(1) Garbage Collection (Warmup) 482M(24%)->286M(14%)
[0.895s][info][gc,start    ] GC(2) Garbage Collection (Warmup)
[0.896s][info][gc,phases   ] GC(2) Pause Mark Start 0.132ms
[0.983s][info][gc,phases   ] GC(2) Concurrent Mark 86.904ms
[0.983s][info][gc,phases   ] GC(2) Pause Mark End 0.095ms
[0.983s][info][gc,phases   ] GC(2) Concurrent Process Non-Strong References 0.086ms
[0.983s][info][gc,phases   ] GC(2) Concurrent Reset Relocation Set 0.255ms
[0.984s][info][gc,phases   ] GC(2) Concurrent Destroy Detached Pages 0.302ms
[0.985s][info][gc,phases   ] GC(2) Concurrent Select Relocation Set 1.402ms
[0.995s][info][gc,phases   ] GC(2) Concurrent Prepare Relocation Set 9.810ms
[0.995s][info][gc,phases   ] GC(2) Pause Relocate Start 0.076ms
[1.099s][info][gc,phases   ] GC(2) Concurrent Relocate 103.997ms
[1.099s][info][gc,load     ] GC(2) Load: 1.51/1.13/0.80
[1.099s][info][gc,mmu      ] GC(2) MMU: 2ms/92.3%, 5ms/96.9%, 10ms/98.2%, 20ms/99.1%, 50ms/99.6%, 100ms/99.7%
[1.099s][info][gc,marking  ] GC(2) Mark: 1 stripe(s), 2 proactive flush(es), 1 terminate flush(es), 0 completion(s), 0 continuation(s)
[1.099s][info][gc,reloc    ] GC(2) Relocation: Successful, 39M relocated
[1.099s][info][gc,nmethod  ] GC(2) NMethods: 21 registered, 0 unregistered
[1.099s][info][gc,metaspace] GC(2) Metaspace: 4M used, 4M capacity, 4M committed, 8M reserved
[1.099s][info][gc,ref      ] GC(2) Soft: 46 encountered, 0 discovered, 0 enqueued
[1.099s][info][gc,ref      ] GC(2) Weak: 23 encountered, 14 discovered, 0 enqueued
[1.099s][info][gc,ref      ] GC(2) Final: 0 encountered, 0 discovered, 0 enqueued
[1.099s][info][gc,ref      ] GC(2) Phantom: 6 encountered, 4 discovered, 0 enqueued
[1.099s][info][gc,heap     ] GC(2)                Mark Start          Mark End        Relocate Start      Relocate End           High               Low
[1.099s][info][gc,heap     ] GC(2)  Capacity:      664M (33%)         750M (38%)         752M (38%)         752M (38%)         752M (38%)         664M (33%)
[1.099s][info][gc,heap     ] GC(2)   Reserve:       38M (2%)           38M (2%)           38M (2%)           38M (2%)           38M (2%)           38M (2%)
[1.099s][info][gc,heap     ] GC(2)      Free:     1352M (68%)        1250M (62%)        1772M (89%)        1570M (78%)        1788M (89%)        1248M (62%)
[1.099s][info][gc,heap     ] GC(2)      Used:      610M (30%)         712M (36%)         190M (10%)         392M (20%)         714M (36%)         174M (9%)
[1.099s][info][gc,heap     ] GC(2)      Live:         -                46M (2%)           46M (2%)           46M (2%)             -                  -
[1.099s][info][gc,heap     ] GC(2) Allocated:         -               102M (5%)          120M (6%)          372M (19%)            -                  -
[1.099s][info][gc,heap     ] GC(2)   Garbage:         -               563M (28%)          23M (1%)            5M (0%)             -                  -
[1.100s][info][gc,heap     ] GC(2) Reclaimed:         -                  -               540M (27%)         558M (28%)            -                  -
[1.100s][info][gc          ] GC(2) Garbage Collection (Warmup) 610M(30%)->392M(20%)
[1.196s][info][gc,start    ] GC(3) Garbage Collection (Allocation Rate)
[1.196s][info][gc,phases   ] GC(3) Pause Mark Start 0.121ms
[1.308s][info][gc,phases   ] GC(3) Concurrent Mark 111.585ms
[1.308s][info][gc,phases   ] GC(3) Pause Mark End 0.084ms
[1.308s][info][gc,phases   ] GC(3) Concurrent Process Non-Strong References 0.097ms
[1.309s][info][gc,phases   ] GC(3) Concurrent Reset Relocation Set 1.355ms
[1.309s][info][gc,phases   ] GC(3) Concurrent Destroy Detached Pages 0.027ms
[1.311s][info][gc,phases   ] GC(3) Concurrent Select Relocation Set 1.438ms
[1.312s][info][gc,phases   ] GC(3) Concurrent Prepare Relocation Set 1.460ms
[1.313s][info][gc,phases   ] GC(3) Pause Relocate Start 0.061ms
[1.330s][info][gc,phases   ] GC(3) Concurrent Relocate 17.184ms
[1.330s][info][gc,load     ] GC(3) Load: 1.51/1.13/0.80
[1.330s][info][gc,mmu      ] GC(3) MMU: 2ms/92.3%, 5ms/96.9%, 10ms/98.2%, 20ms/99.1%, 50ms/99.6%, 100ms/99.7%
[1.330s][info][gc,marking  ] GC(3) Mark: 1 stripe(s), 2 proactive flush(es), 1 terminate flush(es), 0 completion(s), 0 continuation(s)
[1.330s][info][gc,reloc    ] GC(3) Relocation: Successful, 22M relocated
[1.330s][info][gc,nmethod  ] GC(3) NMethods: 21 registered, 0 unregistered
[1.330s][info][gc,metaspace] GC(3) Metaspace: 4M used, 4M capacity, 4M committed, 8M reserved
[1.330s][info][gc,ref      ] GC(3) Soft: 46 encountered, 0 discovered, 0 enqueued
[1.330s][info][gc,ref      ] GC(3) Weak: 23 encountered, 14 discovered, 0 enqueued
[1.330s][info][gc,ref      ] GC(3) Final: 0 encountered, 0 discovered, 0 enqueued
[1.330s][info][gc,ref      ] GC(3) Phantom: 6 encountered, 4 discovered, 0 enqueued
[1.330s][info][gc,heap     ] GC(3)                Mark Start          Mark End        Relocate Start      Relocate End           High               Low
[1.330s][info][gc,heap     ] GC(3)  Capacity:      752M (38%)         856M (43%)         858M (43%)         858M (43%)         858M (43%)         752M (38%)
[1.330s][info][gc,heap     ] GC(3)   Reserve:       38M (2%)           38M (2%)           38M (2%)           38M (2%)           38M (2%)           38M (2%)
[1.330s][info][gc,heap     ] GC(3)      Free:     1272M (64%)        1144M (57%)        1768M (88%)        1744M (87%)        1772M (89%)        1142M (57%)
[1.330s][info][gc,heap     ] GC(3)      Used:      690M (34%)         818M (41%)         194M (10%)         218M (11%)         820M (41%)         190M (10%)
[1.330s][info][gc,heap     ] GC(3)      Live:         -                43M (2%)           43M (2%)           43M (2%)             -                  -
[1.330s][info][gc,heap     ] GC(3) Allocated:         -               128M (6%)          134M (7%)          170M (8%)             -                  -
[1.330s][info][gc,heap     ] GC(3)   Garbage:         -               646M (32%)          16M (1%)           10M (1%)             -                  -
[1.330s][info][gc,heap     ] GC(3) Reclaimed:         -                  -               630M (32%)         636M (32%)            -                  -
[1.330s][info][gc          ] GC(3) Garbage Collection (Allocation Rate) 690M(34%)->218M(11%)
[1.496s][info][gc,start    ] GC(4) Garbage Collection (Allocation Rate)
[1.496s][info][gc,phases   ] GC(4) Pause Mark Start 0.096ms
[1.601s][info][gc,phases   ] GC(4) Concurrent Mark 104.976ms
[1.602s][info][gc,phases   ] GC(4) Pause Mark End 0.163ms
[1.602s][info][gc,phases   ] GC(4) Concurrent Process Non-Strong References 0.138ms
[1.602s][info][gc,phases   ] GC(4) Concurrent Reset Relocation Set 0.220ms
[1.602s][info][gc,phases   ] GC(4) Concurrent Destroy Detached Pages 0.001ms
[1.603s][info][gc,phases   ] GC(4) Concurrent Select Relocation Set 1.443ms
[1.604s][info][gc,phases   ] GC(4) Concurrent Prepare Relocation Set 0.853ms
[1.605s][info][gc,phases   ] GC(4) Pause Relocate Start 0.083ms
[1.614s][info][gc,phases   ] GC(4) Concurrent Relocate 9.730ms
[1.614s][info][gc,load     ] GC(4) Load: 1.51/1.13/0.80
[1.614s][info][gc,mmu      ] GC(4) MMU: 2ms/91.9%, 5ms/95.1%, 10ms/97.5%, 20ms/98.8%, 50ms/99.5%, 100ms/99.7%
[1.614s][info][gc,marking  ] GC(4) Mark: 1 stripe(s), 2 proactive flush(es), 1 terminate flush(es), 0 completion(s), 0 continuation(s)
[1.614s][info][gc,reloc    ] GC(4) Relocation: Successful, 36M relocated
[1.614s][info][gc,nmethod  ] GC(4) NMethods: 21 registered, 0 unregistered
[1.614s][info][gc,metaspace] GC(4) Metaspace: 4M used, 4M capacity, 4M committed, 8M reserved
[1.614s][info][gc,ref      ] GC(4) Soft: 46 encountered, 0 discovered, 0 enqueued
[1.614s][info][gc,ref      ] GC(4) Weak: 23 encountered, 14 discovered, 0 enqueued
[1.614s][info][gc,ref      ] GC(4) Final: 0 encountered, 0 discovered, 0 enqueued
[1.614s][info][gc,ref      ] GC(4) Phantom: 6 encountered, 4 discovered, 0 enqueued
[1.614s][info][gc,heap     ] GC(4)                Mark Start          Mark End        Relocate Start      Relocate End           High               Low
[1.614s][info][gc,heap     ] GC(4)  Capacity:      858M (43%)         898M (45%)         898M (45%)         898M (45%)         898M (45%)         858M (43%)
[1.614s][info][gc,heap     ] GC(4)   Reserve:       38M (2%)           38M (2%)           38M (2%)           38M (2%)           38M (2%)           38M (2%)
[1.615s][info][gc,heap     ] GC(4)      Free:     1292M (65%)        1102M (55%)        1688M (84%)        1672M (84%)        1692M (85%)        1102M (55%)
[1.615s][info][gc,heap     ] GC(4)      Used:      670M (34%)         860M (43%)         274M (14%)         290M (14%)         860M (43%)         270M (14%)
[1.615s][info][gc,heap     ] GC(4)      Live:         -                57M (3%)           57M (3%)           57M (3%)             -                  -
[1.615s][info][gc,heap     ] GC(4) Allocated:         -               190M (10%)         194M (10%)         218M (11%)            -                  -
[1.615s][info][gc,heap     ] GC(4)   Garbage:         -               612M (31%)          22M (1%)           18M (1%)             -                  -
[1.615s][info][gc,heap     ] GC(4) Reclaimed:         -                  -               590M (30%)         594M (30%)            -                  -
[1.615s][info][gc          ] GC(4) Garbage Collection (Allocation Rate) 670M(34%)->290M(14%)
[1.795s][info][gc,start    ] GC(5) Garbage Collection (Allocation Rate)
[1.796s][info][gc,phases   ] GC(5) Pause Mark Start 0.120ms
[1.973s][info][gc,phases   ] GC(5) Concurrent Mark 177.867ms
[1.974s][info][gc,phases   ] GC(5) Pause Mark End 0.116ms
[1.974s][info][gc,phases   ] GC(5) Concurrent Process Non-Strong References 0.085ms
[1.974s][info][gc,phases   ] GC(5) Concurrent Reset Relocation Set 0.146ms
[1.974s][info][gc,phases   ] GC(5) Concurrent Destroy Detached Pages 0.001ms
[1.975s][info][gc,phases   ] GC(5) Concurrent Select Relocation Set 1.447ms
[1.983s][info][gc,phases   ] GC(5) Concurrent Prepare Relocation Set 7.726ms
[1.984s][info][gc,phases   ] GC(5) Pause Relocate Start 0.134ms
[2.068s][info][gc,phases   ] GC(5) Concurrent Relocate 84.065ms
[2.068s][info][gc,load     ] GC(5) Load: 1.51/1.13/0.80
[2.068s][info][gc,mmu      ] GC(5) MMU: 2ms/91.9%, 5ms/95.1%, 10ms/97.5%, 20ms/98.8%, 50ms/99.5%, 100ms/99.7%
[2.068s][info][gc,marking  ] GC(5) Mark: 1 stripe(s), 2 proactive flush(es), 1 terminate flush(es), 0 completion(s), 0 continuation(s)
[2.068s][info][gc,reloc    ] GC(5) Relocation: Successful, 73M relocated
[2.068s][info][gc,nmethod  ] GC(5) NMethods: 21 registered, 0 unregistered
[2.068s][info][gc,metaspace] GC(5) Metaspace: 4M used, 4M capacity, 4M committed, 8M reserved
[2.068s][info][gc,ref      ] GC(5) Soft: 46 encountered, 0 discovered, 0 enqueued
[2.068s][info][gc,ref      ] GC(5) Weak: 23 encountered, 14 discovered, 0 enqueued
[2.068s][info][gc,ref      ] GC(5) Final: 0 encountered, 0 discovered, 0 enqueued
[2.068s][info][gc,ref      ] GC(5) Phantom: 6 encountered, 4 discovered, 0 enqueued
[2.068s][info][gc,heap     ] GC(5)                Mark Start          Mark End        Relocate Start      Relocate End           High               Low
[2.068s][info][gc,heap     ] GC(5)  Capacity:      898M (45%)        1044M (52%)        1044M (52%)        1044M (52%)        1044M (52%)         898M (45%)
[2.068s][info][gc,heap     ] GC(5)   Reserve:       38M (2%)           38M (2%)           38M (2%)           38M (2%)           38M (2%)           38M (2%)
[2.068s][info][gc,heap     ] GC(5)      Free:     1186M (59%)         956M (48%)        1580M (79%)        1368M (68%)        1594M (80%)         956M (48%)
[2.068s][info][gc,heap     ] GC(5)      Used:      776M (39%)        1006M (50%)         382M (19%)         594M (30%)        1006M (50%)         368M (18%)
[2.068s][info][gc,heap     ] GC(5)      Live:         -                94M (5%)           94M (5%)           94M (5%)             -                  -
[2.068s][info][gc,heap     ] GC(5) Allocated:         -               230M (12%)         244M (12%)         498M (25%)            -                  -
[2.068s][info][gc,heap     ] GC(5)   Garbage:         -               681M (34%)          43M (2%)           27M (1%)             -                  -
[2.068s][info][gc,heap     ] GC(5) Reclaimed:         -                  -               638M (32%)         654M (33%)            -                  -
[2.068s][info][gc          ] GC(5) Garbage Collection (Allocation Rate) 776M(39%)->594M(30%)
[2.095s][info][gc,start    ] GC(6) Garbage Collection (Allocation Rate)
[2.096s][info][gc,phases   ] GC(6) Pause Mark Start 0.173ms
[2.248s][info][gc,phases   ] GC(6) Concurrent Mark 151.933ms
[2.248s][info][gc,phases   ] GC(6) Pause Mark End 0.100ms
[2.248s][info][gc,phases   ] GC(6) Concurrent Process Non-Strong References 0.115ms
[2.249s][info][gc,phases   ] GC(6) Concurrent Reset Relocation Set 1.079ms
[2.250s][info][gc,phases   ] GC(6) Concurrent Destroy Detached Pages 0.362ms
[2.251s][info][gc,phases   ] GC(6) Concurrent Select Relocation Set 1.431ms
[2.254s][info][gc,phases   ] GC(6) Concurrent Prepare Relocation Set 2.896ms
[2.254s][info][gc,phases   ] GC(6) Pause Relocate Start 0.090ms
[2.289s][info][gc,phases   ] GC(6) Concurrent Relocate 34.182ms
[2.289s][info][gc,load     ] GC(6) Load: 1.51/1.13/0.80
[2.289s][info][gc,mmu      ] GC(6) MMU: 2ms/91.4%, 5ms/95.1%, 10ms/97.5%, 20ms/98.8%, 50ms/99.5%, 100ms/99.7%
[2.289s][info][gc,marking  ] GC(6) Mark: 1 stripe(s), 2 proactive flush(es), 1 terminate flush(es), 0 completion(s), 0 continuation(s)
[2.289s][info][gc,reloc    ] GC(6) Relocation: Successful, 43M relocated
[2.289s][info][gc,nmethod  ] GC(6) NMethods: 21 registered, 0 unregistered
[2.289s][info][gc,metaspace] GC(6) Metaspace: 4M used, 4M capacity, 4M committed, 8M reserved
[2.289s][info][gc,ref      ] GC(6) Soft: 46 encountered, 0 discovered, 0 enqueued
[2.289s][info][gc,ref      ] GC(6) Weak: 23 encountered, 14 discovered, 0 enqueued
[2.289s][info][gc,ref      ] GC(6) Final: 0 encountered, 0 discovered, 0 enqueued
[2.289s][info][gc,ref      ] GC(6) Phantom: 6 encountered, 4 discovered, 0 enqueued
[2.289s][info][gc,heap     ] GC(6)                Mark Start          Mark End        Relocate Start      Relocate End           High               Low
[2.289s][info][gc,heap     ] GC(6)  Capacity:     1044M (52%)        1050M (52%)        1052M (53%)        1052M (53%)        1052M (53%)        1044M (52%)
[2.289s][info][gc,heap     ] GC(6)   Reserve:       38M (2%)           38M (2%)           38M (2%)           38M (2%)           38M (2%)           38M (2%)
[2.289s][info][gc,heap     ] GC(6)      Free:     1284M (64%)         950M (48%)        1518M (76%)        1466M (73%)        1524M (76%)         948M (47%)
[2.289s][info][gc,heap     ] GC(6)      Used:      678M (34%)        1012M (51%)         444M (22%)         496M (25%)        1014M (51%)         438M (22%)
[2.289s][info][gc,heap     ] GC(6)      Live:         -                70M (4%)           70M (4%)           70M (4%)             -                  -
[2.289s][info][gc,heap     ] GC(6) Allocated:         -               334M (17%)         342M (17%)         418M (21%)            -                  -
[2.289s][info][gc,heap     ] GC(6)   Garbage:         -               607M (30%)          31M (2%)           19M (1%)             -                  -
[2.289s][info][gc,heap     ] GC(6) Reclaimed:         -                  -               576M (29%)         588M (29%)            -                  -
[2.289s][info][gc          ] GC(6) Garbage Collection (Allocation Rate) 678M(34%)->496M(25%)
[2.296s][info][gc,start    ] GC(7) Garbage Collection (Allocation Rate)
[2.296s][info][gc,phases   ] GC(7) Pause Mark Start 0.162ms
[2.453s][info][gc,phases   ] GC(7) Concurrent Mark 157.430ms
[2.454s][info][gc,phases   ] GC(7) Pause Mark End 0.086ms
[2.454s][info][gc,phases   ] GC(7) Concurrent Process Non-Strong References 0.124ms
[2.454s][info][gc,phases   ] GC(7) Concurrent Reset Relocation Set 0.467ms
[2.454s][info][gc,phases   ] GC(7) Concurrent Destroy Detached Pages 0.001ms
[2.456s][info][gc,phases   ] GC(7) Concurrent Select Relocation Set 1.421ms
[2.456s][info][gc,phases   ] GC(7) Concurrent Prepare Relocation Set 0.460ms
[2.457s][info][gc,phases   ] GC(7) Pause Relocate Start 0.085ms
[2.461s][info][gc,phases   ] GC(7) Concurrent Relocate 4.694ms
[2.461s][info][gc,load     ] GC(7) Load: 1.51/1.13/0.80
[2.462s][info][gc,mmu      ] GC(7) MMU: 2ms/91.4%, 5ms/95.1%, 10ms/97.5%, 20ms/98.8%, 50ms/99.3%, 100ms/99.6%
[2.462s][info][gc,marking  ] GC(7) Mark: 1 stripe(s), 2 proactive flush(es), 1 terminate flush(es), 0 completion(s), 0 continuation(s)
[2.462s][info][gc,reloc    ] GC(7) Relocation: Successful, 53M relocated
[2.462s][info][gc,nmethod  ] GC(7) NMethods: 21 registered, 0 unregistered
[2.462s][info][gc,metaspace] GC(7) Metaspace: 4M used, 4M capacity, 4M committed, 8M reserved
[2.462s][info][gc,ref      ] GC(7) Soft: 46 encountered, 0 discovered, 0 enqueued
[2.462s][info][gc,ref      ] GC(7) Weak: 23 encountered, 14 discovered, 0 enqueued
[2.462s][info][gc,ref      ] GC(7) Final: 0 encountered, 0 discovered, 0 enqueued
[2.462s][info][gc,ref      ] GC(7) Phantom: 6 encountered, 4 discovered, 0 enqueued
[2.462s][info][gc,heap     ] GC(7)                Mark Start          Mark End        Relocate Start      Relocate End           High               Low
[2.462s][info][gc,heap     ] GC(7)  Capacity:     1052M (53%)        1052M (53%)        1052M (53%)        1052M (53%)        1052M (53%)        1052M (53%)
[2.462s][info][gc,heap     ] GC(7)   Reserve:       38M (2%)           38M (2%)           38M (2%)           38M (2%)           38M (2%)           38M (2%)
[2.462s][info][gc,heap     ] GC(7)      Free:     1454M (73%)        1066M (53%)        1452M (73%)        1448M (72%)        1456M (73%)        1064M (53%)
[2.462s][info][gc,heap     ] GC(7)      Used:      508M (25%)         896M (45%)         510M (26%)         514M (26%)         898M (45%)         506M (25%)
[2.462s][info][gc,heap     ] GC(7)      Live:         -                84M (4%)           84M (4%)           84M (4%)             -                  -
[2.462s][info][gc,heap     ] GC(7) Allocated:         -               388M (19%)         394M (20%)         404M (20%)            -                  -
[2.462s][info][gc,heap     ] GC(7)   Garbage:         -               423M (21%)          31M (2%)           27M (1%)             -                  -
[2.462s][info][gc,heap     ] GC(7) Reclaimed:         -                  -               392M (20%)         396M (20%)            -                  -
[2.462s][info][gc          ] GC(7) Garbage Collection (Allocation Rate) 508M(25%)->514M(26%)
[2.496s][info][gc,start    ] GC(8) Garbage Collection (Allocation Rate)
[2.496s][info][gc,phases   ] GC(8) Pause Mark Start 0.093ms
[2.650s][info][gc,phases   ] GC(8) Concurrent Mark 154.225ms
[2.651s][info][gc,phases   ] GC(8) Pause Mark End 0.071ms
[2.651s][info][gc,phases   ] GC(8) Concurrent Process Non-Strong References 0.080ms
[2.651s][info][gc,phases   ] GC(8) Concurrent Reset Relocation Set 0.002ms
[2.651s][info][gc,phases   ] GC(8) Concurrent Destroy Detached Pages 0.001ms
[2.652s][info][gc,phases   ] GC(8) Concurrent Select Relocation Set 1.420ms
[2.657s][info][gc,phases   ] GC(8) Concurrent Prepare Relocation Set 5.209ms
[2.658s][info][gc,phases   ] GC(8) Pause Relocate Start 0.084ms
[2.718s][info][gc,phases   ] GC(8) Concurrent Relocate 60.417ms
[2.718s][info][gc,load     ] GC(8) Load: 1.51/1.13/0.80
[2.718s][info][gc,mmu      ] GC(8) MMU: 2ms/91.4%, 5ms/95.1%, 10ms/97.5%, 20ms/98.8%, 50ms/99.3%, 100ms/99.6%
[2.718s][info][gc,marking  ] GC(8) Mark: 1 stripe(s), 2 proactive flush(es), 1 terminate flush(es), 0 completion(s), 0 continuation(s)
[2.718s][info][gc,reloc    ] GC(8) Relocation: Successful, 57M relocated
[2.718s][info][gc,nmethod  ] GC(8) NMethods: 21 registered, 0 unregistered
[2.718s][info][gc,metaspace] GC(8) Metaspace: 4M used, 4M capacity, 4M committed, 8M reserved
[2.718s][info][gc,ref      ] GC(8) Soft: 46 encountered, 0 discovered, 0 enqueued
[2.718s][info][gc,ref      ] GC(8) Weak: 23 encountered, 14 discovered, 0 enqueued
[2.718s][info][gc,ref      ] GC(8) Final: 0 encountered, 0 discovered, 0 enqueued
[2.718s][info][gc,ref      ] GC(8) Phantom: 6 encountered, 5 discovered, 0 enqueued
[2.718s][info][gc,heap     ] GC(8)                Mark Start          Mark End        Relocate Start      Relocate End           High               Low
[2.718s][info][gc,heap     ] GC(8)  Capacity:     1052M (53%)        1062M (53%)        1062M (53%)        1062M (53%)        1062M (53%)        1052M (53%)
[2.718s][info][gc,heap     ] GC(8)   Reserve:       38M (2%)           38M (2%)           38M (2%)           38M (2%)           38M (2%)           38M (2%)
[2.718s][info][gc,heap     ] GC(8)      Free:     1348M (67%)         938M (47%)        1414M (71%)        1296M (65%)        1430M (72%)         938M (47%)
[2.718s][info][gc,heap     ] GC(8)      Used:      614M (31%)        1024M (51%)         548M (27%)         666M (33%)        1024M (51%)         532M (27%)
[2.718s][info][gc,heap     ] GC(8)      Live:         -                88M (4%)           88M (4%)           88M (4%)             -                  -
[2.718s][info][gc,heap     ] GC(8) Allocated:         -               410M (20%)         426M (21%)         574M (29%)            -                  -
[2.718s][info][gc,heap     ] GC(8)   Garbage:         -               525M (26%)          33M (2%)           21M (1%)             -                  -
[2.718s][info][gc,heap     ] GC(8) Reclaimed:         -                  -               492M (25%)         504M (25%)            -                  -
[2.718s][info][gc          ] GC(8) Garbage Collection (Allocation Rate) 614M(31%)->666M(33%)
[2.796s][info][gc,start    ] GC(9) Garbage Collection (Allocation Rate)
[2.796s][info][gc,phases   ] GC(9) Pause Mark Start 0.162ms
[3.000s][info][gc,phases   ] GC(9) Concurrent Mark 203.828ms
[3.001s][info][gc,phases   ] GC(9) Pause Mark End 0.101ms
[3.001s][info][gc,phases   ] GC(9) Concurrent Process Non-Strong References 0.156ms
[3.002s][info][gc,phases   ] GC(9) Concurrent Reset Relocation Set 0.817ms
[3.002s][info][gc,phases   ] GC(9) Concurrent Destroy Detached Pages 0.001ms
[3.003s][info][gc,phases   ] GC(9) Concurrent Select Relocation Set 1.467ms
[3.006s][info][gc,phases   ] GC(9) Concurrent Prepare Relocation Set 3.076ms
[3.007s][info][gc,phases   ] GC(9) Pause Relocate Start 0.079ms
[3.041s][info][gc,phases   ] GC(9) Concurrent Relocate 34.318ms
[3.041s][info][gc,load     ] GC(9) Load: 1.51/1.13/0.80
[3.041s][info][gc,mmu      ] GC(9) MMU: 2ms/91.4%, 5ms/95.1%, 10ms/97.5%, 20ms/98.8%, 50ms/99.3%, 100ms/99.6%
[3.041s][info][gc,marking  ] GC(9) Mark: 1 stripe(s), 2 proactive flush(es), 1 terminate flush(es), 0 completion(s), 0 continuation(s)
[3.041s][info][gc,reloc    ] GC(9) Relocation: Successful, 75M relocated
[3.041s][info][gc,nmethod  ] GC(9) NMethods: 21 registered, 0 unregistered
[3.041s][info][gc,metaspace] GC(9) Metaspace: 4M used, 4M capacity, 4M committed, 8M reserved
[3.041s][info][gc,ref      ] GC(9) Soft: 46 encountered, 0 discovered, 0 enqueued
[3.041s][info][gc,ref      ] GC(9) Weak: 23 encountered, 14 discovered, 0 enqueued
[3.041s][info][gc,ref      ] GC(9) Final: 0 encountered, 0 discovered, 0 enqueued
[3.041s][info][gc,ref      ] GC(9) Phantom: 6 encountered, 4 discovered, 0 enqueued
[3.041s][info][gc,heap     ] GC(9)                Mark Start          Mark End        Relocate Start      Relocate End           High               Low
[3.041s][info][gc,heap     ] GC(9)  Capacity:     1062M (53%)        1232M (62%)        1234M (62%)        1234M (62%)        1234M (62%)        1062M (53%)
[3.041s][info][gc,heap     ] GC(9)   Reserve:       38M (2%)           38M (2%)           38M (2%)           38M (2%)           38M (2%)           38M (2%)
[3.041s][info][gc,heap     ] GC(9)      Free:     1074M (54%)         768M (38%)        1488M (74%)        1398M (70%)        1496M (75%)         766M (38%)
[3.041s][info][gc,heap     ] GC(9)      Used:      888M (44%)        1194M (60%)         474M (24%)         564M (28%)        1196M (60%)         466M (23%)
[3.041s][info][gc,heap     ] GC(9)      Live:         -               111M (6%)          111M (6%)          111M (6%)             -                  -
[3.041s][info][gc,heap     ] GC(9) Allocated:         -               306M (15%)         316M (16%)         428M (21%)            -                  -
[3.041s][info][gc,heap     ] GC(9)   Garbage:         -               776M (39%)          46M (2%)           36M (2%)             -                  -
[3.041s][info][gc,heap     ] GC(9) Reclaimed:         -                  -               730M (36%)         740M (37%)            -                  -
[3.041s][info][gc          ] GC(9) Garbage Collection (Allocation Rate) 888M(44%)->564M(28%)
[3.095s][info][gc,start    ] GC(10) Garbage Collection (Allocation Rate)
[3.096s][info][gc,phases   ] GC(10) Pause Mark Start 0.152ms
[3.288s][info][gc,phases   ] GC(10) Concurrent Mark 192.456ms
[3.289s][info][gc,phases   ] GC(10) Pause Mark End 0.163ms
[3.289s][info][gc,phases   ] GC(10) Concurrent Process Non-Strong References 0.158ms
[3.290s][info][gc,phases   ] GC(10) Concurrent Reset Relocation Set 0.504ms
[3.290s][info][gc,phases   ] GC(10) Concurrent Destroy Detached Pages 0.103ms
[3.291s][info][gc,phases   ] GC(10) Concurrent Select Relocation Set 1.453ms
[3.294s][info][gc,phases   ] GC(10) Concurrent Prepare Relocation Set 2.895ms
[3.294s][info][gc,phases   ] GC(10) Pause Relocate Start 0.053ms
[3.328s][info][gc,phases   ] GC(10) Concurrent Relocate 33.401ms
[3.328s][info][gc,load     ] GC(10) Load: 1.51/1.13/0.80
[3.328s][info][gc,mmu      ] GC(10) MMU: 2ms/91.4%, 5ms/95.1%, 10ms/97.5%, 20ms/98.8%, 50ms/99.3%, 100ms/99.6%
[3.328s][info][gc,marking  ] GC(10) Mark: 1 stripe(s), 2 proactive flush(es), 1 terminate flush(es), 0 completion(s), 0 continuation(s)
[3.328s][info][gc,reloc    ] GC(10) Relocation: Successful, 61M relocated
[3.328s][info][gc,nmethod  ] GC(10) NMethods: 21 registered, 0 unregistered
[3.328s][info][gc,metaspace] GC(10) Metaspace: 4M used, 4M capacity, 4M committed, 8M reserved
[3.328s][info][gc,ref      ] GC(10) Soft: 46 encountered, 0 discovered, 0 enqueued
[3.328s][info][gc,ref      ] GC(10) Weak: 23 encountered, 14 discovered, 0 enqueued
[3.328s][info][gc,ref      ] GC(10) Final: 0 encountered, 0 discovered, 0 enqueued
[3.328s][info][gc,ref      ] GC(10) Phantom: 6 encountered, 4 discovered, 0 enqueued
[3.328s][info][gc,heap     ] GC(10)                Mark Start          Mark End        Relocate Start      Relocate End           High               Low
[3.328s][info][gc,heap     ] GC(10)  Capacity:     1234M (62%)        1272M (64%)        1274M (64%)        1274M (64%)        1274M (64%)        1234M (62%)
[3.328s][info][gc,heap     ] GC(10)   Reserve:       38M (2%)           38M (2%)           38M (2%)           38M (2%)           38M (2%)           38M (2%)
[3.328s][info][gc,heap     ] GC(10)      Free:     1232M (62%)         728M (36%)        1310M (66%)        1258M (63%)        1316M (66%)         726M (36%)
[3.328s][info][gc,heap     ] GC(10)      Used:      730M (36%)        1234M (62%)         652M (33%)         704M (35%)        1236M (62%)         646M (32%)
[3.328s][info][gc,heap     ] GC(10)      Live:         -               103M (5%)          103M (5%)          103M (5%)             -                  -
[3.328s][info][gc,heap     ] GC(10) Allocated:         -               504M (25%)         512M (26%)         580M (29%)            -                  -
[3.328s][info][gc,heap     ] GC(10)   Garbage:         -               626M (31%)          36M (2%)           30M (2%)             -                  -
[3.328s][info][gc,heap     ] GC(10) Reclaimed:         -                  -               590M (30%)         596M (30%)            -                  -
[3.328s][info][gc          ] GC(10) Garbage Collection (Allocation Rate) 730M(36%)->704M(35%)
[3.396s][info][gc,start    ] GC(11) Garbage Collection (Allocation Rate)
[3.396s][info][gc,phases   ] GC(11) Pause Mark Start 0.114ms
[3.576s][info][gc,phases   ] GC(11) Concurrent Mark 179.331ms
[3.576s][info][gc,phases   ] GC(11) Pause Mark End 0.075ms
[3.576s][info][gc,phases   ] GC(11) Concurrent Process Non-Strong References 0.116ms
[3.577s][info][gc,phases   ] GC(11) Concurrent Reset Relocation Set 0.451ms
[3.577s][info][gc,phases   ] GC(11) Concurrent Destroy Detached Pages 0.031ms
[3.578s][info][gc,phases   ] GC(11) Concurrent Select Relocation Set 1.436ms
[3.580s][info][gc,phases   ] GC(11) Concurrent Prepare Relocation Set 1.562ms
[3.580s][info][gc,phases   ] GC(11) Pause Relocate Start 0.138ms
[3.596s][info][gc,phases   ] GC(11) Concurrent Relocate 16.165ms
[3.597s][info][gc,load     ] GC(11) Load: 1.55/1.14/0.81
[3.597s][info][gc,mmu      ] GC(11) MMU: 2ms/91.4%, 5ms/95.1%, 10ms/97.5%, 20ms/98.8%, 50ms/99.3%, 100ms/99.6%
[3.597s][info][gc,marking  ] GC(11) Mark: 1 stripe(s), 2 proactive flush(es), 1 terminate flush(es), 0 completion(s), 0 continuation(s)
[3.597s][info][gc,reloc    ] GC(11) Relocation: Successful, 52M relocated
[3.597s][info][gc,nmethod  ] GC(11) NMethods: 21 registered, 0 unregistered
[3.597s][info][gc,metaspace] GC(11) Metaspace: 4M used, 4M capacity, 4M committed, 8M reserved
[3.597s][info][gc,ref      ] GC(11) Soft: 46 encountered, 0 discovered, 0 enqueued
[3.597s][info][gc,ref      ] GC(11) Weak: 23 encountered, 14 discovered, 0 enqueued
[3.597s][info][gc,ref      ] GC(11) Final: 0 encountered, 0 discovered, 0 enqueued
[3.597s][info][gc,ref      ] GC(11) Phantom: 6 encountered, 4 discovered, 0 enqueued
[3.597s][info][gc,heap     ] GC(11)                Mark Start          Mark End        Relocate Start      Relocate End           High               Low
[3.597s][info][gc,heap     ] GC(11)  Capacity:     1274M (64%)        1318M (66%)        1320M (66%)        1320M (66%)        1320M (66%)        1274M (64%)
[3.597s][info][gc,heap     ] GC(11)   Reserve:       38M (2%)           38M (2%)           38M (2%)           38M (2%)           38M (2%)           38M (2%)
[3.598s][info][gc,heap     ] GC(11)      Free:     1144M (57%)         682M (34%)        1362M (68%)        1340M (67%)        1366M (68%)         680M (34%)
[3.598s][info][gc,heap     ] GC(11)      Used:      818M (41%)        1280M (64%)         600M (30%)         622M (31%)        1282M (64%)         596M (30%)
[3.598s][info][gc,heap     ] GC(11)      Live:         -                98M (5%)           98M (5%)           98M (5%)             -                  -
[3.598s][info][gc,heap     ] GC(11) Allocated:         -               462M (23%)         468M (23%)         502M (25%)            -                  -
[3.598s][info][gc,heap     ] GC(11)   Garbage:         -               719M (36%)          33M (2%)           27M (1%)             -                  -
[3.598s][info][gc,heap     ] GC(11) Reclaimed:         -                  -               686M (34%)         692M (35%)            -                  -
[3.598s][info][gc          ] GC(11) Garbage Collection (Allocation Rate) 818M(41%)->622M(31%)
[3.695s][info][gc,start    ] GC(12) Garbage Collection (Allocation Rate)
[3.696s][info][gc,phases   ] GC(12) Pause Mark Start 0.116ms
[3.921s][info][gc,phases   ] GC(12) Concurrent Mark 225.722ms
[3.922s][info][gc,phases   ] GC(12) Pause Mark End 0.072ms
[3.922s][info][gc,phases   ] GC(12) Concurrent Process Non-Strong References 0.071ms
[3.922s][info][gc,phases   ] GC(12) Concurrent Reset Relocation Set 0.227ms
[3.922s][info][gc,phases   ] GC(12) Concurrent Destroy Detached Pages 0.001ms
[3.923s][info][gc,phases   ] GC(12) Concurrent Select Relocation Set 1.435ms
[3.939s][info][gc,phases   ] GC(12) Concurrent Prepare Relocation Set 15.363ms
[3.939s][info][gc,phases   ] GC(12) Pause Relocate Start 0.075ms
[4.106s][info][gc,phases   ] GC(12) Concurrent Relocate 166.917ms
[4.106s][info][gc,load     ] GC(12) Load: 1.55/1.14/0.81
[4.106s][info][gc,mmu      ] GC(12) MMU: 2ms/91.4%, 5ms/95.1%, 10ms/97.5%, 20ms/98.8%, 50ms/99.3%, 100ms/99.6%
[4.106s][info][gc,marking  ] GC(12) Mark: 1 stripe(s), 2 proactive flush(es), 1 terminate flush(es), 0 completion(s), 0 continuation(s)
[4.106s][info][gc,reloc    ] GC(12) Relocation: Successful, 81M relocated
[4.106s][info][gc,nmethod  ] GC(12) NMethods: 21 registered, 0 unregistered
[4.106s][info][gc,metaspace] GC(12) Metaspace: 4M used, 4M capacity, 4M committed, 8M reserved
[4.106s][info][gc,ref      ] GC(12) Soft: 46 encountered, 0 discovered, 0 enqueued
[4.106s][info][gc,ref      ] GC(12) Weak: 23 encountered, 14 discovered, 0 enqueued
[4.106s][info][gc,ref      ] GC(12) Final: 0 encountered, 0 discovered, 0 enqueued
[4.106s][info][gc,ref      ] GC(12) Phantom: 6 encountered, 4 discovered, 0 enqueued
[4.106s][info][gc,heap     ] GC(12)                Mark Start          Mark End        Relocate Start      Relocate End           High               Low
[4.106s][info][gc,heap     ] GC(12)  Capacity:     1320M (66%)        1452M (73%)        1452M (73%)        1452M (73%)        1452M (73%)        1320M (66%)
[4.106s][info][gc,heap     ] GC(12)   Reserve:       38M (2%)           38M (2%)           38M (2%)           38M (2%)           38M (2%)           38M (2%)
[4.106s][info][gc,heap     ] GC(12)      Free:     1050M (52%)         548M (27%)        1260M (63%)         806M (40%)        1286M (64%)         548M (27%)
[4.106s][info][gc,heap     ] GC(12)      Used:      912M (46%)        1414M (71%)         702M (35%)        1156M (58%)        1414M (71%)         676M (34%)
[4.106s][info][gc,heap     ] GC(12)      Live:         -               126M (6%)          126M (6%)          126M (6%)             -                  -
[4.106s][info][gc,heap     ] GC(12) Allocated:         -               502M (25%)         528M (26%)        1060M (53%)            -                  -
[4.106s][info][gc,heap     ] GC(12)   Garbage:         -               785M (39%)          47M (2%)           19M (1%)             -                  -
[4.106s][info][gc,heap     ] GC(12) Reclaimed:         -                  -               738M (37%)         766M (38%)            -                  -
[4.106s][info][gc          ] GC(12) Garbage Collection (Allocation Rate) 912M(46%)->1156M(58%)
[4.196s][info][gc,start    ] GC(13) Garbage Collection (Allocation Rate)
[4.197s][info][gc,phases   ] GC(13) Pause Mark Start 0.174ms
[4.472s][info][gc,phases   ] GC(13) Concurrent Mark 275.661ms
[4.472s][info][gc,phases   ] GC(13) Pause Mark End 0.089ms
[4.473s][info][gc,phases   ] GC(13) Concurrent Process Non-Strong References 0.074ms
[4.475s][info][gc,phases   ] GC(13) Concurrent Reset Relocation Set 2.033ms
[4.475s][info][gc,phases   ] GC(13) Concurrent Destroy Detached Pages 0.001ms
[4.476s][info][gc,phases   ] GC(13) Concurrent Select Relocation Set 1.474ms
[4.478s][info][gc,phases   ] GC(13) Concurrent Prepare Relocation Set 1.894ms
[4.478s][info][gc,phases   ] GC(13) Pause Relocate Start 0.074ms
[4.502s][info][gc,phases   ] GC(13) Concurrent Relocate 24.157ms
[4.503s][info][gc,load     ] GC(13) Load: 1.55/1.14/0.81
[4.503s][info][gc,mmu      ] GC(13) MMU: 2ms/91.3%, 5ms/95.1%, 10ms/97.5%, 20ms/98.8%, 50ms/99.3%, 100ms/99.6%
[4.503s][info][gc,marking  ] GC(13) Mark: 1 stripe(s), 2 proactive flush(es), 1 terminate flush(es), 0 completion(s), 0 continuation(s)
[4.503s][info][gc,reloc    ] GC(13) Relocation: Successful, 60M relocated
[4.503s][info][gc,nmethod  ] GC(13) NMethods: 21 registered, 0 unregistered
[4.503s][info][gc,metaspace] GC(13) Metaspace: 4M used, 4M capacity, 4M committed, 8M reserved
[4.503s][info][gc,ref      ] GC(13) Soft: 46 encountered, 0 discovered, 0 enqueued
[4.503s][info][gc,ref      ] GC(13) Weak: 23 encountered, 14 discovered, 0 enqueued
[4.503s][info][gc,ref      ] GC(13) Final: 0 encountered, 0 discovered, 0 enqueued
[4.503s][info][gc,ref      ] GC(13) Phantom: 6 encountered, 4 discovered, 0 enqueued
[4.503s][info][gc,heap     ] GC(13)                Mark Start          Mark End        Relocate Start      Relocate End           High               Low
[4.503s][info][gc,heap     ] GC(13)  Capacity:     1460M (73%)        1758M (88%)        1760M (88%)        1760M (88%)        1760M (88%)        1460M (73%)
[4.503s][info][gc,heap     ] GC(13)   Reserve:       38M (2%)           38M (2%)           38M (2%)           38M (2%)           38M (2%)           38M (2%)
[4.503s][info][gc,heap     ] GC(13)      Free:      540M (27%)         242M (12%)        1454M (73%)        1420M (71%)        1458M (73%)         240M (12%)
[4.503s][info][gc,heap     ] GC(13)      Used:     1422M (71%)        1720M (86%)         508M (25%)         542M (27%)        1722M (86%)         504M (25%)
[4.503s][info][gc,heap     ] GC(13)      Live:         -               132M (7%)          132M (7%)          132M (7%)             -                  -
[4.503s][info][gc,heap     ] GC(13) Allocated:         -               298M (15%)         304M (15%)         356M (18%)            -                  -
[4.503s][info][gc,heap     ] GC(13)   Garbage:         -              1289M (64%)          71M (4%)           61M (3%)             -                  -
[4.503s][info][gc,heap     ] GC(13) Reclaimed:         -                  -              1218M (61%)        1228M (61%)            -                  -
[4.503s][info][gc          ] GC(13) Garbage Collection (Allocation Rate) 1422M(71%)->542M(27%)
[4.596s][info][gc,start    ] GC(14) Garbage Collection (Allocation Rate)
[4.596s][info][gc,phases   ] GC(14) Pause Mark Start 0.165ms
[4.852s][info][gc,phases   ] GC(14) Concurrent Mark 255.855ms
[4.853s][info][gc,phases   ] GC(14) Pause Mark End 0.056ms
[4.853s][info][gc,phases   ] GC(14) Concurrent Process Non-Strong References 0.076ms
[4.853s][info][gc,phases   ] GC(14) Concurrent Reset Relocation Set 0.280ms
[4.853s][info][gc,phases   ] GC(14) Concurrent Destroy Detached Pages 0.001ms
[4.854s][info][gc,phases   ] GC(14) Concurrent Select Relocation Set 1.450ms
[4.870s][info][gc,phases   ] GC(14) Concurrent Prepare Relocation Set 15.482ms
[4.870s][info][gc,phases   ] GC(14) Pause Relocate Start 0.086ms
[5.042s][info][gc,phases   ] GC(14) Concurrent Relocate 171.587ms
[5.042s][info][gc,load     ] GC(14) Load: 1.55/1.14/0.81
[5.042s][info][gc,mmu      ] GC(14) MMU: 2ms/91.3%, 5ms/95.1%, 10ms/97.5%, 20ms/98.8%, 50ms/99.3%, 100ms/99.6%
[5.042s][info][gc,marking  ] GC(14) Mark: 1 stripe(s), 2 proactive flush(es), 1 terminate flush(es), 0 completion(s), 0 continuation(s)
[5.042s][info][gc,reloc    ] GC(14) Relocation: Successful, 66M relocated
[5.042s][info][gc,nmethod  ] GC(14) NMethods: 21 registered, 0 unregistered
[5.042s][info][gc,metaspace] GC(14) Metaspace: 4M used, 4M capacity, 4M committed, 8M reserved
[5.042s][info][gc,ref      ] GC(14) Soft: 46 encountered, 0 discovered, 0 enqueued
[5.042s][info][gc,ref      ] GC(14) Weak: 23 encountered, 14 discovered, 0 enqueued
[5.042s][info][gc,ref      ] GC(14) Final: 0 encountered, 0 discovered, 0 enqueued
[5.042s][info][gc,ref      ] GC(14) Phantom: 6 encountered, 4 discovered, 0 enqueued
[5.042s][info][gc,heap     ] GC(14)                Mark Start          Mark End        Relocate Start      Relocate End           High               Low
[5.042s][info][gc,heap     ] GC(14)  Capacity:     1760M (88%)        1760M (88%)        1760M (88%)        1792M (90%)        1792M (90%)        1760M (88%)
[5.042s][info][gc,heap     ] GC(14)   Reserve:       38M (2%)           38M (2%)           38M (2%)           38M (2%)           38M (2%)           38M (2%)
[5.042s][info][gc,heap     ] GC(14)      Free:     1208M (60%)         702M (35%)        1216M (61%)         916M (46%)        1244M (62%)         702M (35%)
[5.042s][info][gc,heap     ] GC(14)      Used:      754M (38%)        1260M (63%)         746M (37%)        1046M (52%)        1260M (63%)         718M (36%)
[5.042s][info][gc,heap     ] GC(14)      Live:         -               143M (7%)          143M (7%)          143M (7%)             -                  -
[5.042s][info][gc,heap     ] GC(14) Allocated:         -               506M (25%)         534M (27%)         910M (46%)            -                  -
[5.042s][info][gc,heap     ] GC(14)   Garbage:         -               610M (31%)          68M (3%)           42M (2%)             -                  -
[5.042s][info][gc,heap     ] GC(14) Reclaimed:         -                  -               542M (27%)         568M (28%)            -                  -
[5.042s][info][gc          ] GC(14) Garbage Collection (Allocation Rate) 754M(38%)->1046M(52%)
[5.095s][info][gc,start    ] GC(15) Garbage Collection (Allocation Rate)
[5.096s][info][gc,phases   ] GC(15) Pause Mark Start 0.093ms
[5.452s][info][gc,phases   ] GC(15) Concurrent Mark 356.162ms
[5.452s][info][gc,phases   ] GC(15) Pause Mark End 0.080ms
[5.453s][info][gc,phases   ] GC(15) Concurrent Process Non-Strong References 0.239ms
[5.455s][info][gc,phases   ] GC(15) Concurrent Reset Relocation Set 2.343ms
[5.455s][info][gc,phases   ] GC(15) Concurrent Destroy Detached Pages 0.039ms
[5.457s][info][gc,phases   ] GC(15) Concurrent Select Relocation Set 2.091ms
[5.464s][info][gc,phases   ] GC(15) Concurrent Prepare Relocation Set 6.610ms
[5.464s][info][gc,phases   ] GC(15) Pause Relocate Start 0.086ms
[5.523s][info][gc,phases   ] GC(15) Concurrent Relocate 58.596ms
[5.523s][info][gc,load     ] GC(15) Load: 1.55/1.14/0.81
[5.523s][info][gc,mmu      ] GC(15) MMU: 2ms/91.3%, 5ms/95.1%, 10ms/97.5%, 20ms/98.8%, 50ms/99.3%, 100ms/99.6%
[5.523s][info][gc,marking  ] GC(15) Mark: 1 stripe(s), 2 proactive flush(es), 1 terminate flush(es), 0 completion(s), 0 continuation(s)
[5.523s][info][gc,reloc    ] GC(15) Relocation: Successful, 63M relocated
[5.523s][info][gc,nmethod  ] GC(15) NMethods: 21 registered, 0 unregistered
[5.523s][info][gc,metaspace] GC(15) Metaspace: 4M used, 4M capacity, 4M committed, 8M reserved
[5.523s][info][gc,ref      ] GC(15) Soft: 46 encountered, 0 discovered, 0 enqueued
[5.523s][info][gc,ref      ] GC(15) Weak: 23 encountered, 14 discovered, 0 enqueued
[5.523s][info][gc,ref      ] GC(15) Final: 0 encountered, 0 discovered, 0 enqueued
[5.523s][info][gc,ref      ] GC(15) Phantom: 6 encountered, 4 discovered, 0 enqueued
[5.523s][info][gc,heap     ] GC(15)                Mark Start          Mark End        Relocate Start      Relocate End           High               Low
[5.523s][info][gc,heap     ] GC(15)  Capacity:     1792M (90%)        1908M (95%)        1910M (96%)        1910M (96%)        1910M (96%)        1792M (90%)
[5.523s][info][gc,heap     ] GC(15)   Reserve:       38M (2%)           38M (2%)           38M (2%)           38M (2%)           38M (2%)           38M (2%)
[5.523s][info][gc,heap     ] GC(15)      Free:      760M (38%)          92M (5%)         1024M (51%)         876M (44%)        1040M (52%)          90M (4%)
[5.523s][info][gc,heap     ] GC(15)      Used:     1202M (60%)        1870M (94%)         938M (47%)        1086M (54%)        1872M (94%)         922M (46%)
[5.523s][info][gc,heap     ] GC(15)      Live:         -               173M (9%)          173M (9%)          173M (9%)             -                  -
[5.523s][info][gc,heap     ] GC(15) Allocated:         -               668M (33%)         688M (34%)         872M (44%)            -                  -
[5.523s][info][gc,heap     ] GC(15)   Garbage:         -              1028M (51%)          76M (4%)           58M (3%)             -                  -
[5.523s][info][gc,heap     ] GC(15) Reclaimed:         -                  -               952M (48%)         970M (48%)            -                  -
[5.523s][info][gc          ] GC(15) Garbage Collection (Allocation Rate) 1202M(60%)->1086M(54%)
[5.596s][info][gc,start    ] GC(16) Garbage Collection (Allocation Rate)
[5.596s][info][gc,phases   ] GC(16) Pause Mark Start 0.154ms
[5.853s][info][gc,heap     ] Page Cache Flushed: 2M requested, 32M(32M->0M) flushed
[5.908s][info][gc,phases   ] GC(16) Concurrent Mark 311.393ms
[5.908s][info][gc,phases   ] GC(16) Pause Mark End 0.184ms
[5.908s][info][gc,phases   ] GC(16) Concurrent Process Non-Strong References 0.124ms
[5.909s][info][gc,phases   ] GC(16) Concurrent Reset Relocation Set 1.169ms
[5.910s][info][gc,phases   ] GC(16) Concurrent Destroy Detached Pages 0.004ms
[5.910s][info][gc          ] Allocation Stall (main) 33.746ms
[5.911s][info][gc,phases   ] GC(16) Concurrent Select Relocation Set 1.511ms
[5.912s][info][gc,phases   ] GC(16) Concurrent Prepare Relocation Set 1.359ms
[5.913s][info][gc,phases   ] GC(16) Pause Relocate Start 0.103ms
[5.931s][info][gc,phases   ] GC(16) Concurrent Relocate 18.202ms
[5.931s][info][gc,load     ] GC(16) Load: 1.55/1.14/0.81
[5.931s][info][gc,mmu      ] GC(16) MMU: 2ms/90.8%, 5ms/94.3%, 10ms/97.1%, 20ms/98.6%, 50ms/99.3%, 100ms/99.6%
[5.931s][info][gc,marking  ] GC(16) Mark: 1 stripe(s), 2 proactive flush(es), 1 terminate flush(es), 0 completion(s), 0 continuation(s)
[5.931s][info][gc,reloc    ] GC(16) Relocation: Successful, 51M relocated
[5.931s][info][gc,nmethod  ] GC(16) NMethods: 21 registered, 0 unregistered
[5.931s][info][gc,metaspace] GC(16) Metaspace: 4M used, 4M capacity, 4M committed, 8M reserved
[5.931s][info][gc,ref      ] GC(16) Soft: 46 encountered, 0 discovered, 0 enqueued
[5.931s][info][gc,ref      ] GC(16) Weak: 23 encountered, 14 discovered, 0 enqueued
[5.931s][info][gc,ref      ] GC(16) Final: 0 encountered, 0 discovered, 0 enqueued
[5.931s][info][gc,ref      ] GC(16) Phantom: 6 encountered, 4 discovered, 0 enqueued
[5.931s][info][gc,heap     ] GC(16)                Mark Start          Mark End        Relocate Start      Relocate End           High               Low
[5.931s][info][gc,heap     ] GC(16)  Capacity:     1910M (96%)        2000M (100%)       2000M (100%)       2000M (100%)       2000M (100%)       1910M (96%)
[5.931s][info][gc,heap     ] GC(16)   Reserve:       38M (2%)           38M (2%)           38M (2%)           38M (2%)           38M (2%)           38M (2%)
[5.931s][info][gc,heap     ] GC(16)      Free:      650M (32%)           0M (0%)         1074M (54%)        1048M (52%)        1078M (54%)           0M (0%)
[5.931s][info][gc,heap     ] GC(16)      Used:     1312M (66%)        1962M (98%)         888M (44%)         914M (46%)        1962M (98%)         884M (44%)
[5.931s][info][gc,heap     ] GC(16)      Live:         -               169M (8%)          169M (8%)          169M (8%)             -                  -
[5.931s][info][gc,heap     ] GC(16) Allocated:         -               650M (32%)         656M (33%)         692M (35%)            -                  -
[5.931s][info][gc,heap     ] GC(16)   Garbage:         -              1142M (57%)          62M (3%)           58M (3%)             -                  -
[5.931s][info][gc,heap     ] GC(16) Reclaimed:         -                  -              1080M (54%)        1084M (54%)            -                  -
[5.931s][info][gc          ] GC(16) Garbage Collection (Allocation Rate) 1312M(66%)->914M(46%)
[5.995s][info][gc,start    ] GC(17) Garbage Collection (Allocation Rate)
[5.996s][info][gc,phases   ] GC(17) Pause Mark Start 0.060ms
[6.293s][info][gc,phases   ] GC(17) Concurrent Mark 297.417ms
[6.293s][info][gc,phases   ] GC(17) Pause Mark End 0.076ms
[6.293s][info][gc,phases   ] GC(17) Concurrent Process Non-Strong References 0.081ms
[6.294s][info][gc,phases   ] GC(17) Concurrent Reset Relocation Set 0.238ms
[6.294s][info][gc,phases   ] GC(17) Concurrent Destroy Detached Pages 0.001ms
[6.295s][info][gc,phases   ] GC(17) Concurrent Select Relocation Set 1.493ms
[6.299s][info][gc,phases   ] GC(17) Concurrent Prepare Relocation Set 3.796ms
[6.299s][info][gc,phases   ] GC(17) Pause Relocate Start 0.062ms
[6.343s][info][gc,phases   ] GC(17) Concurrent Relocate 43.694ms
[6.343s][info][gc,load     ] GC(17) Load: 1.55/1.14/0.81
[6.343s][info][gc,mmu      ] GC(17) MMU: 2ms/90.8%, 5ms/94.3%, 10ms/97.1%, 20ms/98.6%, 50ms/99.3%, 100ms/99.6%
[6.343s][info][gc,marking  ] GC(17) Mark: 1 stripe(s), 2 proactive flush(es), 1 terminate flush(es), 0 completion(s), 0 continuation(s)
[6.343s][info][gc,reloc    ] GC(17) Relocation: Successful, 51M relocated
[6.343s][info][gc,nmethod  ] GC(17) NMethods: 21 registered, 0 unregistered
[6.343s][info][gc,metaspace] GC(17) Metaspace: 4M used, 4M capacity, 4M committed, 8M reserved
[6.343s][info][gc,ref      ] GC(17) Soft: 46 encountered, 0 discovered, 0 enqueued
[6.343s][info][gc,ref      ] GC(17) Weak: 23 encountered, 14 discovered, 0 enqueued
[6.343s][info][gc,ref      ] GC(17) Final: 0 encountered, 0 discovered, 0 enqueued
[6.343s][info][gc,ref      ] GC(17) Phantom: 6 encountered, 4 discovered, 0 enqueued
[6.343s][info][gc,heap     ] GC(17)                Mark Start          Mark End        Relocate Start      Relocate End           High               Low
[6.343s][info][gc,heap     ] GC(17)  Capacity:     2000M (100%)       2000M (100%)       2000M (100%)       2000M (100%)       2000M (100%)       2000M (100%)
[6.343s][info][gc,heap     ] GC(17)   Reserve:       38M (2%)           38M (2%)           38M (2%)           38M (2%)           38M (2%)           38M (2%)
[6.343s][info][gc,heap     ] GC(17)      Free:      940M (47%)         122M (6%)          898M (45%)         828M (41%)         940M (47%)         120M (6%)
[6.343s][info][gc,heap     ] GC(17)      Used:     1022M (51%)        1840M (92%)        1064M (53%)        1134M (57%)        1842M (92%)        1022M (51%)
[6.343s][info][gc,heap     ] GC(17)      Live:         -               172M (9%)          172M (9%)          172M (9%)             -                  -
[6.343s][info][gc,heap     ] GC(17) Allocated:         -               818M (41%)         828M (41%)         920M (46%)            -                  -
[6.343s][info][gc,heap     ] GC(17)   Garbage:         -               849M (42%)          63M (3%)           55M (3%)             -                  -
[6.343s][info][gc,heap     ] GC(17) Reclaimed:         -                  -               786M (39%)         794M (40%)            -                  -
[6.343s][info][gc          ] GC(17) Garbage Collection (Allocation Rate) 1022M(51%)->1134M(57%)
[6.396s][info][gc,start    ] GC(18) Garbage Collection (Allocation Rate)
[6.396s][info][gc,phases   ] GC(18) Pause Mark Start 0.116ms
[6.733s][info][gc,phases   ] GC(18) Concurrent Mark 336.840ms
[6.733s][info][gc,phases   ] GC(18) Pause Mark End 0.165ms
[6.733s][info][gc,phases   ] GC(18) Concurrent Process Non-Strong References 0.176ms
[6.734s][info][gc,phases   ] GC(18) Concurrent Reset Relocation Set 0.886ms
[6.734s][info][gc,phases   ] GC(18) Concurrent Destroy Detached Pages 0.001ms
[6.734s][info][gc          ] Allocation Stall (main) 97.028ms
[6.737s][info][gc,phases   ] GC(18) Concurrent Select Relocation Set 2.364ms
[6.748s][info][gc,phases   ] GC(18) Concurrent Prepare Relocation Set 10.833ms
[6.750s][info][gc,phases   ] GC(18) Pause Relocate Start 0.061ms
[6.844s][info][gc,phases   ] GC(18) Concurrent Relocate 93.882ms
[6.844s][info][gc,load     ] GC(18) Load: 1.55/1.14/0.81
[6.844s][info][gc,mmu      ] GC(18) MMU: 2ms/90.8%, 5ms/94.3%, 10ms/97.1%, 20ms/98.6%, 50ms/99.3%, 100ms/99.6%
[6.844s][info][gc,marking  ] GC(18) Mark: 1 stripe(s), 2 proactive flush(es), 1 terminate flush(es), 0 completion(s), 0 continuation(s)
[6.844s][info][gc,reloc    ] GC(18) Relocation: Successful, 74M relocated
[6.844s][info][gc,nmethod  ] GC(18) NMethods: 21 registered, 0 unregistered
[6.844s][info][gc,metaspace] GC(18) Metaspace: 4M used, 4M capacity, 4M committed, 8M reserved
[6.844s][info][gc,ref      ] GC(18) Soft: 46 encountered, 0 discovered, 0 enqueued
[6.844s][info][gc,ref      ] GC(18) Weak: 23 encountered, 14 discovered, 0 enqueued
[6.844s][info][gc,ref      ] GC(18) Final: 0 encountered, 0 discovered, 0 enqueued
[6.844s][info][gc,ref      ] GC(18) Phantom: 6 encountered, 4 discovered, 0 enqueued
[6.844s][info][gc,heap     ] GC(18)                Mark Start          Mark End        Relocate Start      Relocate End           High               Low
[6.844s][info][gc,heap     ] GC(18)  Capacity:     2000M (100%)       2000M (100%)       2000M (100%)       2000M (100%)       2000M (100%)       2000M (100%)
[6.844s][info][gc,heap     ] GC(18)   Reserve:       38M (2%)           38M (2%)           38M (2%)           38M (2%)           38M (2%)           38M (2%)
[6.844s][info][gc,heap     ] GC(18)      Free:      706M (35%)           0M (0%)          944M (47%)         688M (34%)         974M (49%)           0M (0%)
[6.844s][info][gc,heap     ] GC(18)      Used:     1256M (63%)        1962M (98%)        1018M (51%)        1274M (64%)        1962M (98%)         988M (49%)
[6.844s][info][gc,heap     ] GC(18)      Live:         -               197M (10%)         197M (10%)         197M (10%)            -                  -
[6.844s][info][gc,heap     ] GC(18) Allocated:         -               706M (35%)         738M (37%)        1046M (52%)            -                  -
[6.844s][info][gc,heap     ] GC(18)   Garbage:         -              1058M (53%)          82M (4%)           58M (3%)             -                  -
[6.844s][info][gc,heap     ] GC(18) Reclaimed:         -                  -               976M (49%)        1000M (50%)            -                  -
[6.844s][info][gc          ] GC(18) Garbage Collection (Allocation Rate) 1256M(63%)->1274M(64%)
[6.895s][info][gc,start    ] GC(19) Garbage Collection (Allocation Rate)
[6.895s][info][gc,phases   ] GC(19) Pause Mark Start 0.069ms
[7.296s][info][gc,phases   ] GC(19) Concurrent Mark 400.610ms
[7.296s][info][gc,phases   ] GC(19) Pause Mark End 0.135ms
[7.297s][info][gc,phases   ] GC(19) Concurrent Process Non-Strong References 0.098ms
[7.298s][info][gc,phases   ] GC(19) Concurrent Reset Relocation Set 1.199ms
[7.298s][info][gc,phases   ] GC(19) Concurrent Destroy Detached Pages 0.001ms
[7.298s][info][gc          ] Allocation Stall (main) 227.696ms
[7.299s][info][gc,phases   ] GC(19) Concurrent Select Relocation Set 1.472ms
[7.301s][info][gc,phases   ] GC(19) Concurrent Prepare Relocation Set 1.981ms
[7.302s][info][gc,phases   ] GC(19) Pause Relocate Start 0.081ms
[7.321s][info][gc,heap     ] Page Cache Flushed: 32M requested, 32M(1066M->1034M) flushed
[7.328s][info][gc,phases   ] GC(19) Concurrent Relocate 26.714ms
[7.328s][info][gc,load     ] GC(19) Load: 1.55/1.14/0.81
[7.328s][info][gc,mmu      ] GC(19) MMU: 2ms/90.8%, 5ms/94.3%, 10ms/97.1%, 20ms/98.6%, 50ms/99.3%, 100ms/99.6%
[7.328s][info][gc,marking  ] GC(19) Mark: 1 stripe(s), 2 proactive flush(es), 1 terminate flush(es), 0 completion(s), 0 continuation(s)
[7.328s][info][gc,reloc    ] GC(19) Relocation: Successful, 79M relocated
[7.328s][info][gc,nmethod  ] GC(19) NMethods: 21 registered, 0 unregistered
[7.328s][info][gc,metaspace] GC(19) Metaspace: 4M used, 4M capacity, 4M committed, 8M reserved
[7.328s][info][gc,ref      ] GC(19) Soft: 46 encountered, 0 discovered, 0 enqueued
[7.328s][info][gc,ref      ] GC(19) Weak: 23 encountered, 14 discovered, 0 enqueued
[7.328s][info][gc,ref      ] GC(19) Final: 0 encountered, 0 discovered, 0 enqueued
[7.328s][info][gc,ref      ] GC(19) Phantom: 6 encountered, 4 discovered, 0 enqueued
[7.328s][info][gc,heap     ] GC(19)                Mark Start          Mark End        Relocate Start      Relocate End           High               Low
[7.328s][info][gc,heap     ] GC(19)  Capacity:     2000M (100%)       2000M (100%)       2000M (100%)       2000M (100%)       2000M (100%)       2000M (100%)
[7.328s][info][gc,heap     ] GC(19)   Reserve:       38M (2%)           38M (2%)           38M (2%)           38M (2%)           38M (2%)           38M (2%)
[7.328s][info][gc,heap     ] GC(19)      Free:      532M (27%)           0M (0%)         1116M (56%)        1028M (51%)        1126M (56%)           0M (0%)
[7.328s][info][gc,heap     ] GC(19)      Used:     1430M (72%)        1962M (98%)         846M (42%)         934M (47%)        1962M (98%)         836M (42%)
[7.328s][info][gc,heap     ] GC(19)      Live:         -               222M (11%)         222M (11%)         222M (11%)            -                  -
[7.328s][info][gc,heap     ] GC(19) Allocated:         -               532M (27%)         544M (27%)         646M (32%)            -                  -
[7.329s][info][gc,heap     ] GC(19)   Garbage:         -              1207M (60%)          79M (4%)           73M (4%)             -                  -
[7.329s][info][gc,heap     ] GC(19) Reclaimed:         -                  -              1128M (56%)        1134M (57%)            -                  -
[7.329s][info][gc          ] GC(19) Garbage Collection (Allocation Rate) 1430M(72%)->934M(47%)
[7.396s][info][gc,start    ] GC(20) Garbage Collection (Allocation Rate)
[7.396s][info][gc,phases   ] GC(20) Pause Mark Start 0.113ms
[7.794s][info][gc,phases   ] GC(20) Concurrent Mark 397.882ms
[7.794s][info][gc,phases   ] GC(20) Pause Mark End 0.095ms
[7.794s][info][gc,phases   ] GC(20) Concurrent Process Non-Strong References 0.134ms
[7.795s][info][gc,phases   ] GC(20) Concurrent Reset Relocation Set 0.410ms
[7.795s][info][gc,phases   ] GC(20) Concurrent Destroy Detached Pages 0.012ms
[7.795s][info][gc          ] Allocation Stall (main) 88.045ms
[7.797s][info][gc,phases   ] GC(20) Concurrent Select Relocation Set 2.246ms
[7.802s][info][gc,phases   ] GC(20) Concurrent Prepare Relocation Set 4.723ms
[7.802s][info][gc,phases   ] GC(20) Pause Relocate Start 0.121ms
[7.833s][info][gc,phases   ] GC(20) Concurrent Relocate 30.307ms
[7.833s][info][gc,load     ] GC(20) Load: 1.55/1.14/0.81
[7.833s][info][gc,mmu      ] GC(20) MMU: 2ms/90.8%, 5ms/94.3%, 10ms/97.1%, 20ms/98.6%, 50ms/99.3%, 100ms/99.6%
[7.833s][info][gc,marking  ] GC(20) Mark: 1 stripe(s), 2 proactive flush(es), 1 terminate flush(es), 0 completion(s), 0 continuation(s)
[7.833s][info][gc,reloc    ] GC(20) Relocation: Successful, 89M relocated
[7.833s][info][gc,nmethod  ] GC(20) NMethods: 21 registered, 0 unregistered
[7.833s][info][gc,metaspace] GC(20) Metaspace: 4M used, 4M capacity, 4M committed, 8M reserved
[7.833s][info][gc,ref      ] GC(20) Soft: 46 encountered, 0 discovered, 0 enqueued
[7.833s][info][gc,ref      ] GC(20) Weak: 23 encountered, 14 discovered, 0 enqueued
[7.833s][info][gc,ref      ] GC(20) Final: 0 encountered, 0 discovered, 0 enqueued
[7.833s][info][gc,ref      ] GC(20) Phantom: 6 encountered, 4 discovered, 0 enqueued
[7.833s][info][gc,heap     ] GC(20)                Mark Start          Mark End        Relocate Start      Relocate End           High               Low
[7.833s][info][gc,heap     ] GC(20)  Capacity:     2000M (100%)       2000M (100%)       2000M (100%)       2000M (100%)       2000M (100%)       2000M (100%)
[7.833s][info][gc,heap     ] GC(20)   Reserve:       38M (2%)           38M (2%)           38M (2%)           38M (2%)           38M (2%)           38M (2%)
[7.833s][info][gc,heap     ] GC(20)      Free:      824M (41%)           0M (0%)          800M (40%)         720M (36%)         824M (41%)           0M (0%)
[7.833s][info][gc,heap     ] GC(20)      Used:     1138M (57%)        1962M (98%)        1162M (58%)        1242M (62%)        1962M (98%)        1138M (57%)
[7.833s][info][gc,heap     ] GC(20)      Live:         -               234M (12%)         234M (12%)         234M (12%)            -                  -
[7.833s][info][gc,heap     ] GC(20) Allocated:         -               824M (41%)         840M (42%)         940M (47%)            -                  -
[7.833s][info][gc,heap     ] GC(20)   Garbage:         -               903M (45%)          87M (4%)           77M (4%)             -                  -
[7.833s][info][gc,heap     ] GC(20) Reclaimed:         -                  -               816M (41%)         826M (41%)            -                  -
[7.833s][info][gc          ] GC(20) Garbage Collection (Allocation Rate) 1138M(57%)->1242M(62%)
[7.896s][info][gc,start    ] GC(21) Garbage Collection (Allocation Rate)
[7.896s][info][gc,phases   ] GC(21) Pause Mark Start 0.082ms
[8.058s][info][gc,heap     ] Page Cache Flushed: 2M requested, 32M(32M->0M) flushed
[8.284s][info][gc,phases   ] GC(21) Concurrent Mark 387.310ms
[8.284s][info][gc,phases   ] GC(21) Pause Mark End 0.132ms
[8.284s][info][gc,phases   ] GC(21) Concurrent Process Non-Strong References 0.109ms
[8.285s][info][gc,phases   ] GC(21) Concurrent Reset Relocation Set 0.378ms
[8.285s][info][gc,phases   ] GC(21) Concurrent Destroy Detached Pages 0.002ms
[8.285s][info][gc          ] Allocation Stall (main) 203.740ms
[8.286s][info][gc,phases   ] GC(21) Concurrent Select Relocation Set 1.491ms
[8.291s][info][gc,phases   ] GC(21) Concurrent Prepare Relocation Set 5.317ms
[8.292s][info][gc,phases   ] GC(21) Pause Relocate Start 0.081ms
[8.354s][info][gc,phases   ] GC(21) Concurrent Relocate 62.104ms
[8.354s][info][gc,load     ] GC(21) Load: 1.55/1.14/0.81
[8.354s][info][gc,mmu      ] GC(21) MMU: 2ms/90.8%, 5ms/94.3%, 10ms/97.1%, 20ms/98.6%, 50ms/99.3%, 100ms/99.6%
[8.354s][info][gc,marking  ] GC(21) Mark: 1 stripe(s), 2 proactive flush(es), 1 terminate flush(es), 0 completion(s), 0 continuation(s)
[8.354s][info][gc,reloc    ] GC(21) Relocation: Successful, 76M relocated
[8.354s][info][gc,nmethod  ] GC(21) NMethods: 21 registered, 0 unregistered
[8.354s][info][gc,metaspace] GC(21) Metaspace: 4M used, 4M capacity, 4M committed, 8M reserved
[8.354s][info][gc,ref      ] GC(21) Soft: 46 encountered, 0 discovered, 0 enqueued
[8.354s][info][gc,ref      ] GC(21) Weak: 23 encountered, 14 discovered, 0 enqueued
[8.354s][info][gc,ref      ] GC(21) Final: 0 encountered, 0 discovered, 0 enqueued
[8.354s][info][gc,ref      ] GC(21) Phantom: 6 encountered, 4 discovered, 0 enqueued
[8.354s][info][gc,heap     ] GC(21)                Mark Start          Mark End        Relocate Start      Relocate End           High               Low
[8.354s][info][gc,heap     ] GC(21)  Capacity:     2000M (100%)       2000M (100%)       2000M (100%)       2000M (100%)       2000M (100%)       2000M (100%)
[8.354s][info][gc,heap     ] GC(21)   Reserve:       38M (2%)           38M (2%)           38M (2%)           38M (2%)           38M (2%)           38M (2%)
[8.354s][info][gc,heap     ] GC(21)      Free:      526M (26%)           0M (0%)         1116M (56%)         944M (47%)        1130M (56%)           0M (0%)
[8.354s][info][gc,heap     ] GC(21)      Used:     1436M (72%)        1962M (98%)         846M (42%)        1018M (51%)        1962M (98%)         832M (42%)
[8.354s][info][gc,heap     ] GC(21)      Live:         -               226M (11%)         226M (11%)         226M (11%)            -                  -
[8.354s][info][gc,heap     ] GC(21) Allocated:         -               526M (26%)         542M (27%)         744M (37%)            -                  -
[8.354s][info][gc,heap     ] GC(21)   Garbage:         -              1209M (60%)          77M (4%)           65M (3%)             -                  -
[8.354s][info][gc,heap     ] GC(21) Reclaimed:         -                  -              1132M (57%)        1144M (57%)            -                  -
[8.354s][info][gc          ] GC(21) Garbage Collection (Allocation Rate) 1436M(72%)->1018M(51%)
[8.396s][info][gc,start    ] GC(22) Garbage Collection (Allocation Rate)
[8.396s][info][gc,phases   ] GC(22) Pause Mark Start 0.099ms
[8.808s][info][gc,phases   ] GC(22) Concurrent Mark 412.286ms
[8.808s][info][gc,phases   ] GC(22) Pause Mark End 0.137ms
[8.809s][info][gc,phases   ] GC(22) Concurrent Process Non-Strong References 0.142ms
[8.809s][info][gc,phases   ] GC(22) Concurrent Reset Relocation Set 0.750ms
[8.809s][info][gc,phases   ] GC(22) Concurrent Destroy Detached Pages 0.001ms
[8.809s][info][gc          ] Allocation Stall (main) 139.156ms
[8.811s][info][gc,phases   ] GC(22) Concurrent Select Relocation Set 1.582ms
[8.829s][info][gc,phases   ] GC(22) Concurrent Prepare Relocation Set 17.793ms
[8.829s][info][gc,phases   ] GC(22) Pause Relocate Start 0.095ms
[9.010s][info][gc,phases   ] GC(22) Concurrent Relocate 181.096ms
[9.010s][info][gc,load     ] GC(22) Load: 1.59/1.15/0.82
[9.010s][info][gc,mmu      ] GC(22) MMU: 2ms/90.8%, 5ms/94.3%, 10ms/97.1%, 20ms/98.6%, 50ms/99.3%, 100ms/99.6%
[9.010s][info][gc,marking  ] GC(22) Mark: 1 stripe(s), 2 proactive flush(es), 1 terminate flush(es), 0 completion(s), 0 continuation(s)
[9.010s][info][gc,reloc    ] GC(22) Relocation: Successful, 70M relocated
[9.010s][info][gc,nmethod  ] GC(22) NMethods: 21 registered, 0 unregistered
[9.010s][info][gc,metaspace] GC(22) Metaspace: 4M used, 4M capacity, 4M committed, 8M reserved
[9.010s][info][gc,ref      ] GC(22) Soft: 46 encountered, 0 discovered, 0 enqueued
[9.010s][info][gc,ref      ] GC(22) Weak: 23 encountered, 14 discovered, 0 enqueued
[9.010s][info][gc,ref      ] GC(22) Final: 0 encountered, 0 discovered, 0 enqueued
[9.010s][info][gc,ref      ] GC(22) Phantom: 6 encountered, 4 discovered, 0 enqueued
[9.010s][info][gc,heap     ] GC(22)                Mark Start          Mark End        Relocate Start      Relocate End           High               Low
[9.010s][info][gc,heap     ] GC(22)  Capacity:     2000M (100%)       2000M (100%)       2000M (100%)       2000M (100%)       2000M (100%)       2000M (100%)
[9.010s][info][gc,heap     ] GC(22)   Reserve:       38M (2%)           38M (2%)           38M (2%)           38M (2%)           38M (2%)           38M (2%)
[9.010s][info][gc,heap     ] GC(22)      Free:      816M (41%)           0M (0%)          780M (39%)         266M (13%)         836M (42%)           0M (0%)
[9.010s][info][gc,heap     ] GC(22)      Used:     1146M (57%)        1962M (98%)        1182M (59%)        1696M (85%)        1962M (98%)        1126M (56%)
[9.010s][info][gc,heap     ] GC(22)      Live:         -               235M (12%)         235M (12%)         235M (12%)            -                  -
[9.010s][info][gc,heap     ] GC(22) Allocated:         -               816M (41%)         874M (44%)        1472M (74%)            -                  -
[9.010s][info][gc,heap     ] GC(22)   Garbage:         -               910M (46%)          72M (4%)           44M (2%)             -                  -
[9.010s][info][gc,heap     ] GC(22) Reclaimed:         -                  -               838M (42%)         866M (43%)            -                  -
[9.010s][info][gc          ] GC(22) Garbage Collection (Allocation Rate) 1146M(57%)->1696M(85%)
[9.096s][info][gc,start    ] GC(23) Garbage Collection (Allocation Rate)
[9.097s][info][gc,phases   ] GC(23) Pause Mark Start 0.094ms
[9.570s][info][gc,phases   ] GC(23) Concurrent Mark 473.489ms
[9.570s][info][gc,phases   ] GC(23) Pause Mark End 0.052ms
[9.570s][info][gc,phases   ] GC(23) Concurrent Process Non-Strong References 0.122ms
[9.573s][info][gc,phases   ] GC(23) Concurrent Reset Relocation Set 2.215ms
[9.573s][info][gc,phases   ] GC(23) Concurrent Destroy Detached Pages 0.001ms
[9.573s][info][gc          ] Allocation Stall (main) 470.897ms
[9.574s][info][gc,phases   ] GC(23) Concurrent Select Relocation Set 1.622ms
[9.577s][info][gc,phases   ] GC(23) Concurrent Prepare Relocation Set 2.804ms
[9.577s][info][gc,phases   ] GC(23) Pause Relocate Start 0.082ms
[9.608s][info][gc,phases   ] GC(23) Concurrent Relocate 30.566ms
[9.608s][info][gc,load     ] GC(23) Load: 1.59/1.15/0.82
[9.608s][info][gc,mmu      ] GC(23) MMU: 2ms/90.8%, 5ms/94.3%, 10ms/97.1%, 20ms/98.6%, 50ms/99.3%, 100ms/99.6%
[9.608s][info][gc,marking  ] GC(23) Mark: 1 stripe(s), 2 proactive flush(es), 1 terminate flush(es), 0 completion(s), 0 continuation(s)
[9.608s][info][gc,reloc    ] GC(23) Relocation: Successful, 51M relocated
[9.608s][info][gc,nmethod  ] GC(23) NMethods: 21 registered, 0 unregistered
[9.608s][info][gc,metaspace] GC(23) Metaspace: 4M used, 4M capacity, 4M committed, 8M reserved
[9.608s][info][gc,ref      ] GC(23) Soft: 46 encountered, 0 discovered, 0 enqueued
[9.608s][info][gc,ref      ] GC(23) Weak: 23 encountered, 14 discovered, 0 enqueued
[9.608s][info][gc,ref      ] GC(23) Final: 0 encountered, 0 discovered, 0 enqueued
[9.608s][info][gc,ref      ] GC(23) Phantom: 6 encountered, 5 discovered, 0 enqueued
[9.608s][info][gc,heap     ] GC(23)                Mark Start          Mark End        Relocate Start      Relocate End           High               Low
[9.608s][info][gc,heap     ] GC(23)  Capacity:     2000M (100%)       2000M (100%)       2000M (100%)       2000M (100%)       2000M (100%)       2000M (100%)
[9.608s][info][gc,heap     ] GC(23)   Reserve:       38M (2%)           38M (2%)           38M (2%)           38M (2%)           38M (2%)           38M (2%)
[9.608s][info][gc,heap     ] GC(23)      Free:       14M (1%)            0M (0%)         1606M (80%)        1528M (76%)        1618M (81%)           0M (0%)
[9.608s][info][gc,heap     ] GC(23)      Used:     1948M (97%)        1962M (98%)         356M (18%)         434M (22%)        1962M (98%)         344M (17%)
[9.608s][info][gc,heap     ] GC(23)      Live:         -               259M (13%)         259M (13%)         259M (13%)            -                  -
[9.608s][info][gc,heap     ] GC(23) Allocated:         -                14M (1%)           28M (1%)          126M (6%)             -                  -
[9.608s][info][gc,heap     ] GC(23)   Garbage:         -              1688M (84%)          68M (3%)           58M (3%)             -                  -
[9.608s][info][gc,heap     ] GC(23) Reclaimed:         -                  -              1620M (81%)        1630M (82%)            -                  -
[9.608s][info][gc          ] GC(23) Garbage Collection (Allocation Rate) 1948M(97%)->434M(22%)
[9.696s][info][gc,start    ] GC(24) Garbage Collection (Allocation Rate)
[9.696s][info][gc,phases   ] GC(24) Pause Mark Start 0.163ms
[10.187s][info][gc,phases   ] GC(24) Concurrent Mark 490.915ms
[10.187s][info][gc,phases   ] GC(24) Pause Mark End 0.119ms
[10.187s][info][gc,phases   ] GC(24) Concurrent Process Non-Strong References 0.183ms
[10.188s][info][gc,phases   ] GC(24) Concurrent Reset Relocation Set 0.404ms
[10.188s][info][gc,phases   ] GC(24) Concurrent Destroy Detached Pages 0.001ms
[10.188s][info][gc          ] Allocation Stall (main) 57.239ms
[10.189s][info][gc,phases   ] GC(24) Concurrent Select Relocation Set 1.555ms
[10.195s][info][gc,phases   ] GC(24) Concurrent Prepare Relocation Set 5.883ms
[10.196s][info][gc,phases   ] GC(24) Pause Relocate Start 0.073ms
[10.196s][info][gc,stats    ] === Garbage Collection Statistics =======================================================================================================================
[10.196s][info][gc,stats    ]                                                              Last 10s              Last 10m              Last 10h                Total
[10.196s][info][gc,stats    ]                                                              Avg / Max             Avg / Max             Avg / Max             Avg / Max
[10.196s][info][gc,stats    ]   Collector: Garbage Collection Cycle                    311.508 / 614.705     311.508 / 614.705     311.508 / 614.705     311.508 / 614.705     ms
[10.196s][info][gc,stats    ]  Contention: Mark Segment Reset Contention                     0 / 0                 0 / 0                 0 / 0                 0 / 0           ops/s
[10.196s][info][gc,stats    ]  Contention: Mark SeqNum Reset Contention                      0 / 0                 0 / 0                 0 / 0                 0 / 0           ops/s
[10.196s][info][gc,stats    ]  Contention: Relocation Contention                             0 / 0                 0 / 0                 0 / 0                 0 / 0           ops/s
[10.196s][info][gc,stats    ]    Critical: Allocation Stall                            164.693 / 470.897     164.693 / 470.897     164.693 / 470.897     164.693 / 470.897     ms
[10.196s][info][gc,stats    ]    Critical: Allocation Stall                                  0 / 2                 0 / 2                 0 / 2                 0 / 2           ops/s
[10.196s][info][gc,stats    ]    Critical: GC Locker Stall                               0.000 / 0.000         0.000 / 0.000         0.000 / 0.000         0.000 / 0.000       ms
[10.196s][info][gc,stats    ]    Critical: GC Locker Stall                                   0 / 0                 0 / 0                 0 / 0                 0 / 0           ops/s
[10.196s][info][gc,stats    ]      Memory: Allocation Rate                                2050 / 2454           2050 / 2454           2050 / 2454           2050 / 2454        MB/s
[10.196s][info][gc,stats    ]      Memory: Heap Used After Mark                           1394 / 1962           1394 / 1962           1394 / 1962           1394 / 1962        MB
[10.196s][info][gc,stats    ]      Memory: Heap Used After Relocation                      760 / 1696            760 / 1696            760 / 1696            760 / 1696        MB
[10.196s][info][gc,stats    ]      Memory: Heap Used Before Mark                           935 / 1948            935 / 1948            935 / 1948            935 / 1948        MB
[10.196s][info][gc,stats    ]      Memory: Heap Used Before Relocation                     666 / 1644            666 / 1644            666 / 1644            666 / 1644        MB
[10.196s][info][gc,stats    ]      Memory: Out Of Memory                                     0 / 0                 0 / 0                 0 / 0                 0 / 0           ops/s
[10.196s][info][gc,stats    ]      Memory: Page Cache Flush                                  9 / 64                9 / 64                9 / 64                9 / 64          MB/s
[10.196s][info][gc,stats    ]      Memory: Page Cache Hit L1                               943 / 1148            943 / 1148            943 / 1148            943 / 1148        ops/s
[10.196s][info][gc,stats    ]      Memory: Page Cache Hit L2                                 0 / 0                 0 / 0                 0 / 0                 0 / 0           ops/s
[10.196s][info][gc,stats    ]      Memory: Page Cache Miss                                  98 / 357              98 / 357              98 / 357              98 / 357         ops/s
[10.196s][info][gc,stats    ]      Memory: Undo Object Allocation Failed                     0 / 0                 0 / 0                 0 / 0                 0 / 0           ops/s
[10.196s][info][gc,stats    ]      Memory: Undo Object Allocation Succeeded                  0 / 0                 0 / 0                 0 / 0                 0 / 0           ops/s
[10.196s][info][gc,stats    ]      Memory: Undo Page Allocation                              0 / 0                 0 / 0                 0 / 0                 0 / 0           ops/s
[10.196s][info][gc,stats    ]       Phase: Concurrent Destroy Detached Pages             0.036 / 0.362         0.036 / 0.362         0.036 / 0.362         0.036 / 0.362       ms
[10.196s][info][gc,stats    ]       Phase: Concurrent Mark                             254.728 / 490.915     254.728 / 490.915     254.728 / 490.915     254.728 / 490.915     ms
[10.196s][info][gc,stats    ]       Phase: Concurrent Mark Continue                      0.000 / 0.000         0.000 / 0.000         0.000 / 0.000         0.000 / 0.000       ms
[10.196s][info][gc,stats    ]       Phase: Concurrent Prepare Relocation Set             5.429 / 17.793        5.429 / 17.793        5.429 / 17.793        5.429 / 17.793      ms
[10.196s][info][gc,stats    ]       Phase: Concurrent Process Non-Strong References      0.121 / 0.239         0.121 / 0.239         0.121 / 0.239         0.121 / 0.239       ms
[10.196s][info][gc,stats    ]       Phase: Concurrent Relocate                          57.296 / 181.096      57.296 / 181.096      57.296 / 181.096      57.296 / 181.096     ms
[10.196s][info][gc,stats    ]       Phase: Concurrent Reset Relocation Set               0.742 / 2.343         0.742 / 2.343         0.742 / 2.343         0.742 / 2.343       ms
[10.196s][info][gc,stats    ]       Phase: Concurrent Select Relocation Set              1.692 / 4.744         1.692 / 4.744         1.692 / 4.744         1.692 / 4.744       ms
[10.196s][info][gc,stats    ]       Phase: Pause Mark End                                0.105 / 0.184         0.105 / 0.184         0.105 / 0.184         0.105 / 0.184       ms
[10.196s][info][gc,stats    ]       Phase: Pause Mark Start                              0.122 / 0.174         0.122 / 0.174         0.122 / 0.174         0.122 / 0.174       ms
[10.196s][info][gc,stats    ]       Phase: Pause Relocate Start                          0.084 / 0.138         0.084 / 0.138         0.084 / 0.138         0.084 / 0.138       ms
[10.196s][info][gc,stats    ]    Subphase: Concurrent Mark                             254.646 / 490.804     254.646 / 490.804     254.646 / 490.804     254.646 / 490.804     ms
[10.196s][info][gc,stats    ]    Subphase: Concurrent Mark Idle                          0.000 / 0.000         0.000 / 0.000         0.000 / 0.000         0.000 / 0.000       ms
[10.196s][info][gc,stats    ]    Subphase: Concurrent Mark Try Flush                     0.107 / 0.526         0.107 / 0.526         0.107 / 0.526         0.107 / 0.526       ms
[10.196s][info][gc,stats    ]    Subphase: Concurrent Mark Try Terminate                 0.057 / 0.527         0.057 / 0.527         0.057 / 0.527         0.057 / 0.527       ms
[10.196s][info][gc,stats    ]    Subphase: Concurrent References Enqueue                 0.000 / 0.007         0.000 / 0.007         0.000 / 0.007         0.000 / 0.007       ms
[10.196s][info][gc,stats    ]    Subphase: Concurrent References Process                 0.032 / 0.103         0.032 / 0.103         0.032 / 0.103         0.032 / 0.103       ms
[10.196s][info][gc,stats    ]    Subphase: Concurrent Weak Roots                         0.055 / 0.081         0.055 / 0.081         0.055 / 0.081         0.055 / 0.081       ms
[10.196s][info][gc,stats    ]    Subphase: Concurrent Weak Roots JNIWeakHandles          0.000 / 0.001         0.000 / 0.001         0.000 / 0.001         0.000 / 0.001       ms
[10.196s][info][gc,stats    ]    Subphase: Concurrent Weak Roots StringTable             0.051 / 0.075         0.051 / 0.075         0.051 / 0.075         0.051 / 0.075       ms
[10.196s][info][gc,stats    ]    Subphase: Concurrent Weak Roots VMWeakHandles           0.002 / 0.003         0.002 / 0.003         0.002 / 0.003         0.002 / 0.003       ms
[10.196s][info][gc,stats    ]    Subphase: Pause Mark Try Complete                       0.000 / 0.000         0.000 / 0.000         0.000 / 0.000         0.000 / 0.000       ms
[10.196s][info][gc,stats    ]    Subphase: Pause Remap TLABS                             0.001 / 0.010         0.001 / 0.010         0.001 / 0.010         0.001 / 0.010       ms
[10.196s][info][gc,stats    ]    Subphase: Pause Retire TLABS                            0.008 / 0.025         0.008 / 0.025         0.008 / 0.025         0.008 / 0.025       ms
[10.196s][info][gc,stats    ]    Subphase: Pause Roots                                   0.023 / 0.106         0.023 / 0.106         0.023 / 0.106         0.023 / 0.106       ms
[10.196s][info][gc,stats    ]    Subphase: Pause Roots ClassLoaderDataGraph              0.009 / 0.031         0.009 / 0.031         0.009 / 0.031         0.009 / 0.031       ms
[10.196s][info][gc,stats    ]    Subphase: Pause Roots CodeCache                         0.006 / 0.017         0.006 / 0.017         0.006 / 0.017         0.006 / 0.017       ms
[10.196s][info][gc,stats    ]    Subphase: Pause Roots JNIHandles                        0.001 / 0.002         0.001 / 0.002         0.001 / 0.002         0.001 / 0.002       ms
[10.196s][info][gc,stats    ]    Subphase: Pause Roots JNIWeakHandles                    0.000 / 0.000         0.000 / 0.000         0.000 / 0.000         0.000 / 0.000       ms
[10.196s][info][gc,stats    ]    Subphase: Pause Roots JRFWeak                           0.000 / 0.000         0.000 / 0.000         0.000 / 0.000         0.000 / 0.000       ms
[10.196s][info][gc,stats    ]    Subphase: Pause Roots JVMTIExport                       0.001 / 0.001         0.001 / 0.001         0.001 / 0.001         0.001 / 0.001       ms
[10.196s][info][gc,stats    ]    Subphase: Pause Roots JVMTIWeakExport                   0.001 / 0.001         0.001 / 0.001         0.001 / 0.001         0.001 / 0.001       ms
[10.196s][info][gc,stats    ]    Subphase: Pause Roots Management                        0.001 / 0.011         0.001 / 0.011         0.001 / 0.011         0.001 / 0.011       ms
[10.196s][info][gc,stats    ]    Subphase: Pause Roots ObjectSynchronizer                0.000 / 0.001         0.000 / 0.001         0.000 / 0.001         0.000 / 0.001       ms
[10.196s][info][gc,stats    ]    Subphase: Pause Roots Setup                             0.001 / 0.009         0.001 / 0.009         0.001 / 0.009         0.001 / 0.009       ms
[10.196s][info][gc,stats    ]    Subphase: Pause Roots StringTable                       0.000 / 0.000         0.000 / 0.000         0.000 / 0.000         0.000 / 0.000       ms
[10.196s][info][gc,stats    ]    Subphase: Pause Roots SystemDictionary                  0.002 / 0.003         0.002 / 0.003         0.002 / 0.003         0.002 / 0.003       ms
[10.196s][info][gc,stats    ]    Subphase: Pause Roots Teardown                          0.001 / 0.011         0.001 / 0.011         0.001 / 0.011         0.001 / 0.011       ms
[10.196s][info][gc,stats    ]    Subphase: Pause Roots Threads                           0.016 / 0.104         0.016 / 0.104         0.016 / 0.104         0.016 / 0.104       ms
[10.196s][info][gc,stats    ]    Subphase: Pause Roots Universe                          0.004 / 0.063         0.004 / 0.063         0.004 / 0.063         0.004 / 0.063       ms
[10.196s][info][gc,stats    ]    Subphase: Pause Roots VMWeakHandles                     0.000 / 0.000         0.000 / 0.000         0.000 / 0.000         0.000 / 0.000       ms
[10.196s][info][gc,stats    ]    Subphase: Pause Weak Roots                              0.001 / 0.010         0.001 / 0.010         0.001 / 0.010         0.001 / 0.010       ms
[10.196s][info][gc,stats    ]    Subphase: Pause Weak Roots JFRWeak                      0.000 / 0.001         0.000 / 0.001         0.000 / 0.001         0.000 / 0.001       ms
[10.196s][info][gc,stats    ]    Subphase: Pause Weak Roots JNIWeakHandles               0.000 / 0.000         0.000 / 0.000         0.000 / 0.000         0.000 / 0.000       ms
[10.196s][info][gc,stats    ]    Subphase: Pause Weak Roots JVMTIWeakExport              0.001 / 0.006         0.001 / 0.006         0.001 / 0.006         0.001 / 0.006       ms
[10.196s][info][gc,stats    ]    Subphase: Pause Weak Roots Setup                        0.000 / 0.000         0.000 / 0.000         0.000 / 0.000         0.000 / 0.000       ms
[10.196s][info][gc,stats    ]    Subphase: Pause Weak Roots StringTable                  0.000 / 0.000         0.000 / 0.000         0.000 / 0.000         0.000 / 0.000       ms
[10.196s][info][gc,stats    ]    Subphase: Pause Weak Roots SymbolTable                  0.000 / 0.000         0.000 / 0.000         0.000 / 0.000         0.000 / 0.000       ms
[10.196s][info][gc,stats    ]    Subphase: Pause Weak Roots Teardown                     0.001 / 0.011         0.001 / 0.011         0.001 / 0.011         0.001 / 0.011       ms
[10.196s][info][gc,stats    ]    Subphase: Pause Weak Roots VMWeakHandles                0.000 / 0.000         0.000 / 0.000         0.000 / 0.000         0.000 / 0.000       ms
[10.196s][info][gc,stats    ]      System: Java Threads                                      9 / 9                 9 / 9                 9 / 9                 9 / 9           threads
[10.196s][info][gc,stats    ] =========================================================================================================================================================
[10.256s][info][gc,phases   ] GC(24) Concurrent Relocate 59.878ms
[10.256s][info][gc,load     ] GC(24) Load: 1.59/1.15/0.82
[10.256s][info][gc,mmu      ] GC(24) MMU: 2ms/90.8%, 5ms/94.3%, 10ms/97.1%, 20ms/98.6%, 50ms/99.3%, 100ms/99.6%
[10.256s][info][gc,marking  ] GC(24) Mark: 1 stripe(s), 2 proactive flush(es), 1 terminate flush(es), 0 completion(s), 0 continuation(s)
[10.256s][info][gc,reloc    ] GC(24) Relocation: Successful, 71M relocated
[10.256s][info][gc,nmethod  ] GC(24) NMethods: 21 registered, 0 unregistered
[10.256s][info][gc,metaspace] GC(24) Metaspace: 4M used, 4M capacity, 4M committed, 8M reserved
[10.256s][info][gc,ref      ] GC(24) Soft: 46 encountered, 0 discovered, 0 enqueued
[10.256s][info][gc,ref      ] GC(24) Weak: 23 encountered, 14 discovered, 0 enqueued
[10.256s][info][gc,ref      ] GC(24) Final: 0 encountered, 0 discovered, 0 enqueued
[10.256s][info][gc,ref      ] GC(24) Phantom: 6 encountered, 4 discovered, 0 enqueued
[10.256s][info][gc,heap     ] GC(24)                Mark Start          Mark End        Relocate Start      Relocate End           High               Low
[10.256s][info][gc,heap     ] GC(24)  Capacity:     2000M (100%)       2000M (100%)       2000M (100%)       2000M (100%)       2000M (100%)       2000M (100%)
[10.256s][info][gc,heap     ] GC(24)   Reserve:       38M (2%)           38M (2%)           38M (2%)           38M (2%)           38M (2%)           38M (2%)
[10.256s][info][gc,heap     ] GC(24)      Free:     1258M (63%)           0M (0%)          318M (16%)         152M (8%)         1258M (63%)           0M (0%)
[10.256s][info][gc,heap     ] GC(24)      Used:      704M (35%)        1962M (98%)        1644M (82%)        1810M (90%)        1962M (98%)         704M (35%)
[10.256s][info][gc,heap     ] GC(24)      Live:         -               285M (14%)         285M (14%)         285M (14%)            -                  -
[10.256s][info][gc,heap     ] GC(24) Allocated:         -              1258M (63%)        1282M (64%)        1478M (74%)            -                  -
[10.256s][info][gc,heap     ] GC(24)   Garbage:         -               418M (21%)          76M (4%)           64M (3%)             -                  -
[10.256s][info][gc,heap     ] GC(24) Reclaimed:         -                  -               342M (17%)         354M (18%)            -                  -
[10.256s][info][gc          ] GC(24) Garbage Collection (Allocation Rate) 704M(35%)->1810M(90%)
[10.295s][info][gc,start    ] GC(25) Garbage Collection (Allocation Rate)
[10.296s][info][gc,phases   ] GC(25) Pause Mark Start 0.126ms
[10.813s][info][gc,phases   ] GC(25) Concurrent Mark 516.997ms
[10.813s][info][gc,phases   ] GC(25) Pause Mark End 0.117ms
[10.813s][info][gc,phases   ] GC(25) Concurrent Process Non-Strong References 0.114ms
[10.814s][info][gc,phases   ] GC(25) Concurrent Reset Relocation Set 0.821ms
[10.814s][info][gc,phases   ] GC(25) Concurrent Destroy Detached Pages 0.001ms
[10.814s][info][gc          ] Allocation Stall (main) 507.508ms
[10.816s][info][gc,phases   ] GC(25) Concurrent Select Relocation Set 1.588ms
[10.820s][info][gc,phases   ] GC(25) Concurrent Prepare Relocation Set 3.738ms
[10.822s][info][gc,phases   ] GC(25) Pause Relocate Start 0.109ms
[10.863s][info][gc,phases   ] GC(25) Concurrent Relocate 40.316ms
[10.863s][info][gc,load     ] GC(25) Load: 1.59/1.15/0.82
[10.863s][info][gc,mmu      ] GC(25) MMU: 2ms/90.8%, 5ms/94.3%, 10ms/97.1%, 20ms/98.6%, 50ms/99.3%, 100ms/99.6%
[10.863s][info][gc,marking  ] GC(25) Mark: 1 stripe(s), 2 proactive flush(es), 1 terminate flush(es), 0 completion(s), 0 continuation(s)
[10.863s][info][gc,reloc    ] GC(25) Relocation: Successful, 100M relocated
[10.863s][info][gc,nmethod  ] GC(25) NMethods: 21 registered, 0 unregistered
[10.863s][info][gc,metaspace] GC(25) Metaspace: 4M used, 4M capacity, 4M committed, 8M reserved
[10.863s][info][gc,ref      ] GC(25) Soft: 46 encountered, 0 discovered, 0 enqueued
[10.863s][info][gc,ref      ] GC(25) Weak: 23 encountered, 14 discovered, 0 enqueued
[10.863s][info][gc,ref      ] GC(25) Final: 0 encountered, 0 discovered, 0 enqueued
[10.863s][info][gc,ref      ] GC(25) Phantom: 6 encountered, 4 discovered, 0 enqueued
[10.863s][info][gc,heap     ] GC(25)                Mark Start          Mark End        Relocate Start      Relocate End           High               Low
[10.863s][info][gc,heap     ] GC(25)  Capacity:     2000M (100%)       2000M (100%)       2000M (100%)       2000M (100%)       2000M (100%)       2000M (100%)
[10.863s][info][gc,heap     ] GC(25)   Reserve:       38M (2%)           38M (2%)           38M (2%)           38M (2%)           38M (2%)           38M (2%)
[10.863s][info][gc,heap     ] GC(25)      Free:       32M (2%)            0M (0%)         1500M (75%)        1396M (70%)        1514M (76%)           0M (0%)
[10.863s][info][gc,heap     ] GC(25)      Used:     1930M (96%)        1962M (98%)         462M (23%)         566M (28%)        1962M (98%)         448M (22%)
[10.863s][info][gc,heap     ] GC(25)      Live:         -               316M (16%)         316M (16%)         316M (16%)            -                  -
[10.863s][info][gc,heap     ] GC(25) Allocated:         -                32M (2%)           48M (2%)          180M (9%)             -                  -
[10.863s][info][gc,heap     ] GC(25)   Garbage:         -              1613M (81%)          97M (5%)           83M (4%)             -                  -
[10.863s][info][gc,heap     ] GC(25) Reclaimed:         -                  -              1516M (76%)        1530M (76%)            -                  -
[10.863s][info][gc          ] GC(25) Garbage Collection (Allocation Rate) 1930M(96%)->566M(28%)
[10.896s][info][gc,start    ] GC(26) Garbage Collection (Allocation Rate)
[10.896s][info][gc,phases   ] GC(26) Pause Mark Start 0.085ms
[11.400s][info][gc,phases   ] GC(26) Concurrent Mark 503.590ms
[11.400s][info][gc,phases   ] GC(26) Pause Mark End 0.231ms
[11.401s][info][gc,phases   ] GC(26) Concurrent Process Non-Strong References 0.179ms
[11.401s][info][gc,phases   ] GC(26) Concurrent Reset Relocation Set 0.682ms
[11.401s][info][gc,phases   ] GC(26) Concurrent Destroy Detached Pages 0.001ms
[11.404s][info][gc,phases   ] GC(26) Concurrent Select Relocation Set 2.210ms
[11.405s][info][gc,phases   ] GC(26) Concurrent Prepare Relocation Set 1.215ms
[11.405s][info][gc          ] Allocation Stall (main) 84.812ms
[11.405s][info][gc,phases   ] GC(26) Pause Relocate Start 0.105ms
[11.416s][info][gc,phases   ] GC(26) Concurrent Relocate 10.863ms
[11.416s][info][gc,load     ] GC(26) Load: 1.59/1.15/0.82
[11.416s][info][gc,mmu      ] GC(26) MMU: 2ms/88.4%, 5ms/93.3%, 10ms/96.6%, 20ms/98.3%, 50ms/99.3%, 100ms/99.6%
[11.416s][info][gc,marking  ] GC(26) Mark: 1 stripe(s), 2 proactive flush(es), 1 terminate flush(es), 0 completion(s), 0 continuation(s)
[11.416s][info][gc,reloc    ] GC(26) Relocation: Successful, 76M relocated
[11.416s][info][gc,nmethod  ] GC(26) NMethods: 21 registered, 0 unregistered
[11.416s][info][gc,metaspace] GC(26) Metaspace: 4M used, 4M capacity, 4M committed, 8M reserved
[11.416s][info][gc,ref      ] GC(26) Soft: 46 encountered, 0 discovered, 0 enqueued
[11.416s][info][gc,ref      ] GC(26) Weak: 23 encountered, 14 discovered, 0 enqueued
[11.416s][info][gc,ref      ] GC(26) Final: 0 encountered, 0 discovered, 0 enqueued
[11.416s][info][gc,ref      ] GC(26) Phantom: 6 encountered, 4 discovered, 0 enqueued
[11.416s][info][gc,heap     ] GC(26)                Mark Start          Mark End        Relocate Start      Relocate End           High               Low
[11.416s][info][gc,heap     ] GC(26)  Capacity:     2000M (100%)       2000M (100%)       2000M (100%)       2000M (100%)       2000M (100%)       2000M (100%)
[11.416s][info][gc,heap     ] GC(26)   Reserve:       38M (2%)           38M (2%)           38M (2%)           38M (2%)           38M (2%)           38M (2%)
[11.416s][info][gc,heap     ] GC(26)      Free:     1294M (65%)           0M (0%)          290M (14%)         270M (14%)        1294M (65%)           0M (0%)
[11.416s][info][gc,heap     ] GC(26)      Used:      668M (33%)        1962M (98%)        1672M (84%)        1692M (85%)        1962M (98%)         668M (33%)
[11.416s][info][gc,heap     ] GC(26)      Live:         -               297M (15%)         297M (15%)         297M (15%)            -                  -
[11.416s][info][gc,heap     ] GC(26) Allocated:         -              1294M (65%)        1296M (65%)        1324M (66%)            -                  -
[11.416s][info][gc,heap     ] GC(26)   Garbage:         -               370M (19%)          78M (4%)           74M (4%)             -                  -
[11.416s][info][gc,heap     ] GC(26) Reclaimed:         -                  -               292M (15%)         296M (15%)            -                  -
[11.416s][info][gc          ] GC(26) Garbage Collection (Allocation Rate) 668M(33%)->1692M(85%)
[11.495s][info][gc,start    ] GC(27) Garbage Collection (Allocation Rate)
[11.496s][info][gc,phases   ] GC(27) Pause Mark Start 0.120ms
[12.059s][info][gc,phases   ] GC(27) Concurrent Mark 562.864ms
[12.059s][info][gc,phases   ] GC(27) Pause Mark End 0.124ms
[12.059s][info][gc,phases   ] GC(27) Concurrent Process Non-Strong References 0.097ms
[12.059s][info][gc,phases   ] GC(27) Concurrent Reset Relocation Set 0.151ms
[12.059s][info][gc,phases   ] GC(27) Concurrent Destroy Detached Pages 0.001ms
[12.059s][info][gc          ] Allocation Stall (main) 552.218ms
[12.061s][info][gc,phases   ] GC(27) Concurrent Select Relocation Set 1.499ms
[12.070s][info][gc,phases   ] GC(27) Concurrent Prepare Relocation Set 8.694ms
[12.070s][info][gc,phases   ] GC(27) Pause Relocate Start 0.136ms
[12.165s][info][gc,phases   ] GC(27) Concurrent Relocate 95.085ms
[12.165s][info][gc,load     ] GC(27) Load: 1.59/1.15/0.82
[12.165s][info][gc,mmu      ] GC(27) MMU: 2ms/88.4%, 5ms/93.3%, 10ms/96.6%, 20ms/98.3%, 50ms/99.3%, 100ms/99.5%
[12.165s][info][gc,marking  ] GC(27) Mark: 1 stripe(s), 2 proactive flush(es), 1 terminate flush(es), 0 completion(s), 0 continuation(s)
[12.165s][info][gc,reloc    ] GC(27) Relocation: Successful, 125M relocated
[12.165s][info][gc,nmethod  ] GC(27) NMethods: 21 registered, 0 unregistered
[12.165s][info][gc,metaspace] GC(27) Metaspace: 4M used, 4M capacity, 4M committed, 8M reserved
[12.165s][info][gc,ref      ] GC(27) Soft: 46 encountered, 0 discovered, 0 enqueued
[12.165s][info][gc,ref      ] GC(27) Weak: 23 encountered, 14 discovered, 0 enqueued
[12.165s][info][gc,ref      ] GC(27) Final: 0 encountered, 0 discovered, 0 enqueued
[12.165s][info][gc,ref      ] GC(27) Phantom: 6 encountered, 4 discovered, 0 enqueued
[12.165s][info][gc,heap     ] GC(27)                Mark Start          Mark End        Relocate Start      Relocate End           High               Low
[12.165s][info][gc,heap     ] GC(27)  Capacity:     2000M (100%)       2000M (100%)       2000M (100%)       2000M (100%)       2000M (100%)       2000M (100%)
[12.165s][info][gc,heap     ] GC(27)   Reserve:       38M (2%)           38M (2%)           38M (2%)           38M (2%)           38M (2%)           38M (2%)
[12.165s][info][gc,heap     ] GC(27)      Free:       32M (2%)            0M (0%)         1452M (73%)        1188M (59%)        1474M (74%)           0M (0%)
[12.165s][info][gc,heap     ] GC(27)      Used:     1930M (96%)        1962M (98%)         510M (26%)         774M (39%)        1962M (98%)         488M (24%)
[12.165s][info][gc,heap     ] GC(27)      Live:         -               347M (17%)         347M (17%)         347M (17%)            -                  -
[12.165s][info][gc,heap     ] GC(27) Allocated:         -                32M (2%)           56M (3%)          368M (18%)            -                  -
[12.165s][info][gc,heap     ] GC(27)   Garbage:         -              1582M (79%)         106M (5%)           86M (4%)             -                  -
[12.165s][info][gc,heap     ] GC(27) Reclaimed:         -                  -              1476M (74%)        1496M (75%)            -                  -
[12.165s][info][gc          ] GC(27) Garbage Collection (Allocation Rate) 1930M(96%)->774M(39%)
[12.196s][info][gc,start    ] GC(28) Garbage Collection (Allocation Rate)
[12.196s][info][gc,phases   ] GC(28) Pause Mark Start 0.105ms
[12.785s][info][gc,phases   ] GC(28) Concurrent Mark 589.105ms
[12.786s][info][gc,phases   ] GC(28) Pause Mark End 0.117ms
[12.786s][info][gc,phases   ] GC(28) Concurrent Process Non-Strong References 0.088ms
[12.788s][info][gc,phases   ] GC(28) Concurrent Reset Relocation Set 1.849ms
[12.788s][info][gc,phases   ] GC(28) Concurrent Destroy Detached Pages 0.001ms
[12.788s][info][gc          ] Allocation Stall (main) 233.811ms
[12.789s][info][gc,phases   ] GC(28) Concurrent Select Relocation Set 1.475ms
[12.792s][info][gc,phases   ] GC(28) Concurrent Prepare Relocation Set 3.191ms
[12.793s][info][gc,phases   ] GC(28) Pause Relocate Start 0.133ms
[12.828s][info][gc,phases   ] GC(28) Concurrent Relocate 35.520ms
[12.828s][info][gc,load     ] GC(28) Load: 1.59/1.15/0.82
[12.828s][info][gc,mmu      ] GC(28) MMU: 2ms/88.4%, 5ms/93.3%, 10ms/96.6%, 20ms/98.3%, 50ms/99.3%, 100ms/99.5%
[12.828s][info][gc,marking  ] GC(28) Mark: 1 stripe(s), 2 proactive flush(es), 1 terminate flush(es), 0 completion(s), 0 continuation(s)
[12.828s][info][gc,reloc    ] GC(28) Relocation: Successful, 105M relocated
[12.828s][info][gc,nmethod  ] GC(28) NMethods: 21 registered, 0 unregistered
[12.828s][info][gc,metaspace] GC(28) Metaspace: 4M used, 4M capacity, 4M committed, 8M reserved
[12.829s][info][gc,ref      ] GC(28) Soft: 46 encountered, 0 discovered, 0 enqueued
[12.829s][info][gc,ref      ] GC(28) Weak: 23 encountered, 14 discovered, 0 enqueued
[12.829s][info][gc,ref      ] GC(28) Final: 0 encountered, 0 discovered, 0 enqueued
[12.829s][info][gc,ref      ] GC(28) Phantom: 6 encountered, 4 discovered, 0 enqueued
[12.829s][info][gc,heap     ] GC(28)                Mark Start          Mark End        Relocate Start      Relocate End           High               Low
[12.829s][info][gc,heap     ] GC(28)  Capacity:     2000M (100%)       2000M (100%)       2000M (100%)       2000M (100%)       2000M (100%)       2000M (100%)
[12.829s][info][gc,heap     ] GC(28)   Reserve:       38M (2%)           38M (2%)           38M (2%)           38M (2%)           38M (2%)           38M (2%)
[12.829s][info][gc,heap     ] GC(28)      Free:     1092M (55%)           0M (0%)          414M (21%)         324M (16%)        1092M (55%)           0M (0%)
[12.829s][info][gc,heap     ] GC(28)      Used:      870M (44%)        1962M (98%)        1548M (77%)        1638M (82%)        1962M (98%)         870M (44%)
[12.829s][info][gc,heap     ] GC(28)      Live:         -               340M (17%)         340M (17%)         340M (17%)            -                  -
[12.829s][info][gc,heap     ] GC(28) Allocated:         -              1092M (55%)        1108M (55%)        1222M (61%)            -                  -
[12.829s][info][gc,heap     ] GC(28)   Garbage:         -               529M (26%)          99M (5%)           87M (4%)             -                  -
[12.829s][info][gc,heap     ] GC(28) Reclaimed:         -                  -               430M (22%)         442M (22%)            -                  -
[12.829s][info][gc          ] GC(28) Garbage Collection (Allocation Rate) 870M(44%)->1638M(82%)
[12.896s][info][gc,start    ] GC(29) Garbage Collection (Allocation Rate)
[12.896s][info][gc,phases   ] GC(29) Pause Mark Start 0.155ms
[13.430s][info][gc,phases   ] GC(29) Concurrent Mark 534.043ms
[13.431s][info][gc,phases   ] GC(29) Pause Mark End 0.141ms
[13.431s][info][gc,phases   ] GC(29) Concurrent Process Non-Strong References 0.176ms
[13.431s][info][gc,phases   ] GC(29) Concurrent Reset Relocation Set 0.500ms
[13.431s][info][gc,phases   ] GC(29) Concurrent Destroy Detached Pages 0.001ms
[13.431s][info][gc          ] Allocation Stall (main) 496.591ms
[13.433s][info][gc,phases   ] GC(29) Concurrent Select Relocation Set 1.703ms
[13.435s][info][gc,phases   ] GC(29) Concurrent Prepare Relocation Set 1.716ms
[13.435s][info][gc,phases   ] GC(29) Pause Relocate Start 0.144ms
[13.453s][info][gc,phases   ] GC(29) Concurrent Relocate 17.689ms
[13.453s][info][gc,load     ] GC(29) Load: 1.59/1.15/0.82
[13.453s][info][gc,mmu      ] GC(29) MMU: 2ms/88.4%, 5ms/93.3%, 10ms/96.6%, 20ms/98.3%, 50ms/99.3%, 100ms/99.5%
[13.453s][info][gc,marking  ] GC(29) Mark: 1 stripe(s), 2 proactive flush(es), 1 terminate flush(es), 0 completion(s), 0 continuation(s)
[13.453s][info][gc,reloc    ] GC(29) Relocation: Successful, 94M relocated
[13.453s][info][gc,nmethod  ] GC(29) NMethods: 21 registered, 0 unregistered
[13.453s][info][gc,metaspace] GC(29) Metaspace: 4M used, 4M capacity, 4M committed, 8M reserved
[13.453s][info][gc,ref      ] GC(29) Soft: 46 encountered, 0 discovered, 0 enqueued
[13.453s][info][gc,ref      ] GC(29) Weak: 23 encountered, 14 discovered, 0 enqueued
[13.453s][info][gc,ref      ] GC(29) Final: 0 encountered, 0 discovered, 0 enqueued
[13.453s][info][gc,ref      ] GC(29) Phantom: 6 encountered, 4 discovered, 0 enqueued
[13.453s][info][gc,heap     ] GC(29)                Mark Start          Mark End        Relocate Start      Relocate End           High               Low
[13.453s][info][gc,heap     ] GC(29)  Capacity:     2000M (100%)       2000M (100%)       2000M (100%)       2000M (100%)       2000M (100%)       2000M (100%)
[13.453s][info][gc,heap     ] GC(29)   Reserve:       38M (2%)           38M (2%)           38M (2%)           38M (2%)           38M (2%)           38M (2%)
[13.453s][info][gc,heap     ] GC(29)      Free:      116M (6%)            0M (0%)         1418M (71%)        1374M (69%)        1426M (71%)           0M (0%)
[13.453s][info][gc,heap     ] GC(29)      Used:     1846M (92%)        1962M (98%)         544M (27%)         588M (29%)        1962M (98%)         536M (27%)
[13.453s][info][gc,heap     ] GC(29)      Live:         -               331M (17%)         331M (17%)         331M (17%)            -                  -
[13.453s][info][gc,heap     ] GC(29) Allocated:         -               116M (6%)          126M (6%)          180M (9%)             -                  -
[13.453s][info][gc,heap     ] GC(29)   Garbage:         -              1514M (76%)          86M (4%)           82M (4%)             -                  -
[13.453s][info][gc,heap     ] GC(29) Reclaimed:         -                  -              1428M (71%)        1432M (72%)            -                  -
[13.453s][info][gc          ] GC(29) Garbage Collection (Allocation Rate) 1846M(92%)->588M(29%)
[13.496s][info][gc,start    ] GC(30) Garbage Collection (Allocation Rate)
[13.496s][info][gc,phases   ] GC(30) Pause Mark Start 0.079ms
[13.523s][info][gc,heap     ] Page Cache Flushed: 32M requested, 32M(1166M->1134M) flushed
[14.062s][info][gc,phases   ] GC(30) Concurrent Mark 565.871ms
[14.063s][info][gc,phases   ] GC(30) Pause Mark End 0.109ms
[14.063s][info][gc,phases   ] GC(30) Concurrent Process Non-Strong References 0.147ms
[14.063s][info][gc,phases   ] GC(30) Concurrent Reset Relocation Set 0.323ms
[14.063s][info][gc,phases   ] GC(30) Concurrent Destroy Detached Pages 0.010ms
[14.063s][info][gc          ] Allocation Stall (main) 162.215ms
[14.066s][info][gc,phases   ] GC(30) Concurrent Select Relocation Set 2.398ms
[14.071s][info][gc,phases   ] GC(30) Concurrent Prepare Relocation Set 5.164ms
[14.071s][info][gc,phases   ] GC(30) Pause Relocate Start 0.131ms
[14.116s][info][gc,phases   ] GC(30) Concurrent Relocate 44.730ms
[14.116s][info][gc,load     ] GC(30) Load: 1.70/1.19/0.83
[14.116s][info][gc,mmu      ] GC(30) MMU: 2ms/88.4%, 5ms/93.3%, 10ms/96.6%, 20ms/98.3%, 50ms/99.3%, 100ms/99.5%
[14.116s][info][gc,marking  ] GC(30) Mark: 1 stripe(s), 2 proactive flush(es), 1 terminate flush(es), 0 completion(s), 0 continuation(s)
[14.116s][info][gc,reloc    ] GC(30) Relocation: Successful, 99M relocated
[14.116s][info][gc,nmethod  ] GC(30) NMethods: 21 registered, 0 unregistered
[14.116s][info][gc,metaspace] GC(30) Metaspace: 4M used, 4M capacity, 4M committed, 8M reserved
[14.116s][info][gc,ref      ] GC(30) Soft: 46 encountered, 0 discovered, 0 enqueued
[14.116s][info][gc,ref      ] GC(30) Weak: 23 encountered, 14 discovered, 0 enqueued
[14.116s][info][gc,ref      ] GC(30) Final: 0 encountered, 0 discovered, 0 enqueued
[14.116s][info][gc,ref      ] GC(30) Phantom: 6 encountered, 4 discovered, 0 enqueued
[14.116s][info][gc,heap     ] GC(30)                Mark Start          Mark End        Relocate Start      Relocate End           High               Low
[14.116s][info][gc,heap     ] GC(30)  Capacity:     2000M (100%)       2000M (100%)       2000M (100%)       2000M (100%)       2000M (100%)       2000M (100%)
[14.116s][info][gc,heap     ] GC(30)   Reserve:       38M (2%)           38M (2%)           38M (2%)           38M (2%)           38M (2%)           38M (2%)
[14.116s][info][gc,heap     ] GC(30)      Free:     1242M (62%)           0M (0%)          276M (14%)         156M (8%)         1242M (62%)           0M (0%)
[14.116s][info][gc,heap     ] GC(30)      Used:      720M (36%)        1962M (98%)        1686M (84%)        1806M (90%)        1962M (98%)         720M (36%)
[14.116s][info][gc,heap     ] GC(30)      Live:         -               336M (17%)         336M (17%)         336M (17%)            -                  -
[14.116s][info][gc,heap     ] GC(30) Allocated:         -              1242M (62%)        1258M (63%)        1400M (70%)            -                  -
[14.116s][info][gc,heap     ] GC(30)   Garbage:         -               383M (19%)          91M (5%)           83M (4%)             -                  -
[14.116s][info][gc,heap     ] GC(30) Reclaimed:         -                  -               292M (15%)         300M (15%)            -                  -
[14.116s][info][gc          ] GC(30) Garbage Collection (Allocation Rate) 720M(36%)->1806M(90%)
[14.171s][info][gc,start    ] GC(31) Garbage Collection (Allocation Stall)
[14.171s][info][gc,ref      ] GC(31) Clearing All Soft References
[14.171s][info][gc,phases   ] GC(31) Pause Mark Start 0.112ms
[14.381s][info][gc,phases   ] GC(31) Concurrent Mark 209.873ms
[14.382s][info][gc,phases   ] GC(31) Pause Mark End 0.191ms
[14.382s][info][gc,phases   ] GC(31) Concurrent Process Non-Strong References 0.121ms
[14.382s][info][gc,phases   ] GC(31) Concurrent Reset Relocation Set 0.617ms
[14.382s][info][gc,phases   ] GC(31) Concurrent Destroy Detached Pages 0.001ms
[14.382s][info][gc          ] Allocation Stall (main) 211.449ms
[14.384s][info][gc,phases   ] GC(31) Concurrent Select Relocation Set 1.551ms
[14.406s][info][gc,phases   ] GC(31) Concurrent Prepare Relocation Set 22.524ms
[14.409s][info][gc,phases   ] GC(31) Pause Relocate Start 0.080ms
[14.532s][info][gc,phases   ] GC(31) Concurrent Relocate 123.128ms
[14.532s][info][gc,load     ] GC(31) Load: 1.70/1.19/0.83
[14.532s][info][gc,mmu      ] GC(31) MMU: 2ms/88.4%, 5ms/93.3%, 10ms/96.6%, 20ms/98.3%, 50ms/99.3%, 100ms/99.5%
[14.532s][info][gc,marking  ] GC(31) Mark: 2 stripe(s), 6 proactive flush(es), 1 terminate flush(es), 0 completion(s), 0 continuation(s)
[14.532s][info][gc,reloc    ] GC(31) Relocation: Successful, 119M relocated
[14.532s][info][gc,nmethod  ] GC(31) NMethods: 21 registered, 0 unregistered
[14.532s][info][gc,metaspace] GC(31) Metaspace: 4M used, 4M capacity, 4M committed, 8M reserved
[14.532s][info][gc,ref      ] GC(31) Soft: 46 encountered, 27 discovered, 8 enqueued
[14.532s][info][gc,ref      ] GC(31) Weak: 23 encountered, 14 discovered, 0 enqueued
[14.532s][info][gc,ref      ] GC(31) Final: 0 encountered, 0 discovered, 0 enqueued
[14.532s][info][gc,ref      ] GC(31) Phantom: 6 encountered, 3 discovered, 0 enqueued
[14.532s][info][gc,heap     ] GC(31)                Mark Start          Mark End        Relocate Start      Relocate End           High               Low
[14.532s][info][gc,heap     ] GC(31)  Capacity:     2000M (100%)       2000M (100%)       2000M (100%)       2000M (100%)       2000M (100%)       2000M (100%)
[14.532s][info][gc,heap     ] GC(31)   Reserve:       38M (2%)           38M (2%)           38M (2%)           38M (2%)           38M (2%)           38M (2%)
[14.532s][info][gc,heap     ] GC(31)      Free:        0M (0%)            0M (0%)         1454M (73%)        1132M (57%)        1498M (75%)           0M (0%)
[14.532s][info][gc,heap     ] GC(31)      Used:     1962M (98%)        1962M (98%)         508M (25%)         830M (42%)        1962M (98%)         464M (23%)
[14.532s][info][gc,heap     ] GC(31)      Live:         -               356M (18%)         356M (18%)         356M (18%)            -                  -
[14.532s][info][gc,heap     ] GC(31) Allocated:         -                 0M (0%)           50M (2%)          480M (24%)            -                  -
[14.532s][info][gc,heap     ] GC(31)   Garbage:         -              1605M (80%)         101M (5%)           65M (3%)             -                  -
[14.532s][info][gc,heap     ] GC(31) Reclaimed:         -                  -              1504M (75%)        1540M (77%)            -                  -
[14.532s][info][gc          ] GC(31) Garbage Collection (Allocation Stall) 1962M(98%)->830M(42%)
[14.596s][info][gc,start    ] GC(32) Garbage Collection (Allocation Rate)
[14.596s][info][gc,phases   ] GC(32) Pause Mark Start 0.151ms
[14.896s][info][gc,heap     ] Page Cache Flushed: 2M requested, 32M(32M->0M) flushed
[15.283s][info][gc,phases   ] GC(32) Concurrent Mark 686.139ms
[15.283s][info][gc,phases   ] GC(32) Pause Mark End 0.108ms
[15.283s][info][gc,phases   ] GC(32) Concurrent Process Non-Strong References 0.109ms
[15.286s][info][gc,phases   ] GC(32) Concurrent Reset Relocation Set 2.764ms
[15.286s][info][gc,phases   ] GC(32) Concurrent Destroy Detached Pages 0.004ms
[15.286s][info][gc          ] Allocation Stall (main) 369.376ms
[15.288s][info][gc,phases   ] GC(32) Concurrent Select Relocation Set 1.589ms
[15.291s][info][gc,phases   ] GC(32) Concurrent Prepare Relocation Set 2.982ms
[15.291s][info][gc,phases   ] GC(32) Pause Relocate Start 0.063ms
[15.322s][info][gc,phases   ] GC(32) Concurrent Relocate 31.021ms
[15.322s][info][gc,load     ] GC(32) Load: 1.70/1.19/0.83
[15.322s][info][gc,mmu      ] GC(32) MMU: 2ms/88.4%, 5ms/93.3%, 10ms/96.6%, 20ms/98.3%, 50ms/99.3%, 100ms/99.5%
[15.322s][info][gc,marking  ] GC(32) Mark: 1 stripe(s), 2 proactive flush(es), 1 terminate flush(es), 0 completion(s), 0 continuation(s)
[15.322s][info][gc,reloc    ] GC(32) Relocation: Successful, 62M relocated
[15.322s][info][gc,nmethod  ] GC(32) NMethods: 21 registered, 0 unregistered
[15.322s][info][gc,metaspace] GC(32) Metaspace: 4M used, 4M capacity, 4M committed, 8M reserved
[15.322s][info][gc,ref      ] GC(32) Soft: 38 encountered, 0 discovered, 0 enqueued
[15.322s][info][gc,ref      ] GC(32) Weak: 23 encountered, 14 discovered, 0 enqueued
[15.322s][info][gc,ref      ] GC(32) Final: 0 encountered, 0 discovered, 0 enqueued
[15.322s][info][gc,ref      ] GC(32) Phantom: 6 encountered, 4 discovered, 0 enqueued
[15.322s][info][gc,heap     ] GC(32)                Mark Start          Mark End        Relocate Start      Relocate End           High               Low
[15.322s][info][gc,heap     ] GC(32)  Capacity:     2000M (100%)       2000M (100%)       2000M (100%)       2000M (100%)       2000M (100%)       2000M (100%)
[15.322s][info][gc,heap     ] GC(32)   Reserve:       38M (2%)           38M (2%)           38M (2%)           38M (2%)           38M (2%)           38M (2%)
[15.322s][info][gc,heap     ] GC(32)      Free:      934M (47%)           0M (0%)          574M (29%)         494M (25%)         934M (47%)           0M (0%)
[15.322s][info][gc,heap     ] GC(32)      Used:     1028M (51%)        1962M (98%)        1388M (69%)        1468M (73%)        1962M (98%)        1028M (51%)
[15.322s][info][gc,heap     ] GC(32)      Live:         -               365M (18%)         365M (18%)         365M (18%)            -                  -
[15.322s][info][gc,heap     ] GC(32) Allocated:         -               934M (47%)         950M (48%)        1048M (52%)            -                  -
[15.322s][info][gc,heap     ] GC(32)   Garbage:         -               662M (33%)          72M (4%)           64M (3%)             -                  -
[15.322s][info][gc,heap     ] GC(32) Reclaimed:         -                  -               590M (30%)         598M (30%)            -                  -
[15.322s][info][gc          ] GC(32) Garbage Collection (Allocation Rate) 1028M(51%)->1468M(73%)
[15.396s][info][gc,start    ] GC(33) Garbage Collection (Allocation Rate)
[15.396s][info][gc,phases   ] GC(33) Pause Mark Start 0.090ms
[16.069s][info][gc,phases   ] GC(33) Concurrent Mark 672.440ms
[16.069s][info][gc,phases   ] GC(33) Pause Mark End 0.104ms
[16.069s][info][gc,phases   ] GC(33) Concurrent Process Non-Strong References 0.104ms
[16.069s][info][gc,phases   ] GC(33) Concurrent Reset Relocation Set 0.419ms
[16.069s][info][gc,phases   ] GC(33) Concurrent Destroy Detached Pages 0.001ms
[16.069s][info][gc          ] Allocation Stall (main) 585.651ms
[16.071s][info][gc,phases   ] GC(33) Concurrent Select Relocation Set 1.630ms
[16.086s][info][gc,phases   ] GC(33) Concurrent Prepare Relocation Set 15.378ms
[16.087s][info][gc,phases   ] GC(33) Pause Relocate Start 0.108ms
[16.250s][info][gc,phases   ] GC(33) Concurrent Relocate 163.383ms
[16.250s][info][gc,load     ] GC(33) Load: 1.70/1.19/0.83
[16.250s][info][gc,mmu      ] GC(33) MMU: 2ms/88.4%, 5ms/93.3%, 10ms/96.6%, 20ms/98.3%, 50ms/99.3%, 100ms/99.5%
[16.250s][info][gc,marking  ] GC(33) Mark: 1 stripe(s), 2 proactive flush(es), 1 terminate flush(es), 0 completion(s), 0 continuation(s)
[16.250s][info][gc,reloc    ] GC(33) Relocation: Successful, 114M relocated
[16.250s][info][gc,nmethod  ] GC(33) NMethods: 21 registered, 0 unregistered
[16.250s][info][gc,metaspace] GC(33) Metaspace: 4M used, 4M capacity, 4M committed, 8M reserved
[16.250s][info][gc,ref      ] GC(33) Soft: 38 encountered, 0 discovered, 0 enqueued
[16.250s][info][gc,ref      ] GC(33) Weak: 23 encountered, 14 discovered, 0 enqueued
[16.250s][info][gc,ref      ] GC(33) Final: 0 encountered, 0 discovered, 0 enqueued
[16.250s][info][gc,ref      ] GC(33) Phantom: 6 encountered, 4 discovered, 0 enqueued
[16.250s][info][gc,heap     ] GC(33)                Mark Start          Mark End        Relocate Start      Relocate End           High               Low
[16.250s][info][gc,heap     ] GC(33)  Capacity:     2000M (100%)       2000M (100%)       2000M (100%)       2000M (100%)       2000M (100%)       2000M (100%)
[16.250s][info][gc,heap     ] GC(33)   Reserve:       38M (2%)           38M (2%)           38M (2%)           38M (2%)           38M (2%)           38M (2%)
[16.250s][info][gc,heap     ] GC(33)      Free:      266M (13%)           0M (0%)         1128M (56%)         670M (34%)        1176M (59%)           0M (0%)
[16.250s][info][gc,heap     ] GC(33)      Used:     1696M (85%)        1962M (98%)         834M (42%)        1292M (65%)        1962M (98%)         786M (39%)
[16.250s][info][gc,heap     ] GC(33)      Live:         -               417M (21%)         417M (21%)         417M (21%)            -                  -
[16.250s][info][gc,heap     ] GC(33) Allocated:         -               266M (13%)         316M (16%)         852M (43%)            -                  -
[16.250s][info][gc,heap     ] GC(33)   Garbage:         -              1278M (64%)         100M (5%)           70M (4%)             -                  -
[16.250s][info][gc,heap     ] GC(33) Reclaimed:         -                  -              1178M (59%)        1208M (60%)            -                  -
[16.250s][info][gc          ] GC(33) Garbage Collection (Allocation Rate) 1696M(85%)->1292M(65%)
[16.296s][info][gc,start    ] GC(34) Garbage Collection (Allocation Rate)
[16.296s][info][gc,phases   ] GC(34) Pause Mark Start 0.093ms
[16.962s][info][gc,phases   ] GC(34) Concurrent Mark 665.707ms
[16.962s][info][gc,phases   ] GC(34) Pause Mark End 0.124ms
[16.962s][info][gc,phases   ] GC(34) Concurrent Process Non-Strong References 0.116ms
[16.964s][info][gc,phases   ] GC(34) Concurrent Reset Relocation Set 1.828ms
[16.964s][info][gc,phases   ] GC(34) Concurrent Destroy Detached Pages 0.001ms
[16.964s][info][gc          ] Allocation Stall (main) 494.182ms
[16.965s][info][gc,phases   ] GC(34) Concurrent Select Relocation Set 1.442ms
[16.968s][info][gc,phases   ] GC(34) Concurrent Prepare Relocation Set 2.235ms
[16.968s][info][gc,phases   ] GC(34) Pause Relocate Start 0.094ms
[16.991s][info][gc,phases   ] GC(34) Concurrent Relocate 22.661ms
[16.991s][info][gc,load     ] GC(34) Load: 1.70/1.19/0.83
[16.991s][info][gc,mmu      ] GC(34) MMU: 2ms/88.4%, 5ms/93.3%, 10ms/96.6%, 20ms/98.3%, 50ms/99.3%, 100ms/99.5%
[16.991s][info][gc,marking  ] GC(34) Mark: 1 stripe(s), 2 proactive flush(es), 1 terminate flush(es), 0 completion(s), 0 continuation(s)
[16.991s][info][gc,reloc    ] GC(34) Relocation: Successful, 63M relocated
[16.991s][info][gc,nmethod  ] GC(34) NMethods: 21 registered, 0 unregistered
[16.991s][info][gc,metaspace] GC(34) Metaspace: 4M used, 4M capacity, 4M committed, 8M reserved
[16.991s][info][gc,ref      ] GC(34) Soft: 38 encountered, 0 discovered, 0 enqueued
[16.991s][info][gc,ref      ] GC(34) Weak: 23 encountered, 14 discovered, 0 enqueued
[16.991s][info][gc,ref      ] GC(34) Final: 0 encountered, 0 discovered, 0 enqueued
[16.991s][info][gc,ref      ] GC(34) Phantom: 6 encountered, 4 discovered, 0 enqueued
[16.991s][info][gc,heap     ] GC(34)                Mark Start          Mark End        Relocate Start      Relocate End           High               Low
[16.991s][info][gc,heap     ] GC(34)  Capacity:     2000M (100%)       2000M (100%)       2000M (100%)       2000M (100%)       2000M (100%)       2000M (100%)
[16.991s][info][gc,heap     ] GC(34)   Reserve:       38M (2%)           38M (2%)           38M (2%)           38M (2%)           38M (2%)           38M (2%)
[16.991s][info][gc,heap     ] GC(34)      Free:      530M (26%)           0M (0%)          952M (48%)         900M (45%)         962M (48%)           0M (0%)
[16.991s][info][gc,heap     ] GC(34)      Used:     1432M (72%)        1962M (98%)        1010M (50%)        1062M (53%)        1962M (98%)        1000M (50%)
[16.991s][info][gc,heap     ] GC(34)      Live:         -               388M (19%)         388M (19%)         388M (19%)            -                  -
[16.991s][info][gc,heap     ] GC(34) Allocated:         -               530M (26%)         542M (27%)         616M (31%)            -                  -
[16.991s][info][gc,heap     ] GC(34)   Garbage:         -              1043M (52%)          79M (4%)           65M (3%)             -                  -
[16.991s][info][gc,heap     ] GC(34) Reclaimed:         -                  -               964M (48%)         978M (49%)            -                  -
[16.991s][info][gc          ] GC(34) Garbage Collection (Allocation Rate) 1432M(72%)->1062M(53%)
[16.995s][info][gc,start    ] GC(35) Garbage Collection (Allocation Rate)
[16.996s][info][gc,phases   ] GC(35) Pause Mark Start 0.092ms
[17.664s][info][gc,phases   ] GC(35) Concurrent Mark 668.226ms
[17.664s][info][gc,phases   ] GC(35) Pause Mark End 0.142ms
[17.664s][info][gc,phases   ] GC(35) Concurrent Process Non-Strong References 0.113ms
[17.665s][info][gc,phases   ] GC(35) Concurrent Reset Relocation Set 0.356ms
[17.665s][info][gc,phases   ] GC(35) Concurrent Destroy Detached Pages 0.001ms
[17.665s][info][gc          ] Allocation Stall (main) 376.758ms
[17.666s][info][gc,phases   ] GC(35) Concurrent Select Relocation Set 1.560ms
[17.682s][info][gc,phases   ] GC(35) Concurrent Prepare Relocation Set 15.552ms
[17.682s][info][gc,phases   ] GC(35) Pause Relocate Start 0.113ms
[17.842s][info][gc,phases   ] GC(35) Concurrent Relocate 159.650ms
[17.842s][info][gc,load     ] GC(35) Load: 1.70/1.19/0.83
[17.842s][info][gc,mmu      ] GC(35) MMU: 2ms/88.4%, 5ms/93.3%, 10ms/96.6%, 20ms/98.3%, 50ms/99.3%, 100ms/99.5%
[17.842s][info][gc,marking  ] GC(35) Mark: 1 stripe(s), 2 proactive flush(es), 1 terminate flush(es), 0 completion(s), 0 continuation(s)
[17.842s][info][gc,reloc    ] GC(35) Relocation: Successful, 78M relocated
[17.842s][info][gc,nmethod  ] GC(35) NMethods: 21 registered, 0 unregistered
[17.842s][info][gc,metaspace] GC(35) Metaspace: 4M used, 4M capacity, 4M committed, 8M reserved
[17.842s][info][gc,ref      ] GC(35) Soft: 38 encountered, 0 discovered, 0 enqueued
[17.842s][info][gc,ref      ] GC(35) Weak: 23 encountered, 14 discovered, 0 enqueued
[17.842s][info][gc,ref      ] GC(35) Final: 0 encountered, 0 discovered, 0 enqueued
[17.842s][info][gc,ref      ] GC(35) Phantom: 6 encountered, 4 discovered, 0 enqueued
[17.842s][info][gc,heap     ] GC(35)                Mark Start          Mark End        Relocate Start      Relocate End           High               Low
[17.842s][info][gc,heap     ] GC(35)  Capacity:     2000M (100%)       2000M (100%)       2000M (100%)       2000M (100%)       2000M (100%)       2000M (100%)
[17.842s][info][gc,heap     ] GC(35)   Reserve:       38M (2%)           38M (2%)           38M (2%)           38M (2%)           38M (2%)           38M (2%)
[17.842s][info][gc,heap     ] GC(35)      Free:      886M (44%)           0M (0%)          538M (27%)          86M (4%)          886M (44%)           0M (0%)
[17.842s][info][gc,heap     ] GC(35)      Used:     1076M (54%)        1962M (98%)        1424M (71%)        1876M (94%)        1962M (98%)        1076M (54%)
[17.842s][info][gc,heap     ] GC(35)      Live:         -               406M (20%)         406M (20%)         406M (20%)            -                  -
[17.842s][info][gc,heap     ] GC(35) Allocated:         -               886M (44%)         938M (47%)        1466M (73%)            -                  -
[17.842s][info][gc,heap     ] GC(35)   Garbage:         -               669M (33%)          79M (4%)           51M (3%)             -                  -
[17.842s][info][gc,heap     ] GC(35) Reclaimed:         -                  -               590M (30%)         618M (31%)            -                  -
[17.842s][info][gc          ] GC(35) Garbage Collection (Allocation Rate) 1076M(54%)->1876M(94%)
[17.880s][info][gc,start    ] GC(36) Garbage Collection (Allocation Stall)
[17.880s][info][gc,ref      ] GC(36) Clearing All Soft References
[17.880s][info][gc,phases   ] GC(36) Pause Mark Start 0.097ms
[18.133s][info][gc,phases   ] GC(36) Concurrent Mark 252.968ms
[18.134s][info][gc,phases   ] GC(36) Pause Mark End 0.114ms
[18.134s][info][gc,phases   ] GC(36) Concurrent Process Non-Strong References 0.086ms
[18.136s][info][gc,phases   ] GC(36) Concurrent Reset Relocation Set 1.879ms
[18.136s][info][gc,phases   ] GC(36) Concurrent Destroy Detached Pages 0.001ms
[18.136s][info][gc          ] Allocation Stall (main) 255.714ms
[18.137s][info][gc,phases   ] GC(36) Concurrent Select Relocation Set 1.491ms
[18.145s][info][gc,phases   ] GC(36) Concurrent Prepare Relocation Set 7.942ms
[18.145s][info][gc,phases   ] GC(36) Pause Relocate Start 0.152ms
[18.190s][info][gc,phases   ] GC(36) Concurrent Relocate 45.003ms
[18.191s][info][gc,load     ] GC(36) Load: 1.70/1.19/0.83
[18.191s][info][gc,mmu      ] GC(36) MMU: 2ms/88.4%, 5ms/93.3%, 10ms/96.6%, 20ms/98.3%, 50ms/99.3%, 100ms/99.5%
[18.191s][info][gc,marking  ] GC(36) Mark: 2 stripe(s), 2 proactive flush(es), 1 terminate flush(es), 0 completion(s), 0 continuation(s)
[18.191s][info][gc,reloc    ] GC(36) Relocation: Successful, 72M relocated
[18.191s][info][gc,nmethod  ] GC(36) NMethods: 21 registered, 0 unregistered
[18.191s][info][gc,metaspace] GC(36) Metaspace: 4M used, 4M capacity, 4M committed, 8M reserved
[18.191s][info][gc,ref      ] GC(36) Soft: 38 encountered, 19 discovered, 0 enqueued
[18.191s][info][gc,ref      ] GC(36) Weak: 23 encountered, 14 discovered, 0 enqueued
[18.191s][info][gc,ref      ] GC(36) Final: 0 encountered, 0 discovered, 0 enqueued
[18.191s][info][gc,ref      ] GC(36) Phantom: 6 encountered, 4 discovered, 0 enqueued
[18.191s][info][gc,heap     ] GC(36)                Mark Start          Mark End        Relocate Start      Relocate End           High               Low
[18.191s][info][gc,heap     ] GC(36)  Capacity:     2000M (100%)       2000M (100%)       2000M (100%)       2000M (100%)       2000M (100%)       2000M (100%)
[18.191s][info][gc,heap     ] GC(36)   Reserve:       38M (2%)           38M (2%)           38M (2%)           38M (2%)           38M (2%)           38M (2%)
[18.191s][info][gc,heap     ] GC(36)      Free:        0M (0%)            0M (0%)         1434M (72%)        1368M (68%)        1462M (73%)           0M (0%)
[18.191s][info][gc,heap     ] GC(36)      Used:     1962M (98%)        1962M (98%)         528M (26%)         594M (30%)        1962M (98%)         500M (25%)
[18.191s][info][gc,heap     ] GC(36)      Live:         -               421M (21%)         421M (21%)         421M (21%)            -                  -
[18.191s][info][gc,heap     ] GC(36) Allocated:         -                 0M (0%)           30M (2%)          138M (7%)             -                  -
[18.191s][info][gc,heap     ] GC(36)   Garbage:         -              1540M (77%)          76M (4%)           62M (3%)             -                  -
[18.191s][info][gc,heap     ] GC(36) Reclaimed:         -                  -              1464M (73%)        1478M (74%)            -                  -
[18.191s][info][gc          ] GC(36) Garbage Collection (Allocation Stall) 1962M(98%)->594M(30%)
[18.195s][info][gc,start    ] GC(37) Garbage Collection (Allocation Rate)
[18.198s][info][gc,phases   ] GC(37) Pause Mark Start 0.105ms
[18.945s][info][gc,phases   ] GC(37) Concurrent Mark 747.058ms
[18.945s][info][gc,phases   ] GC(37) Pause Mark End 0.211ms
[18.946s][info][gc,phases   ] GC(37) Concurrent Process Non-Strong References 0.203ms
[18.947s][info][gc,phases   ] GC(37) Concurrent Reset Relocation Set 1.590ms
[18.947s][info][gc,phases   ] GC(37) Concurrent Destroy Detached Pages 0.001ms
[18.947s][info][gc          ] Allocation Stall (main) 295.068ms
[18.949s][info][gc,phases   ] GC(37) Concurrent Select Relocation Set 1.517ms
[18.952s][info][gc,phases   ] GC(37) Concurrent Prepare Relocation Set 3.228ms
[18.952s][info][gc,phases   ] GC(37) Pause Relocate Start 0.097ms
[18.985s][info][gc          ] Allocation Stall (main) 1.510ms
[18.985s][info][gc,phases   ] GC(37) Concurrent Relocate 32.527ms
[18.985s][info][gc,load     ] GC(37) Load: 1.73/1.20/0.84
[18.985s][info][gc,mmu      ] GC(37) MMU: 2ms/88.4%, 5ms/93.3%, 10ms/96.6%, 20ms/98.3%, 50ms/99.3%, 100ms/99.5%
[18.985s][info][gc,marking  ] GC(37) Mark: 1 stripe(s), 2 proactive flush(es), 1 terminate flush(es), 0 completion(s), 0 continuation(s)
[18.985s][info][gc,reloc    ] GC(37) Relocation: Successful, 65M relocated
[18.985s][info][gc,nmethod  ] GC(37) NMethods: 21 registered, 0 unregistered
[18.985s][info][gc,metaspace] GC(37) Metaspace: 4M used, 4M capacity, 4M committed, 8M reserved
[18.985s][info][gc,ref      ] GC(37) Soft: 38 encountered, 0 discovered, 0 enqueued
[18.985s][info][gc,ref      ] GC(37) Weak: 23 encountered, 14 discovered, 0 enqueued
[18.985s][info][gc,ref      ] GC(37) Final: 0 encountered, 0 discovered, 0 enqueued
[18.985s][info][gc,ref      ] GC(37) Phantom: 6 encountered, 5 discovered, 0 enqueued
[18.985s][info][gc,heap     ] GC(37)                Mark Start          Mark End        Relocate Start      Relocate End           High               Low
[18.985s][info][gc,heap     ] GC(37)  Capacity:     2000M (100%)       2000M (100%)       2000M (100%)       2000M (100%)       2000M (100%)       2000M (100%)
[18.985s][info][gc,heap     ] GC(37)   Reserve:       38M (2%)           38M (2%)           38M (2%)           38M (2%)           38M (2%)           38M (2%)
[18.985s][info][gc,heap     ] GC(37)      Free:     1354M (68%)           0M (0%)           80M (4%)            0M (0%)         1354M (68%)           0M (0%)
[18.985s][info][gc,heap     ] GC(37)      Used:      608M (30%)        1962M (98%)        1882M (94%)        1962M (98%)        1962M (98%)         608M (30%)
[18.985s][info][gc,heap     ] GC(37)      Live:         -               436M (22%)         436M (22%)         436M (22%)            -                  -
[18.985s][info][gc,heap     ] GC(37) Allocated:         -              1354M (68%)        1370M (68%)        1470M (74%)            -                  -
[18.985s][info][gc,heap     ] GC(37)   Garbage:         -               171M (9%)           75M (4%)           65M (3%)             -                  -
[18.985s][info][gc,heap     ] GC(37) Reclaimed:         -                  -                96M (5%)          106M (5%)             -                  -
[18.985s][info][gc          ] GC(37) Garbage Collection (Allocation Rate) 608M(30%)->1962M(98%)
[18.986s][info][gc,start    ] GC(38) Garbage Collection (Allocation Stall)
[18.986s][info][gc,ref      ] GC(38) Clearing All Soft References
[18.986s][info][gc,phases   ] GC(38) Pause Mark Start 0.082ms
[19.248s][info][gc,phases   ] GC(38) Concurrent Mark 262.183ms
[19.248s][info][gc,phases   ] GC(38) Pause Mark End 0.101ms
[19.248s][info][gc,phases   ] GC(38) Concurrent Process Non-Strong References 0.081ms
[19.249s][info][gc,phases   ] GC(38) Concurrent Reset Relocation Set 0.380ms
[19.249s][info][gc,phases   ] GC(38) Concurrent Destroy Detached Pages 0.001ms
[19.249s][info][gc          ] Allocation Stall (main) 263.194ms
[19.250s][info][gc,phases   ] GC(38) Concurrent Select Relocation Set 1.514ms
[19.254s][info][gc,phases   ] GC(38) Concurrent Prepare Relocation Set 3.591ms
[19.254s][info][gc,phases   ] GC(38) Pause Relocate Start 0.055ms
[19.274s][info][gc,phases   ] GC(38) Concurrent Relocate 20.023ms
[19.274s][info][gc,load     ] GC(38) Load: 1.73/1.20/0.84
[19.274s][info][gc,mmu      ] GC(38) MMU: 2ms/88.4%, 5ms/93.3%, 10ms/96.6%, 20ms/98.3%, 50ms/99.2%, 100ms/99.5%
[19.274s][info][gc,marking  ] GC(38) Mark: 2 stripe(s), 6 proactive flush(es), 1 terminate flush(es), 0 completion(s), 0 continuation(s)
[19.274s][info][gc,reloc    ] GC(38) Relocation: Successful, 84M relocated
[19.274s][info][gc,nmethod  ] GC(38) NMethods: 21 registered, 0 unregistered
[19.274s][info][gc,metaspace] GC(38) Metaspace: 4M used, 4M capacity, 4M committed, 8M reserved
[19.274s][info][gc,ref      ] GC(38) Soft: 38 encountered, 19 discovered, 0 enqueued
[19.274s][info][gc,ref      ] GC(38) Weak: 23 encountered, 14 discovered, 0 enqueued
[19.274s][info][gc,ref      ] GC(38) Final: 0 encountered, 0 discovered, 0 enqueued
[19.274s][info][gc,ref      ] GC(38) Phantom: 6 encountered, 3 discovered, 0 enqueued
[19.274s][info][gc,heap     ] GC(38)                Mark Start          Mark End        Relocate Start      Relocate End           High               Low
[19.274s][info][gc,heap     ] GC(38)  Capacity:     2000M (100%)       2000M (100%)       2000M (100%)       2000M (100%)       2000M (100%)       2000M (100%)
[19.274s][info][gc,heap     ] GC(38)   Reserve:       38M (2%)           38M (2%)           38M (2%)           38M (2%)           38M (2%)           38M (2%)
[19.274s][info][gc,heap     ] GC(38)      Free:        0M (0%)            0M (0%)         1410M (70%)        1378M (69%)        1424M (71%)           0M (0%)
[19.274s][info][gc,heap     ] GC(38)      Used:     1962M (98%)        1962M (98%)         552M (28%)         584M (29%)        1962M (98%)         538M (27%)
[19.274s][info][gc,heap     ] GC(38)      Live:         -               455M (23%)         455M (23%)         455M (23%)            -                  -
[19.274s][info][gc,heap     ] GC(38) Allocated:         -                 0M (0%)           16M (1%)           66M (3%)             -                  -
[19.274s][info][gc,heap     ] GC(38)   Garbage:         -              1506M (75%)          80M (4%)           76M (4%)             -                  -
[19.274s][info][gc,heap     ] GC(38) Reclaimed:         -                  -              1426M (71%)        1430M (72%)            -                  -
[19.274s][info][gc          ] GC(38) Garbage Collection (Allocation Stall) 1962M(98%)->584M(29%)
[19.295s][info][gc,start    ] GC(39) Garbage Collection (Allocation Rate)
[19.295s][info][gc,phases   ] GC(39) Pause Mark Start 0.099ms
[20.063s][info][gc,phases   ] GC(39) Concurrent Mark 767.773ms
[20.064s][info][gc,phases   ] GC(39) Pause Mark End 0.161ms
[20.064s][info][gc,phases   ] GC(39) Concurrent Process Non-Strong References 0.115ms
[20.064s][info][gc,phases   ] GC(39) Concurrent Reset Relocation Set 0.463ms
[20.064s][info][gc,phases   ] GC(39) Concurrent Destroy Detached Pages 0.001ms
[20.064s][info][gc          ] Allocation Stall (main) 336.563ms
[20.066s][info][gc,phases   ] GC(39) Concurrent Select Relocation Set 1.607ms
[20.066s][info][gc,phases   ] GC(39) Concurrent Prepare Relocation Set 0.561ms
[20.067s][info][gc,phases   ] GC(39) Pause Relocate Start 0.091ms
[20.071s][info][gc,phases   ] GC(39) Concurrent Relocate 4.431ms
[20.071s][info][gc,load     ] GC(39) Load: 1.73/1.20/0.84
[20.071s][info][gc,mmu      ] GC(39) MMU: 2ms/88.4%, 5ms/93.3%, 10ms/96.6%, 20ms/98.3%, 50ms/99.2%, 100ms/99.5%
[20.071s][info][gc,marking  ] GC(39) Mark: 1 stripe(s), 2 proactive flush(es), 1 terminate flush(es), 0 completion(s), 0 continuation(s)
[20.071s][info][gc,reloc    ] GC(39) Relocation: Successful, 87M relocated
[20.071s][info][gc,nmethod  ] GC(39) NMethods: 21 registered, 0 unregistered
[20.071s][info][gc,metaspace] GC(39) Metaspace: 4M used, 4M capacity, 4M committed, 8M reserved
[20.071s][info][gc,ref      ] GC(39) Soft: 38 encountered, 0 discovered, 0 enqueued
[20.071s][info][gc,ref      ] GC(39) Weak: 23 encountered, 14 discovered, 0 enqueued
[20.071s][info][gc,ref      ] GC(39) Final: 0 encountered, 0 discovered, 0 enqueued
[20.071s][info][gc,ref      ] GC(39) Phantom: 6 encountered, 4 discovered, 0 enqueued
[20.071s][info][gc,heap     ] GC(39)                Mark Start          Mark End        Relocate Start      Relocate End           High               Low
[20.071s][info][gc,heap     ] GC(39)  Capacity:     2000M (100%)       2000M (100%)       2000M (100%)       2000M (100%)       2000M (100%)       2000M (100%)
[20.071s][info][gc,heap     ] GC(39)   Reserve:       38M (2%)           38M (2%)           38M (2%)           38M (2%)           38M (2%)           38M (2%)
[20.071s][info][gc,heap     ] GC(39)      Free:     1316M (66%)           0M (0%)           88M (4%)           80M (4%)         1316M (66%)           0M (0%)
[20.071s][info][gc,heap     ] GC(39)      Used:      646M (32%)        1962M (98%)        1874M (94%)        1882M (94%)        1962M (98%)         646M (32%)
[20.071s][info][gc,heap     ] GC(39)      Live:         -               464M (23%)         464M (23%)         464M (23%)            -                  -
[20.071s][info][gc,heap     ] GC(39) Allocated:         -              1316M (66%)        1324M (66%)        1340M (67%)            -                  -
[20.071s][info][gc,heap     ] GC(39)   Garbage:         -               181M (9%)           85M (4%)           79M (4%)             -                  -
[20.071s][info][gc,heap     ] GC(39) Reclaimed:         -                  -                96M (5%)          102M (5%)             -                  -
[20.071s][info][gc          ] GC(39) Garbage Collection (Allocation Rate) 646M(32%)->1882M(94%)
[20.096s][info][gc,start    ] GC(40) Garbage Collection (Allocation Rate)
[20.096s][info][gc,phases   ] GC(40) Pause Mark Start 0.143ms
[20.195s][info][gc,stats    ] === Garbage Collection Statistics =======================================================================================================================
[20.195s][info][gc,stats    ]                                                              Last 10s              Last 10m              Last 10h                Total
[20.195s][info][gc,stats    ]                                                              Avg / Max             Avg / Max             Avg / Max             Avg / Max
[20.195s][info][gc,stats    ]   Collector: Garbage Collection Cycle                    610.911 / 854.420     431.269 / 854.420     431.269 / 854.420     431.269 / 854.420     ms
[20.195s][info][gc,stats    ]  Contention: Mark Segment Reset Contention                     0 / 1                 0 / 1                 0 / 1                 0 / 1           ops/s
[20.195s][info][gc,stats    ]  Contention: Mark SeqNum Reset Contention                      0 / 1                 0 / 1                 0 / 1                 0 / 1           ops/s
[20.195s][info][gc,stats    ]  Contention: Relocation Contention                             0 / 0                 0 / 0                 0 / 0                 0 / 0           ops/s
[20.195s][info][gc,stats    ]    Critical: Allocation Stall                            326.664 / 585.651     272.674 / 585.651     272.674 / 585.651     272.674 / 585.651     ms
[20.195s][info][gc,stats    ]    Critical: Allocation Stall                                  1 / 2                 1 / 2                 1 / 2                 1 / 2           ops/s
[20.195s][info][gc,stats    ]    Critical: GC Locker Stall                               0.000 / 0.000         0.000 / 0.000         0.000 / 0.000         0.000 / 0.000       ms
[20.195s][info][gc,stats    ]    Critical: GC Locker Stall                                   0 / 0                 0 / 0                 0 / 0                 0 / 0           ops/s
[20.195s][info][gc,stats    ]      Memory: Allocation Rate                                1388 / 1732           1719 / 2454           1719 / 2454           1719 / 2454        MB/s
[20.195s][info][gc,stats    ]      Memory: Heap Used After Mark                           1962 / 1962           1607 / 1962           1607 / 1962           1607 / 1962        MB
[20.195s][info][gc,stats    ]      Memory: Heap Used After Relocation                     1276 / 1962            966 / 1962            966 / 1962            966 / 1962        MB
[20.195s][info][gc,stats    ]      Memory: Heap Used Before Mark                          1393 / 1962           1113 / 1962           1113 / 1962           1113 / 1962        MB
[20.196s][info][gc,stats    ]      Memory: Heap Used Before Relocation                    1094 / 1882            827 / 1882            827 / 1882            827 / 1882        MB
[20.196s][info][gc,stats    ]      Memory: Out Of Memory                                     0 / 0                 0 / 0                 0 / 0                 0 / 0           ops/s
[20.196s][info][gc,stats    ]      Memory: Page Cache Flush                                  6 / 32                8 / 64                8 / 64                8 / 64          MB/s
[20.196s][info][gc,stats    ]      Memory: Page Cache Hit L1                               707 / 860             825 / 1148            825 / 1148            825 / 1148        ops/s
[20.196s][info][gc,stats    ]      Memory: Page Cache Hit L2                                 0 / 0                 0 / 0                 0 / 0                 0 / 0           ops/s
[20.196s][info][gc,stats    ]      Memory: Page Cache Miss                                   1 / 16               50 / 357              50 / 357              50 / 357         ops/s
[20.196s][info][gc,stats    ]      Memory: Undo Object Allocation Failed                     0 / 0                 0 / 0                 0 / 0                 0 / 0           ops/s
[20.196s][info][gc,stats    ]      Memory: Undo Object Allocation Succeeded                  0 / 0                 0 / 0                 0 / 0                 0 / 0           ops/s
[20.196s][info][gc,stats    ]      Memory: Undo Page Allocation                              0 / 0                 0 / 0                 0 / 0                 0 / 0           ops/s
[20.196s][info][gc,stats    ]       Phase: Concurrent Destroy Detached Pages             0.002 / 0.010         0.023 / 0.362         0.023 / 0.362         0.023 / 0.362       ms
[20.196s][info][gc,stats    ]       Phase: Concurrent Mark                             546.989 / 767.773     364.326 / 767.773     364.326 / 767.773     364.326 / 767.773     ms
[20.196s][info][gc,stats    ]       Phase: Concurrent Mark Continue                      0.000 / 0.000         0.000 / 0.000         0.000 / 0.000         0.000 / 0.000       ms
[20.196s][info][gc,stats    ]       Phase: Concurrent Prepare Relocation Set             6.514 / 22.524        5.836 / 22.524        5.836 / 22.524        5.836 / 22.524      ms
[20.196s][info][gc,stats    ]       Phase: Concurrent Process Non-Strong References      0.123 / 0.203         0.122 / 0.239         0.122 / 0.239         0.122 / 0.239       ms
[20.196s][info][gc,stats    ]       Phase: Concurrent Relocate                          56.619 / 163.383      57.025 / 181.096      57.025 / 181.096      57.025 / 181.096     ms
[20.196s][info][gc,stats    ]       Phase: Concurrent Reset Relocation Set               0.975 / 2.764         0.829 / 2.764         0.829 / 2.764         0.829 / 2.764       ms
[20.196s][info][gc,stats    ]       Phase: Concurrent Select Relocation Set              1.652 / 2.398         1.677 / 4.744         1.677 / 4.744         1.677 / 4.744       ms
[20.196s][info][gc,stats    ]       Phase: Pause Mark End                                0.140 / 0.231         0.118 / 0.231         0.118 / 0.231         0.118 / 0.231       ms
[20.196s][info][gc,stats    ]       Phase: Pause Mark Start                              0.108 / 0.155         0.117 / 0.174         0.117 / 0.174         0.117 / 0.174       ms
[20.196s][info][gc,stats    ]       Phase: Pause Relocate Start                          0.107 / 0.152         0.093 / 0.152         0.093 / 0.152         0.093 / 0.152       ms
[20.196s][info][gc,stats    ]    Subphase: Concurrent Mark                             459.523 / 767.634     348.177 / 767.634     348.177 / 767.634     348.177 / 767.634     ms
[20.196s][info][gc,stats    ]    Subphase: Concurrent Mark Idle                          1.094 / 1.726         1.094 / 1.726         1.094 / 1.726         1.094 / 1.726       ms
[20.196s][info][gc,stats    ]    Subphase: Concurrent Mark Try Flush                     0.095 / 0.150         0.102 / 0.526         0.102 / 0.526         0.102 / 0.526       ms
[20.196s][info][gc,stats    ]    Subphase: Concurrent Mark Try Terminate                 0.570 / 1.727         0.337 / 1.727         0.337 / 1.727         0.337 / 1.727       ms
[20.196s][info][gc,stats    ]    Subphase: Concurrent References Enqueue                 0.001 / 0.005         0.001 / 0.007         0.001 / 0.007         0.001 / 0.007       ms
[20.196s][info][gc,stats    ]    Subphase: Concurrent References Process                 0.034 / 0.061         0.033 / 0.103         0.033 / 0.103         0.033 / 0.103       ms
[20.196s][info][gc,stats    ]    Subphase: Concurrent Weak Roots                         0.046 / 0.093         0.051 / 0.093         0.051 / 0.093         0.051 / 0.093       ms
[20.196s][info][gc,stats    ]    Subphase: Concurrent Weak Roots JNIWeakHandles          0.000 / 0.001         0.000 / 0.001         0.000 / 0.001         0.000 / 0.001       ms
[20.196s][info][gc,stats    ]    Subphase: Concurrent Weak Roots StringTable             0.046 / 0.088         0.049 / 0.088         0.049 / 0.088         0.049 / 0.088       ms
[20.196s][info][gc,stats    ]    Subphase: Concurrent Weak Roots VMWeakHandles           0.003 / 0.012         0.002 / 0.012         0.002 / 0.012         0.002 / 0.012       ms
[20.196s][info][gc,stats    ]    Subphase: Pause Mark Try Complete                       0.000 / 0.000         0.000 / 0.000         0.000 / 0.000         0.000 / 0.000       ms
[20.196s][info][gc,stats    ]    Subphase: Pause Remap TLABS                             0.002 / 0.011         0.001 / 0.011         0.001 / 0.011         0.001 / 0.011       ms
[20.196s][info][gc,stats    ]    Subphase: Pause Retire TLABS                            0.008 / 0.016         0.008 / 0.025         0.008 / 0.025         0.008 / 0.025       ms
[20.196s][info][gc,stats    ]    Subphase: Pause Roots                                   0.023 / 0.067         0.023 / 0.106         0.023 / 0.106         0.023 / 0.106       ms
[20.196s][info][gc,stats    ]    Subphase: Pause Roots ClassLoaderDataGraph              0.009 / 0.027         0.009 / 0.031         0.009 / 0.031         0.009 / 0.031       ms
[20.196s][info][gc,stats    ]    Subphase: Pause Roots CodeCache                         0.006 / 0.018         0.006 / 0.018         0.006 / 0.018         0.006 / 0.018       ms
[20.196s][info][gc,stats    ]    Subphase: Pause Roots JNIHandles                        0.001 / 0.001         0.001 / 0.002         0.001 / 0.002         0.001 / 0.002       ms
[20.196s][info][gc,stats    ]    Subphase: Pause Roots JNIWeakHandles                    0.000 / 0.000         0.000 / 0.000         0.000 / 0.000         0.000 / 0.000       ms
[20.196s][info][gc,stats    ]    Subphase: Pause Roots JRFWeak                           0.000 / 0.000         0.000 / 0.000         0.000 / 0.000         0.000 / 0.000       ms
[20.196s][info][gc,stats    ]    Subphase: Pause Roots JVMTIExport                       0.001 / 0.001         0.001 / 0.001         0.001 / 0.001         0.001 / 0.001       ms
[20.196s][info][gc,stats    ]    Subphase: Pause Roots JVMTIWeakExport                   0.001 / 0.001         0.001 / 0.001         0.001 / 0.001         0.001 / 0.001       ms
[20.196s][info][gc,stats    ]    Subphase: Pause Roots Management                        0.001 / 0.002         0.001 / 0.011         0.001 / 0.011         0.001 / 0.011       ms
[20.196s][info][gc,stats    ]    Subphase: Pause Roots ObjectSynchronizer                0.000 / 0.000         0.000 / 0.001         0.000 / 0.001         0.000 / 0.001       ms
[20.196s][info][gc,stats    ]    Subphase: Pause Roots Setup                             0.001 / 0.009         0.001 / 0.009         0.001 / 0.009         0.001 / 0.009       ms
[20.196s][info][gc,stats    ]    Subphase: Pause Roots StringTable                       0.000 / 0.000         0.000 / 0.000         0.000 / 0.000         0.000 / 0.000       ms
[20.196s][info][gc,stats    ]    Subphase: Pause Roots SystemDictionary                  0.002 / 0.002         0.002 / 0.003         0.002 / 0.003         0.002 / 0.003       ms
[20.196s][info][gc,stats    ]    Subphase: Pause Roots Teardown                          0.001 / 0.002         0.001 / 0.011         0.001 / 0.011         0.001 / 0.011       ms
[20.196s][info][gc,stats    ]    Subphase: Pause Roots Threads                           0.015 / 0.061         0.016 / 0.104         0.016 / 0.104         0.016 / 0.104       ms
[20.196s][info][gc,stats    ]    Subphase: Pause Roots Universe                          0.003 / 0.013         0.004 / 0.063         0.004 / 0.063         0.004 / 0.063       ms
[20.196s][info][gc,stats    ]    Subphase: Pause Roots VMWeakHandles                     0.000 / 0.000         0.000 / 0.000         0.000 / 0.000         0.000 / 0.000       ms
[20.196s][info][gc,stats    ]    Subphase: Pause Weak Roots                              0.001 / 0.004         0.001 / 0.010         0.001 / 0.010         0.001 / 0.010       ms
[20.196s][info][gc,stats    ]    Subphase: Pause Weak Roots JFRWeak                      0.001 / 0.001         0.001 / 0.001         0.001 / 0.001         0.001 / 0.001       ms
[20.196s][info][gc,stats    ]    Subphase: Pause Weak Roots JNIWeakHandles               0.000 / 0.000         0.000 / 0.000         0.000 / 0.000         0.000 / 0.000       ms
[20.196s][info][gc,stats    ]    Subphase: Pause Weak Roots JVMTIWeakExport              0.001 / 0.001         0.001 / 0.006         0.001 / 0.006         0.001 / 0.006       ms
[20.196s][info][gc,stats    ]    Subphase: Pause Weak Roots Setup                        0.000 / 0.000         0.000 / 0.000         0.000 / 0.000         0.000 / 0.000       ms
[20.196s][info][gc,stats    ]    Subphase: Pause Weak Roots StringTable                  0.000 / 0.000         0.000 / 0.000         0.000 / 0.000         0.000 / 0.000       ms
[20.196s][info][gc,stats    ]    Subphase: Pause Weak Roots SymbolTable                  0.000 / 0.000         0.000 / 0.000         0.000 / 0.000         0.000 / 0.000       ms
[20.196s][info][gc,stats    ]    Subphase: Pause Weak Roots Teardown                     0.001 / 0.008         0.001 / 0.011         0.001 / 0.011         0.001 / 0.011       ms
[20.196s][info][gc,stats    ]    Subphase: Pause Weak Roots VMWeakHandles                0.000 / 0.000         0.000 / 0.000         0.000 / 0.000         0.000 / 0.000       ms
[20.196s][info][gc,stats    ]      System: Java Threads                                      9 / 9                 9 / 9                 9 / 9                 9 / 9           threads
[20.196s][info][gc,stats    ] =========================================================================================================================================================
[20.868s][info][gc,phases   ] GC(40) Concurrent Mark 771.461ms
[20.868s][info][gc,phases   ] GC(40) Pause Mark End 0.099ms
[20.868s][info][gc,phases   ] GC(40) Concurrent Process Non-Strong References 0.121ms
[20.868s][info][gc,phases   ] GC(40) Concurrent Reset Relocation Set 0.003ms
[20.868s][info][gc,phases   ] GC(40) Concurrent Destroy Detached Pages 0.001ms
[20.868s][info][gc          ] Allocation Stall (main) 769.252ms
[20.870s][info][gc,phases   ] GC(40) Concurrent Select Relocation Set 1.608ms
[20.873s][info][gc,phases   ] GC(40) Concurrent Prepare Relocation Set 3.595ms
[20.874s][info][gc,phases   ] GC(40) Pause Relocate Start 0.121ms
[20.917s][info][gc,phases   ] GC(40) Concurrent Relocate 42.762ms
[20.917s][info][gc,load     ] GC(40) Load: 1.73/1.20/0.84
[20.917s][info][gc,mmu      ] GC(40) MMU: 2ms/88.4%, 5ms/93.3%, 10ms/96.6%, 20ms/98.3%, 50ms/99.2%, 100ms/99.5%
[20.917s][info][gc,marking  ] GC(40) Mark: 1 stripe(s), 2 proactive flush(es), 1 terminate flush(es), 0 completion(s), 0 continuation(s)
[20.917s][info][gc,reloc    ] GC(40) Relocation: Successful, 104M relocated
[20.917s][info][gc,nmethod  ] GC(40) NMethods: 21 registered, 0 unregistered
[20.917s][info][gc,metaspace] GC(40) Metaspace: 4M used, 4M capacity, 4M committed, 8M reserved
[20.917s][info][gc,ref      ] GC(40) Soft: 38 encountered, 0 discovered, 0 enqueued
[20.917s][info][gc,ref      ] GC(40) Weak: 23 encountered, 14 discovered, 0 enqueued
[20.917s][info][gc,ref      ] GC(40) Final: 0 encountered, 0 discovered, 0 enqueued
[20.917s][info][gc,ref      ] GC(40) Phantom: 6 encountered, 4 discovered, 0 enqueued
[20.917s][info][gc,heap     ] GC(40)                Mark Start          Mark End        Relocate Start      Relocate End           High               Low
[20.917s][info][gc,heap     ] GC(40)  Capacity:     2000M (100%)       2000M (100%)       2000M (100%)       2000M (100%)       2000M (100%)       2000M (100%)
[20.917s][info][gc,heap     ] GC(40)   Reserve:       38M (2%)           38M (2%)           38M (2%)           38M (2%)           38M (2%)           38M (2%)
[20.917s][info][gc,heap     ] GC(40)      Free:        8M (0%)            0M (0%)         1364M (68%)        1246M (62%)        1380M (69%)           0M (0%)
[20.917s][info][gc,heap     ] GC(40)      Used:     1954M (98%)        1962M (98%)         598M (30%)         716M (36%)        1962M (98%)         582M (29%)
[20.917s][info][gc,heap     ] GC(40)      Live:         -               481M (24%)         481M (24%)         481M (24%)            -                  -
[20.917s][info][gc,heap     ] GC(40) Allocated:         -                 8M (0%)           26M (1%)          164M (8%)             -                  -
[20.917s][info][gc,heap     ] GC(40)   Garbage:         -              1472M (74%)          90M (5%)           84M (4%)             -                  -
[20.917s][info][gc,heap     ] GC(40) Reclaimed:         -                  -              1382M (69%)        1388M (69%)            -                  -
[20.917s][info][gc          ] GC(40) Garbage Collection (Allocation Rate) 1954M(98%)->716M(36%)
[20.996s][info][gc,start    ] GC(41) Garbage Collection (Allocation Rate)
[20.996s][info][gc,phases   ] GC(41) Pause Mark Start 0.146ms
[21.783s][info][gc,phases   ] GC(41) Concurrent Mark 786.507ms
[21.783s][info][gc,phases   ] GC(41) Pause Mark End 0.145ms
[21.783s][info][gc,phases   ] GC(41) Concurrent Process Non-Strong References 0.083ms
[21.784s][info][gc,phases   ] GC(41) Concurrent Reset Relocation Set 0.478ms
[21.784s][info][gc,phases   ] GC(41) Concurrent Destroy Detached Pages 0.001ms
[21.784s][info][gc          ] Allocation Stall (main) 459.170ms
[21.785s][info][gc,phases   ] GC(41) Concurrent Select Relocation Set 1.461ms
[21.803s][info][gc,phases   ] GC(41) Concurrent Prepare Relocation Set 17.631ms
[21.803s][info][gc,phases   ] GC(41) Pause Relocate Start 0.092ms
[21.931s][info][gc          ] Allocation Stall (main) 10.183ms
[21.941s][info][gc          ] Allocation Stall (main) 9.421ms
[21.948s][info][gc          ] Allocation Stall (main) 6.207ms
[21.960s][info][gc          ] Allocation Stall (main) 10.729ms
[21.967s][info][gc,phases   ] GC(41) Concurrent Relocate 164.498ms
[21.968s][info][gc,load     ] GC(41) Load: 1.73/1.20/0.84
[21.968s][info][gc,mmu      ] GC(41) MMU: 2ms/88.4%, 5ms/93.3%, 10ms/96.6%, 20ms/98.3%, 50ms/99.2%, 100ms/99.5%
[21.968s][info][gc,marking  ] GC(41) Mark: 1 stripe(s), 2 proactive flush(es), 1 terminate flush(es), 0 completion(s), 0 continuation(s)
[21.968s][info][gc,reloc    ] GC(41) Relocation: Successful, 103M relocated
[21.968s][info][gc,nmethod  ] GC(41) NMethods: 21 registered, 0 unregistered
[21.968s][info][gc,metaspace] GC(41) Metaspace: 4M used, 4M capacity, 4M committed, 8M reserved
[21.968s][info][gc,ref      ] GC(41) Soft: 38 encountered, 0 discovered, 0 enqueued
[21.968s][info][gc,ref      ] GC(41) Weak: 23 encountered, 14 discovered, 0 enqueued
[21.968s][info][gc,ref      ] GC(41) Final: 0 encountered, 0 discovered, 0 enqueued
[21.968s][info][gc,ref      ] GC(41) Phantom: 6 encountered, 4 discovered, 0 enqueued
[21.968s][info][gc,heap     ] GC(41)                Mark Start          Mark End        Relocate Start      Relocate End           High               Low
[21.968s][info][gc,heap     ] GC(41)  Capacity:     2000M (100%)       2000M (100%)       2000M (100%)       2000M (100%)       2000M (100%)       2000M (100%)
[21.968s][info][gc,heap     ] GC(41)   Reserve:       38M (2%)           38M (2%)           38M (2%)           38M (2%)           38M (2%)           36M (2%)
[21.968s][info][gc,heap     ] GC(41)      Free:     1000M (50%)           0M (0%)          332M (17%)           0M (0%)         1000M (50%)           0M (0%)
[21.968s][info][gc,heap     ] GC(41)      Used:      962M (48%)        1962M (98%)        1630M (82%)        1962M (98%)        1964M (98%)         962M (48%)
[21.968s][info][gc,heap     ] GC(41)      Live:         -               479M (24%)         479M (24%)         479M (24%)            -                  -
[21.968s][info][gc,heap     ] GC(41) Allocated:         -              1000M (50%)        1056M (53%)        1474M (74%)            -                  -
[21.968s][info][gc,heap     ] GC(41)   Garbage:         -               482M (24%)          94M (5%)           62M (3%)             -                  -
[21.968s][info][gc,heap     ] GC(41) Reclaimed:         -                  -               388M (19%)         420M (21%)            -                  -
[21.968s][info][gc          ] GC(41) Garbage Collection (Allocation Rate) 962M(48%)->1962M(98%)
[21.968s][info][gc,start    ] GC(42) Garbage Collection (Allocation Stall)
[21.968s][info][gc,ref      ] GC(42) Clearing All Soft References
[21.968s][info][gc,phases   ] GC(42) Pause Mark Start 0.087ms
[22.281s][info][gc,phases   ] GC(42) Concurrent Mark 313.344ms
[22.282s][info][gc,phases   ] GC(42) Pause Mark End 0.095ms
[22.282s][info][gc,phases   ] GC(42) Concurrent Process Non-Strong References 0.179ms
[22.284s][info][gc,phases   ] GC(42) Concurrent Reset Relocation Set 2.179ms
[22.284s][info][gc,phases   ] GC(42) Concurrent Destroy Detached Pages 0.001ms
[22.284s][info][gc          ] Allocation Stall (main) 323.482ms
[22.286s][info][gc,phases   ] GC(42) Concurrent Select Relocation Set 1.512ms
[22.289s][info][gc,phases   ] GC(42) Concurrent Prepare Relocation Set 3.442ms
[22.289s][info][gc,phases   ] GC(42) Pause Relocate Start 0.065ms
[22.303s][info][gc,phases   ] GC(42) Concurrent Relocate 13.857ms
[22.303s][info][gc,load     ] GC(42) Load: 1.73/1.20/0.84
[22.303s][info][gc,mmu      ] GC(42) MMU: 2ms/88.4%, 5ms/93.3%, 10ms/96.6%, 20ms/98.3%, 50ms/99.2%, 100ms/99.5%
[22.303s][info][gc,marking  ] GC(42) Mark: 2 stripe(s), 3 proactive flush(es), 1 terminate flush(es), 0 completion(s), 0 continuation(s)
[22.303s][info][gc,reloc    ] GC(42) Relocation: Successful, 74M relocated
[22.303s][info][gc,nmethod  ] GC(42) NMethods: 21 registered, 0 unregistered
[22.303s][info][gc,metaspace] GC(42) Metaspace: 4M used, 4M capacity, 4M committed, 8M reserved
[22.303s][info][gc,ref      ] GC(42) Soft: 38 encountered, 19 discovered, 0 enqueued
[22.303s][info][gc,ref      ] GC(42) Weak: 23 encountered, 14 discovered, 0 enqueued
[22.303s][info][gc,ref      ] GC(42) Final: 0 encountered, 0 discovered, 0 enqueued
[22.303s][info][gc,ref      ] GC(42) Phantom: 6 encountered, 4 discovered, 0 enqueued
[22.303s][info][gc,heap     ] GC(42)                Mark Start          Mark End        Relocate Start      Relocate End           High               Low
[22.303s][info][gc,heap     ] GC(42)  Capacity:     2000M (100%)       2000M (100%)       2000M (100%)       2000M (100%)       2000M (100%)       2000M (100%)
[22.303s][info][gc,heap     ] GC(42)   Reserve:       38M (2%)           38M (2%)           38M (2%)           38M (2%)           38M (2%)           38M (2%)
[22.303s][info][gc,heap     ] GC(42)      Free:        0M (0%)            0M (0%)         1366M (68%)        1358M (68%)        1380M (69%)           0M (0%)
[22.303s][info][gc,heap     ] GC(42)      Used:     1962M (98%)        1962M (98%)         596M (30%)         604M (30%)        1962M (98%)         582M (29%)
[22.303s][info][gc,heap     ] GC(42)      Live:         -               503M (25%)         503M (25%)         503M (25%)            -                  -
[22.303s][info][gc,heap     ] GC(42) Allocated:         -                 0M (0%)           16M (1%)           44M (2%)             -                  -
[22.303s][info][gc,heap     ] GC(42)   Garbage:         -              1458M (73%)          76M (4%)           68M (3%)             -                  -
[22.303s][info][gc,heap     ] GC(42) Reclaimed:         -                  -              1382M (69%)        1390M (70%)            -                  -
[22.303s][info][gc          ] GC(42) Garbage Collection (Allocation Stall) 1962M(98%)->604M(30%)
[22.396s][info][gc,start    ] GC(43) Garbage Collection (Allocation Rate)
[22.396s][info][gc,phases   ] GC(43) Pause Mark Start 0.109ms
[22.640s][info][gc,heap     ] Page Cache Flushed: 32M requested, 32M(334M->302M) flushed
[23.233s][info][gc,phases   ] GC(43) Concurrent Mark 836.575ms
[23.233s][info][gc,phases   ] GC(43) Pause Mark End 0.187ms
[23.233s][info][gc,phases   ] GC(43) Concurrent Process Non-Strong References 0.101ms
[23.234s][info][gc,phases   ] GC(43) Concurrent Reset Relocation Set 0.441ms
[23.234s][info][gc,phases   ] GC(43) Concurrent Destroy Detached Pages 0.009ms
[23.234s][info][gc          ] Allocation Stall (main) 488.088ms
[23.235s][info][gc,phases   ] GC(43) Concurrent Select Relocation Set 1.484ms
[23.237s][info][gc,phases   ] GC(43) Concurrent Prepare Relocation Set 1.511ms
[23.237s][info][gc,phases   ] GC(43) Pause Relocate Start 0.141ms
[23.257s][info][gc,phases   ] GC(43) Concurrent Relocate 19.755ms
[23.257s][info][gc,load     ] GC(43) Load: 1.73/1.20/0.84
[23.257s][info][gc,mmu      ] GC(43) MMU: 2ms/88.4%, 5ms/93.3%, 10ms/96.6%, 20ms/98.3%, 50ms/99.2%, 100ms/99.5%
[23.257s][info][gc,marking  ] GC(43) Mark: 1 stripe(s), 2 proactive flush(es), 1 terminate flush(es), 0 completion(s), 0 continuation(s)
[23.257s][info][gc,reloc    ] GC(43) Relocation: Successful, 80M relocated
[23.257s][info][gc,nmethod  ] GC(43) NMethods: 21 registered, 0 unregistered
[23.257s][info][gc,metaspace] GC(43) Metaspace: 4M used, 4M capacity, 4M committed, 8M reserved
[23.257s][info][gc,ref      ] GC(43) Soft: 38 encountered, 0 discovered, 0 enqueued
[23.257s][info][gc,ref      ] GC(43) Weak: 23 encountered, 14 discovered, 0 enqueued
[23.257s][info][gc,ref      ] GC(43) Final: 0 encountered, 0 discovered, 0 enqueued
[23.257s][info][gc,ref      ] GC(43) Phantom: 6 encountered, 4 discovered, 0 enqueued
[23.257s][info][gc,heap     ] GC(43)                Mark Start          Mark End        Relocate Start      Relocate End           High               Low
[23.257s][info][gc,heap     ] GC(43)  Capacity:     2000M (100%)       2000M (100%)       2000M (100%)       2000M (100%)       2000M (100%)       2000M (100%)
[23.257s][info][gc,heap     ] GC(43)   Reserve:       38M (2%)           38M (2%)           38M (2%)           38M (2%)           38M (2%)           38M (2%)
[23.257s][info][gc,heap     ] GC(43)      Free:     1078M (54%)           0M (0%)          282M (14%)         228M (11%)        1078M (54%)           0M (0%)
[23.257s][info][gc,heap     ] GC(43)      Used:      884M (44%)        1962M (98%)        1680M (84%)        1734M (87%)        1962M (98%)         884M (44%)
[23.257s][info][gc,heap     ] GC(43)      Live:         -               511M (26%)         511M (26%)         511M (26%)            -                  -
[23.257s][info][gc,heap     ] GC(43) Allocated:         -              1078M (54%)        1090M (55%)        1154M (58%)            -                  -
[23.257s][info][gc,heap     ] GC(43)   Garbage:         -               372M (19%)          78M (4%)           74M (4%)             -                  -
[23.257s][info][gc,heap     ] GC(43) Reclaimed:         -                  -               294M (15%)         298M (15%)            -                  -
[23.257s][info][gc          ] GC(43) Garbage Collection (Allocation Rate) 884M(44%)->1734M(87%)
[23.296s][info][gc,start    ] GC(44) Garbage Collection (Allocation Rate)
[23.296s][info][gc,phases   ] GC(44) Pause Mark Start 0.076ms
[24.158s][info][gc,phases   ] GC(44) Concurrent Mark 861.851ms
[24.158s][info][gc,phases   ] GC(44) Pause Mark End 0.094ms
[24.158s][info][gc,phases   ] GC(44) Concurrent Process Non-Strong References 0.147ms
[24.158s][info][gc,phases   ] GC(44) Concurrent Reset Relocation Set 0.234ms
[24.158s][info][gc,phases   ] GC(44) Concurrent Destroy Detached Pages 0.001ms
[24.158s][info][gc          ] Allocation Stall (main) 824.019ms
[24.160s][info][gc,phases   ] GC(44) Concurrent Select Relocation Set 1.488ms
[24.171s][info][gc,phases   ] GC(44) Concurrent Prepare Relocation Set 11.514ms
[24.172s][info][gc,phases   ] GC(44) Pause Relocate Start 0.089ms
[24.291s][info][gc,phases   ] GC(44) Concurrent Relocate 119.060ms
[24.291s][info][gc,load     ] GC(44) Load: 1.67/1.20/0.84
[24.291s][info][gc,mmu      ] GC(44) MMU: 2ms/88.4%, 5ms/93.3%, 10ms/96.6%, 20ms/98.3%, 50ms/99.2%, 100ms/99.5%
[24.291s][info][gc,marking  ] GC(44) Mark: 1 stripe(s), 2 proactive flush(es), 1 terminate flush(es), 0 completion(s), 0 continuation(s)
[24.291s][info][gc,reloc    ] GC(44) Relocation: Successful, 109M relocated
[24.291s][info][gc,nmethod  ] GC(44) NMethods: 21 registered, 0 unregistered
[24.291s][info][gc,metaspace] GC(44) Metaspace: 4M used, 4M capacity, 4M committed, 8M reserved
[24.291s][info][gc,ref      ] GC(44) Soft: 38 encountered, 0 discovered, 0 enqueued
[24.291s][info][gc,ref      ] GC(44) Weak: 23 encountered, 14 discovered, 0 enqueued
[24.291s][info][gc,ref      ] GC(44) Final: 0 encountered, 0 discovered, 0 enqueued
[24.291s][info][gc,ref      ] GC(44) Phantom: 6 encountered, 4 discovered, 0 enqueued
[24.291s][info][gc,heap     ] GC(44)                Mark Start          Mark End        Relocate Start      Relocate End           High               Low
[24.291s][info][gc,heap     ] GC(44)  Capacity:     2000M (100%)       2000M (100%)       2000M (100%)       2000M (100%)       2000M (100%)       2000M (100%)
[24.291s][info][gc,heap     ] GC(44)   Reserve:       38M (2%)           38M (2%)           38M (2%)           38M (2%)           38M (2%)           38M (2%)
[24.291s][info][gc,heap     ] GC(44)      Free:      114M (6%)            0M (0%)         1172M (59%)         838M (42%)        1204M (60%)           0M (0%)
[24.291s][info][gc,heap     ] GC(44)      Used:     1848M (92%)        1962M (98%)         790M (40%)        1124M (56%)        1962M (98%)         758M (38%)
[24.291s][info][gc,heap     ] GC(44)      Live:         -               540M (27%)         540M (27%)         540M (27%)            -                  -
[24.291s][info][gc,heap     ] GC(44) Allocated:         -               114M (6%)          154M (8%)          546M (27%)            -                  -
[24.291s][info][gc,heap     ] GC(44)   Garbage:         -              1307M (65%)          95M (5%)           73M (4%)             -                  -
[24.291s][info][gc,heap     ] GC(44) Reclaimed:         -                  -              1212M (61%)        1234M (62%)            -                  -
[24.291s][info][gc          ] GC(44) Garbage Collection (Allocation Rate) 1848M(92%)->1124M(56%)
[24.295s][info][gc,start    ] GC(45) Garbage Collection (Allocation Rate)
[24.296s][info][gc,phases   ] GC(45) Pause Mark Start 0.145ms
[24.556s][info][gc,heap     ] Page Cache Flushed: 2M requested, 32M(32M->0M) flushed
[25.174s][info][gc,phases   ] GC(45) Concurrent Mark 877.721ms
[25.174s][info][gc,phases   ] GC(45) Pause Mark End 0.131ms
[25.174s][info][gc,phases   ] GC(45) Concurrent Process Non-Strong References 0.135ms
[25.175s][info][gc,phases   ] GC(45) Concurrent Reset Relocation Set 1.403ms
[25.175s][info][gc,phases   ] GC(45) Concurrent Destroy Detached Pages 0.003ms
[25.177s][info][gc,phases   ] GC(45) Concurrent Select Relocation Set 1.435ms
[25.179s][info][gc,phases   ] GC(45) Concurrent Prepare Relocation Set 1.735ms
[25.179s][info][gc          ] Allocation Stall (main) 603.021ms
[25.179s][info][gc,phases   ] GC(45) Pause Relocate Start 0.074ms
[25.203s][info][gc,phases   ] GC(45) Concurrent Relocate 20.657ms
[25.203s][info][gc,load     ] GC(45) Load: 1.67/1.20/0.84
[25.203s][info][gc,mmu      ] GC(45) MMU: 2ms/88.4%, 5ms/93.3%, 10ms/96.6%, 20ms/98.3%, 50ms/99.2%, 100ms/99.5%
[25.203s][info][gc,marking  ] GC(45) Mark: 1 stripe(s), 2 proactive flush(es), 1 terminate flush(es), 0 completion(s), 0 continuation(s)
[25.203s][info][gc,reloc    ] GC(45) Relocation: Successful, 81M relocated
[25.203s][info][gc,nmethod  ] GC(45) NMethods: 21 registered, 0 unregistered
[25.203s][info][gc,metaspace] GC(45) Metaspace: 4M used, 4M capacity, 4M committed, 8M reserved
[25.203s][info][gc,ref      ] GC(45) Soft: 38 encountered, 0 discovered, 0 enqueued
[25.203s][info][gc,ref      ] GC(45) Weak: 23 encountered, 14 discovered, 0 enqueued
[25.203s][info][gc,ref      ] GC(45) Final: 0 encountered, 0 discovered, 0 enqueued
[25.203s][info][gc,ref      ] GC(45) Phantom: 6 encountered, 4 discovered, 0 enqueued
[25.203s][info][gc,heap     ] GC(45)                Mark Start          Mark End        Relocate Start      Relocate End           High               Low
[25.203s][info][gc,heap     ] GC(45)  Capacity:     2000M (100%)       2000M (100%)       2000M (100%)       2000M (100%)       2000M (100%)       2000M (100%)
[25.203s][info][gc,heap     ] GC(45)   Reserve:       38M (2%)           38M (2%)           38M (2%)           38M (2%)           38M (2%)           38M (2%)
[25.203s][info][gc,heap     ] GC(45)      Free:      824M (41%)           0M (0%)          526M (26%)         464M (23%)         824M (41%)           0M (0%)
[25.203s][info][gc,heap     ] GC(45)      Used:     1138M (57%)        1962M (98%)        1436M (72%)        1498M (75%)        1962M (98%)        1138M (57%)
[25.203s][info][gc,heap     ] GC(45)      Live:         -               526M (26%)         526M (26%)         526M (26%)            -                  -
[25.203s][info][gc,heap     ] GC(45) Allocated:         -               824M (41%)         826M (41%)         906M (45%)            -                  -
[25.203s][info][gc,heap     ] GC(45)   Garbage:         -               611M (31%)          83M (4%)           73M (4%)             -                  -
[25.203s][info][gc,heap     ] GC(45) Reclaimed:         -                  -               528M (26%)         538M (27%)            -                  -
[25.203s][info][gc          ] GC(45) Garbage Collection (Allocation Rate) 1138M(57%)->1498M(75%)
[25.295s][info][gc,start    ] GC(46) Garbage Collection (Allocation Rate)
[25.296s][info][gc,phases   ] GC(46) Pause Mark Start 0.102ms
[26.135s][info][gc,phases   ] GC(46) Concurrent Mark 839.624ms
[26.136s][info][gc,phases   ] GC(46) Pause Mark End 0.222ms
[26.136s][info][gc,phases   ] GC(46) Concurrent Process Non-Strong References 0.181ms
[26.136s][info][gc,phases   ] GC(46) Concurrent Reset Relocation Set 0.288ms
[26.136s][info][gc,phases   ] GC(46) Concurrent Destroy Detached Pages 0.001ms
[26.136s][info][gc          ] Allocation Stall (main) 781.648ms
[26.138s][info][gc,phases   ] GC(46) Concurrent Select Relocation Set 1.503ms
[26.149s][info][gc,phases   ] GC(46) Concurrent Prepare Relocation Set 11.178ms
[26.149s][info][gc,phases   ] GC(46) Pause Relocate Start 0.063ms
[26.262s][info][gc,phases   ] GC(46) Concurrent Relocate 112.005ms
[26.262s][info][gc,load     ] GC(46) Load: 1.67/1.20/0.84
[26.262s][info][gc,mmu      ] GC(46) MMU: 2ms/88.4%, 5ms/93.3%, 10ms/96.6%, 20ms/98.3%, 50ms/99.2%, 100ms/99.5%
[26.262s][info][gc,marking  ] GC(46) Mark: 1 stripe(s), 2 proactive flush(es), 1 terminate flush(es), 0 completion(s), 0 continuation(s)
[26.262s][info][gc,reloc    ] GC(46) Relocation: Successful, 75M relocated
[26.262s][info][gc,nmethod  ] GC(46) NMethods: 21 registered, 0 unregistered
[26.262s][info][gc,metaspace] GC(46) Metaspace: 4M used, 4M capacity, 4M committed, 8M reserved
[26.262s][info][gc,ref      ] GC(46) Soft: 38 encountered, 0 discovered, 0 enqueued
[26.262s][info][gc,ref      ] GC(46) Weak: 23 encountered, 14 discovered, 0 enqueued
[26.262s][info][gc,ref      ] GC(46) Final: 0 encountered, 0 discovered, 0 enqueued
[26.262s][info][gc,ref      ] GC(46) Phantom: 6 encountered, 4 discovered, 0 enqueued
[26.262s][info][gc,heap     ] GC(46)                Mark Start          Mark End        Relocate Start      Relocate End           High               Low
[26.262s][info][gc,heap     ] GC(46)  Capacity:     2000M (100%)       2000M (100%)       2000M (100%)       2000M (100%)       2000M (100%)       2000M (100%)
[26.262s][info][gc,heap     ] GC(46)   Reserve:       38M (2%)           38M (2%)           38M (2%)           38M (2%)           38M (2%)           38M (2%)
[26.262s][info][gc,heap     ] GC(46)      Free:      178M (9%)            0M (0%)         1144M (57%)         826M (41%)        1182M (59%)           0M (0%)
[26.262s][info][gc,heap     ] GC(46)      Used:     1784M (89%)        1962M (98%)         818M (41%)        1136M (57%)        1962M (98%)         780M (39%)
[26.262s][info][gc,heap     ] GC(46)      Live:         -               524M (26%)         524M (26%)         524M (26%)            -                  -
[26.262s][info][gc,heap     ] GC(46) Allocated:         -               178M (9%)          218M (11%)         590M (30%)            -                  -
[26.262s][info][gc,heap     ] GC(46)   Garbage:         -              1259M (63%)          75M (4%)           55M (3%)             -                  -
[26.262s][info][gc,heap     ] GC(46) Reclaimed:         -                  -              1184M (59%)        1204M (60%)            -                  -
[26.262s][info][gc          ] GC(46) Garbage Collection (Allocation Rate) 1784M(89%)->1136M(57%)
[26.296s][info][gc,start    ] GC(47) Garbage Collection (Allocation Rate)
[26.296s][info][gc,phases   ] GC(47) Pause Mark Start 0.077ms
[27.231s][info][gc,phases   ] GC(47) Concurrent Mark 935.064ms
[27.232s][info][gc,phases   ] GC(47) Pause Mark End 0.266ms
[27.232s][info][gc,phases   ] GC(47) Concurrent Process Non-Strong References 0.146ms
[27.233s][info][gc,phases   ] GC(47) Concurrent Reset Relocation Set 1.374ms
[27.233s][info][gc,phases   ] GC(47) Concurrent Destroy Detached Pages 0.001ms
[27.233s][info][gc          ] Allocation Stall (main) 699.463ms
[27.235s][info][gc,phases   ] GC(47) Concurrent Select Relocation Set 1.639ms
[27.246s][info][gc,phases   ] GC(47) Concurrent Prepare Relocation Set 11.375ms
[27.247s][info][gc,phases   ] GC(47) Pause Relocate Start 0.080ms
[27.363s][info][gc,phases   ] GC(47) Concurrent Relocate 116.442ms
[27.363s][info][gc,load     ] GC(47) Load: 1.67/1.20/0.84
[27.363s][info][gc,mmu      ] GC(47) MMU: 2ms/86.7%, 5ms/93.3%, 10ms/96.6%, 20ms/98.3%, 50ms/99.2%, 100ms/99.5%
[27.363s][info][gc,marking  ] GC(47) Mark: 1 stripe(s), 2 proactive flush(es), 1 terminate flush(es), 0 completion(s), 0 continuation(s)
[27.363s][info][gc,reloc    ] GC(47) Relocation: Successful, 98M relocated
[27.363s][info][gc,nmethod  ] GC(47) NMethods: 21 registered, 0 unregistered
[27.363s][info][gc,metaspace] GC(47) Metaspace: 4M used, 4M capacity, 4M committed, 8M reserved
[27.363s][info][gc,ref      ] GC(47) Soft: 38 encountered, 0 discovered, 0 enqueued
[27.363s][info][gc,ref      ] GC(47) Weak: 23 encountered, 14 discovered, 0 enqueued
[27.363s][info][gc,ref      ] GC(47) Final: 0 encountered, 0 discovered, 0 enqueued
[27.363s][info][gc,ref      ] GC(47) Phantom: 6 encountered, 4 discovered, 0 enqueued
[27.363s][info][gc,heap     ] GC(47)                Mark Start          Mark End        Relocate Start      Relocate End           High               Low
[27.363s][info][gc,heap     ] GC(47)  Capacity:     2000M (100%)       2000M (100%)       2000M (100%)       2000M (100%)       2000M (100%)       2000M (100%)
[27.363s][info][gc,heap     ] GC(47)   Reserve:       38M (2%)           38M (2%)           38M (2%)           38M (2%)           38M (2%)           38M (2%)
[27.363s][info][gc,heap     ] GC(47)      Free:      724M (36%)           0M (0%)          542M (27%)         216M (11%)         724M (36%)           0M (0%)
[27.363s][info][gc,heap     ] GC(47)      Used:     1238M (62%)        1962M (98%)        1420M (71%)        1746M (87%)        1962M (98%)        1238M (62%)
[27.363s][info][gc,heap     ] GC(47)      Live:         -               566M (28%)         566M (28%)         566M (28%)            -                  -
[27.363s][info][gc,heap     ] GC(47) Allocated:         -               724M (36%)         762M (38%)        1148M (57%)            -                  -
[27.363s][info][gc,heap     ] GC(47)   Garbage:         -               671M (34%)          91M (5%)           67M (3%)             -                  -
[27.364s][info][gc,heap     ] GC(47) Reclaimed:         -                  -               580M (29%)         604M (30%)            -                  -
[27.364s][info][gc          ] GC(47) Garbage Collection (Allocation Rate) 1238M(62%)->1746M(87%)
[27.396s][info][gc,start    ] GC(48) Garbage Collection (Allocation Rate)
[27.396s][info][gc,phases   ] GC(48) Pause Mark Start 0.147ms
[28.295s][info][gc,phases   ] GC(48) Concurrent Mark 898.770ms
[28.295s][info][gc,phases   ] GC(48) Pause Mark End 0.080ms
[28.295s][info][gc,phases   ] GC(48) Concurrent Process Non-Strong References 0.089ms
[28.297s][info][gc,phases   ] GC(48) Concurrent Reset Relocation Set 1.416ms
[28.297s][info][gc,phases   ] GC(48) Concurrent Destroy Detached Pages 0.001ms
[28.297s][info][gc          ] Allocation Stall (main) 861.411ms
[28.299s][info][gc,phases   ] GC(48) Concurrent Select Relocation Set 1.623ms
[28.302s][info][gc,phases   ] GC(48) Concurrent Prepare Relocation Set 3.305ms
[28.302s][info][gc,phases   ] GC(48) Pause Relocate Start 0.074ms
[28.337s][info][gc,phases   ] GC(48) Concurrent Relocate 35.015ms
[28.337s][info][gc,load     ] GC(48) Load: 1.67/1.20/0.84
[28.337s][info][gc,mmu      ] GC(48) MMU: 2ms/86.7%, 5ms/93.3%, 10ms/96.6%, 20ms/98.3%, 50ms/99.2%, 100ms/99.5%
[28.337s][info][gc,marking  ] GC(48) Mark: 1 stripe(s), 2 proactive flush(es), 1 terminate flush(es), 0 completion(s), 0 continuation(s)
[28.337s][info][gc,reloc    ] GC(48) Relocation: Successful, 71M relocated
[28.337s][info][gc,nmethod  ] GC(48) NMethods: 21 registered, 0 unregistered
[28.337s][info][gc,metaspace] GC(48) Metaspace: 4M used, 4M capacity, 4M committed, 8M reserved
[28.337s][info][gc,ref      ] GC(48) Soft: 38 encountered, 0 discovered, 0 enqueued
[28.337s][info][gc,ref      ] GC(48) Weak: 23 encountered, 14 discovered, 0 enqueued
[28.337s][info][gc,ref      ] GC(48) Final: 0 encountered, 0 discovered, 0 enqueued
[28.337s][info][gc,ref      ] GC(48) Phantom: 6 encountered, 4 discovered, 0 enqueued
[28.337s][info][gc,heap     ] GC(48)                Mark Start          Mark End        Relocate Start      Relocate End           High               Low
[28.337s][info][gc,heap     ] GC(48)  Capacity:     2000M (100%)       2000M (100%)       2000M (100%)       2000M (100%)       2000M (100%)       2000M (100%)
[28.337s][info][gc,heap     ] GC(48)   Reserve:       38M (2%)           38M (2%)           38M (2%)           38M (2%)           38M (2%)           38M (2%)
[28.337s][info][gc,heap     ] GC(48)      Free:      118M (6%)            0M (0%)         1198M (60%)        1108M (55%)        1212M (61%)           0M (0%)
[28.337s][info][gc,heap     ] GC(48)      Used:     1844M (92%)        1962M (98%)         764M (38%)         854M (43%)        1962M (98%)         750M (38%)
[28.337s][info][gc,heap     ] GC(48)      Live:         -               550M (28%)         550M (28%)         550M (28%)            -                  -
[28.337s][info][gc,heap     ] GC(48) Allocated:         -               118M (6%)          134M (7%)          248M (12%)            -                  -
[28.337s][info][gc,heap     ] GC(48)   Garbage:         -              1293M (65%)          79M (4%)           67M (3%)             -                  -
[28.337s][info][gc,heap     ] GC(48) Reclaimed:         -                  -              1214M (61%)        1226M (61%)            -                  -
[28.337s][info][gc          ] GC(48) Garbage Collection (Allocation Rate) 1844M(92%)->854M(43%)
[28.396s][info][gc,start    ] GC(49) Garbage Collection (Allocation Rate)
[28.396s][info][gc,phases   ] GC(49) Pause Mark Start 0.138ms
[29.314s][info][gc,phases   ] GC(49) Concurrent Mark 917.321ms
[29.314s][info][gc,phases   ] GC(49) Pause Mark End 0.113ms
[29.314s][info][gc,phases   ] GC(49) Concurrent Process Non-Strong References 0.125ms
[29.315s][info][gc,phases   ] GC(49) Concurrent Reset Relocation Set 0.472ms
[29.315s][info][gc,phases   ] GC(49) Concurrent Destroy Detached Pages 0.001ms
[29.315s][info][gc          ] Allocation Stall (main) 614.991ms
[29.316s][info][gc,phases   ] GC(49) Concurrent Select Relocation Set 1.468ms
[29.319s][info][gc,phases   ] GC(49) Concurrent Prepare Relocation Set 3.413ms
[29.322s][info][gc,phases   ] GC(49) Pause Relocate Start 0.094ms
[29.355s][info][gc,phases   ] GC(49) Concurrent Relocate 32.420ms
[29.355s][info][gc,load     ] GC(49) Load: 1.69/1.21/0.84
[29.355s][info][gc,mmu      ] GC(49) MMU: 2ms/86.7%, 5ms/93.3%, 10ms/96.6%, 20ms/98.3%, 50ms/99.2%, 100ms/99.5%
[29.355s][info][gc,marking  ] GC(49) Mark: 1 stripe(s), 2 proactive flush(es), 1 terminate flush(es), 0 completion(s), 0 continuation(s)
[29.355s][info][gc,reloc    ] GC(49) Relocation: Successful, 78M relocated
[29.355s][info][gc,nmethod  ] GC(49) NMethods: 21 registered, 0 unregistered
[29.355s][info][gc,metaspace] GC(49) Metaspace: 4M used, 4M capacity, 4M committed, 8M reserved
[29.355s][info][gc,ref      ] GC(49) Soft: 38 encountered, 0 discovered, 0 enqueued
[29.355s][info][gc,ref      ] GC(49) Weak: 23 encountered, 14 discovered, 0 enqueued
[29.355s][info][gc,ref      ] GC(49) Final: 0 encountered, 0 discovered, 0 enqueued
[29.355s][info][gc,ref      ] GC(49) Phantom: 6 encountered, 4 discovered, 0 enqueued
[29.355s][info][gc,heap     ] GC(49)                Mark Start          Mark End        Relocate Start      Relocate End           High               Low
[29.355s][info][gc,heap     ] GC(49)  Capacity:     2000M (100%)       2000M (100%)       2000M (100%)       2000M (100%)       2000M (100%)       2000M (100%)
[29.355s][info][gc,heap     ] GC(49)   Reserve:       38M (2%)           38M (2%)           38M (2%)           38M (2%)           38M (2%)           38M (2%)
[29.355s][info][gc,heap     ] GC(49)      Free:      926M (46%)           0M (0%)          378M (19%)         292M (15%)         926M (46%)           0M (0%)
[29.355s][info][gc,heap     ] GC(49)      Used:     1036M (52%)        1962M (98%)        1584M (79%)        1670M (84%)        1962M (98%)        1036M (52%)
[29.355s][info][gc,heap     ] GC(49)      Live:         -               563M (28%)         563M (28%)         563M (28%)            -                  -
[29.355s][info][gc,heap     ] GC(49) Allocated:         -               926M (46%)         940M (47%)        1044M (52%)            -                  -
[29.355s][info][gc,heap     ] GC(49)   Garbage:         -               472M (24%)          80M (4%)           72M (4%)             -                  -
[29.355s][info][gc,heap     ] GC(49) Reclaimed:         -                  -               392M (20%)         400M (20%)            -                  -
[29.355s][info][gc          ] GC(49) Garbage Collection (Allocation Rate) 1036M(52%)->1670M(84%)
[29.396s][info][gc,start    ] GC(50) Garbage Collection (Allocation Rate)
[29.396s][info][gc,phases   ] GC(50) Pause Mark Start 0.104ms
[30.196s][info][gc,stats    ] === Garbage Collection Statistics =======================================================================================================================
[30.196s][info][gc,stats    ]                                                              Last 10s              Last 10m              Last 10h                Total
[30.196s][info][gc,stats    ]                                                              Avg / Max             Avg / Max             Avg / Max             Avg / Max
[30.196s][info][gc,stats    ]   Collector: Garbage Collection Cycle                    882.690 / 1067.265    521.553 / 1067.265    521.553 / 1067.265    521.553 / 1067.265    ms
[30.196s][info][gc,stats    ]  Contention: Mark Segment Reset Contention                     0 / 1                 0 / 1                 0 / 1                 0 / 1           ops/s
[30.196s][info][gc,stats    ]  Contention: Mark SeqNum Reset Contention                      0 / 0                 0 / 1                 0 / 1                 0 / 1           ops/s
[30.196s][info][gc,stats    ]  Contention: Relocation Contention                             0 / 0                 0 / 0                 0 / 0                 0 / 0           ops/s
[30.196s][info][gc,stats    ]    Critical: Allocation Stall                            461.506 / 861.411     342.243 / 861.411     342.243 / 861.411     342.243 / 861.411     ms
[30.196s][info][gc,stats    ]    Critical: Allocation Stall                                  1 / 5                 1 / 5                 1 / 5                 1 / 5           ops/s
[30.196s][info][gc,stats    ]    Critical: GC Locker Stall                               0.000 / 0.000         0.000 / 0.000         0.000 / 0.000         0.000 / 0.000       ms
[30.196s][info][gc,stats    ]    Critical: GC Locker Stall                                   0 / 0                 0 / 0                 0 / 0                 0 / 0           ops/s
[30.196s][info][gc,stats    ]      Memory: Allocation Rate                                 870 / 1390           1436 / 2454           1436 / 2454           1436 / 2454        MB/s
[30.196s][info][gc,stats    ]      Memory: Heap Used After Mark                           1962 / 1962           1678 / 1962           1678 / 1962           1678 / 1962        MB
[30.196s][info][gc,stats    ]      Memory: Heap Used After Relocation                     1304 / 1962           1034 / 1962           1034 / 1962           1034 / 1962        MB
[30.196s][info][gc,stats    ]      Memory: Heap Used Before Mark                          1449 / 1962           1179 / 1962           1179 / 1962           1179 / 1962        MB
[30.196s][info][gc,stats    ]      Memory: Heap Used Before Relocation                    1131 / 1680            888 / 1882            888 / 1882            888 / 1882        MB
[30.196s][info][gc,stats    ]      Memory: Out Of Memory                                     0 / 0                 0 / 0                 0 / 0                 0 / 0           ops/s
[30.196s][info][gc,stats    ]      Memory: Page Cache Flush                                  6 / 32                7 / 64                7 / 64                7 / 64          MB/s
[30.196s][info][gc,stats    ]      Memory: Page Cache Hit L1                               443 / 685             698 / 1148            698 / 1148            698 / 1148        ops/s
[30.196s][info][gc,stats    ]      Memory: Page Cache Hit L2                                 0 / 0                 0 / 0                 0 / 0                 0 / 0           ops/s
[30.196s][info][gc,stats    ]      Memory: Page Cache Miss                                   1 / 15               33 / 357              33 / 357              33 / 357         ops/s
[30.196s][info][gc,stats    ]      Memory: Undo Object Allocation Failed                     0 / 0                 0 / 0                 0 / 0                 0 / 0           ops/s
[30.196s][info][gc,stats    ]      Memory: Undo Object Allocation Succeeded                  0 / 0                 0 / 0                 0 / 0                 0 / 0           ops/s
[30.196s][info][gc,stats    ]      Memory: Undo Page Allocation                              0 / 0                 0 / 0                 0 / 0                 0 / 0           ops/s
[30.196s][info][gc,stats    ]       Phase: Concurrent Destroy Detached Pages             0.002 / 0.009         0.019 / 0.362         0.019 / 0.362         0.019 / 0.362       ms
[30.196s][info][gc,stats    ]       Phase: Concurrent Mark                             803.824 / 935.064     452.226 / 935.064     452.226 / 935.064     452.226 / 935.064     ms
[30.196s][info][gc,stats    ]       Phase: Concurrent Mark Continue                      0.000 / 0.000         0.000 / 0.000         0.000 / 0.000         0.000 / 0.000       ms
[30.196s][info][gc,stats    ]       Phase: Concurrent Prepare Relocation Set             6.870 / 17.631        6.043 / 22.524        6.043 / 22.524        6.043 / 22.524      ms
[30.196s][info][gc,stats    ]       Phase: Concurrent Process Non-Strong References      0.131 / 0.181         0.123 / 0.239         0.123 / 0.239         0.123 / 0.239       ms
[30.196s][info][gc,stats    ]       Phase: Concurrent Relocate                          67.647 / 164.498      59.150 / 181.096      59.150 / 181.096      59.150 / 181.096     ms
[30.196s][info][gc,stats    ]       Phase: Concurrent Reset Relocation Set               0.829 / 2.179         0.829 / 2.764         0.829 / 2.764         0.829 / 2.764       ms
[30.196s][info][gc,stats    ]       Phase: Concurrent Select Relocation Set              1.522 / 1.639         1.646 / 4.744         1.646 / 4.744         1.646 / 4.744       ms
[30.196s][info][gc,stats    ]       Phase: Pause Mark End                                0.143 / 0.266         0.123 / 0.266         0.123 / 0.266         0.123 / 0.266       ms
[30.196s][info][gc,stats    ]       Phase: Pause Mark Start                              0.113 / 0.147         0.116 / 0.174         0.116 / 0.174         0.116 / 0.174       ms
[30.196s][info][gc,stats    ]       Phase: Pause Relocate Start                          0.089 / 0.141         0.092 / 0.152         0.092 / 0.152         0.092 / 0.152       ms
[30.196s][info][gc,stats    ]    Subphase: Concurrent Mark                             720.729 / 934.984     425.257 / 934.984     425.257 / 934.984     425.257 / 934.984     ms
[30.196s][info][gc,stats    ]    Subphase: Concurrent Mark Idle                          1.057 / 1.058         1.092 / 1.726         1.092 / 1.726         1.092 / 1.726       ms
[30.196s][info][gc,stats    ]    Subphase: Concurrent Mark Try Flush                     0.093 / 0.147         0.101 / 0.526         0.101 / 0.526         0.101 / 0.526       ms
[30.196s][info][gc,stats    ]    Subphase: Concurrent Mark Try Terminate                 0.133 / 1.059         0.303 / 1.727         0.303 / 1.727         0.303 / 1.727       ms
[30.196s][info][gc,stats    ]    Subphase: Concurrent References Enqueue                 0.000 / 0.000         0.000 / 0.007         0.000 / 0.007         0.000 / 0.007       ms
[30.196s][info][gc,stats    ]    Subphase: Concurrent References Process                 0.041 / 0.079         0.035 / 0.103         0.035 / 0.103         0.035 / 0.103       ms
[30.196s][info][gc,stats    ]    Subphase: Concurrent Weak Roots                         0.055 / 0.084         0.052 / 0.093         0.052 / 0.093         0.052 / 0.093       ms
[30.196s][info][gc,stats    ]    Subphase: Concurrent Weak Roots JNIWeakHandles          0.000 / 0.000         0.000 / 0.001         0.000 / 0.001         0.000 / 0.001       ms
[30.196s][info][gc,stats    ]    Subphase: Concurrent Weak Roots StringTable             0.055 / 0.071         0.050 / 0.088         0.050 / 0.088         0.050 / 0.088       ms
[30.196s][info][gc,stats    ]    Subphase: Concurrent Weak Roots VMWeakHandles           0.003 / 0.011         0.003 / 0.012         0.003 / 0.012         0.003 / 0.012       ms
[30.196s][info][gc,stats    ]    Subphase: Pause Mark Try Complete                       0.000 / 0.000         0.000 / 0.000         0.000 / 0.000         0.000 / 0.000       ms
[30.196s][info][gc,stats    ]    Subphase: Pause Remap TLABS                             0.002 / 0.011         0.002 / 0.011         0.002 / 0.011         0.002 / 0.011       ms
[30.196s][info][gc,stats    ]    Subphase: Pause Retire TLABS                            0.007 / 0.016         0.008 / 0.025         0.008 / 0.025         0.008 / 0.025       ms
[30.196s][info][gc,stats    ]    Subphase: Pause Roots                                   0.023 / 0.078         0.023 / 0.106         0.023 / 0.106         0.023 / 0.106       ms
[30.196s][info][gc,stats    ]    Subphase: Pause Roots ClassLoaderDataGraph              0.009 / 0.037         0.009 / 0.037         0.009 / 0.037         0.009 / 0.037       ms
[30.196s][info][gc,stats    ]    Subphase: Pause Roots CodeCache                         0.007 / 0.017         0.006 / 0.018         0.006 / 0.018         0.006 / 0.018       ms
[30.196s][info][gc,stats    ]    Subphase: Pause Roots JNIHandles                        0.001 / 0.002         0.001 / 0.002         0.001 / 0.002         0.001 / 0.002       ms
[30.196s][info][gc,stats    ]    Subphase: Pause Roots JNIWeakHandles                    0.000 / 0.000         0.000 / 0.000         0.000 / 0.000         0.000 / 0.000       ms
[30.196s][info][gc,stats    ]    Subphase: Pause Roots JRFWeak                           0.000 / 0.000         0.000 / 0.000         0.000 / 0.000         0.000 / 0.000       ms
[30.196s][info][gc,stats    ]    Subphase: Pause Roots JVMTIExport                       0.001 / 0.001         0.001 / 0.001         0.001 / 0.001         0.001 / 0.001       ms
[30.196s][info][gc,stats    ]    Subphase: Pause Roots JVMTIWeakExport                   0.001 / 0.001         0.001 / 0.001         0.001 / 0.001         0.001 / 0.001       ms
[30.196s][info][gc,stats    ]    Subphase: Pause Roots Management                        0.001 / 0.002         0.001 / 0.011         0.001 / 0.011         0.001 / 0.011       ms
[30.196s][info][gc,stats    ]    Subphase: Pause Roots ObjectSynchronizer                0.000 / 0.001         0.000 / 0.001         0.000 / 0.001         0.000 / 0.001       ms
[30.196s][info][gc,stats    ]    Subphase: Pause Roots Setup                             0.001 / 0.001         0.001 / 0.009         0.001 / 0.009         0.001 / 0.009       ms
[30.196s][info][gc,stats    ]    Subphase: Pause Roots StringTable                       0.000 / 0.000         0.000 / 0.000         0.000 / 0.000         0.000 / 0.000       ms
[30.196s][info][gc,stats    ]    Subphase: Pause Roots SystemDictionary                  0.002 / 0.002         0.002 / 0.003         0.002 / 0.003         0.002 / 0.003       ms
[30.196s][info][gc,stats    ]    Subphase: Pause Roots Teardown                          0.001 / 0.002         0.001 / 0.011         0.001 / 0.011         0.001 / 0.011       ms
[30.196s][info][gc,stats    ]    Subphase: Pause Roots Threads                           0.017 / 0.044         0.016 / 0.104         0.016 / 0.104         0.016 / 0.104       ms
[30.196s][info][gc,stats    ]    Subphase: Pause Roots Universe                          0.003 / 0.013         0.004 / 0.063         0.004 / 0.063         0.004 / 0.063       ms
[30.196s][info][gc,stats    ]    Subphase: Pause Roots VMWeakHandles                     0.000 / 0.000         0.000 / 0.000         0.000 / 0.000         0.000 / 0.000       ms
[30.196s][info][gc,stats    ]    Subphase: Pause Weak Roots                              0.001 / 0.003         0.001 / 0.010         0.001 / 0.010         0.001 / 0.010       ms
[30.196s][info][gc,stats    ]    Subphase: Pause Weak Roots JFRWeak                      0.001 / 0.001         0.001 / 0.001         0.001 / 0.001         0.001 / 0.001       ms
[30.196s][info][gc,stats    ]    Subphase: Pause Weak Roots JNIWeakHandles               0.000 / 0.000         0.000 / 0.000         0.000 / 0.000         0.000 / 0.000       ms
[30.196s][info][gc,stats    ]    Subphase: Pause Weak Roots JVMTIWeakExport              0.001 / 0.001         0.001 / 0.006         0.001 / 0.006         0.001 / 0.006       ms
[30.196s][info][gc,stats    ]    Subphase: Pause Weak Roots Setup                        0.000 / 0.000         0.000 / 0.000         0.000 / 0.000         0.000 / 0.000       ms
[30.196s][info][gc,stats    ]    Subphase: Pause Weak Roots StringTable                  0.000 / 0.000         0.000 / 0.000         0.000 / 0.000         0.000 / 0.000       ms
[30.196s][info][gc,stats    ]    Subphase: Pause Weak Roots SymbolTable                  0.000 / 0.000         0.000 / 0.000         0.000 / 0.000         0.000 / 0.000       ms
[30.196s][info][gc,stats    ]    Subphase: Pause Weak Roots Teardown                     0.001 / 0.001         0.001 / 0.011         0.001 / 0.011         0.001 / 0.011       ms
[30.196s][info][gc,stats    ]    Subphase: Pause Weak Roots VMWeakHandles                0.000 / 0.000         0.000 / 0.000         0.000 / 0.000         0.000 / 0.000       ms
[30.196s][info][gc,stats    ]      System: Java Threads                                      9 / 9                 9 / 9                 9 / 9                 9 / 9           threads
[30.196s][info][gc,stats    ] =========================================================================================================================================================
[30.388s][info][gc,phases   ] GC(50) Concurrent Mark 992.323ms
[30.389s][info][gc,phases   ] GC(50) Pause Mark End 0.156ms
[30.389s][info][gc,phases   ] GC(50) Concurrent Process Non-Strong References 0.186ms
[30.389s][info][gc,phases   ] GC(50) Concurrent Reset Relocation Set 0.378ms
[30.389s][info][gc,phases   ] GC(50) Concurrent Destroy Detached Pages 0.001ms
[30.389s][info][gc          ] Allocation Stall (main) 938.851ms
[30.391s][info][gc,phases   ] GC(50) Concurrent Select Relocation Set 1.493ms
[30.395s][info][gc,phases   ] GC(50) Concurrent Prepare Relocation Set 3.782ms
[30.395s][info][gc,phases   ] GC(50) Pause Relocate Start 0.157ms
[30.437s][info][gc,phases   ] GC(50) Concurrent Relocate 42.418ms
[30.438s][info][gc,load     ] GC(50) Load: 1.69/1.21/0.84
[30.438s][info][gc,mmu      ] GC(50) MMU: 2ms/86.7%, 5ms/93.3%, 10ms/96.6%, 20ms/98.3%, 50ms/99.2%, 100ms/99.5%
[30.438s][info][gc,marking  ] GC(50) Mark: 1 stripe(s), 2 proactive flush(es), 1 terminate flush(es), 0 completion(s), 0 continuation(s)
[30.438s][info][gc,reloc    ] GC(50) Relocation: Successful, 125M relocated
[30.438s][info][gc,nmethod  ] GC(50) NMethods: 21 registered, 0 unregistered
[30.438s][info][gc,metaspace] GC(50) Metaspace: 4M used, 4M capacity, 4M committed, 8M reserved
[30.438s][info][gc,ref      ] GC(50) Soft: 38 encountered, 0 discovered, 0 enqueued
[30.438s][info][gc,ref      ] GC(50) Weak: 23 encountered, 14 discovered, 0 enqueued
[30.438s][info][gc,ref      ] GC(50) Final: 0 encountered, 0 discovered, 0 enqueued
[30.438s][info][gc,ref      ] GC(50) Phantom: 6 encountered, 4 discovered, 0 enqueued
[30.438s][info][gc,heap     ] GC(50)                Mark Start          Mark End        Relocate Start      Relocate End           High               Low
[30.438s][info][gc,heap     ] GC(50)  Capacity:     2000M (100%)       2000M (100%)       2000M (100%)       2000M (100%)       2000M (100%)       2000M (100%)
[30.438s][info][gc,heap     ] GC(50)   Reserve:       38M (2%)           38M (2%)           38M (2%)           38M (2%)           38M (2%)           38M (2%)
[30.438s][info][gc,heap     ] GC(50)      Free:      166M (8%)            0M (0%)         1062M (53%)         946M (47%)        1078M (54%)           0M (0%)
[30.438s][info][gc,heap     ] GC(50)      Used:     1796M (90%)        1962M (98%)         900M (45%)        1016M (51%)        1962M (98%)         884M (44%)
[30.438s][info][gc,heap     ] GC(50)      Live:         -               610M (31%)         610M (31%)         610M (31%)            -                  -
[30.438s][info][gc,heap     ] GC(50) Allocated:         -               166M (8%)          184M (9%)          324M (16%)            -                  -
[30.438s][info][gc,heap     ] GC(50)   Garbage:         -              1185M (59%)         105M (5%)           95M (5%)             -                  -
[30.438s][info][gc,heap     ] GC(50) Reclaimed:         -                  -              1080M (54%)        1090M (55%)            -                  -
[30.438s][info][gc          ] GC(50) Garbage Collection (Allocation Rate) 1796M(90%)->1016M(51%)
[30.495s][info][gc,start    ] GC(51) Garbage Collection (Allocation Rate)
[30.496s][info][gc,phases   ] GC(51) Pause Mark Start 0.148ms
[31.472s][info][gc,phases   ] GC(51) Concurrent Mark 975.826ms
[31.472s][info][gc,phases   ] GC(51) Pause Mark End 0.111ms
[31.472s][info][gc,phases   ] GC(51) Concurrent Process Non-Strong References 0.136ms
[31.473s][info][gc,phases   ] GC(51) Concurrent Reset Relocation Set 0.514ms
[31.473s][info][gc,phases   ] GC(51) Concurrent Destroy Detached Pages 0.001ms
[31.473s][info][gc          ] Allocation Stall (main) 727.378ms
[31.474s][info][gc,phases   ] GC(51) Concurrent Select Relocation Set 1.468ms
[31.487s][info][gc,phases   ] GC(51) Concurrent Prepare Relocation Set 13.160ms
[31.488s][info][gc,phases   ] GC(51) Pause Relocate Start 0.059ms
[31.626s][info][gc,phases   ] GC(51) Concurrent Relocate 137.798ms
[31.626s][info][gc,load     ] GC(51) Load: 1.69/1.21/0.84
[31.626s][info][gc,mmu      ] GC(51) MMU: 2ms/86.7%, 5ms/93.3%, 10ms/96.6%, 20ms/98.3%, 50ms/99.2%, 100ms/99.5%
[31.626s][info][gc,marking  ] GC(51) Mark: 1 stripe(s), 2 proactive flush(es), 1 terminate flush(es), 0 completion(s), 0 continuation(s)
[31.626s][info][gc,reloc    ] GC(51) Relocation: Successful, 115M relocated
[31.626s][info][gc,nmethod  ] GC(51) NMethods: 21 registered, 0 unregistered
[31.626s][info][gc,metaspace] GC(51) Metaspace: 4M used, 4M capacity, 4M committed, 8M reserved
[31.626s][info][gc,ref      ] GC(51) Soft: 38 encountered, 0 discovered, 0 enqueued
[31.626s][info][gc,ref      ] GC(51) Weak: 23 encountered, 14 discovered, 0 enqueued
[31.626s][info][gc,ref      ] GC(51) Final: 0 encountered, 0 discovered, 0 enqueued
[31.626s][info][gc,ref      ] GC(51) Phantom: 6 encountered, 4 discovered, 0 enqueued
[31.626s][info][gc,heap     ] GC(51)                Mark Start          Mark End        Relocate Start      Relocate End           High               Low
[31.626s][info][gc,heap     ] GC(51)  Capacity:     2000M (100%)       2000M (100%)       2000M (100%)       2000M (100%)       2000M (100%)       2000M (100%)
[31.626s][info][gc,heap     ] GC(51)   Reserve:       38M (2%)           38M (2%)           38M (2%)           38M (2%)           38M (2%)           38M (2%)
[31.626s][info][gc,heap     ] GC(51)      Free:      768M (38%)           0M (0%)          442M (22%)          52M (3%)          768M (38%)           0M (0%)
[31.626s][info][gc,heap     ] GC(51)      Used:     1194M (60%)        1962M (98%)        1520M (76%)        1910M (96%)        1962M (98%)        1194M (60%)
[31.626s][info][gc,heap     ] GC(51)      Live:         -               604M (30%)         604M (30%)         604M (30%)            -                  -
[31.626s][info][gc,heap     ] GC(51) Allocated:         -               768M (38%)         814M (41%)        1274M (64%)            -                  -
[31.626s][info][gc,heap     ] GC(51)   Garbage:         -               589M (29%)         101M (5%)           73M (4%)             -                  -
[31.626s][info][gc,heap     ] GC(51) Reclaimed:         -                  -               488M (24%)         516M (26%)            -                  -
[31.626s][info][gc          ] GC(51) Garbage Collection (Allocation Rate) 1194M(60%)->1910M(96%)
[31.643s][info][gc,start    ] GC(52) Garbage Collection (Allocation Stall)
[31.643s][info][gc,ref      ] GC(52) Clearing All Soft References
[31.643s][info][gc,phases   ] GC(52) Pause Mark Start 0.112ms
[31.999s][info][gc,phases   ] GC(52) Concurrent Mark 355.436ms
[31.999s][info][gc,phases   ] GC(52) Pause Mark End 0.089ms
[31.999s][info][gc,phases   ] GC(52) Concurrent Process Non-Strong References 0.106ms
[32.002s][info][gc,phases   ] GC(52) Concurrent Reset Relocation Set 2.193ms
[32.002s][info][gc,phases   ] GC(52) Concurrent Destroy Detached Pages 0.001ms
[32.002s][info][gc          ] Allocation Stall (main) 358.790ms
[32.003s][info][gc,phases   ] GC(52) Concurrent Select Relocation Set 1.505ms
[32.011s][info][gc,phases   ] GC(52) Concurrent Prepare Relocation Set 8.299ms
[32.012s][info][gc,phases   ] GC(52) Pause Relocate Start 0.110ms
[32.054s][info][gc,phases   ] GC(52) Concurrent Relocate 42.098ms
[32.054s][info][gc,load     ] GC(52) Load: 1.69/1.21/0.84
[32.054s][info][gc,mmu      ] GC(52) MMU: 2ms/86.7%, 5ms/93.3%, 10ms/96.6%, 20ms/98.3%, 50ms/99.2%, 100ms/99.5%
[32.054s][info][gc,marking  ] GC(52) Mark: 2 stripe(s), 1 proactive flush(es), 1 terminate flush(es), 0 completion(s), 0 continuation(s)
[32.054s][info][gc,reloc    ] GC(52) Relocation: Successful, 97M relocated
[32.054s][info][gc,nmethod  ] GC(52) NMethods: 21 registered, 0 unregistered
[32.054s][info][gc,metaspace] GC(52) Metaspace: 4M used, 4M capacity, 4M committed, 8M reserved
[32.054s][info][gc,ref      ] GC(52) Soft: 38 encountered, 19 discovered, 0 enqueued
[32.054s][info][gc,ref      ] GC(52) Weak: 23 encountered, 14 discovered, 0 enqueued
[32.054s][info][gc,ref      ] GC(52) Final: 0 encountered, 0 discovered, 0 enqueued
[32.054s][info][gc,ref      ] GC(52) Phantom: 6 encountered, 4 discovered, 0 enqueued
[32.054s][info][gc,heap     ] GC(52)                Mark Start          Mark End        Relocate Start      Relocate End           High               Low
[32.054s][info][gc,heap     ] GC(52)  Capacity:     2000M (100%)       2000M (100%)       2000M (100%)       2000M (100%)       2000M (100%)       2000M (100%)
[32.054s][info][gc,heap     ] GC(52)   Reserve:       38M (2%)           38M (2%)           38M (2%)           38M (2%)           38M (2%)           38M (2%)
[32.054s][info][gc,heap     ] GC(52)      Free:        0M (0%)            0M (0%)         1236M (62%)        1184M (59%)        1262M (63%)           0M (0%)
[32.054s][info][gc,heap     ] GC(52)      Used:     1962M (98%)        1962M (98%)         726M (36%)         778M (39%)        1962M (98%)         700M (35%)
[32.054s][info][gc,heap     ] GC(52)      Live:         -               605M (30%)         605M (30%)         605M (30%)            -                  -
[32.054s][info][gc,heap     ] GC(52) Allocated:         -                 0M (0%)           28M (1%)          124M (6%)             -                  -
[32.054s][info][gc,heap     ] GC(52)   Garbage:         -              1356M (68%)          92M (5%)           74M (4%)             -                  -
[32.054s][info][gc,heap     ] GC(52) Reclaimed:         -                  -              1264M (63%)        1282M (64%)            -                  -
[32.054s][info][gc          ] GC(52) Garbage Collection (Allocation Stall) 1962M(98%)->778M(39%)
[32.096s][info][gc,start    ] GC(53) Garbage Collection (Allocation Rate)
[32.096s][info][gc,phases   ] GC(53) Pause Mark Start 0.099ms
[33.127s][info][gc,phases   ] GC(53) Concurrent Mark 1030.594ms
[33.127s][info][gc,phases   ] GC(53) Pause Mark End 0.187ms
[33.127s][info][gc,phases   ] GC(53) Concurrent Process Non-Strong References 0.185ms
[33.129s][info][gc,phases   ] GC(53) Concurrent Reset Relocation Set 1.132ms
[33.129s][info][gc,phases   ] GC(53) Concurrent Destroy Detached Pages 0.001ms
[33.129s][info][gc          ] Allocation Stall (main) 688.089ms
[33.130s][info][gc,phases   ] GC(53) Concurrent Select Relocation Set 1.745ms
[33.136s][info][gc,phases   ] GC(53) Concurrent Prepare Relocation Set 5.212ms
[33.136s][info][gc,phases   ] GC(53) Pause Relocate Start 0.100ms
[33.186s][info][gc,phases   ] GC(53) Concurrent Relocate 49.819ms
[33.186s][info][gc,load     ] GC(53) Load: 1.69/1.21/0.84
[33.186s][info][gc,mmu      ] GC(53) MMU: 2ms/86.7%, 5ms/93.3%, 10ms/96.6%, 20ms/98.3%, 50ms/99.2%, 100ms/99.5%
[33.186s][info][gc,marking  ] GC(53) Mark: 1 stripe(s), 2 proactive flush(es), 1 terminate flush(es), 0 completion(s), 0 continuation(s)
[33.186s][info][gc,reloc    ] GC(53) Relocation: Successful, 91M relocated
[33.186s][info][gc,nmethod  ] GC(53) NMethods: 21 registered, 0 unregistered
[33.186s][info][gc,metaspace] GC(53) Metaspace: 4M used, 4M capacity, 4M committed, 8M reserved
[33.186s][info][gc,ref      ] GC(53) Soft: 38 encountered, 0 discovered, 0 enqueued
[33.186s][info][gc,ref      ] GC(53) Weak: 23 encountered, 14 discovered, 0 enqueued
[33.186s][info][gc,ref      ] GC(53) Final: 0 encountered, 0 discovered, 0 enqueued
[33.186s][info][gc,ref      ] GC(53) Phantom: 6 encountered, 4 discovered, 0 enqueued
[33.186s][info][gc,heap     ] GC(53)                Mark Start          Mark End        Relocate Start      Relocate End           High               Low
[33.186s][info][gc,heap     ] GC(53)  Capacity:     2000M (100%)       2000M (100%)       2000M (100%)       2000M (100%)       2000M (100%)       2000M (100%)
[33.186s][info][gc,heap     ] GC(53)   Reserve:       38M (2%)           38M (2%)           38M (2%)           38M (2%)           38M (2%)           38M (2%)
[33.186s][info][gc,heap     ] GC(53)      Free:     1056M (53%)           0M (0%)          178M (9%)           40M (2%)         1056M (53%)           0M (0%)
[33.186s][info][gc,heap     ] GC(53)      Used:      906M (45%)        1962M (98%)        1784M (89%)        1922M (96%)        1962M (98%)         906M (45%)
[33.186s][info][gc,heap     ] GC(53)      Live:         -               623M (31%)         623M (31%)         623M (31%)            -                  -
[33.186s][info][gc,heap     ] GC(53) Allocated:         -              1056M (53%)        1074M (54%)        1236M (62%)            -                  -
[33.186s][info][gc,heap     ] GC(53)   Garbage:         -               282M (14%)          86M (4%)           76M (4%)             -                  -
[33.186s][info][gc,heap     ] GC(53) Reclaimed:         -                  -               196M (10%)         206M (10%)            -                  -
[33.186s][info][gc          ] GC(53) Garbage Collection (Allocation Rate) 906M(45%)->1922M(96%)
[33.196s][info][gc,start    ] GC(54) Garbage Collection (Allocation Rate)
[33.196s][info][gc,phases   ] GC(54) Pause Mark Start 0.163ms
[34.212s][info][gc,phases   ] GC(54) Concurrent Mark 1015.988ms
[34.212s][info][gc,phases   ] GC(54) Pause Mark End 0.079ms
[34.212s][info][gc,phases   ] GC(54) Concurrent Process Non-Strong References 0.092ms
[34.213s][info][gc,phases   ] GC(54) Concurrent Reset Relocation Set 0.588ms
[34.213s][info][gc,phases   ] GC(54) Concurrent Destroy Detached Pages 0.001ms
[34.213s][info][gc          ] Allocation Stall (main) 1012.744ms
[34.215s][info][gc,phases   ] GC(54) Concurrent Select Relocation Set 1.552ms
[34.215s][info][gc,phases   ] GC(54) Concurrent Prepare Relocation Set 0.532ms
[34.215s][info][gc,phases   ] GC(54) Pause Relocate Start 0.061ms
[34.220s][info][gc,phases   ] GC(54) Concurrent Relocate 4.765ms
[34.220s][info][gc,load     ] GC(54) Load: 1.64/1.21/0.84
[34.220s][info][gc,mmu      ] GC(54) MMU: 2ms/86.7%, 5ms/93.3%, 10ms/96.6%, 20ms/98.3%, 50ms/99.2%, 100ms/99.5%
[34.220s][info][gc,marking  ] GC(54) Mark: 1 stripe(s), 2 proactive flush(es), 1 terminate flush(es), 0 completion(s), 0 continuation(s)
[34.220s][info][gc,reloc    ] GC(54) Relocation: Successful, 97M relocated
[34.220s][info][gc,nmethod  ] GC(54) NMethods: 21 registered, 0 unregistered
[34.220s][info][gc,metaspace] GC(54) Metaspace: 4M used, 4M capacity, 4M committed, 8M reserved
[34.220s][info][gc,ref      ] GC(54) Soft: 38 encountered, 0 discovered, 0 enqueued
[34.220s][info][gc,ref      ] GC(54) Weak: 23 encountered, 14 discovered, 0 enqueued
[34.220s][info][gc,ref      ] GC(54) Final: 0 encountered, 0 discovered, 0 enqueued
[34.220s][info][gc,ref      ] GC(54) Phantom: 6 encountered, 4 discovered, 0 enqueued
[34.220s][info][gc,heap     ] GC(54)                Mark Start          Mark End        Relocate Start      Relocate End           High               Low
[34.220s][info][gc,heap     ] GC(54)  Capacity:     2000M (100%)       2000M (100%)       2000M (100%)       2000M (100%)       2000M (100%)       2000M (100%)
[34.220s][info][gc,heap     ] GC(54)   Reserve:       38M (2%)           38M (2%)           38M (2%)           38M (2%)           38M (2%)           38M (2%)
[34.220s][info][gc,heap     ] GC(54)      Free:       10M (0%)            0M (0%)         1216M (61%)        1208M (60%)        1222M (61%)           0M (0%)
[34.220s][info][gc,heap     ] GC(54)      Used:     1952M (98%)        1962M (98%)         746M (37%)         754M (38%)        1962M (98%)         740M (37%)
[34.220s][info][gc,heap     ] GC(54)      Live:         -               635M (32%)         635M (32%)         635M (32%)            -                  -
[34.220s][info][gc,heap     ] GC(54) Allocated:         -                10M (0%)           18M (1%)           34M (2%)             -                  -
[34.220s][info][gc,heap     ] GC(54)   Garbage:         -              1316M (66%)          92M (5%)           86M (4%)             -                  -
[34.220s][info][gc,heap     ] GC(54) Reclaimed:         -                  -              1224M (61%)        1230M (62%)            -                  -
[34.220s][info][gc          ] GC(54) Garbage Collection (Allocation Rate) 1952M(98%)->754M(38%)
[34.396s][info][gc,start    ] GC(55) Garbage Collection (Allocation Rate)
[34.396s][info][gc,phases   ] GC(55) Pause Mark Start 0.084ms
[35.398s][info][gc,phases   ] GC(55) Concurrent Mark 1002.207ms
[35.399s][info][gc,phases   ] GC(55) Pause Mark End 0.165ms
[35.399s][info][gc,phases   ] GC(55) Concurrent Process Non-Strong References 0.205ms
[35.399s][info][gc,phases   ] GC(55) Concurrent Reset Relocation Set 0.004ms
[35.399s][info][gc,phases   ] GC(55) Concurrent Destroy Detached Pages 0.001ms
[35.401s][info][gc,phases   ] GC(55) Concurrent Select Relocation Set 2.507ms
[35.402s][info][gc,phases   ] GC(55) Concurrent Prepare Relocation Set 0.263ms
[35.402s][info][gc          ] Allocation Stall (main) 787.500ms
[35.402s][info][gc,phases   ] GC(55) Pause Relocate Start 0.063ms
[35.408s][info][gc,phases   ] GC(55) Concurrent Relocate 6.345ms
[35.408s][info][gc,load     ] GC(55) Load: 1.64/1.21/0.84
[35.408s][info][gc,mmu      ] GC(55) MMU: 2ms/86.7%, 5ms/93.3%, 10ms/96.6%, 20ms/98.3%, 50ms/99.2%, 100ms/99.5%
[35.408s][info][gc,marking  ] GC(55) Mark: 1 stripe(s), 2 proactive flush(es), 1 terminate flush(es), 0 completion(s), 0 continuation(s)
[35.408s][info][gc,reloc    ] GC(55) Relocation: Successful, 87M relocated
[35.408s][info][gc,nmethod  ] GC(55) NMethods: 21 registered, 0 unregistered
[35.408s][info][gc,metaspace] GC(55) Metaspace: 4M used, 4M capacity, 4M committed, 8M reserved
[35.408s][info][gc,ref      ] GC(55) Soft: 38 encountered, 0 discovered, 0 enqueued
[35.408s][info][gc,ref      ] GC(55) Weak: 23 encountered, 14 discovered, 0 enqueued
[35.408s][info][gc,ref      ] GC(55) Final: 0 encountered, 0 discovered, 0 enqueued
[35.408s][info][gc,ref      ] GC(55) Phantom: 6 encountered, 4 discovered, 0 enqueued
[35.408s][info][gc,heap     ] GC(55)                Mark Start          Mark End        Relocate Start      Relocate End           High               Low
[35.408s][info][gc,heap     ] GC(55)  Capacity:     2000M (100%)       2000M (100%)       2000M (100%)       2000M (100%)       2000M (100%)       2000M (100%)
[35.408s][info][gc,heap     ] GC(55)   Reserve:       38M (2%)           38M (2%)           38M (2%)           38M (2%)           38M (2%)           38M (2%)
[35.408s][info][gc,heap     ] GC(55)      Free:      664M (33%)           0M (0%)          588M (29%)         578M (29%)         664M (33%)           0M (0%)
[35.408s][info][gc,heap     ] GC(55)      Used:     1298M (65%)        1962M (98%)        1374M (69%)        1384M (69%)        1962M (98%)        1298M (65%)
[35.408s][info][gc,heap     ] GC(55)      Live:         -               624M (31%)         624M (31%)         624M (31%)            -                  -
[35.408s][info][gc,heap     ] GC(55) Allocated:         -               664M (33%)         666M (33%)         680M (34%)            -                  -
[35.408s][info][gc,heap     ] GC(55)   Garbage:         -               673M (34%)          83M (4%)           81M (4%)             -                  -
[35.408s][info][gc,heap     ] GC(55) Reclaimed:         -                  -               590M (30%)         592M (30%)            -                  -
[35.408s][info][gc          ] GC(55) Garbage Collection (Allocation Rate) 1298M(65%)->1384M(69%)
[35.496s][info][gc,start    ] GC(56) Garbage Collection (Allocation Rate)
[35.496s][info][gc,phases   ] GC(56) Pause Mark Start 0.142ms
[36.551s][info][gc,phases   ] GC(56) Concurrent Mark 1054.729ms
[36.551s][info][gc,phases   ] GC(56) Pause Mark End 0.086ms
[36.551s][info][gc,phases   ] GC(56) Concurrent Process Non-Strong References 0.128ms
[36.551s][info][gc,phases   ] GC(56) Concurrent Reset Relocation Set 0.002ms
[36.551s][info][gc,phases   ] GC(56) Concurrent Destroy Detached Pages 0.001ms
[36.551s][info][gc          ] Allocation Stall (main) 953.020ms
[36.553s][info][gc,phases   ] GC(56) Concurrent Select Relocation Set 1.463ms
[36.559s][info][gc,phases   ] GC(56) Concurrent Prepare Relocation Set 6.221ms
[36.559s][info][gc,phases   ] GC(56) Pause Relocate Start 0.153ms
[36.631s][info][gc,phases   ] GC(56) Concurrent Relocate 71.680ms
[36.631s][info][gc,load     ] GC(56) Load: 1.64/1.21/0.84
[36.631s][info][gc,mmu      ] GC(56) MMU: 2ms/86.7%, 5ms/93.3%, 10ms/96.6%, 20ms/98.3%, 50ms/99.2%, 100ms/99.5%
[36.631s][info][gc,marking  ] GC(56) Mark: 1 stripe(s), 2 proactive flush(es), 1 terminate flush(es), 0 completion(s), 0 continuation(s)
[36.631s][info][gc,reloc    ] GC(56) Relocation: Successful, 122M relocated
[36.631s][info][gc,nmethod  ] GC(56) NMethods: 21 registered, 0 unregistered
[36.631s][info][gc,metaspace] GC(56) Metaspace: 4M used, 4M capacity, 4M committed, 8M reserved
[36.631s][info][gc,ref      ] GC(56) Soft: 38 encountered, 0 discovered, 0 enqueued
[36.631s][info][gc,ref      ] GC(56) Weak: 23 encountered, 14 discovered, 0 enqueued
[36.631s][info][gc,ref      ] GC(56) Final: 0 encountered, 0 discovered, 0 enqueued
[36.631s][info][gc,ref      ] GC(56) Phantom: 6 encountered, 4 discovered, 0 enqueued
[36.631s][info][gc,heap     ] GC(56)                Mark Start          Mark End        Relocate Start      Relocate End           High               Low
[36.631s][info][gc,heap     ] GC(56)  Capacity:     2000M (100%)       2000M (100%)       2000M (100%)       2000M (100%)       2000M (100%)       2000M (100%)
[36.631s][info][gc,heap     ] GC(56)   Reserve:       38M (2%)           38M (2%)           38M (2%)           38M (2%)           38M (2%)           38M (2%)
[36.631s][info][gc,heap     ] GC(56)      Free:      312M (16%)           0M (0%)          862M (43%)         660M (33%)         886M (44%)           0M (0%)
[36.631s][info][gc,heap     ] GC(56)      Used:     1650M (82%)        1962M (98%)        1100M (55%)        1302M (65%)        1962M (98%)        1076M (54%)
[36.631s][info][gc,heap     ] GC(56)      Live:         -               659M (33%)         659M (33%)         659M (33%)            -                  -
[36.631s][info][gc,heap     ] GC(56) Allocated:         -               312M (16%)         338M (17%)         574M (29%)            -                  -
[36.631s][info][gc,heap     ] GC(56)   Garbage:         -               990M (50%)         102M (5%)           90M (5%)             -                  -
[36.631s][info][gc,heap     ] GC(56) Reclaimed:         -                  -               888M (44%)         900M (45%)            -                  -
[36.631s][info][gc          ] GC(56) Garbage Collection (Allocation Rate) 1650M(82%)->1302M(65%)
[36.696s][info][gc,start    ] GC(57) Garbage Collection (Allocation Rate)
[36.696s][info][gc,phases   ] GC(57) Pause Mark Start 0.096ms
[37.776s][info][gc,phases   ] GC(57) Concurrent Mark 1080.358ms
[37.777s][info][gc,phases   ] GC(57) Pause Mark End 0.098ms
[37.777s][info][gc,phases   ] GC(57) Concurrent Process Non-Strong References 0.198ms
[37.778s][info][gc,phases   ] GC(57) Concurrent Reset Relocation Set 1.239ms
[37.778s][info][gc,phases   ] GC(57) Concurrent Destroy Detached Pages 0.001ms
[37.778s][info][gc          ] Allocation Stall (main) 931.033ms
[37.780s][info][gc,phases   ] GC(57) Concurrent Select Relocation Set 1.517ms
[37.784s][info][gc,phases   ] GC(57) Concurrent Prepare Relocation Set 4.467ms
[37.784s][info][gc,phases   ] GC(57) Pause Relocate Start 0.113ms
[37.832s][info][gc,phases   ] GC(57) Concurrent Relocate 47.447ms
[37.832s][info][gc,load     ] GC(57) Load: 1.64/1.21/0.84
[37.832s][info][gc,mmu      ] GC(57) MMU: 2ms/86.7%, 5ms/93.3%, 10ms/96.6%, 20ms/98.3%, 50ms/99.2%, 100ms/99.5%
[37.832s][info][gc,marking  ] GC(57) Mark: 1 stripe(s), 2 proactive flush(es), 1 terminate flush(es), 0 completion(s), 0 continuation(s)
[37.832s][info][gc,reloc    ] GC(57) Relocation: Successful, 124M relocated
[37.832s][info][gc,nmethod  ] GC(57) NMethods: 21 registered, 0 unregistered
[37.832s][info][gc,metaspace] GC(57) Metaspace: 4M used, 4M capacity, 4M committed, 8M reserved
[37.832s][info][gc,ref      ] GC(57) Soft: 38 encountered, 0 discovered, 0 enqueued
[37.832s][info][gc,ref      ] GC(57) Weak: 23 encountered, 14 discovered, 0 enqueued
[37.832s][info][gc,ref      ] GC(57) Final: 0 encountered, 0 discovered, 0 enqueued
[37.832s][info][gc,ref      ] GC(57) Phantom: 6 encountered, 5 discovered, 0 enqueued
[37.832s][info][gc,heap     ] GC(57)                Mark Start          Mark End        Relocate Start      Relocate End           High               Low
[37.832s][info][gc,heap     ] GC(57)  Capacity:     2000M (100%)       2000M (100%)       2000M (100%)       2000M (100%)       2000M (100%)       2000M (100%)
[37.832s][info][gc,heap     ] GC(57)   Reserve:       38M (2%)           38M (2%)           38M (2%)           38M (2%)           38M (2%)           38M (2%)
[37.832s][info][gc,heap     ] GC(57)      Free:      460M (23%)           0M (0%)          710M (36%)         582M (29%)         728M (36%)           0M (0%)
[37.832s][info][gc,heap     ] GC(57)      Used:     1502M (75%)        1962M (98%)        1252M (63%)        1380M (69%)        1962M (98%)        1234M (62%)
[37.832s][info][gc,heap     ] GC(57)      Live:         -               666M (33%)         666M (33%)         666M (33%)            -                  -
[37.832s][info][gc,heap     ] GC(57) Allocated:         -               460M (23%)         480M (24%)         634M (32%)            -                  -
[37.832s][info][gc,heap     ] GC(57)   Garbage:         -               835M (42%)         105M (5%)           93M (5%)             -                  -
[37.832s][info][gc,heap     ] GC(57) Reclaimed:         -                  -               730M (36%)         742M (37%)            -                  -
[37.832s][info][gc          ] GC(57) Garbage Collection (Allocation Rate) 1502M(75%)->1380M(69%)
[37.895s][info][gc,start    ] GC(58) Garbage Collection (Allocation Rate)
[37.896s][info][gc,phases   ] GC(58) Pause Mark Start 0.090ms
-------------------------------------------------------------------------
Total execution time: 37754 milliseconds
GC execution time: 18 milliseconds
GC iterations: 58
Throughput: 99 %
-------------------------------------------------------------------------
Memory allocation statistic
init = 2555904(2496K) used = 1088896(1063K) committed = 2555904(2496K) max = 5832704(5696K)
init = 0(0K) used = 7179264(7011K) committed = 7340032(7168K) max = -1(-1K)
init = 536870912(524288K) used = 2013265920(1966080K) committed = 2097152000(2048000K) max = 2097152000(2048000K)
init = 2555904(2496K) used = 653312(638K) committed = 2555904(2496K) max = 122912768(120032K)
init = 2555904(2496K) used = 149504(146K) committed = 2555904(2496K) max = 122912768(120032K)
[38.953s][info][gc,phases   ] GC(58) Concurrent Mark 1057.286ms
[38.953s][info][gc,phases   ] GC(58) Pause Mark End 0.060ms
[38.954s][info][gc,phases   ] GC(58) Concurrent Process Non-Strong References 0.114ms
[38.954s][info][gc,phases   ] GC(58) Concurrent Reset Relocation Set 0.616ms
[38.954s][info][gc,phases   ] GC(58) Concurrent Destroy Detached Pages 0.001ms
[38.956s][info][gc,phases   ] GC(58) Concurrent Select Relocation Set 1.574ms
[38.969s][info][gc,phases   ] GC(58) Concurrent Prepare Relocation Set 12.852ms
[38.969s][info][gc,phases   ] GC(58) Pause Relocate Start 0.102ms
[39.082s][info][gc,phases   ] GC(58) Concurrent Relocate 112.988ms
[39.082s][info][gc,load     ] GC(58) Load: 1.59/1.20/0.85
[39.082s][info][gc,mmu      ] GC(58) MMU: 2ms/86.7%, 5ms/93.3%, 10ms/96.6%, 20ms/98.3%, 50ms/99.2%, 100ms/99.5%
[39.082s][info][gc,marking  ] GC(58) Mark: 1 stripe(s), 2 proactive flush(es), 1 terminate flush(es), 0 completion(s), 0 continuation(s)
[39.082s][info][gc,reloc    ] GC(58) Relocation: Successful, 107M relocated
[39.082s][info][gc,nmethod  ] GC(58) NMethods: 79 registered, 0 unregistered
[39.082s][info][gc,metaspace] GC(58) Metaspace: 6M used, 6M capacity, 7M committed, 8M reserved
[39.082s][info][gc,ref      ] GC(58) Soft: 38 encountered, 0 discovered, 0 enqueued
[39.082s][info][gc,ref      ] GC(58) Weak: 23 encountered, 13 discovered, 0 enqueued
[39.082s][info][gc,ref      ] GC(58) Final: 0 encountered, 0 discovered, 0 enqueued
[39.082s][info][gc,ref      ] GC(58) Phantom: 6 encountered, 4 discovered, 0 enqueued
[39.082s][info][gc,heap     ] GC(58)                Mark Start          Mark End        Relocate Start      Relocate End           High               Low
[39.082s][info][gc,heap     ] GC(58)  Capacity:     2000M (100%)       2000M (100%)       2000M (100%)       2000M (100%)       2000M (100%)       2000M (100%)
[39.082s][info][gc,heap     ] GC(58)   Reserve:       38M (2%)           38M (2%)           38M (2%)           38M (2%)           38M (2%)           38M (2%)
[39.082s][info][gc,heap     ] GC(58)      Free:      384M (19%)          42M (2%)          872M (44%)         900M (45%)         900M (45%)          42M (2%)
[39.082s][info][gc,heap     ] GC(58)      Used:     1578M (79%)        1920M (96%)        1090M (55%)        1062M (53%)        1920M (96%)        1062M (53%)
[39.082s][info][gc,heap     ] GC(58)      Live:         -               650M (33%)         650M (33%)         650M (33%)            -                  -
[39.082s][info][gc,heap     ] GC(58) Allocated:         -               342M (17%)         342M (17%)         384M (19%)            -                  -
[39.082s][info][gc,heap     ] GC(58)   Garbage:         -               927M (46%)          97M (5%)           69M (3%)             -                  -
[39.082s][info][gc,heap     ] GC(58) Reclaimed:         -                  -               830M (42%)         858M (43%)            -                  -
[39.082s][info][gc          ] GC(58) Garbage Collection (Allocation Rate) 1578M(79%)->1062M(53%)
[39.082s][info][gc,heap,exit] Heap
[39.082s][info][gc,heap,exit]  ZHeap           used 1062M, capacity 2000M, max capacity 2000M
[39.082s][info][gc,heap,exit]  Metaspace       used 7035K, capacity 7143K, committed 7168K, reserved 8192K
----------------------------------------------------------------------------------------------